# no real way to encode these in any sensible way
make -C coreconf/nsinstall program
make[1]: Entering directory '/home/ffortier/code/perso/nss/coreconf/nsinstall'
cc -o Linux6.6_x86_64_cc_glibc_PTH_64_OPT.OBJ/nsinstall.o -c -std=c99 -O2 -fPIC  -m64 -pipe -ffunction-sections -fdata-sections -DHAVE_STRERROR -DLINUX -Dlinux -Wall -Wshadow -Werror -DXP_UNIX -DXP_UNIX -UDEBUG -DNDEBUG -D_DEFAULT_SOURCE -D_BSD_SOURCE -D_POSIX_SOURCE -DSDB_MEASURE_USE_TEMP_DIR -D_REENTRANT -UDEBUG -DNDEBUG -D_DEFAULT_SOURCE -D_BSD_SOURCE -D_POSIX_SOURCE -DSDB_MEASURE_USE_TEMP_DIR -D_REENTRANT -DNSS_DISABLE_SSE3 -DNSS_NO_INIT_SUPPORT -DUSE_UTIL_DIRECTLY -DNO_NSPR_10_SUPPORT -DSSL_DISABLE_DEPRECATED_CIPHER_SUITE_NAMES -I/home/ffortier/code/perso/nss/../nspr/dist/include/nspr -I../../../dist/Linux6.6_x86_64_cc_glibc_PTH_64_OPT.OBJ/include -I../../../dist/public/coreconf -I../../../dist/private/coreconf  nsinstall.c
cc -o Linux6.6_x86_64_cc_glibc_PTH_64_OPT.OBJ/pathsub.o -c -std=c99 -O2 -fPIC  -m64 -pipe -ffunction-sections -fdata-sections -DHAVE_STRERROR -DLINUX -Dlinux -Wall -Wshadow -Werror -DXP_UNIX -DXP_UNIX -UDEBUG -DNDEBUG -D_DEFAULT_SOURCE -D_BSD_SOURCE -D_POSIX_SOURCE -DSDB_MEASURE_USE_TEMP_DIR -D_REENTRANT -UDEBUG -DNDEBUG -D_DEFAULT_SOURCE -D_BSD_SOURCE -D_POSIX_SOURCE -DSDB_MEASURE_USE_TEMP_DIR -D_REENTRANT -DNSS_DISABLE_SSE3 -DNSS_NO_INIT_SUPPORT -DUSE_UTIL_DIRECTLY -DNO_NSPR_10_SUPPORT -DSSL_DISABLE_DEPRECATED_CIPHER_SUITE_NAMES -I/home/ffortier/code/perso/nss/../nspr/dist/include/nspr -I../../../dist/Linux6.6_x86_64_cc_glibc_PTH_64_OPT.OBJ/include -I../../../dist/public/coreconf -I../../../dist/private/coreconf  pathsub.c
rm -f Linux6.6_x86_64_cc_glibc_PTH_64_OPT.OBJ/nsinstall
cc -o Linux6.6_x86_64_cc_glibc_PTH_64_OPT.OBJ/nsinstall -O2 -fPIC  -m64 -pipe -ffunction-sections -fdata-sections -DHAVE_STRERROR -DLINUX -Dlinux -Wall -Wshadow -Werror -DXP_UNIX -DXP_UNIX -UDEBUG -DNDEBUG -D_DEFAULT_SOURCE -D_BSD_SOURCE -D_POSIX_SOURCE -DSDB_MEASURE_USE_TEMP_DIR -D_REENTRANT -UDEBUG -DNDEBUG -D_DEFAULT_SOURCE -D_BSD_SOURCE -D_POSIX_SOURCE -DSDB_MEASURE_USE_TEMP_DIR -D_REENTRANT -DNSS_DISABLE_SSE3 -DNSS_NO_INIT_SUPPORT -DUSE_UTIL_DIRECTLY -DNO_NSPR_10_SUPPORT -DSSL_DISABLE_DEPRECATED_CIPHER_SUITE_NAMES -I/home/ffortier/code/perso/nss/../nspr/dist/include/nspr -I../../../dist/Linux6.6_x86_64_cc_glibc_PTH_64_OPT.OBJ/include -I../../../dist/public/coreconf -I../../../dist/private/coreconf  Linux6.6_x86_64_cc_glibc_PTH_64_OPT.OBJ/nsinstall.o Linux6.6_x86_64_cc_glibc_PTH_64_OPT.OBJ/pathsub.o -m64 -z noexecstack -m64 -z noexecstack   -lpthread  -ldl -lc
true -m 775 Linux6.6_x86_64_cc_glibc_PTH_64_OPT.OBJ/nsinstall ../../../dist/Linux6.6_x86_64_cc_glibc_PTH_64_OPT.OBJ/bin
make[1]: Leaving directory '/home/ffortier/code/perso/nss/coreconf/nsinstall'
make export
make[1]: Entering directory '/home/ffortier/code/perso/nss'
make[2]: Entering directory '/home/ffortier/code/perso/nss/coreconf'
make[3]: Entering directory '/home/ffortier/code/perso/nss/coreconf/nsinstall'
make[3]: Nothing to be done for 'export'.
make[3]: Leaving directory '/home/ffortier/code/perso/nss/coreconf/nsinstall'
make[2]: Leaving directory '/home/ffortier/code/perso/nss/coreconf'
make[2]: Entering directory '/home/ffortier/code/perso/nss/lib'
make[3]: Entering directory '/home/ffortier/code/perso/nss/lib/base'
../../coreconf/nsinstall/Linux6.6_x86_64_cc_glibc_PTH_64_OPT.OBJ/nsinstall -R -m 444 baset.h ../../../dist/private/nss
../../coreconf/nsinstall/Linux6.6_x86_64_cc_glibc_PTH_64_OPT.OBJ/nsinstall -R -m 444 base.h ../../../dist/private/nss
../../coreconf/nsinstall/Linux6.6_x86_64_cc_glibc_PTH_64_OPT.OBJ/nsinstall -R -m 444 nssbaset.h ../../../dist/public/nss
../../coreconf/nsinstall/Linux6.6_x86_64_cc_glibc_PTH_64_OPT.OBJ/nsinstall -R -m 444 nssbase.h ../../../dist/public/nss
make[3]: Leaving directory '/home/ffortier/code/perso/nss/lib/base'
make[3]: Entering directory '/home/ffortier/code/perso/nss/lib/certdb'
../../coreconf/nsinstall/Linux6.6_x86_64_cc_glibc_PTH_64_OPT.OBJ/nsinstall -R -m 444 genname.h ../../../dist/private/nss
../../coreconf/nsinstall/Linux6.6_x86_64_cc_glibc_PTH_64_OPT.OBJ/nsinstall -R -m 444 xconst.h ../../../dist/private/nss
../../coreconf/nsinstall/Linux6.6_x86_64_cc_glibc_PTH_64_OPT.OBJ/nsinstall -R -m 444 certxutl.h ../../../dist/private/nss
../../coreconf/nsinstall/Linux6.6_x86_64_cc_glibc_PTH_64_OPT.OBJ/nsinstall -R -m 444 certi.h ../../../dist/private/nss
../../coreconf/nsinstall/Linux6.6_x86_64_cc_glibc_PTH_64_OPT.OBJ/nsinstall -R -m 444 cert.h ../../../dist/public/nss
../../coreconf/nsinstall/Linux6.6_x86_64_cc_glibc_PTH_64_OPT.OBJ/nsinstall -R -m 444 certt.h ../../../dist/public/nss
../../coreconf/nsinstall/Linux6.6_x86_64_cc_glibc_PTH_64_OPT.OBJ/nsinstall -R -m 444 certdb.h ../../../dist/public/nss
make[3]: Leaving directory '/home/ffortier/code/perso/nss/lib/certdb'
make[3]: Entering directory '/home/ffortier/code/perso/nss/lib/certhigh'
../../coreconf/nsinstall/Linux6.6_x86_64_cc_glibc_PTH_64_OPT.OBJ/nsinstall -R -m 444 ocspti.h ../../../dist/private/nss
../../coreconf/nsinstall/Linux6.6_x86_64_cc_glibc_PTH_64_OPT.OBJ/nsinstall -R -m 444 ocspi.h ../../../dist/private/nss
../../coreconf/nsinstall/Linux6.6_x86_64_cc_glibc_PTH_64_OPT.OBJ/nsinstall -R -m 444 ocsp.h ../../../dist/public/nss
../../coreconf/nsinstall/Linux6.6_x86_64_cc_glibc_PTH_64_OPT.OBJ/nsinstall -R -m 444 ocspt.h ../../../dist/public/nss
make[3]: Leaving directory '/home/ffortier/code/perso/nss/lib/certhigh'
make[3]: Entering directory '/home/ffortier/code/perso/nss/lib/cryptohi'
../../coreconf/nsinstall/Linux6.6_x86_64_cc_glibc_PTH_64_OPT.OBJ/nsinstall -R -m 444 keyi.h ../../../dist/private/nss
../../coreconf/nsinstall/Linux6.6_x86_64_cc_glibc_PTH_64_OPT.OBJ/nsinstall -R -m 444 cryptohi.h ../../../dist/public/nss
../../coreconf/nsinstall/Linux6.6_x86_64_cc_glibc_PTH_64_OPT.OBJ/nsinstall -R -m 444 cryptoht.h ../../../dist/public/nss
../../coreconf/nsinstall/Linux6.6_x86_64_cc_glibc_PTH_64_OPT.OBJ/nsinstall -R -m 444 key.h ../../../dist/public/nss
../../coreconf/nsinstall/Linux6.6_x86_64_cc_glibc_PTH_64_OPT.OBJ/nsinstall -R -m 444 keyhi.h ../../../dist/public/nss
../../coreconf/nsinstall/Linux6.6_x86_64_cc_glibc_PTH_64_OPT.OBJ/nsinstall -R -m 444 keyt.h ../../../dist/public/nss
../../coreconf/nsinstall/Linux6.6_x86_64_cc_glibc_PTH_64_OPT.OBJ/nsinstall -R -m 444 keythi.h ../../../dist/public/nss
../../coreconf/nsinstall/Linux6.6_x86_64_cc_glibc_PTH_64_OPT.OBJ/nsinstall -R -m 444 sechash.h ../../../dist/public/nss
make[3]: Leaving directory '/home/ffortier/code/perso/nss/lib/cryptohi'
make[3]: Entering directory '/home/ffortier/code/perso/nss/lib/dev'
../../coreconf/nsinstall/Linux6.6_x86_64_cc_glibc_PTH_64_OPT.OBJ/nsinstall -R -m 444 ckhelper.h ../../../dist/private/nss
../../coreconf/nsinstall/Linux6.6_x86_64_cc_glibc_PTH_64_OPT.OBJ/nsinstall -R -m 444 devm.h ../../../dist/private/nss
../../coreconf/nsinstall/Linux6.6_x86_64_cc_glibc_PTH_64_OPT.OBJ/nsinstall -R -m 444 devtm.h ../../../dist/private/nss
../../coreconf/nsinstall/Linux6.6_x86_64_cc_glibc_PTH_64_OPT.OBJ/nsinstall -R -m 444 devt.h ../../../dist/private/nss
../../coreconf/nsinstall/Linux6.6_x86_64_cc_glibc_PTH_64_OPT.OBJ/nsinstall -R -m 444 dev.h ../../../dist/private/nss
../../coreconf/nsinstall/Linux6.6_x86_64_cc_glibc_PTH_64_OPT.OBJ/nsinstall -R -m 444 nssdevt.h ../../../dist/private/nss
../../coreconf/nsinstall/Linux6.6_x86_64_cc_glibc_PTH_64_OPT.OBJ/nsinstall -R -m 444 nssdev.h ../../../dist/private/nss
make[3]: Leaving directory '/home/ffortier/code/perso/nss/lib/dev'
make[3]: Entering directory '/home/ffortier/code/perso/nss/lib/libpkix'
make[4]: Entering directory '/home/ffortier/code/perso/nss/lib/libpkix/include'
../../../coreconf/nsinstall/Linux6.6_x86_64_cc_glibc_PTH_64_OPT.OBJ/nsinstall -R -m 444 pkix.h ../../../../dist/private/nss
../../../coreconf/nsinstall/Linux6.6_x86_64_cc_glibc_PTH_64_OPT.OBJ/nsinstall -R -m 444 pkix_crlsel.h ../../../../dist/private/nss
../../../coreconf/nsinstall/Linux6.6_x86_64_cc_glibc_PTH_64_OPT.OBJ/nsinstall -R -m 444 pkix_errorstrings.h ../../../../dist/private/nss
../../../coreconf/nsinstall/Linux6.6_x86_64_cc_glibc_PTH_64_OPT.OBJ/nsinstall -R -m 444 pkix_results.h ../../../../dist/private/nss
../../../coreconf/nsinstall/Linux6.6_x86_64_cc_glibc_PTH_64_OPT.OBJ/nsinstall -R -m 444 pkixt.h ../../../../dist/private/nss
../../../coreconf/nsinstall/Linux6.6_x86_64_cc_glibc_PTH_64_OPT.OBJ/nsinstall -R -m 444 pkix_certsel.h ../../../../dist/private/nss
../../../coreconf/nsinstall/Linux6.6_x86_64_cc_glibc_PTH_64_OPT.OBJ/nsinstall -R -m 444 pkix_params.h ../../../../dist/private/nss
../../../coreconf/nsinstall/Linux6.6_x86_64_cc_glibc_PTH_64_OPT.OBJ/nsinstall -R -m 444 pkix_revchecker.h ../../../../dist/private/nss
../../../coreconf/nsinstall/Linux6.6_x86_64_cc_glibc_PTH_64_OPT.OBJ/nsinstall -R -m 444 pkix_certstore.h ../../../../dist/private/nss
../../../coreconf/nsinstall/Linux6.6_x86_64_cc_glibc_PTH_64_OPT.OBJ/nsinstall -R -m 444 pkix_pl_pki.h ../../../../dist/private/nss
../../../coreconf/nsinstall/Linux6.6_x86_64_cc_glibc_PTH_64_OPT.OBJ/nsinstall -R -m 444 pkix_sample_modules.h ../../../../dist/private/nss
../../../coreconf/nsinstall/Linux6.6_x86_64_cc_glibc_PTH_64_OPT.OBJ/nsinstall -R -m 444 pkix_checker.h ../../../../dist/private/nss
../../../coreconf/nsinstall/Linux6.6_x86_64_cc_glibc_PTH_64_OPT.OBJ/nsinstall -R -m 444 pkix_pl_system.h ../../../../dist/private/nss
../../../coreconf/nsinstall/Linux6.6_x86_64_cc_glibc_PTH_64_OPT.OBJ/nsinstall -R -m 444 pkix_util.h ../../../../dist/private/nss
make[4]: Leaving directory '/home/ffortier/code/perso/nss/lib/libpkix/include'
make[4]: Entering directory '/home/ffortier/code/perso/nss/lib/libpkix/pkix'
make[5]: Entering directory '/home/ffortier/code/perso/nss/lib/libpkix/pkix/certsel'
../../../../coreconf/nsinstall/Linux6.6_x86_64_cc_glibc_PTH_64_OPT.OBJ/nsinstall -R -m 444 pkix_certselector.h ../../../../../dist/private/nss
../../../../coreconf/nsinstall/Linux6.6_x86_64_cc_glibc_PTH_64_OPT.OBJ/nsinstall -R -m 444 pkix_comcertselparams.h ../../../../../dist/private/nss
make[5]: Leaving directory '/home/ffortier/code/perso/nss/lib/libpkix/pkix/certsel'
make[5]: Entering directory '/home/ffortier/code/perso/nss/lib/libpkix/pkix/crlsel'
../../../../coreconf/nsinstall/Linux6.6_x86_64_cc_glibc_PTH_64_OPT.OBJ/nsinstall -R -m 444 pkix_comcrlselparams.h ../../../../../dist/private/nss
../../../../coreconf/nsinstall/Linux6.6_x86_64_cc_glibc_PTH_64_OPT.OBJ/nsinstall -R -m 444 pkix_crlselector.h ../../../../../dist/private/nss
make[5]: Leaving directory '/home/ffortier/code/perso/nss/lib/libpkix/pkix/crlsel'
make[5]: Entering directory '/home/ffortier/code/perso/nss/lib/libpkix/pkix/checker'
../../../../coreconf/nsinstall/Linux6.6_x86_64_cc_glibc_PTH_64_OPT.OBJ/nsinstall -R -m 444 pkix_basicconstraintschecker.h ../../../../../dist/private/nss
../../../../coreconf/nsinstall/Linux6.6_x86_64_cc_glibc_PTH_64_OPT.OBJ/nsinstall -R -m 444 pkix_certchainchecker.h ../../../../../dist/private/nss
../../../../coreconf/nsinstall/Linux6.6_x86_64_cc_glibc_PTH_64_OPT.OBJ/nsinstall -R -m 444 pkix_crlchecker.h ../../../../../dist/private/nss
../../../../coreconf/nsinstall/Linux6.6_x86_64_cc_glibc_PTH_64_OPT.OBJ/nsinstall -R -m 444 pkix_ekuchecker.h ../../../../../dist/private/nss
../../../../coreconf/nsinstall/Linux6.6_x86_64_cc_glibc_PTH_64_OPT.OBJ/nsinstall -R -m 444 pkix_expirationchecker.h ../../../../../dist/private/nss
../../../../coreconf/nsinstall/Linux6.6_x86_64_cc_glibc_PTH_64_OPT.OBJ/nsinstall -R -m 444 pkix_namechainingchecker.h ../../../../../dist/private/nss
../../../../coreconf/nsinstall/Linux6.6_x86_64_cc_glibc_PTH_64_OPT.OBJ/nsinstall -R -m 444 pkix_nameconstraintschecker.h ../../../../../dist/private/nss
../../../../coreconf/nsinstall/Linux6.6_x86_64_cc_glibc_PTH_64_OPT.OBJ/nsinstall -R -m 444 pkix_ocspchecker.h ../../../../../dist/private/nss
../../../../coreconf/nsinstall/Linux6.6_x86_64_cc_glibc_PTH_64_OPT.OBJ/nsinstall -R -m 444 pkix_policychecker.h ../../../../../dist/private/nss
../../../../coreconf/nsinstall/Linux6.6_x86_64_cc_glibc_PTH_64_OPT.OBJ/nsinstall -R -m 444 pkix_revocationmethod.h ../../../../../dist/private/nss
../../../../coreconf/nsinstall/Linux6.6_x86_64_cc_glibc_PTH_64_OPT.OBJ/nsinstall -R -m 444 pkix_revocationchecker.h ../../../../../dist/private/nss
../../../../coreconf/nsinstall/Linux6.6_x86_64_cc_glibc_PTH_64_OPT.OBJ/nsinstall -R -m 444 pkix_signaturechecker.h ../../../../../dist/private/nss
../../../../coreconf/nsinstall/Linux6.6_x86_64_cc_glibc_PTH_64_OPT.OBJ/nsinstall -R -m 444 pkix_targetcertchecker.h ../../../../../dist/private/nss
make[5]: Leaving directory '/home/ffortier/code/perso/nss/lib/libpkix/pkix/checker'
make[5]: Entering directory '/home/ffortier/code/perso/nss/lib/libpkix/pkix/params'
../../../../coreconf/nsinstall/Linux6.6_x86_64_cc_glibc_PTH_64_OPT.OBJ/nsinstall -R -m 444 pkix_procparams.h ../../../../../dist/private/nss
../../../../coreconf/nsinstall/Linux6.6_x86_64_cc_glibc_PTH_64_OPT.OBJ/nsinstall -R -m 444 pkix_trustanchor.h ../../../../../dist/private/nss
../../../../coreconf/nsinstall/Linux6.6_x86_64_cc_glibc_PTH_64_OPT.OBJ/nsinstall -R -m 444 pkix_valparams.h ../../../../../dist/private/nss
../../../../coreconf/nsinstall/Linux6.6_x86_64_cc_glibc_PTH_64_OPT.OBJ/nsinstall -R -m 444 pkix_resourcelimits.h ../../../../../dist/private/nss
make[5]: Leaving directory '/home/ffortier/code/perso/nss/lib/libpkix/pkix/params'
make[5]: Entering directory '/home/ffortier/code/perso/nss/lib/libpkix/pkix/results'
../../../../coreconf/nsinstall/Linux6.6_x86_64_cc_glibc_PTH_64_OPT.OBJ/nsinstall -R -m 444 pkix_buildresult.h ../../../../../dist/private/nss
../../../../coreconf/nsinstall/Linux6.6_x86_64_cc_glibc_PTH_64_OPT.OBJ/nsinstall -R -m 444 pkix_policynode.h ../../../../../dist/private/nss
../../../../coreconf/nsinstall/Linux6.6_x86_64_cc_glibc_PTH_64_OPT.OBJ/nsinstall -R -m 444 pkix_valresult.h ../../../../../dist/private/nss
../../../../coreconf/nsinstall/Linux6.6_x86_64_cc_glibc_PTH_64_OPT.OBJ/nsinstall -R -m 444 pkix_verifynode.h ../../../../../dist/private/nss
make[5]: Leaving directory '/home/ffortier/code/perso/nss/lib/libpkix/pkix/results'
make[5]: Entering directory '/home/ffortier/code/perso/nss/lib/libpkix/pkix/store'
../../../../coreconf/nsinstall/Linux6.6_x86_64_cc_glibc_PTH_64_OPT.OBJ/nsinstall -R -m 444 pkix_store.h ../../../../../dist/private/nss
make[5]: Leaving directory '/home/ffortier/code/perso/nss/lib/libpkix/pkix/store'
make[5]: Entering directory '/home/ffortier/code/perso/nss/lib/libpkix/pkix/top'
../../../../coreconf/nsinstall/Linux6.6_x86_64_cc_glibc_PTH_64_OPT.OBJ/nsinstall -R -m 444 pkix_build.h ../../../../../dist/private/nss
../../../../coreconf/nsinstall/Linux6.6_x86_64_cc_glibc_PTH_64_OPT.OBJ/nsinstall -R -m 444 pkix_lifecycle.h ../../../../../dist/private/nss
../../../../coreconf/nsinstall/Linux6.6_x86_64_cc_glibc_PTH_64_OPT.OBJ/nsinstall -R -m 444 pkix_validate.h ../../../../../dist/private/nss
make[5]: Leaving directory '/home/ffortier/code/perso/nss/lib/libpkix/pkix/top'
make[5]: Entering directory '/home/ffortier/code/perso/nss/lib/libpkix/pkix/util'
../../../../coreconf/nsinstall/Linux6.6_x86_64_cc_glibc_PTH_64_OPT.OBJ/nsinstall -R -m 444 pkix_tools.h ../../../../../dist/private/nss
../../../../coreconf/nsinstall/Linux6.6_x86_64_cc_glibc_PTH_64_OPT.OBJ/nsinstall -R -m 444 pkix_error.h ../../../../../dist/private/nss
../../../../coreconf/nsinstall/Linux6.6_x86_64_cc_glibc_PTH_64_OPT.OBJ/nsinstall -R -m 444 pkix_logger.h ../../../../../dist/private/nss
../../../../coreconf/nsinstall/Linux6.6_x86_64_cc_glibc_PTH_64_OPT.OBJ/nsinstall -R -m 444 pkix_list.h ../../../../../dist/private/nss
make[5]: Leaving directory '/home/ffortier/code/perso/nss/lib/libpkix/pkix/util'
make[4]: Leaving directory '/home/ffortier/code/perso/nss/lib/libpkix/pkix'
make[4]: Entering directory '/home/ffortier/code/perso/nss/lib/libpkix/pkix_pl_nss'
make[5]: Entering directory '/home/ffortier/code/perso/nss/lib/libpkix/pkix_pl_nss/pki'
../../../../coreconf/nsinstall/Linux6.6_x86_64_cc_glibc_PTH_64_OPT.OBJ/nsinstall -R -m 444 pkix_pl_basicconstraints.h ../../../../../dist/private/nss
../../../../coreconf/nsinstall/Linux6.6_x86_64_cc_glibc_PTH_64_OPT.OBJ/nsinstall -R -m 444 pkix_pl_cert.h ../../../../../dist/private/nss
../../../../coreconf/nsinstall/Linux6.6_x86_64_cc_glibc_PTH_64_OPT.OBJ/nsinstall -R -m 444 pkix_pl_certpolicyinfo.h ../../../../../dist/private/nss
../../../../coreconf/nsinstall/Linux6.6_x86_64_cc_glibc_PTH_64_OPT.OBJ/nsinstall -R -m 444 pkix_pl_certpolicymap.h ../../../../../dist/private/nss
../../../../coreconf/nsinstall/Linux6.6_x86_64_cc_glibc_PTH_64_OPT.OBJ/nsinstall -R -m 444 pkix_pl_certpolicyqualifier.h ../../../../../dist/private/nss
../../../../coreconf/nsinstall/Linux6.6_x86_64_cc_glibc_PTH_64_OPT.OBJ/nsinstall -R -m 444 pkix_pl_crl.h ../../../../../dist/private/nss
../../../../coreconf/nsinstall/Linux6.6_x86_64_cc_glibc_PTH_64_OPT.OBJ/nsinstall -R -m 444 pkix_pl_crldp.h ../../../../../dist/private/nss
../../../../coreconf/nsinstall/Linux6.6_x86_64_cc_glibc_PTH_64_OPT.OBJ/nsinstall -R -m 444 pkix_pl_crlentry.h ../../../../../dist/private/nss
../../../../coreconf/nsinstall/Linux6.6_x86_64_cc_glibc_PTH_64_OPT.OBJ/nsinstall -R -m 444 pkix_pl_date.h ../../../../../dist/private/nss
../../../../coreconf/nsinstall/Linux6.6_x86_64_cc_glibc_PTH_64_OPT.OBJ/nsinstall -R -m 444 pkix_pl_generalname.h ../../../../../dist/private/nss
../../../../coreconf/nsinstall/Linux6.6_x86_64_cc_glibc_PTH_64_OPT.OBJ/nsinstall -R -m 444 pkix_pl_infoaccess.h ../../../../../dist/private/nss
../../../../coreconf/nsinstall/Linux6.6_x86_64_cc_glibc_PTH_64_OPT.OBJ/nsinstall -R -m 444 pkix_pl_nameconstraints.h ../../../../../dist/private/nss
../../../../coreconf/nsinstall/Linux6.6_x86_64_cc_glibc_PTH_64_OPT.OBJ/nsinstall -R -m 444 pkix_pl_ocsprequest.h ../../../../../dist/private/nss
../../../../coreconf/nsinstall/Linux6.6_x86_64_cc_glibc_PTH_64_OPT.OBJ/nsinstall -R -m 444 pkix_pl_ocspresponse.h ../../../../../dist/private/nss
../../../../coreconf/nsinstall/Linux6.6_x86_64_cc_glibc_PTH_64_OPT.OBJ/nsinstall -R -m 444 pkix_pl_publickey.h ../../../../../dist/private/nss
../../../../coreconf/nsinstall/Linux6.6_x86_64_cc_glibc_PTH_64_OPT.OBJ/nsinstall -R -m 444 pkix_pl_x500name.h ../../../../../dist/private/nss
../../../../coreconf/nsinstall/Linux6.6_x86_64_cc_glibc_PTH_64_OPT.OBJ/nsinstall -R -m 444 pkix_pl_ocspcertid.h ../../../../../dist/private/nss
make[5]: Leaving directory '/home/ffortier/code/perso/nss/lib/libpkix/pkix_pl_nss/pki'
make[5]: Entering directory '/home/ffortier/code/perso/nss/lib/libpkix/pkix_pl_nss/system'
../../../../coreconf/nsinstall/Linux6.6_x86_64_cc_glibc_PTH_64_OPT.OBJ/nsinstall -R -m 444 pkix_pl_common.h ../../../../../dist/private/nss
../../../../coreconf/nsinstall/Linux6.6_x86_64_cc_glibc_PTH_64_OPT.OBJ/nsinstall -R -m 444 pkix_pl_mem.h ../../../../../dist/private/nss
../../../../coreconf/nsinstall/Linux6.6_x86_64_cc_glibc_PTH_64_OPT.OBJ/nsinstall -R -m 444 pkix_pl_object.h ../../../../../dist/private/nss
../../../../coreconf/nsinstall/Linux6.6_x86_64_cc_glibc_PTH_64_OPT.OBJ/nsinstall -R -m 444 pkix_pl_string.h ../../../../../dist/private/nss
../../../../coreconf/nsinstall/Linux6.6_x86_64_cc_glibc_PTH_64_OPT.OBJ/nsinstall -R -m 444 pkix_pl_primhash.h ../../../../../dist/private/nss
../../../../coreconf/nsinstall/Linux6.6_x86_64_cc_glibc_PTH_64_OPT.OBJ/nsinstall -R -m 444 pkix_pl_bigint.h ../../../../../dist/private/nss
../../../../coreconf/nsinstall/Linux6.6_x86_64_cc_glibc_PTH_64_OPT.OBJ/nsinstall -R -m 444 pkix_pl_mutex.h ../../../../../dist/private/nss
../../../../coreconf/nsinstall/Linux6.6_x86_64_cc_glibc_PTH_64_OPT.OBJ/nsinstall -R -m 444 pkix_pl_bytearray.h ../../../../../dist/private/nss
../../../../coreconf/nsinstall/Linux6.6_x86_64_cc_glibc_PTH_64_OPT.OBJ/nsinstall -R -m 444 pkix_pl_lifecycle.h ../../../../../dist/private/nss
../../../../coreconf/nsinstall/Linux6.6_x86_64_cc_glibc_PTH_64_OPT.OBJ/nsinstall -R -m 444 pkix_pl_oid.h ../../../../../dist/private/nss
../../../../coreconf/nsinstall/Linux6.6_x86_64_cc_glibc_PTH_64_OPT.OBJ/nsinstall -R -m 444 pkix_pl_hashtable.h ../../../../../dist/private/nss
../../../../coreconf/nsinstall/Linux6.6_x86_64_cc_glibc_PTH_64_OPT.OBJ/nsinstall -R -m 444 pkix_pl_rwlock.h ../../../../../dist/private/nss
../../../../coreconf/nsinstall/Linux6.6_x86_64_cc_glibc_PTH_64_OPT.OBJ/nsinstall -R -m 444 pkix_pl_monitorlock.h ../../../../../dist/private/nss
make[5]: Leaving directory '/home/ffortier/code/perso/nss/lib/libpkix/pkix_pl_nss/system'
make[5]: Entering directory '/home/ffortier/code/perso/nss/lib/libpkix/pkix_pl_nss/module'
../../../../coreconf/nsinstall/Linux6.6_x86_64_cc_glibc_PTH_64_OPT.OBJ/nsinstall -R -m 444 pkix_pl_aiamgr.h ../../../../../dist/private/nss
../../../../coreconf/nsinstall/Linux6.6_x86_64_cc_glibc_PTH_64_OPT.OBJ/nsinstall -R -m 444 pkix_pl_colcertstore.h ../../../../../dist/private/nss
../../../../coreconf/nsinstall/Linux6.6_x86_64_cc_glibc_PTH_64_OPT.OBJ/nsinstall -R -m 444 pkix_pl_httpcertstore.h ../../../../../dist/private/nss
../../../../coreconf/nsinstall/Linux6.6_x86_64_cc_glibc_PTH_64_OPT.OBJ/nsinstall -R -m 444 pkix_pl_httpdefaultclient.h ../../../../../dist/private/nss
../../../../coreconf/nsinstall/Linux6.6_x86_64_cc_glibc_PTH_64_OPT.OBJ/nsinstall -R -m 444 pkix_pl_ldapt.h ../../../../../dist/private/nss
../../../../coreconf/nsinstall/Linux6.6_x86_64_cc_glibc_PTH_64_OPT.OBJ/nsinstall -R -m 444 pkix_pl_ldapcertstore.h ../../../../../dist/private/nss
../../../../coreconf/nsinstall/Linux6.6_x86_64_cc_glibc_PTH_64_OPT.OBJ/nsinstall -R -m 444 pkix_pl_ldapresponse.h ../../../../../dist/private/nss
../../../../coreconf/nsinstall/Linux6.6_x86_64_cc_glibc_PTH_64_OPT.OBJ/nsinstall -R -m 444 pkix_pl_ldaprequest.h ../../../../../dist/private/nss
../../../../coreconf/nsinstall/Linux6.6_x86_64_cc_glibc_PTH_64_OPT.OBJ/nsinstall -R -m 444 pkix_pl_ldapdefaultclient.h ../../../../../dist/private/nss
../../../../coreconf/nsinstall/Linux6.6_x86_64_cc_glibc_PTH_64_OPT.OBJ/nsinstall -R -m 444 pkix_pl_nsscontext.h ../../../../../dist/private/nss
../../../../coreconf/nsinstall/Linux6.6_x86_64_cc_glibc_PTH_64_OPT.OBJ/nsinstall -R -m 444 pkix_pl_pk11certstore.h ../../../../../dist/private/nss
../../../../coreconf/nsinstall/Linux6.6_x86_64_cc_glibc_PTH_64_OPT.OBJ/nsinstall -R -m 444 pkix_pl_socket.h ../../../../../dist/private/nss
make[5]: Leaving directory '/home/ffortier/code/perso/nss/lib/libpkix/pkix_pl_nss/module'
make[4]: Leaving directory '/home/ffortier/code/perso/nss/lib/libpkix/pkix_pl_nss'
make[3]: Leaving directory '/home/ffortier/code/perso/nss/lib/libpkix'
make[3]: Entering directory '/home/ffortier/code/perso/nss/lib/pk11wrap'
../../coreconf/nsinstall/Linux6.6_x86_64_cc_glibc_PTH_64_OPT.OBJ/nsinstall -R -m 444 secmodi.h ../../../dist/private/nss
../../coreconf/nsinstall/Linux6.6_x86_64_cc_glibc_PTH_64_OPT.OBJ/nsinstall -R -m 444 secmodti.h ../../../dist/private/nss
../../coreconf/nsinstall/Linux6.6_x86_64_cc_glibc_PTH_64_OPT.OBJ/nsinstall -R -m 444 dev3hack.h ../../../dist/private/nss
../../coreconf/nsinstall/Linux6.6_x86_64_cc_glibc_PTH_64_OPT.OBJ/nsinstall -R -m 444 secmod.h ../../../dist/public/nss
../../coreconf/nsinstall/Linux6.6_x86_64_cc_glibc_PTH_64_OPT.OBJ/nsinstall -R -m 444 secmodt.h ../../../dist/public/nss
../../coreconf/nsinstall/Linux6.6_x86_64_cc_glibc_PTH_64_OPT.OBJ/nsinstall -R -m 444 secpkcs5.h ../../../dist/public/nss
../../coreconf/nsinstall/Linux6.6_x86_64_cc_glibc_PTH_64_OPT.OBJ/nsinstall -R -m 444 pk11func.h ../../../dist/public/nss
../../coreconf/nsinstall/Linux6.6_x86_64_cc_glibc_PTH_64_OPT.OBJ/nsinstall -R -m 444 pk11hpke.h ../../../dist/public/nss
../../coreconf/nsinstall/Linux6.6_x86_64_cc_glibc_PTH_64_OPT.OBJ/nsinstall -R -m 444 pk11pub.h ../../../dist/public/nss
../../coreconf/nsinstall/Linux6.6_x86_64_cc_glibc_PTH_64_OPT.OBJ/nsinstall -R -m 444 pk11priv.h ../../../dist/public/nss
../../coreconf/nsinstall/Linux6.6_x86_64_cc_glibc_PTH_64_OPT.OBJ/nsinstall -R -m 444 pk11sdr.h ../../../dist/public/nss
../../coreconf/nsinstall/Linux6.6_x86_64_cc_glibc_PTH_64_OPT.OBJ/nsinstall -R -m 444 pk11pqg.h ../../../dist/public/nss
make[3]: Leaving directory '/home/ffortier/code/perso/nss/lib/pk11wrap'
make[3]: Entering directory '/home/ffortier/code/perso/nss/lib/pki'
../../coreconf/nsinstall/Linux6.6_x86_64_cc_glibc_PTH_64_OPT.OBJ/nsinstall -R -m 444 pki.h ../../../dist/private/nss
../../coreconf/nsinstall/Linux6.6_x86_64_cc_glibc_PTH_64_OPT.OBJ/nsinstall -R -m 444 pkit.h ../../../dist/private/nss
../../coreconf/nsinstall/Linux6.6_x86_64_cc_glibc_PTH_64_OPT.OBJ/nsinstall -R -m 444 nsspkit.h ../../../dist/private/nss
../../coreconf/nsinstall/Linux6.6_x86_64_cc_glibc_PTH_64_OPT.OBJ/nsinstall -R -m 444 nsspki.h ../../../dist/private/nss
../../coreconf/nsinstall/Linux6.6_x86_64_cc_glibc_PTH_64_OPT.OBJ/nsinstall -R -m 444 pkistore.h ../../../dist/private/nss
../../coreconf/nsinstall/Linux6.6_x86_64_cc_glibc_PTH_64_OPT.OBJ/nsinstall -R -m 444 pki3hack.h ../../../dist/private/nss
../../coreconf/nsinstall/Linux6.6_x86_64_cc_glibc_PTH_64_OPT.OBJ/nsinstall -R -m 444 pkitm.h ../../../dist/private/nss
../../coreconf/nsinstall/Linux6.6_x86_64_cc_glibc_PTH_64_OPT.OBJ/nsinstall -R -m 444 pkim.h ../../../dist/private/nss
make[3]: Leaving directory '/home/ffortier/code/perso/nss/lib/pki'
make[3]: Entering directory '/home/ffortier/code/perso/nss/lib/util'
../../coreconf/nsinstall/Linux6.6_x86_64_cc_glibc_PTH_64_OPT.OBJ/nsinstall -R -m 444 verref.h ../../../dist/private/nss
../../coreconf/nsinstall/Linux6.6_x86_64_cc_glibc_PTH_64_OPT.OBJ/nsinstall -R -m 444 templates.c ../../../dist/private/nss
../../coreconf/nsinstall/Linux6.6_x86_64_cc_glibc_PTH_64_OPT.OBJ/nsinstall -R -m 444 base64.h ../../../dist/public/nss
../../coreconf/nsinstall/Linux6.6_x86_64_cc_glibc_PTH_64_OPT.OBJ/nsinstall -R -m 444 ciferfam.h ../../../dist/public/nss
../../coreconf/nsinstall/Linux6.6_x86_64_cc_glibc_PTH_64_OPT.OBJ/nsinstall -R -m 444 eccutil.h ../../../dist/public/nss
../../coreconf/nsinstall/Linux6.6_x86_64_cc_glibc_PTH_64_OPT.OBJ/nsinstall -R -m 444 hasht.h ../../../dist/public/nss
../../coreconf/nsinstall/Linux6.6_x86_64_cc_glibc_PTH_64_OPT.OBJ/nsinstall -R -m 444 kyber.h ../../../dist/public/nss
../../coreconf/nsinstall/Linux6.6_x86_64_cc_glibc_PTH_64_OPT.OBJ/nsinstall -R -m 444 ml_dsat.h ../../../dist/public/nss
../../coreconf/nsinstall/Linux6.6_x86_64_cc_glibc_PTH_64_OPT.OBJ/nsinstall -R -m 444 nssb64.h ../../../dist/public/nss
../../coreconf/nsinstall/Linux6.6_x86_64_cc_glibc_PTH_64_OPT.OBJ/nsinstall -R -m 444 nssb64t.h ../../../dist/public/nss
../../coreconf/nsinstall/Linux6.6_x86_64_cc_glibc_PTH_64_OPT.OBJ/nsinstall -R -m 444 nsshash.h ../../../dist/public/nss
../../coreconf/nsinstall/Linux6.6_x86_64_cc_glibc_PTH_64_OPT.OBJ/nsinstall -R -m 444 nsslocks.h ../../../dist/public/nss
../../coreconf/nsinstall/Linux6.6_x86_64_cc_glibc_PTH_64_OPT.OBJ/nsinstall -R -m 444 nssilock.h ../../../dist/public/nss
../../coreconf/nsinstall/Linux6.6_x86_64_cc_glibc_PTH_64_OPT.OBJ/nsinstall -R -m 444 nssilckt.h ../../../dist/public/nss
../../coreconf/nsinstall/Linux6.6_x86_64_cc_glibc_PTH_64_OPT.OBJ/nsinstall -R -m 444 nssrwlk.h ../../../dist/public/nss
../../coreconf/nsinstall/Linux6.6_x86_64_cc_glibc_PTH_64_OPT.OBJ/nsinstall -R -m 444 nssrwlkt.h ../../../dist/public/nss
../../coreconf/nsinstall/Linux6.6_x86_64_cc_glibc_PTH_64_OPT.OBJ/nsinstall -R -m 444 nssutil.h ../../../dist/public/nss
../../coreconf/nsinstall/Linux6.6_x86_64_cc_glibc_PTH_64_OPT.OBJ/nsinstall -R -m 444 pkcs11.h ../../../dist/public/nss
../../coreconf/nsinstall/Linux6.6_x86_64_cc_glibc_PTH_64_OPT.OBJ/nsinstall -R -m 444 pkcs11f.h ../../../dist/public/nss
../../coreconf/nsinstall/Linux6.6_x86_64_cc_glibc_PTH_64_OPT.OBJ/nsinstall -R -m 444 pkcs11p.h ../../../dist/public/nss
../../coreconf/nsinstall/Linux6.6_x86_64_cc_glibc_PTH_64_OPT.OBJ/nsinstall -R -m 444 pkcs11t.h ../../../dist/public/nss
../../coreconf/nsinstall/Linux6.6_x86_64_cc_glibc_PTH_64_OPT.OBJ/nsinstall -R -m 444 pkcs11n.h ../../../dist/public/nss
../../coreconf/nsinstall/Linux6.6_x86_64_cc_glibc_PTH_64_OPT.OBJ/nsinstall -R -m 444 pkcs11u.h ../../../dist/public/nss
../../coreconf/nsinstall/Linux6.6_x86_64_cc_glibc_PTH_64_OPT.OBJ/nsinstall -R -m 444 pkcs1sig.h ../../../dist/public/nss
../../coreconf/nsinstall/Linux6.6_x86_64_cc_glibc_PTH_64_OPT.OBJ/nsinstall -R -m 444 portreg.h ../../../dist/public/nss
../../coreconf/nsinstall/Linux6.6_x86_64_cc_glibc_PTH_64_OPT.OBJ/nsinstall -R -m 444 secasn1.h ../../../dist/public/nss
../../coreconf/nsinstall/Linux6.6_x86_64_cc_glibc_PTH_64_OPT.OBJ/nsinstall -R -m 444 secasn1t.h ../../../dist/public/nss
../../coreconf/nsinstall/Linux6.6_x86_64_cc_glibc_PTH_64_OPT.OBJ/nsinstall -R -m 444 seccomon.h ../../../dist/public/nss
../../coreconf/nsinstall/Linux6.6_x86_64_cc_glibc_PTH_64_OPT.OBJ/nsinstall -R -m 444 secder.h ../../../dist/public/nss
../../coreconf/nsinstall/Linux6.6_x86_64_cc_glibc_PTH_64_OPT.OBJ/nsinstall -R -m 444 secdert.h ../../../dist/public/nss
../../coreconf/nsinstall/Linux6.6_x86_64_cc_glibc_PTH_64_OPT.OBJ/nsinstall -R -m 444 secdig.h ../../../dist/public/nss
../../coreconf/nsinstall/Linux6.6_x86_64_cc_glibc_PTH_64_OPT.OBJ/nsinstall -R -m 444 secdigt.h ../../../dist/public/nss
../../coreconf/nsinstall/Linux6.6_x86_64_cc_glibc_PTH_64_OPT.OBJ/nsinstall -R -m 444 secitem.h ../../../dist/public/nss
../../coreconf/nsinstall/Linux6.6_x86_64_cc_glibc_PTH_64_OPT.OBJ/nsinstall -R -m 444 secoid.h ../../../dist/public/nss
../../coreconf/nsinstall/Linux6.6_x86_64_cc_glibc_PTH_64_OPT.OBJ/nsinstall -R -m 444 secoidt.h ../../../dist/public/nss
../../coreconf/nsinstall/Linux6.6_x86_64_cc_glibc_PTH_64_OPT.OBJ/nsinstall -R -m 444 secport.h ../../../dist/public/nss
../../coreconf/nsinstall/Linux6.6_x86_64_cc_glibc_PTH_64_OPT.OBJ/nsinstall -R -m 444 secerr.h ../../../dist/public/nss
../../coreconf/nsinstall/Linux6.6_x86_64_cc_glibc_PTH_64_OPT.OBJ/nsinstall -R -m 444 utilmodt.h ../../../dist/public/nss
../../coreconf/nsinstall/Linux6.6_x86_64_cc_glibc_PTH_64_OPT.OBJ/nsinstall -R -m 444 utilrename.h ../../../dist/public/nss
../../coreconf/nsinstall/Linux6.6_x86_64_cc_glibc_PTH_64_OPT.OBJ/nsinstall -R -m 444 utilpars.h ../../../dist/public/nss
../../coreconf/nsinstall/Linux6.6_x86_64_cc_glibc_PTH_64_OPT.OBJ/nsinstall -R -m 444 utilparst.h ../../../dist/public/nss
../../coreconf/nsinstall/Linux6.6_x86_64_cc_glibc_PTH_64_OPT.OBJ/nsinstall -R -m 444 pkcs11uri.h ../../../dist/public/nss
make[3]: Leaving directory '/home/ffortier/code/perso/nss/lib/util'
make[3]: Entering directory '/home/ffortier/code/perso/nss/lib/nss'
../../coreconf/nsinstall/Linux6.6_x86_64_cc_glibc_PTH_64_OPT.OBJ/nsinstall -R -m 444 nssrenam.h ../../../dist/private/nss
../../coreconf/nsinstall/Linux6.6_x86_64_cc_glibc_PTH_64_OPT.OBJ/nsinstall -R -m 444 nssoptions.h ../../../dist/private/nss
../../coreconf/nsinstall/Linux6.6_x86_64_cc_glibc_PTH_64_OPT.OBJ/nsinstall -R -m 444 nss.h ../../../dist/public/nss
make[3]: Leaving directory '/home/ffortier/code/perso/nss/lib/nss'
make[3]: Entering directory '/home/ffortier/code/perso/nss/lib/ckfw'
make[4]: Entering directory '/home/ffortier/code/perso/nss/lib/ckfw'
../../coreconf/nsinstall/Linux6.6_x86_64_cc_glibc_PTH_64_OPT.OBJ/nsinstall -R -m 444 ck.h ../../../dist/private/nss
../../coreconf/nsinstall/Linux6.6_x86_64_cc_glibc_PTH_64_OPT.OBJ/nsinstall -R -m 444 ckfw.h ../../../dist/private/nss
../../coreconf/nsinstall/Linux6.6_x86_64_cc_glibc_PTH_64_OPT.OBJ/nsinstall -R -m 444 ckfwm.h ../../../dist/private/nss
../../coreconf/nsinstall/Linux6.6_x86_64_cc_glibc_PTH_64_OPT.OBJ/nsinstall -R -m 444 ckfwtm.h ../../../dist/private/nss
../../coreconf/nsinstall/Linux6.6_x86_64_cc_glibc_PTH_64_OPT.OBJ/nsinstall -R -m 444 ckmd.h ../../../dist/private/nss
../../coreconf/nsinstall/Linux6.6_x86_64_cc_glibc_PTH_64_OPT.OBJ/nsinstall -R -m 444 ckt.h ../../../dist/private/nss
../../coreconf/nsinstall/Linux6.6_x86_64_cc_glibc_PTH_64_OPT.OBJ/nsinstall -R -m 444 nssck.api ../../../dist/public/nss
../../coreconf/nsinstall/Linux6.6_x86_64_cc_glibc_PTH_64_OPT.OBJ/nsinstall -R -m 444 nssckepv.h ../../../dist/public/nss
../../coreconf/nsinstall/Linux6.6_x86_64_cc_glibc_PTH_64_OPT.OBJ/nsinstall -R -m 444 nssckft.h ../../../dist/public/nss
../../coreconf/nsinstall/Linux6.6_x86_64_cc_glibc_PTH_64_OPT.OBJ/nsinstall -R -m 444 nssckfw.h ../../../dist/public/nss
../../coreconf/nsinstall/Linux6.6_x86_64_cc_glibc_PTH_64_OPT.OBJ/nsinstall -R -m 444 nssckfwc.h ../../../dist/public/nss
../../coreconf/nsinstall/Linux6.6_x86_64_cc_glibc_PTH_64_OPT.OBJ/nsinstall -R -m 444 nssckfwt.h ../../../dist/public/nss
../../coreconf/nsinstall/Linux6.6_x86_64_cc_glibc_PTH_64_OPT.OBJ/nsinstall -R -m 444 nssckg.h ../../../dist/public/nss
../../coreconf/nsinstall/Linux6.6_x86_64_cc_glibc_PTH_64_OPT.OBJ/nsinstall -R -m 444 nssckmdt.h ../../../dist/public/nss
../../coreconf/nsinstall/Linux6.6_x86_64_cc_glibc_PTH_64_OPT.OBJ/nsinstall -R -m 444 nssckt.h ../../../dist/public/nss
make[4]: Leaving directory '/home/ffortier/code/perso/nss/lib/ckfw'
make[4]: Entering directory '/home/ffortier/code/perso/nss/lib/ckfw/builtins'
make[5]: Entering directory '/home/ffortier/code/perso/nss/lib/ckfw/builtins'
../../../coreconf/nsinstall/Linux6.6_x86_64_cc_glibc_PTH_64_OPT.OBJ/nsinstall -R -m 444 nssckbi.h ../../../../dist/public/nss
make[5]: Leaving directory '/home/ffortier/code/perso/nss/lib/ckfw/builtins'
make[5]: Entering directory '/home/ffortier/code/perso/nss/lib/ckfw/builtins/testlib'
make[5]: Nothing to be done for 'export'.
make[5]: Leaving directory '/home/ffortier/code/perso/nss/lib/ckfw/builtins/testlib'
../../../coreconf/nsinstall/Linux6.6_x86_64_cc_glibc_PTH_64_OPT.OBJ/nsinstall -R -m 444 nssckbi.h ../../../../dist/public/nss
make[4]: Leaving directory '/home/ffortier/code/perso/nss/lib/ckfw/builtins'
../../coreconf/nsinstall/Linux6.6_x86_64_cc_glibc_PTH_64_OPT.OBJ/nsinstall -R -m 444 ck.h ../../../dist/private/nss
../../coreconf/nsinstall/Linux6.6_x86_64_cc_glibc_PTH_64_OPT.OBJ/nsinstall -R -m 444 ckfw.h ../../../dist/private/nss
../../coreconf/nsinstall/Linux6.6_x86_64_cc_glibc_PTH_64_OPT.OBJ/nsinstall -R -m 444 ckfwm.h ../../../dist/private/nss
../../coreconf/nsinstall/Linux6.6_x86_64_cc_glibc_PTH_64_OPT.OBJ/nsinstall -R -m 444 ckfwtm.h ../../../dist/private/nss
../../coreconf/nsinstall/Linux6.6_x86_64_cc_glibc_PTH_64_OPT.OBJ/nsinstall -R -m 444 ckmd.h ../../../dist/private/nss
../../coreconf/nsinstall/Linux6.6_x86_64_cc_glibc_PTH_64_OPT.OBJ/nsinstall -R -m 444 ckt.h ../../../dist/private/nss
../../coreconf/nsinstall/Linux6.6_x86_64_cc_glibc_PTH_64_OPT.OBJ/nsinstall -R -m 444 nssck.api ../../../dist/public/nss
../../coreconf/nsinstall/Linux6.6_x86_64_cc_glibc_PTH_64_OPT.OBJ/nsinstall -R -m 444 nssckepv.h ../../../dist/public/nss
../../coreconf/nsinstall/Linux6.6_x86_64_cc_glibc_PTH_64_OPT.OBJ/nsinstall -R -m 444 nssckft.h ../../../dist/public/nss
../../coreconf/nsinstall/Linux6.6_x86_64_cc_glibc_PTH_64_OPT.OBJ/nsinstall -R -m 444 nssckfw.h ../../../dist/public/nss
../../coreconf/nsinstall/Linux6.6_x86_64_cc_glibc_PTH_64_OPT.OBJ/nsinstall -R -m 444 nssckfwc.h ../../../dist/public/nss
../../coreconf/nsinstall/Linux6.6_x86_64_cc_glibc_PTH_64_OPT.OBJ/nsinstall -R -m 444 nssckfwt.h ../../../dist/public/nss
../../coreconf/nsinstall/Linux6.6_x86_64_cc_glibc_PTH_64_OPT.OBJ/nsinstall -R -m 444 nssckg.h ../../../dist/public/nss
../../coreconf/nsinstall/Linux6.6_x86_64_cc_glibc_PTH_64_OPT.OBJ/nsinstall -R -m 444 nssckmdt.h ../../../dist/public/nss
../../coreconf/nsinstall/Linux6.6_x86_64_cc_glibc_PTH_64_OPT.OBJ/nsinstall -R -m 444 nssckt.h ../../../dist/public/nss
make[3]: Leaving directory '/home/ffortier/code/perso/nss/lib/ckfw'
make[3]: Entering directory '/home/ffortier/code/perso/nss/lib/crmf'
../../coreconf/nsinstall/Linux6.6_x86_64_cc_glibc_PTH_64_OPT.OBJ/nsinstall -R -m 444 crmfi.h ../../../dist/private/nss
../../coreconf/nsinstall/Linux6.6_x86_64_cc_glibc_PTH_64_OPT.OBJ/nsinstall -R -m 444 crmfit.h ../../../dist/private/nss
../../coreconf/nsinstall/Linux6.6_x86_64_cc_glibc_PTH_64_OPT.OBJ/nsinstall -R -m 444 cmmfi.h ../../../dist/private/nss
../../coreconf/nsinstall/Linux6.6_x86_64_cc_glibc_PTH_64_OPT.OBJ/nsinstall -R -m 444 cmmfit.h ../../../dist/private/nss
../../coreconf/nsinstall/Linux6.6_x86_64_cc_glibc_PTH_64_OPT.OBJ/nsinstall -R -m 444 crmf.h ../../../dist/public/nss
../../coreconf/nsinstall/Linux6.6_x86_64_cc_glibc_PTH_64_OPT.OBJ/nsinstall -R -m 444 crmft.h ../../../dist/public/nss
../../coreconf/nsinstall/Linux6.6_x86_64_cc_glibc_PTH_64_OPT.OBJ/nsinstall -R -m 444 cmmf.h ../../../dist/public/nss
../../coreconf/nsinstall/Linux6.6_x86_64_cc_glibc_PTH_64_OPT.OBJ/nsinstall -R -m 444 cmmft.h ../../../dist/public/nss
make[3]: Leaving directory '/home/ffortier/code/perso/nss/lib/crmf'
make[3]: Entering directory '/home/ffortier/code/perso/nss/lib/jar'
../../coreconf/nsinstall/Linux6.6_x86_64_cc_glibc_PTH_64_OPT.OBJ/nsinstall -R -m 444 jar.h ../../../dist/public/nss
../../coreconf/nsinstall/Linux6.6_x86_64_cc_glibc_PTH_64_OPT.OBJ/nsinstall -R -m 444 jar-ds.h ../../../dist/public/nss
../../coreconf/nsinstall/Linux6.6_x86_64_cc_glibc_PTH_64_OPT.OBJ/nsinstall -R -m 444 jarfile.h ../../../dist/public/nss
make[3]: Leaving directory '/home/ffortier/code/perso/nss/lib/jar'
make[3]: Entering directory '/home/ffortier/code/perso/nss/lib/pkcs12'
../../coreconf/nsinstall/Linux6.6_x86_64_cc_glibc_PTH_64_OPT.OBJ/nsinstall -R -m 444 pkcs12t.h ../../../dist/public/nss
../../coreconf/nsinstall/Linux6.6_x86_64_cc_glibc_PTH_64_OPT.OBJ/nsinstall -R -m 444 pkcs12.h ../../../dist/public/nss
../../coreconf/nsinstall/Linux6.6_x86_64_cc_glibc_PTH_64_OPT.OBJ/nsinstall -R -m 444 p12plcy.h ../../../dist/public/nss
../../coreconf/nsinstall/Linux6.6_x86_64_cc_glibc_PTH_64_OPT.OBJ/nsinstall -R -m 444 p12.h ../../../dist/public/nss
../../coreconf/nsinstall/Linux6.6_x86_64_cc_glibc_PTH_64_OPT.OBJ/nsinstall -R -m 444 p12t.h ../../../dist/public/nss
make[3]: Leaving directory '/home/ffortier/code/perso/nss/lib/pkcs12'
make[3]: Entering directory '/home/ffortier/code/perso/nss/lib/pkcs7'
../../coreconf/nsinstall/Linux6.6_x86_64_cc_glibc_PTH_64_OPT.OBJ/nsinstall -R -m 444 p7local.h ../../../dist/private/nss
../../coreconf/nsinstall/Linux6.6_x86_64_cc_glibc_PTH_64_OPT.OBJ/nsinstall -R -m 444 secmime.h ../../../dist/public/nss
../../coreconf/nsinstall/Linux6.6_x86_64_cc_glibc_PTH_64_OPT.OBJ/nsinstall -R -m 444 secpkcs7.h ../../../dist/public/nss
../../coreconf/nsinstall/Linux6.6_x86_64_cc_glibc_PTH_64_OPT.OBJ/nsinstall -R -m 444 pkcs7t.h ../../../dist/public/nss
make[3]: Leaving directory '/home/ffortier/code/perso/nss/lib/pkcs7'
make[3]: Entering directory '/home/ffortier/code/perso/nss/lib/smime'
../../coreconf/nsinstall/Linux6.6_x86_64_cc_glibc_PTH_64_OPT.OBJ/nsinstall -R -m 444 cmslocal.h ../../../dist/private/nss
../../coreconf/nsinstall/Linux6.6_x86_64_cc_glibc_PTH_64_OPT.OBJ/nsinstall -R -m 444 cms.h ../../../dist/public/nss
../../coreconf/nsinstall/Linux6.6_x86_64_cc_glibc_PTH_64_OPT.OBJ/nsinstall -R -m 444 cmst.h ../../../dist/public/nss
../../coreconf/nsinstall/Linux6.6_x86_64_cc_glibc_PTH_64_OPT.OBJ/nsinstall -R -m 444 smime.h ../../../dist/public/nss
../../coreconf/nsinstall/Linux6.6_x86_64_cc_glibc_PTH_64_OPT.OBJ/nsinstall -R -m 444 cmsreclist.h ../../../dist/public/nss
make[3]: Leaving directory '/home/ffortier/code/perso/nss/lib/smime'
make[3]: Entering directory '/home/ffortier/code/perso/nss/lib/ssl'
../../coreconf/nsinstall/Linux6.6_x86_64_cc_glibc_PTH_64_OPT.OBJ/nsinstall -R -m 444 ssl.h ../../../dist/public/nss
../../coreconf/nsinstall/Linux6.6_x86_64_cc_glibc_PTH_64_OPT.OBJ/nsinstall -R -m 444 sslt.h ../../../dist/public/nss
../../coreconf/nsinstall/Linux6.6_x86_64_cc_glibc_PTH_64_OPT.OBJ/nsinstall -R -m 444 sslerr.h ../../../dist/public/nss
../../coreconf/nsinstall/Linux6.6_x86_64_cc_glibc_PTH_64_OPT.OBJ/nsinstall -R -m 444 sslexp.h ../../../dist/public/nss
../../coreconf/nsinstall/Linux6.6_x86_64_cc_glibc_PTH_64_OPT.OBJ/nsinstall -R -m 444 sslproto.h ../../../dist/public/nss
../../coreconf/nsinstall/Linux6.6_x86_64_cc_glibc_PTH_64_OPT.OBJ/nsinstall -R -m 444 preenc.h ../../../dist/public/nss
make[3]: Leaving directory '/home/ffortier/code/perso/nss/lib/ssl'
make[3]: Entering directory '/home/ffortier/code/perso/nss/lib/sysinit'
make[3]: Nothing to be done for 'export'.
make[3]: Leaving directory '/home/ffortier/code/perso/nss/lib/sysinit'
make[3]: Entering directory '/home/ffortier/code/perso/nss/lib/dbm'
make[4]: Entering directory '/home/ffortier/code/perso/nss/lib/dbm/include'
../../../coreconf/nsinstall/Linux6.6_x86_64_cc_glibc_PTH_64_OPT.OBJ/nsinstall -R -m 444 hsearch.h ../../../../dist/private/dbm
../../../coreconf/nsinstall/Linux6.6_x86_64_cc_glibc_PTH_64_OPT.OBJ/nsinstall -R -m 444 page.h ../../../../dist/private/dbm
../../../coreconf/nsinstall/Linux6.6_x86_64_cc_glibc_PTH_64_OPT.OBJ/nsinstall -R -m 444 extern.h ../../../../dist/private/dbm
../../../coreconf/nsinstall/Linux6.6_x86_64_cc_glibc_PTH_64_OPT.OBJ/nsinstall -R -m 444 queue.h ../../../../dist/private/dbm
../../../coreconf/nsinstall/Linux6.6_x86_64_cc_glibc_PTH_64_OPT.OBJ/nsinstall -R -m 444 hash.h ../../../../dist/private/dbm
../../../coreconf/nsinstall/Linux6.6_x86_64_cc_glibc_PTH_64_OPT.OBJ/nsinstall -R -m 444 search.h ../../../../dist/private/dbm
../../../coreconf/nsinstall/Linux6.6_x86_64_cc_glibc_PTH_64_OPT.OBJ/nsinstall -R -m 444 mcom_db.h ../../../../dist/public/dbm
../../../coreconf/nsinstall/Linux6.6_x86_64_cc_glibc_PTH_64_OPT.OBJ/nsinstall -R -m 444 ncompat.h ../../../../dist/public/dbm
../../../coreconf/nsinstall/Linux6.6_x86_64_cc_glibc_PTH_64_OPT.OBJ/nsinstall -R -m 444 winfile.h ../../../../dist/public/dbm
make[4]: Leaving directory '/home/ffortier/code/perso/nss/lib/dbm/include'
make[4]: Entering directory '/home/ffortier/code/perso/nss/lib/dbm/src'
make[4]: Nothing to be done for 'export'.
make[4]: Leaving directory '/home/ffortier/code/perso/nss/lib/dbm/src'
make[3]: Leaving directory '/home/ffortier/code/perso/nss/lib/dbm'
make[3]: Entering directory '/home/ffortier/code/perso/nss/lib/freebl'
../../coreconf/nsinstall/Linux6.6_x86_64_cc_glibc_PTH_64_OPT.OBJ/nsinstall -R -m 444 cmac.h ../../../dist/private/nss
../../coreconf/nsinstall/Linux6.6_x86_64_cc_glibc_PTH_64_OPT.OBJ/nsinstall -R -m 444 alghmac.h ../../../dist/private/nss
../../coreconf/nsinstall/Linux6.6_x86_64_cc_glibc_PTH_64_OPT.OBJ/nsinstall -R -m 444 blake2b.h ../../../dist/private/nss
../../coreconf/nsinstall/Linux6.6_x86_64_cc_glibc_PTH_64_OPT.OBJ/nsinstall -R -m 444 blapi.h ../../../dist/private/nss
../../coreconf/nsinstall/Linux6.6_x86_64_cc_glibc_PTH_64_OPT.OBJ/nsinstall -R -m 444 chacha20poly1305.h ../../../dist/private/nss
../../coreconf/nsinstall/Linux6.6_x86_64_cc_glibc_PTH_64_OPT.OBJ/nsinstall -R -m 444 hmacct.h ../../../dist/private/nss
../../coreconf/nsinstall/Linux6.6_x86_64_cc_glibc_PTH_64_OPT.OBJ/nsinstall -R -m 444 secmpi.h ../../../dist/private/nss
../../coreconf/nsinstall/Linux6.6_x86_64_cc_glibc_PTH_64_OPT.OBJ/nsinstall -R -m 444 secrng.h ../../../dist/private/nss
../../coreconf/nsinstall/Linux6.6_x86_64_cc_glibc_PTH_64_OPT.OBJ/nsinstall -R -m 444 ec.h ../../../dist/private/nss
../../coreconf/nsinstall/Linux6.6_x86_64_cc_glibc_PTH_64_OPT.OBJ/nsinstall -R -m 444 ecl/ecl.h ../../../dist/private/nss
../../coreconf/nsinstall/Linux6.6_x86_64_cc_glibc_PTH_64_OPT.OBJ/nsinstall -R -m 444 ecl/ecl-curve.h ../../../dist/private/nss
../../coreconf/nsinstall/Linux6.6_x86_64_cc_glibc_PTH_64_OPT.OBJ/nsinstall -R -m 444 ecl/eclt.h ../../../dist/private/nss
../../coreconf/nsinstall/Linux6.6_x86_64_cc_glibc_PTH_64_OPT.OBJ/nsinstall -R -m 444 blapit.h ../../../dist/public/nss
../../coreconf/nsinstall/Linux6.6_x86_64_cc_glibc_PTH_64_OPT.OBJ/nsinstall -R -m 444 shsign.h ../../../dist/public/nss
../../coreconf/nsinstall/Linux6.6_x86_64_cc_glibc_PTH_64_OPT.OBJ/nsinstall -R -m 444 ecl/ecl-exp.h ../../../dist/public/nss
../../coreconf/nsinstall/Linux6.6_x86_64_cc_glibc_PTH_64_OPT.OBJ/nsinstall -R -m 444 nsslowhash.h ../../../dist/public/nss
make[3]: Leaving directory '/home/ffortier/code/perso/nss/lib/freebl'
make[3]: Entering directory '/home/ffortier/code/perso/nss/lib/sqlite'
../../coreconf/nsinstall/Linux6.6_x86_64_cc_glibc_PTH_64_OPT.OBJ/nsinstall -R -m 444 sqlite3.h ../../../dist/private/nss
make[3]: Leaving directory '/home/ffortier/code/perso/nss/lib/sqlite'
make[3]: Entering directory '/home/ffortier/code/perso/nss/lib/softoken'
make[4]: Entering directory '/home/ffortier/code/perso/nss/lib/softoken/legacydb'
make[4]: Nothing to be done for 'export'.
make[4]: Leaving directory '/home/ffortier/code/perso/nss/lib/softoken/legacydb'
../../coreconf/nsinstall/Linux6.6_x86_64_cc_glibc_PTH_64_OPT.OBJ/nsinstall -R -m 444 pkcs11ni.h ../../../dist/private/nss
../../coreconf/nsinstall/Linux6.6_x86_64_cc_glibc_PTH_64_OPT.OBJ/nsinstall -R -m 444 softoken.h ../../../dist/private/nss
../../coreconf/nsinstall/Linux6.6_x86_64_cc_glibc_PTH_64_OPT.OBJ/nsinstall -R -m 444 softoknt.h ../../../dist/private/nss
../../coreconf/nsinstall/Linux6.6_x86_64_cc_glibc_PTH_64_OPT.OBJ/nsinstall -R -m 444 softkver.h ../../../dist/private/nss
../../coreconf/nsinstall/Linux6.6_x86_64_cc_glibc_PTH_64_OPT.OBJ/nsinstall -R -m 444 sdb.h ../../../dist/private/nss
../../coreconf/nsinstall/Linux6.6_x86_64_cc_glibc_PTH_64_OPT.OBJ/nsinstall -R -m 444 sftkdbt.h ../../../dist/private/nss
../../coreconf/nsinstall/Linux6.6_x86_64_cc_glibc_PTH_64_OPT.OBJ/nsinstall -R -m 444 lgglue.h ../../../dist/private/nss
../../coreconf/nsinstall/Linux6.6_x86_64_cc_glibc_PTH_64_OPT.OBJ/nsinstall -R -m 444 lowkeyi.h ../../../dist/public/nss
../../coreconf/nsinstall/Linux6.6_x86_64_cc_glibc_PTH_64_OPT.OBJ/nsinstall -R -m 444 lowkeyti.h ../../../dist/public/nss
make[3]: Leaving directory '/home/ffortier/code/perso/nss/lib/softoken'
make[2]: Leaving directory '/home/ffortier/code/perso/nss/lib'
make[2]: Entering directory '/home/ffortier/code/perso/nss/cmd'
make[3]: Entering directory '/home/ffortier/code/perso/nss/cmd/lib'
../../coreconf/nsinstall/Linux6.6_x86_64_cc_glibc_PTH_64_OPT.OBJ/nsinstall -R -m 444 basicutil.h ../../../dist/private/nss
../../coreconf/nsinstall/Linux6.6_x86_64_cc_glibc_PTH_64_OPT.OBJ/nsinstall -R -m 444 secutil.h ../../../dist/private/nss
../../coreconf/nsinstall/Linux6.6_x86_64_cc_glibc_PTH_64_OPT.OBJ/nsinstall -R -m 444 pk11table.h ../../../dist/private/nss
make[3]: Leaving directory '/home/ffortier/code/perso/nss/cmd/lib'
make[3]: Entering directory '/home/ffortier/code/perso/nss/cmd/bltest'
make[3]: Nothing to be done for 'export'.
make[3]: Leaving directory '/home/ffortier/code/perso/nss/cmd/bltest'
make[3]: Entering directory '/home/ffortier/code/perso/nss/cmd/dbtool'
make[3]: Nothing to be done for 'export'.
make[3]: Leaving directory '/home/ffortier/code/perso/nss/cmd/dbtool'
make[3]: Entering directory '/home/ffortier/code/perso/nss/cmd/ecperf'
make[3]: Nothing to be done for 'export'.
make[3]: Leaving directory '/home/ffortier/code/perso/nss/cmd/ecperf'
make[3]: Entering directory '/home/ffortier/code/perso/nss/cmd/fbectest'
make[3]: Nothing to be done for 'export'.
make[3]: Leaving directory '/home/ffortier/code/perso/nss/cmd/fbectest'
make[3]: Entering directory '/home/ffortier/code/perso/nss/cmd/fipstest'
make[3]: Nothing to be done for 'export'.
make[3]: Leaving directory '/home/ffortier/code/perso/nss/cmd/fipstest'
make[3]: Entering directory '/home/ffortier/code/perso/nss/cmd/lowhashtest'
make[3]: Nothing to be done for 'export'.
make[3]: Leaving directory '/home/ffortier/code/perso/nss/cmd/lowhashtest'
make[3]: Entering directory '/home/ffortier/code/perso/nss/cmd/shlibsign'
make[4]: Entering directory '/home/ffortier/code/perso/nss/cmd/shlibsign/mangle'
make[4]: Nothing to be done for 'export'.
make[4]: Leaving directory '/home/ffortier/code/perso/nss/cmd/shlibsign/mangle'
make[3]: Leaving directory '/home/ffortier/code/perso/nss/cmd/shlibsign'
make[3]: Entering directory '/home/ffortier/code/perso/nss/cmd/addbuiltin'
make[3]: Nothing to be done for 'export'.
make[3]: Leaving directory '/home/ffortier/code/perso/nss/cmd/addbuiltin'
make[3]: Entering directory '/home/ffortier/code/perso/nss/cmd/atob'
make[3]: Nothing to be done for 'export'.
make[3]: Leaving directory '/home/ffortier/code/perso/nss/cmd/atob'
make[3]: Entering directory '/home/ffortier/code/perso/nss/cmd/btoa'
make[3]: Nothing to be done for 'export'.
make[3]: Leaving directory '/home/ffortier/code/perso/nss/cmd/btoa'
make[3]: Entering directory '/home/ffortier/code/perso/nss/cmd/certutil'
make[3]: Nothing to be done for 'export'.
make[3]: Leaving directory '/home/ffortier/code/perso/nss/cmd/certutil'
make[3]: Entering directory '/home/ffortier/code/perso/nss/cmd/chktest'
make[3]: Nothing to be done for 'export'.
make[3]: Leaving directory '/home/ffortier/code/perso/nss/cmd/chktest'
make[3]: Entering directory '/home/ffortier/code/perso/nss/cmd/crlutil'
make[3]: Nothing to be done for 'export'.
make[3]: Leaving directory '/home/ffortier/code/perso/nss/cmd/crlutil'
make[3]: Entering directory '/home/ffortier/code/perso/nss/cmd/crmftest'
make[3]: Nothing to be done for 'export'.
make[3]: Leaving directory '/home/ffortier/code/perso/nss/cmd/crmftest'
make[3]: Entering directory '/home/ffortier/code/perso/nss/cmd/dbtest'
make[3]: Nothing to be done for 'export'.
make[3]: Leaving directory '/home/ffortier/code/perso/nss/cmd/dbtest'
make[3]: Entering directory '/home/ffortier/code/perso/nss/cmd/derdump'
make[3]: Nothing to be done for 'export'.
make[3]: Leaving directory '/home/ffortier/code/perso/nss/cmd/derdump'
make[3]: Entering directory '/home/ffortier/code/perso/nss/cmd/digest'
make[3]: Nothing to be done for 'export'.
make[3]: Leaving directory '/home/ffortier/code/perso/nss/cmd/digest'
make[3]: Entering directory '/home/ffortier/code/perso/nss/cmd/httpserv'
make[3]: Nothing to be done for 'export'.
make[3]: Leaving directory '/home/ffortier/code/perso/nss/cmd/httpserv'
make[3]: Entering directory '/home/ffortier/code/perso/nss/cmd/listsuites'
make[3]: Nothing to be done for 'export'.
make[3]: Leaving directory '/home/ffortier/code/perso/nss/cmd/listsuites'
make[3]: Entering directory '/home/ffortier/code/perso/nss/cmd/makepqg'
make[3]: Nothing to be done for 'export'.
make[3]: Leaving directory '/home/ffortier/code/perso/nss/cmd/makepqg'
make[3]: Entering directory '/home/ffortier/code/perso/nss/cmd/multinit'
make[3]: Nothing to be done for 'export'.
make[3]: Leaving directory '/home/ffortier/code/perso/nss/cmd/multinit'
make[3]: Entering directory '/home/ffortier/code/perso/nss/cmd/nss-policy-check'
make[3]: Nothing to be done for 'export'.
make[3]: Leaving directory '/home/ffortier/code/perso/nss/cmd/nss-policy-check'
make[3]: Entering directory '/home/ffortier/code/perso/nss/cmd/nssdefaults'
make[3]: Nothing to be done for 'export'.
make[3]: Leaving directory '/home/ffortier/code/perso/nss/cmd/nssdefaults'
make[3]: Entering directory '/home/ffortier/code/perso/nss/cmd/ocspclnt'
make[3]: Nothing to be done for 'export'.
make[3]: Leaving directory '/home/ffortier/code/perso/nss/cmd/ocspclnt'
make[3]: Entering directory '/home/ffortier/code/perso/nss/cmd/ocspresp'
make[3]: Nothing to be done for 'export'.
make[3]: Leaving directory '/home/ffortier/code/perso/nss/cmd/ocspresp'
make[3]: Entering directory '/home/ffortier/code/perso/nss/cmd/oidcalc'
make[3]: Nothing to be done for 'export'.
make[3]: Leaving directory '/home/ffortier/code/perso/nss/cmd/oidcalc'
make[3]: Entering directory '/home/ffortier/code/perso/nss/cmd/p7content'
make[3]: Nothing to be done for 'export'.
make[3]: Leaving directory '/home/ffortier/code/perso/nss/cmd/p7content'
make[3]: Entering directory '/home/ffortier/code/perso/nss/cmd/p7env'
make[3]: Nothing to be done for 'export'.
make[3]: Leaving directory '/home/ffortier/code/perso/nss/cmd/p7env'
make[3]: Entering directory '/home/ffortier/code/perso/nss/cmd/p7sign'
make[3]: Nothing to be done for 'export'.
make[3]: Leaving directory '/home/ffortier/code/perso/nss/cmd/p7sign'
make[3]: Entering directory '/home/ffortier/code/perso/nss/cmd/p7verify'
make[3]: Nothing to be done for 'export'.
make[3]: Leaving directory '/home/ffortier/code/perso/nss/cmd/p7verify'
make[3]: Entering directory '/home/ffortier/code/perso/nss/cmd/pk12util'
make[3]: Nothing to be done for 'export'.
make[3]: Leaving directory '/home/ffortier/code/perso/nss/cmd/pk12util'
make[3]: Entering directory '/home/ffortier/code/perso/nss/cmd/pk11importtest'
make[3]: Nothing to be done for 'export'.
make[3]: Leaving directory '/home/ffortier/code/perso/nss/cmd/pk11importtest'
make[3]: Entering directory '/home/ffortier/code/perso/nss/cmd/pk11ectest'
make[3]: Nothing to be done for 'export'.
make[3]: Leaving directory '/home/ffortier/code/perso/nss/cmd/pk11ectest'
make[3]: Entering directory '/home/ffortier/code/perso/nss/cmd/pk11gcmtest'
make[3]: Nothing to be done for 'export'.
make[3]: Leaving directory '/home/ffortier/code/perso/nss/cmd/pk11gcmtest'
make[3]: Entering directory '/home/ffortier/code/perso/nss/cmd/pk11mode'
make[3]: Nothing to be done for 'export'.
make[3]: Leaving directory '/home/ffortier/code/perso/nss/cmd/pk11mode'
make[3]: Entering directory '/home/ffortier/code/perso/nss/cmd/pk1sign'
make[3]: Nothing to be done for 'export'.
make[3]: Leaving directory '/home/ffortier/code/perso/nss/cmd/pk1sign'
make[3]: Entering directory '/home/ffortier/code/perso/nss/cmd/pp'
make[3]: Nothing to be done for 'export'.
make[3]: Leaving directory '/home/ffortier/code/perso/nss/cmd/pp'
make[3]: Entering directory '/home/ffortier/code/perso/nss/cmd/pwdecrypt'
make[3]: Nothing to be done for 'export'.
make[3]: Leaving directory '/home/ffortier/code/perso/nss/cmd/pwdecrypt'
make[3]: Entering directory '/home/ffortier/code/perso/nss/cmd/rsaperf'
make[3]: Nothing to be done for 'export'.
make[3]: Leaving directory '/home/ffortier/code/perso/nss/cmd/rsaperf'
make[3]: Entering directory '/home/ffortier/code/perso/nss/cmd/rsapoptst'
make[3]: Nothing to be done for 'export'.
make[3]: Leaving directory '/home/ffortier/code/perso/nss/cmd/rsapoptst'
make[3]: Entering directory '/home/ffortier/code/perso/nss/cmd/sdbthreadtst'
make[3]: Nothing to be done for 'export'.
make[3]: Leaving directory '/home/ffortier/code/perso/nss/cmd/sdbthreadtst'
make[3]: Entering directory '/home/ffortier/code/perso/nss/cmd/sdrtest'
make[3]: Nothing to be done for 'export'.
make[3]: Leaving directory '/home/ffortier/code/perso/nss/cmd/sdrtest'
make[3]: Entering directory '/home/ffortier/code/perso/nss/cmd/selfserv'
make[3]: Nothing to be done for 'export'.
make[3]: Leaving directory '/home/ffortier/code/perso/nss/cmd/selfserv'
make[3]: Entering directory '/home/ffortier/code/perso/nss/cmd/signtool'
make[3]: Nothing to be done for 'export'.
make[3]: Leaving directory '/home/ffortier/code/perso/nss/cmd/signtool'
make[3]: Entering directory '/home/ffortier/code/perso/nss/cmd/signver'
make[3]: Nothing to be done for 'export'.
make[3]: Leaving directory '/home/ffortier/code/perso/nss/cmd/signver'
make[3]: Entering directory '/home/ffortier/code/perso/nss/cmd/smimetools'
make[3]: Nothing to be done for 'export'.
make[3]: Leaving directory '/home/ffortier/code/perso/nss/cmd/smimetools'
make[3]: Entering directory '/home/ffortier/code/perso/nss/cmd/ssltap'
make[3]: Nothing to be done for 'export'.
make[3]: Leaving directory '/home/ffortier/code/perso/nss/cmd/ssltap'
make[3]: Entering directory '/home/ffortier/code/perso/nss/cmd/strsclnt'
make[3]: Nothing to be done for 'export'.
make[3]: Leaving directory '/home/ffortier/code/perso/nss/cmd/strsclnt'
make[3]: Entering directory '/home/ffortier/code/perso/nss/cmd/symkeyutil'
make[3]: Nothing to be done for 'export'.
make[3]: Leaving directory '/home/ffortier/code/perso/nss/cmd/symkeyutil'
make[3]: Entering directory '/home/ffortier/code/perso/nss/cmd/tests'
make[3]: Nothing to be done for 'export'.
make[3]: Leaving directory '/home/ffortier/code/perso/nss/cmd/tests'
make[3]: Entering directory '/home/ffortier/code/perso/nss/cmd/tstclnt'
make[3]: Nothing to be done for 'export'.
make[3]: Leaving directory '/home/ffortier/code/perso/nss/cmd/tstclnt'
make[3]: Entering directory '/home/ffortier/code/perso/nss/cmd/validation'
make[3]: Nothing to be done for 'export'.
make[3]: Leaving directory '/home/ffortier/code/perso/nss/cmd/validation'
make[3]: Entering directory '/home/ffortier/code/perso/nss/cmd/vfychain'
make[3]: Nothing to be done for 'export'.
make[3]: Leaving directory '/home/ffortier/code/perso/nss/cmd/vfychain'
make[3]: Entering directory '/home/ffortier/code/perso/nss/cmd/vfyserv'
make[3]: Nothing to be done for 'export'.
make[3]: Leaving directory '/home/ffortier/code/perso/nss/cmd/vfyserv'
make[3]: Entering directory '/home/ffortier/code/perso/nss/cmd/modutil'
make[3]: Nothing to be done for 'export'.
make[3]: Leaving directory '/home/ffortier/code/perso/nss/cmd/modutil'
make[3]: Entering directory '/home/ffortier/code/perso/nss/cmd/pkix-errcodes'
make[3]: Nothing to be done for 'export'.
make[3]: Leaving directory '/home/ffortier/code/perso/nss/cmd/pkix-errcodes'
make[2]: Leaving directory '/home/ffortier/code/perso/nss/cmd'
make[2]: Entering directory '/home/ffortier/code/perso/nss/cpputil'
make[2]: Nothing to be done for 'export'.
make[2]: Leaving directory '/home/ffortier/code/perso/nss/cpputil'
make[2]: Entering directory '/home/ffortier/code/perso/nss/gtests'
make[3]: Entering directory '/home/ffortier/code/perso/nss/gtests/google_test'
make[3]: Nothing to be done for 'export'.
make[3]: Leaving directory '/home/ffortier/code/perso/nss/gtests/google_test'
make[3]: Entering directory '/home/ffortier/code/perso/nss/gtests/common'
make[3]: Nothing to be done for 'export'.
make[3]: Leaving directory '/home/ffortier/code/perso/nss/gtests/common'
make[3]: Entering directory '/home/ffortier/code/perso/nss/gtests/util_gtest'
make[3]: Nothing to be done for 'export'.
make[3]: Leaving directory '/home/ffortier/code/perso/nss/gtests/util_gtest'
make[3]: Entering directory '/home/ffortier/code/perso/nss/gtests/base_gtest'
make[3]: Nothing to be done for 'export'.
make[3]: Leaving directory '/home/ffortier/code/perso/nss/gtests/base_gtest'
make[3]: Entering directory '/home/ffortier/code/perso/nss/gtests/certdb_gtest'
make[3]: Nothing to be done for 'export'.
make[3]: Leaving directory '/home/ffortier/code/perso/nss/gtests/certdb_gtest'
make[3]: Entering directory '/home/ffortier/code/perso/nss/gtests/certhigh_gtest'
make[3]: Nothing to be done for 'export'.
make[3]: Leaving directory '/home/ffortier/code/perso/nss/gtests/certhigh_gtest'
make[3]: Entering directory '/home/ffortier/code/perso/nss/gtests/cryptohi_gtest'
make[3]: Nothing to be done for 'export'.
make[3]: Leaving directory '/home/ffortier/code/perso/nss/gtests/cryptohi_gtest'
make[3]: Entering directory '/home/ffortier/code/perso/nss/gtests/der_gtest'
make[3]: Nothing to be done for 'export'.
make[3]: Leaving directory '/home/ffortier/code/perso/nss/gtests/der_gtest'
make[3]: Entering directory '/home/ffortier/code/perso/nss/gtests/freebl_gtest'
make[3]: Nothing to be done for 'export'.
make[3]: Leaving directory '/home/ffortier/code/perso/nss/gtests/freebl_gtest'
make[3]: Entering directory '/home/ffortier/code/perso/nss/gtests/pkcs11testmodule'
make[3]: Nothing to be done for 'export'.
make[3]: Leaving directory '/home/ffortier/code/perso/nss/gtests/pkcs11testmodule'
make[3]: Entering directory '/home/ffortier/code/perso/nss/gtests/pk11_gtest'
make[3]: Nothing to be done for 'export'.
make[3]: Leaving directory '/home/ffortier/code/perso/nss/gtests/pk11_gtest'
make[3]: Entering directory '/home/ffortier/code/perso/nss/gtests/smime_gtest'
make[3]: Nothing to be done for 'export'.
make[3]: Leaving directory '/home/ffortier/code/perso/nss/gtests/smime_gtest'
make[3]: Entering directory '/home/ffortier/code/perso/nss/gtests/softoken_gtest'
make[3]: Nothing to be done for 'export'.
make[3]: Leaving directory '/home/ffortier/code/perso/nss/gtests/softoken_gtest'
make[3]: Entering directory '/home/ffortier/code/perso/nss/gtests/ssl_gtest'
make[3]: Nothing to be done for 'export'.
make[3]: Leaving directory '/home/ffortier/code/perso/nss/gtests/ssl_gtest'
make[3]: Entering directory '/home/ffortier/code/perso/nss/gtests/sysinit_gtest'
make[3]: Nothing to be done for 'export'.
make[3]: Leaving directory '/home/ffortier/code/perso/nss/gtests/sysinit_gtest'
make[3]: Entering directory '/home/ffortier/code/perso/nss/gtests/nss_bogo_shim'
make[3]: Nothing to be done for 'export'.
make[3]: Leaving directory '/home/ffortier/code/perso/nss/gtests/nss_bogo_shim'
make[2]: Leaving directory '/home/ffortier/code/perso/nss/gtests'
make[1]: Leaving directory '/home/ffortier/code/perso/nss'
make libs
make[1]: Entering directory '/home/ffortier/code/perso/nss'
make[2]: Entering directory '/home/ffortier/code/perso/nss/coreconf'
make[3]: Entering directory '/home/ffortier/code/perso/nss/coreconf/nsinstall'
cc -o Linux6.6_x86_64_cc_glibc_PTH_64_OPT.OBJ/nsinstall.o -c -std=c99 -O2 -fPIC  -m64 -pipe -ffunction-sections -fdata-sections -DHAVE_STRERROR -DLINUX -Dlinux -Wall -Wshadow -Werror -DXP_UNIX -DXP_UNIX -UDEBUG -DNDEBUG -D_DEFAULT_SOURCE -D_BSD_SOURCE -D_POSIX_SOURCE -DSDB_MEASURE_USE_TEMP_DIR -D_REENTRANT -UDEBUG -DNDEBUG -D_DEFAULT_SOURCE -D_BSD_SOURCE -D_POSIX_SOURCE -DSDB_MEASURE_USE_TEMP_DIR -D_REENTRANT -DNSS_DISABLE_SSE3 -DNSS_NO_INIT_SUPPORT -DUSE_UTIL_DIRECTLY -DNO_NSPR_10_SUPPORT -DSSL_DISABLE_DEPRECATED_CIPHER_SUITE_NAMES -I/home/ffortier/code/perso/nss/../nspr/dist/include/nspr -I../../../dist/Linux6.6_x86_64_cc_glibc_PTH_64_OPT.OBJ/include -I../../../dist/public/coreconf -I../../../dist/private/coreconf  nsinstall.c
cc -o Linux6.6_x86_64_cc_glibc_PTH_64_OPT.OBJ/pathsub.o -c -std=c99 -O2 -fPIC  -m64 -pipe -ffunction-sections -fdata-sections -DHAVE_STRERROR -DLINUX -Dlinux -Wall -Wshadow -Werror -DXP_UNIX -DXP_UNIX -UDEBUG -DNDEBUG -D_DEFAULT_SOURCE -D_BSD_SOURCE -D_POSIX_SOURCE -DSDB_MEASURE_USE_TEMP_DIR -D_REENTRANT -UDEBUG -DNDEBUG -D_DEFAULT_SOURCE -D_BSD_SOURCE -D_POSIX_SOURCE -DSDB_MEASURE_USE_TEMP_DIR -D_REENTRANT -DNSS_DISABLE_SSE3 -DNSS_NO_INIT_SUPPORT -DUSE_UTIL_DIRECTLY -DNO_NSPR_10_SUPPORT -DSSL_DISABLE_DEPRECATED_CIPHER_SUITE_NAMES -I/home/ffortier/code/perso/nss/../nspr/dist/include/nspr -I../../../dist/Linux6.6_x86_64_cc_glibc_PTH_64_OPT.OBJ/include -I../../../dist/public/coreconf -I../../../dist/private/coreconf  pathsub.c
rm -f Linux6.6_x86_64_cc_glibc_PTH_64_OPT.OBJ/nsinstall
cc -o Linux6.6_x86_64_cc_glibc_PTH_64_OPT.OBJ/nsinstall -O2 -fPIC  -m64 -pipe -ffunction-sections -fdata-sections -DHAVE_STRERROR -DLINUX -Dlinux -Wall -Wshadow -Werror -DXP_UNIX -DXP_UNIX -UDEBUG -DNDEBUG -D_DEFAULT_SOURCE -D_BSD_SOURCE -D_POSIX_SOURCE -DSDB_MEASURE_USE_TEMP_DIR -D_REENTRANT -UDEBUG -DNDEBUG -D_DEFAULT_SOURCE -D_BSD_SOURCE -D_POSIX_SOURCE -DSDB_MEASURE_USE_TEMP_DIR -D_REENTRANT -DNSS_DISABLE_SSE3 -DNSS_NO_INIT_SUPPORT -DUSE_UTIL_DIRECTLY -DNO_NSPR_10_SUPPORT -DSSL_DISABLE_DEPRECATED_CIPHER_SUITE_NAMES -I/home/ffortier/code/perso/nss/../nspr/dist/include/nspr -I../../../dist/Linux6.6_x86_64_cc_glibc_PTH_64_OPT.OBJ/include -I../../../dist/public/coreconf -I../../../dist/private/coreconf  Linux6.6_x86_64_cc_glibc_PTH_64_OPT.OBJ/nsinstall.o Linux6.6_x86_64_cc_glibc_PTH_64_OPT.OBJ/pathsub.o -m64 -z noexecstack -m64 -z noexecstack   -lpthread  -ldl -lc
true -m 775 Linux6.6_x86_64_cc_glibc_PTH_64_OPT.OBJ/nsinstall ../../../dist/Linux6.6_x86_64_cc_glibc_PTH_64_OPT.OBJ/bin
make[3]: Leaving directory '/home/ffortier/code/perso/nss/coreconf/nsinstall'
make[2]: Leaving directory '/home/ffortier/code/perso/nss/coreconf'
make[2]: Entering directory '/home/ffortier/code/perso/nss/lib'
make[3]: Entering directory '/home/ffortier/code/perso/nss/lib/base'
cc -o Linux6.6_x86_64_cc_glibc_PTH_64_OPT.OBJ/arena.o -c -std=c99 -O2 -fPIC  -m64 -pipe -ffunction-sections -fdata-sections -DHAVE_STRERROR -DLINUX -Dlinux -Wall -Wshadow -Werror -DXP_UNIX -DXP_UNIX -UDEBUG -DNDEBUG -D_DEFAULT_SOURCE -D_BSD_SOURCE -D_POSIX_SOURCE -DSDB_MEASURE_USE_TEMP_DIR -D_REENTRANT -UDEBUG -DNDEBUG -D_DEFAULT_SOURCE -D_BSD_SOURCE -D_POSIX_SOURCE -DSDB_MEASURE_USE_TEMP_DIR -D_REENTRANT -DNSS_DISABLE_SSE3 -DNSS_NO_INIT_SUPPORT -DUSE_UTIL_DIRECTLY -DNO_NSPR_10_SUPPORT -DSSL_DISABLE_DEPRECATED_CIPHER_SUITE_NAMES -I/home/ffortier/code/perso/nss/../nspr/dist/include/nspr -I../../../dist/Linux6.6_x86_64_cc_glibc_PTH_64_OPT.OBJ/include -I../../../dist/public/nss -I../../../dist/private/nss -I../../../dist/public/nspr  arena.c
cc -o Linux6.6_x86_64_cc_glibc_PTH_64_OPT.OBJ/error.o -c -std=c99 -O2 -fPIC  -m64 -pipe -ffunction-sections -fdata-sections -DHAVE_STRERROR -DLINUX -Dlinux -Wall -Wshadow -Werror -DXP_UNIX -DXP_UNIX -UDEBUG -DNDEBUG -D_DEFAULT_SOURCE -D_BSD_SOURCE -D_POSIX_SOURCE -DSDB_MEASURE_USE_TEMP_DIR -D_REENTRANT -UDEBUG -DNDEBUG -D_DEFAULT_SOURCE -D_BSD_SOURCE -D_POSIX_SOURCE -DSDB_MEASURE_USE_TEMP_DIR -D_REENTRANT -DNSS_DISABLE_SSE3 -DNSS_NO_INIT_SUPPORT -DUSE_UTIL_DIRECTLY -DNO_NSPR_10_SUPPORT -DSSL_DISABLE_DEPRECATED_CIPHER_SUITE_NAMES -I/home/ffortier/code/perso/nss/../nspr/dist/include/nspr -I../../../dist/Linux6.6_x86_64_cc_glibc_PTH_64_OPT.OBJ/include -I../../../dist/public/nss -I../../../dist/private/nss -I../../../dist/public/nspr  error.c
cc -o Linux6.6_x86_64_cc_glibc_PTH_64_OPT.OBJ/errorval.o -c -std=c99 -O2 -fPIC  -m64 -pipe -ffunction-sections -fdata-sections -DHAVE_STRERROR -DLINUX -Dlinux -Wall -Wshadow -Werror -DXP_UNIX -DXP_UNIX -UDEBUG -DNDEBUG -D_DEFAULT_SOURCE -D_BSD_SOURCE -D_POSIX_SOURCE -DSDB_MEASURE_USE_TEMP_DIR -D_REENTRANT -UDEBUG -DNDEBUG -D_DEFAULT_SOURCE -D_BSD_SOURCE -D_POSIX_SOURCE -DSDB_MEASURE_USE_TEMP_DIR -D_REENTRANT -DNSS_DISABLE_SSE3 -DNSS_NO_INIT_SUPPORT -DUSE_UTIL_DIRECTLY -DNO_NSPR_10_SUPPORT -DSSL_DISABLE_DEPRECATED_CIPHER_SUITE_NAMES -I/home/ffortier/code/perso/nss/../nspr/dist/include/nspr -I../../../dist/Linux6.6_x86_64_cc_glibc_PTH_64_OPT.OBJ/include -I../../../dist/public/nss -I../../../dist/private/nss -I../../../dist/public/nspr  errorval.c
cc -o Linux6.6_x86_64_cc_glibc_PTH_64_OPT.OBJ/hashops.o -c -std=c99 -O2 -fPIC  -m64 -pipe -ffunction-sections -fdata-sections -DHAVE_STRERROR -DLINUX -Dlinux -Wall -Wshadow -Werror -DXP_UNIX -DXP_UNIX -UDEBUG -DNDEBUG -D_DEFAULT_SOURCE -D_BSD_SOURCE -D_POSIX_SOURCE -DSDB_MEASURE_USE_TEMP_DIR -D_REENTRANT -UDEBUG -DNDEBUG -D_DEFAULT_SOURCE -D_BSD_SOURCE -D_POSIX_SOURCE -DSDB_MEASURE_USE_TEMP_DIR -D_REENTRANT -DNSS_DISABLE_SSE3 -DNSS_NO_INIT_SUPPORT -DUSE_UTIL_DIRECTLY -DNO_NSPR_10_SUPPORT -DSSL_DISABLE_DEPRECATED_CIPHER_SUITE_NAMES -I/home/ffortier/code/perso/nss/../nspr/dist/include/nspr -I../../../dist/Linux6.6_x86_64_cc_glibc_PTH_64_OPT.OBJ/include -I../../../dist/public/nss -I../../../dist/private/nss -I../../../dist/public/nspr  hashops.c
cc -o Linux6.6_x86_64_cc_glibc_PTH_64_OPT.OBJ/libc.o -c -std=c99 -O2 -fPIC  -m64 -pipe -ffunction-sections -fdata-sections -DHAVE_STRERROR -DLINUX -Dlinux -Wall -Wshadow -Werror -DXP_UNIX -DXP_UNIX -UDEBUG -DNDEBUG -D_DEFAULT_SOURCE -D_BSD_SOURCE -D_POSIX_SOURCE -DSDB_MEASURE_USE_TEMP_DIR -D_REENTRANT -UDEBUG -DNDEBUG -D_DEFAULT_SOURCE -D_BSD_SOURCE -D_POSIX_SOURCE -DSDB_MEASURE_USE_TEMP_DIR -D_REENTRANT -DNSS_DISABLE_SSE3 -DNSS_NO_INIT_SUPPORT -DUSE_UTIL_DIRECTLY -DNO_NSPR_10_SUPPORT -DSSL_DISABLE_DEPRECATED_CIPHER_SUITE_NAMES -I/home/ffortier/code/perso/nss/../nspr/dist/include/nspr -I../../../dist/Linux6.6_x86_64_cc_glibc_PTH_64_OPT.OBJ/include -I../../../dist/public/nss -I../../../dist/private/nss -I../../../dist/public/nspr  libc.c
cc -o Linux6.6_x86_64_cc_glibc_PTH_64_OPT.OBJ/tracker.o -c -std=c99 -O2 -fPIC  -m64 -pipe -ffunction-sections -fdata-sections -DHAVE_STRERROR -DLINUX -Dlinux -Wall -Wshadow -Werror -DXP_UNIX -DXP_UNIX -UDEBUG -DNDEBUG -D_DEFAULT_SOURCE -D_BSD_SOURCE -D_POSIX_SOURCE -DSDB_MEASURE_USE_TEMP_DIR -D_REENTRANT -UDEBUG -DNDEBUG -D_DEFAULT_SOURCE -D_BSD_SOURCE -D_POSIX_SOURCE -DSDB_MEASURE_USE_TEMP_DIR -D_REENTRANT -DNSS_DISABLE_SSE3 -DNSS_NO_INIT_SUPPORT -DUSE_UTIL_DIRECTLY -DNO_NSPR_10_SUPPORT -DSSL_DISABLE_DEPRECATED_CIPHER_SUITE_NAMES -I/home/ffortier/code/perso/nss/../nspr/dist/include/nspr -I../../../dist/Linux6.6_x86_64_cc_glibc_PTH_64_OPT.OBJ/include -I../../../dist/public/nss -I../../../dist/private/nss -I../../../dist/public/nspr  tracker.c
cc -o Linux6.6_x86_64_cc_glibc_PTH_64_OPT.OBJ/item.o -c -std=c99 -O2 -fPIC  -m64 -pipe -ffunction-sections -fdata-sections -DHAVE_STRERROR -DLINUX -Dlinux -Wall -Wshadow -Werror -DXP_UNIX -DXP_UNIX -UDEBUG -DNDEBUG -D_DEFAULT_SOURCE -D_BSD_SOURCE -D_POSIX_SOURCE -DSDB_MEASURE_USE_TEMP_DIR -D_REENTRANT -UDEBUG -DNDEBUG -D_DEFAULT_SOURCE -D_BSD_SOURCE -D_POSIX_SOURCE -DSDB_MEASURE_USE_TEMP_DIR -D_REENTRANT -DNSS_DISABLE_SSE3 -DNSS_NO_INIT_SUPPORT -DUSE_UTIL_DIRECTLY -DNO_NSPR_10_SUPPORT -DSSL_DISABLE_DEPRECATED_CIPHER_SUITE_NAMES -I/home/ffortier/code/perso/nss/../nspr/dist/include/nspr -I../../../dist/Linux6.6_x86_64_cc_glibc_PTH_64_OPT.OBJ/include -I../../../dist/public/nss -I../../../dist/private/nss -I../../../dist/public/nspr  item.c
cc -o Linux6.6_x86_64_cc_glibc_PTH_64_OPT.OBJ/utf8.o -c -std=c99 -O2 -fPIC  -m64 -pipe -ffunction-sections -fdata-sections -DHAVE_STRERROR -DLINUX -Dlinux -Wall -Wshadow -Werror -DXP_UNIX -DXP_UNIX -UDEBUG -DNDEBUG -D_DEFAULT_SOURCE -D_BSD_SOURCE -D_POSIX_SOURCE -DSDB_MEASURE_USE_TEMP_DIR -D_REENTRANT -UDEBUG -DNDEBUG -D_DEFAULT_SOURCE -D_BSD_SOURCE -D_POSIX_SOURCE -DSDB_MEASURE_USE_TEMP_DIR -D_REENTRANT -DNSS_DISABLE_SSE3 -DNSS_NO_INIT_SUPPORT -DUSE_UTIL_DIRECTLY -DNO_NSPR_10_SUPPORT -DSSL_DISABLE_DEPRECATED_CIPHER_SUITE_NAMES -I/home/ffortier/code/perso/nss/../nspr/dist/include/nspr -I../../../dist/Linux6.6_x86_64_cc_glibc_PTH_64_OPT.OBJ/include -I../../../dist/public/nss -I../../../dist/private/nss -I../../../dist/public/nspr  utf8.c
cc -o Linux6.6_x86_64_cc_glibc_PTH_64_OPT.OBJ/list.o -c -std=c99 -O2 -fPIC  -m64 -pipe -ffunction-sections -fdata-sections -DHAVE_STRERROR -DLINUX -Dlinux -Wall -Wshadow -Werror -DXP_UNIX -DXP_UNIX -UDEBUG -DNDEBUG -D_DEFAULT_SOURCE -D_BSD_SOURCE -D_POSIX_SOURCE -DSDB_MEASURE_USE_TEMP_DIR -D_REENTRANT -UDEBUG -DNDEBUG -D_DEFAULT_SOURCE -D_BSD_SOURCE -D_POSIX_SOURCE -DSDB_MEASURE_USE_TEMP_DIR -D_REENTRANT -DNSS_DISABLE_SSE3 -DNSS_NO_INIT_SUPPORT -DUSE_UTIL_DIRECTLY -DNO_NSPR_10_SUPPORT -DSSL_DISABLE_DEPRECATED_CIPHER_SUITE_NAMES -I/home/ffortier/code/perso/nss/../nspr/dist/include/nspr -I../../../dist/Linux6.6_x86_64_cc_glibc_PTH_64_OPT.OBJ/include -I../../../dist/public/nss -I../../../dist/private/nss -I../../../dist/public/nspr  list.c
cc -o Linux6.6_x86_64_cc_glibc_PTH_64_OPT.OBJ/hash.o -c -std=c99 -O2 -fPIC  -m64 -pipe -ffunction-sections -fdata-sections -DHAVE_STRERROR -DLINUX -Dlinux -Wall -Wshadow -Werror -DXP_UNIX -DXP_UNIX -UDEBUG -DNDEBUG -D_DEFAULT_SOURCE -D_BSD_SOURCE -D_POSIX_SOURCE -DSDB_MEASURE_USE_TEMP_DIR -D_REENTRANT -UDEBUG -DNDEBUG -D_DEFAULT_SOURCE -D_BSD_SOURCE -D_POSIX_SOURCE -DSDB_MEASURE_USE_TEMP_DIR -D_REENTRANT -DNSS_DISABLE_SSE3 -DNSS_NO_INIT_SUPPORT -DUSE_UTIL_DIRECTLY -DNO_NSPR_10_SUPPORT -DSSL_DISABLE_DEPRECATED_CIPHER_SUITE_NAMES -I/home/ffortier/code/perso/nss/../nspr/dist/include/nspr -I../../../dist/Linux6.6_x86_64_cc_glibc_PTH_64_OPT.OBJ/include -I../../../dist/public/nss -I../../../dist/private/nss -I../../../dist/public/nspr  hash.c
rm -f Linux6.6_x86_64_cc_glibc_PTH_64_OPT.OBJ/libnssb.a
ar cr Linux6.6_x86_64_cc_glibc_PTH_64_OPT.OBJ/libnssb.a Linux6.6_x86_64_cc_glibc_PTH_64_OPT.OBJ/arena.o Linux6.6_x86_64_cc_glibc_PTH_64_OPT.OBJ/error.o Linux6.6_x86_64_cc_glibc_PTH_64_OPT.OBJ/errorval.o Linux6.6_x86_64_cc_glibc_PTH_64_OPT.OBJ/hashops.o Linux6.6_x86_64_cc_glibc_PTH_64_OPT.OBJ/libc.o Linux6.6_x86_64_cc_glibc_PTH_64_OPT.OBJ/tracker.o Linux6.6_x86_64_cc_glibc_PTH_64_OPT.OBJ/item.o Linux6.6_x86_64_cc_glibc_PTH_64_OPT.OBJ/utf8.o Linux6.6_x86_64_cc_glibc_PTH_64_OPT.OBJ/list.o Linux6.6_x86_64_cc_glibc_PTH_64_OPT.OBJ/hash.o
echo Linux6.6_x86_64_cc_glibc_PTH_64_OPT.OBJ/libnssb.a
Linux6.6_x86_64_cc_glibc_PTH_64_OPT.OBJ/libnssb.a
../../coreconf/nsinstall/Linux6.6_x86_64_cc_glibc_PTH_64_OPT.OBJ/nsinstall -R -m 664 Linux6.6_x86_64_cc_glibc_PTH_64_OPT.OBJ/libnssb.a ../../../dist/Linux6.6_x86_64_cc_glibc_PTH_64_OPT.OBJ/lib
make[3]: Leaving directory '/home/ffortier/code/perso/nss/lib/base'
make[3]: Entering directory '/home/ffortier/code/perso/nss/lib/certdb'
cc -o Linux6.6_x86_64_cc_glibc_PTH_64_OPT.OBJ/alg1485.o -c -std=c99 -O2 -fPIC  -m64 -pipe -ffunction-sections -fdata-sections -DHAVE_STRERROR -DLINUX -Dlinux -Wall -Wshadow -Werror -DXP_UNIX -DXP_UNIX -UDEBUG -DNDEBUG -D_DEFAULT_SOURCE -D_BSD_SOURCE -D_POSIX_SOURCE -DSDB_MEASURE_USE_TEMP_DIR -D_REENTRANT -UDEBUG -DNDEBUG -D_DEFAULT_SOURCE -D_BSD_SOURCE -D_POSIX_SOURCE -DSDB_MEASURE_USE_TEMP_DIR -D_REENTRANT -DNSS_DISABLE_SSE3 -DNSS_NO_INIT_SUPPORT -DUSE_UTIL_DIRECTLY -DNO_NSPR_10_SUPPORT -DSSL_DISABLE_DEPRECATED_CIPHER_SUITE_NAMES -I/home/ffortier/code/perso/nss/../nspr/dist/include/nspr -I../../../dist/Linux6.6_x86_64_cc_glibc_PTH_64_OPT.OBJ/include -I../../../dist/public/nss -I../../../dist/private/nss  alg1485.c
cc -o Linux6.6_x86_64_cc_glibc_PTH_64_OPT.OBJ/certdb.o -c -std=c99 -O2 -fPIC  -m64 -pipe -ffunction-sections -fdata-sections -DHAVE_STRERROR -DLINUX -Dlinux -Wall -Wshadow -Werror -DXP_UNIX -DXP_UNIX -UDEBUG -DNDEBUG -D_DEFAULT_SOURCE -D_BSD_SOURCE -D_POSIX_SOURCE -DSDB_MEASURE_USE_TEMP_DIR -D_REENTRANT -UDEBUG -DNDEBUG -D_DEFAULT_SOURCE -D_BSD_SOURCE -D_POSIX_SOURCE -DSDB_MEASURE_USE_TEMP_DIR -D_REENTRANT -DNSS_DISABLE_SSE3 -DNSS_NO_INIT_SUPPORT -DUSE_UTIL_DIRECTLY -DNO_NSPR_10_SUPPORT -DSSL_DISABLE_DEPRECATED_CIPHER_SUITE_NAMES -I/home/ffortier/code/perso/nss/../nspr/dist/include/nspr -I../../../dist/Linux6.6_x86_64_cc_glibc_PTH_64_OPT.OBJ/include -I../../../dist/public/nss -I../../../dist/private/nss  certdb.c
cc -o Linux6.6_x86_64_cc_glibc_PTH_64_OPT.OBJ/certv3.o -c -std=c99 -O2 -fPIC  -m64 -pipe -ffunction-sections -fdata-sections -DHAVE_STRERROR -DLINUX -Dlinux -Wall -Wshadow -Werror -DXP_UNIX -DXP_UNIX -UDEBUG -DNDEBUG -D_DEFAULT_SOURCE -D_BSD_SOURCE -D_POSIX_SOURCE -DSDB_MEASURE_USE_TEMP_DIR -D_REENTRANT -UDEBUG -DNDEBUG -D_DEFAULT_SOURCE -D_BSD_SOURCE -D_POSIX_SOURCE -DSDB_MEASURE_USE_TEMP_DIR -D_REENTRANT -DNSS_DISABLE_SSE3 -DNSS_NO_INIT_SUPPORT -DUSE_UTIL_DIRECTLY -DNO_NSPR_10_SUPPORT -DSSL_DISABLE_DEPRECATED_CIPHER_SUITE_NAMES -I/home/ffortier/code/perso/nss/../nspr/dist/include/nspr -I../../../dist/Linux6.6_x86_64_cc_glibc_PTH_64_OPT.OBJ/include -I../../../dist/public/nss -I../../../dist/private/nss  certv3.c
cc -o Linux6.6_x86_64_cc_glibc_PTH_64_OPT.OBJ/certxutl.o -c -std=c99 -O2 -fPIC  -m64 -pipe -ffunction-sections -fdata-sections -DHAVE_STRERROR -DLINUX -Dlinux -Wall -Wshadow -Werror -DXP_UNIX -DXP_UNIX -UDEBUG -DNDEBUG -D_DEFAULT_SOURCE -D_BSD_SOURCE -D_POSIX_SOURCE -DSDB_MEASURE_USE_TEMP_DIR -D_REENTRANT -UDEBUG -DNDEBUG -D_DEFAULT_SOURCE -D_BSD_SOURCE -D_POSIX_SOURCE -DSDB_MEASURE_USE_TEMP_DIR -D_REENTRANT -DNSS_DISABLE_SSE3 -DNSS_NO_INIT_SUPPORT -DUSE_UTIL_DIRECTLY -DNO_NSPR_10_SUPPORT -DSSL_DISABLE_DEPRECATED_CIPHER_SUITE_NAMES -I/home/ffortier/code/perso/nss/../nspr/dist/include/nspr -I../../../dist/Linux6.6_x86_64_cc_glibc_PTH_64_OPT.OBJ/include -I../../../dist/public/nss -I../../../dist/private/nss  certxutl.c
cc -o Linux6.6_x86_64_cc_glibc_PTH_64_OPT.OBJ/crl.o -c -std=c99 -O2 -fPIC  -m64 -pipe -ffunction-sections -fdata-sections -DHAVE_STRERROR -DLINUX -Dlinux -Wall -Wshadow -Werror -DXP_UNIX -DXP_UNIX -UDEBUG -DNDEBUG -D_DEFAULT_SOURCE -D_BSD_SOURCE -D_POSIX_SOURCE -DSDB_MEASURE_USE_TEMP_DIR -D_REENTRANT -UDEBUG -DNDEBUG -D_DEFAULT_SOURCE -D_BSD_SOURCE -D_POSIX_SOURCE -DSDB_MEASURE_USE_TEMP_DIR -D_REENTRANT -DNSS_DISABLE_SSE3 -DNSS_NO_INIT_SUPPORT -DUSE_UTIL_DIRECTLY -DNO_NSPR_10_SUPPORT -DSSL_DISABLE_DEPRECATED_CIPHER_SUITE_NAMES -I/home/ffortier/code/perso/nss/../nspr/dist/include/nspr -I../../../dist/Linux6.6_x86_64_cc_glibc_PTH_64_OPT.OBJ/include -I../../../dist/public/nss -I../../../dist/private/nss  crl.c
cc -o Linux6.6_x86_64_cc_glibc_PTH_64_OPT.OBJ/genname.o -c -std=c99 -O2 -fPIC  -m64 -pipe -ffunction-sections -fdata-sections -DHAVE_STRERROR -DLINUX -Dlinux -Wall -Wshadow -Werror -DXP_UNIX -DXP_UNIX -UDEBUG -DNDEBUG -D_DEFAULT_SOURCE -D_BSD_SOURCE -D_POSIX_SOURCE -DSDB_MEASURE_USE_TEMP_DIR -D_REENTRANT -UDEBUG -DNDEBUG -D_DEFAULT_SOURCE -D_BSD_SOURCE -D_POSIX_SOURCE -DSDB_MEASURE_USE_TEMP_DIR -D_REENTRANT -DNSS_DISABLE_SSE3 -DNSS_NO_INIT_SUPPORT -DUSE_UTIL_DIRECTLY -DNO_NSPR_10_SUPPORT -DSSL_DISABLE_DEPRECATED_CIPHER_SUITE_NAMES -I/home/ffortier/code/perso/nss/../nspr/dist/include/nspr -I../../../dist/Linux6.6_x86_64_cc_glibc_PTH_64_OPT.OBJ/include -I../../../dist/public/nss -I../../../dist/private/nss  genname.c
cc -o Linux6.6_x86_64_cc_glibc_PTH_64_OPT.OBJ/stanpcertdb.o -c -std=c99 -O2 -fPIC  -m64 -pipe -ffunction-sections -fdata-sections -DHAVE_STRERROR -DLINUX -Dlinux -Wall -Wshadow -Werror -DXP_UNIX -DXP_UNIX -UDEBUG -DNDEBUG -D_DEFAULT_SOURCE -D_BSD_SOURCE -D_POSIX_SOURCE -DSDB_MEASURE_USE_TEMP_DIR -D_REENTRANT -UDEBUG -DNDEBUG -D_DEFAULT_SOURCE -D_BSD_SOURCE -D_POSIX_SOURCE -DSDB_MEASURE_USE_TEMP_DIR -D_REENTRANT -DNSS_DISABLE_SSE3 -DNSS_NO_INIT_SUPPORT -DUSE_UTIL_DIRECTLY -DNO_NSPR_10_SUPPORT -DSSL_DISABLE_DEPRECATED_CIPHER_SUITE_NAMES -I/home/ffortier/code/perso/nss/../nspr/dist/include/nspr -I../../../dist/Linux6.6_x86_64_cc_glibc_PTH_64_OPT.OBJ/include -I../../../dist/public/nss -I../../../dist/private/nss  stanpcertdb.c
cc -o Linux6.6_x86_64_cc_glibc_PTH_64_OPT.OBJ/polcyxtn.o -c -std=c99 -O2 -fPIC  -m64 -pipe -ffunction-sections -fdata-sections -DHAVE_STRERROR -DLINUX -Dlinux -Wall -Wshadow -Werror -DXP_UNIX -DXP_UNIX -UDEBUG -DNDEBUG -D_DEFAULT_SOURCE -D_BSD_SOURCE -D_POSIX_SOURCE -DSDB_MEASURE_USE_TEMP_DIR -D_REENTRANT -UDEBUG -DNDEBUG -D_DEFAULT_SOURCE -D_BSD_SOURCE -D_POSIX_SOURCE -DSDB_MEASURE_USE_TEMP_DIR -D_REENTRANT -DNSS_DISABLE_SSE3 -DNSS_NO_INIT_SUPPORT -DUSE_UTIL_DIRECTLY -DNO_NSPR_10_SUPPORT -DSSL_DISABLE_DEPRECATED_CIPHER_SUITE_NAMES -I/home/ffortier/code/perso/nss/../nspr/dist/include/nspr -I../../../dist/Linux6.6_x86_64_cc_glibc_PTH_64_OPT.OBJ/include -I../../../dist/public/nss -I../../../dist/private/nss  polcyxtn.c
cc -o Linux6.6_x86_64_cc_glibc_PTH_64_OPT.OBJ/secname.o -c -std=c99 -O2 -fPIC  -m64 -pipe -ffunction-sections -fdata-sections -DHAVE_STRERROR -DLINUX -Dlinux -Wall -Wshadow -Werror -DXP_UNIX -DXP_UNIX -UDEBUG -DNDEBUG -D_DEFAULT_SOURCE -D_BSD_SOURCE -D_POSIX_SOURCE -DSDB_MEASURE_USE_TEMP_DIR -D_REENTRANT -UDEBUG -DNDEBUG -D_DEFAULT_SOURCE -D_BSD_SOURCE -D_POSIX_SOURCE -DSDB_MEASURE_USE_TEMP_DIR -D_REENTRANT -DNSS_DISABLE_SSE3 -DNSS_NO_INIT_SUPPORT -DUSE_UTIL_DIRECTLY -DNO_NSPR_10_SUPPORT -DSSL_DISABLE_DEPRECATED_CIPHER_SUITE_NAMES -I/home/ffortier/code/perso/nss/../nspr/dist/include/nspr -I../../../dist/Linux6.6_x86_64_cc_glibc_PTH_64_OPT.OBJ/include -I../../../dist/public/nss -I../../../dist/private/nss  secname.c
cc -o Linux6.6_x86_64_cc_glibc_PTH_64_OPT.OBJ/xauthkid.o -c -std=c99 -O2 -fPIC  -m64 -pipe -ffunction-sections -fdata-sections -DHAVE_STRERROR -DLINUX -Dlinux -Wall -Wshadow -Werror -DXP_UNIX -DXP_UNIX -UDEBUG -DNDEBUG -D_DEFAULT_SOURCE -D_BSD_SOURCE -D_POSIX_SOURCE -DSDB_MEASURE_USE_TEMP_DIR -D_REENTRANT -UDEBUG -DNDEBUG -D_DEFAULT_SOURCE -D_BSD_SOURCE -D_POSIX_SOURCE -DSDB_MEASURE_USE_TEMP_DIR -D_REENTRANT -DNSS_DISABLE_SSE3 -DNSS_NO_INIT_SUPPORT -DUSE_UTIL_DIRECTLY -DNO_NSPR_10_SUPPORT -DSSL_DISABLE_DEPRECATED_CIPHER_SUITE_NAMES -I/home/ffortier/code/perso/nss/../nspr/dist/include/nspr -I../../../dist/Linux6.6_x86_64_cc_glibc_PTH_64_OPT.OBJ/include -I../../../dist/public/nss -I../../../dist/private/nss  xauthkid.c
cc -o Linux6.6_x86_64_cc_glibc_PTH_64_OPT.OBJ/xbsconst.o -c -std=c99 -O2 -fPIC  -m64 -pipe -ffunction-sections -fdata-sections -DHAVE_STRERROR -DLINUX -Dlinux -Wall -Wshadow -Werror -DXP_UNIX -DXP_UNIX -UDEBUG -DNDEBUG -D_DEFAULT_SOURCE -D_BSD_SOURCE -D_POSIX_SOURCE -DSDB_MEASURE_USE_TEMP_DIR -D_REENTRANT -UDEBUG -DNDEBUG -D_DEFAULT_SOURCE -D_BSD_SOURCE -D_POSIX_SOURCE -DSDB_MEASURE_USE_TEMP_DIR -D_REENTRANT -DNSS_DISABLE_SSE3 -DNSS_NO_INIT_SUPPORT -DUSE_UTIL_DIRECTLY -DNO_NSPR_10_SUPPORT -DSSL_DISABLE_DEPRECATED_CIPHER_SUITE_NAMES -I/home/ffortier/code/perso/nss/../nspr/dist/include/nspr -I../../../dist/Linux6.6_x86_64_cc_glibc_PTH_64_OPT.OBJ/include -I../../../dist/public/nss -I../../../dist/private/nss  xbsconst.c
cc -o Linux6.6_x86_64_cc_glibc_PTH_64_OPT.OBJ/xconst.o -c -std=c99 -O2 -fPIC  -m64 -pipe -ffunction-sections -fdata-sections -DHAVE_STRERROR -DLINUX -Dlinux -Wall -Wshadow -Werror -DXP_UNIX -DXP_UNIX -UDEBUG -DNDEBUG -D_DEFAULT_SOURCE -D_BSD_SOURCE -D_POSIX_SOURCE -DSDB_MEASURE_USE_TEMP_DIR -D_REENTRANT -UDEBUG -DNDEBUG -D_DEFAULT_SOURCE -D_BSD_SOURCE -D_POSIX_SOURCE -DSDB_MEASURE_USE_TEMP_DIR -D_REENTRANT -DNSS_DISABLE_SSE3 -DNSS_NO_INIT_SUPPORT -DUSE_UTIL_DIRECTLY -DNO_NSPR_10_SUPPORT -DSSL_DISABLE_DEPRECATED_CIPHER_SUITE_NAMES -I/home/ffortier/code/perso/nss/../nspr/dist/include/nspr -I../../../dist/Linux6.6_x86_64_cc_glibc_PTH_64_OPT.OBJ/include -I../../../dist/public/nss -I../../../dist/private/nss  xconst.c
rm -f Linux6.6_x86_64_cc_glibc_PTH_64_OPT.OBJ/libcertdb.a
ar cr Linux6.6_x86_64_cc_glibc_PTH_64_OPT.OBJ/libcertdb.a Linux6.6_x86_64_cc_glibc_PTH_64_OPT.OBJ/alg1485.o Linux6.6_x86_64_cc_glibc_PTH_64_OPT.OBJ/certdb.o Linux6.6_x86_64_cc_glibc_PTH_64_OPT.OBJ/certv3.o Linux6.6_x86_64_cc_glibc_PTH_64_OPT.OBJ/certxutl.o Linux6.6_x86_64_cc_glibc_PTH_64_OPT.OBJ/crl.o Linux6.6_x86_64_cc_glibc_PTH_64_OPT.OBJ/genname.o Linux6.6_x86_64_cc_glibc_PTH_64_OPT.OBJ/stanpcertdb.o Linux6.6_x86_64_cc_glibc_PTH_64_OPT.OBJ/polcyxtn.o Linux6.6_x86_64_cc_glibc_PTH_64_OPT.OBJ/secname.o Linux6.6_x86_64_cc_glibc_PTH_64_OPT.OBJ/xauthkid.o Linux6.6_x86_64_cc_glibc_PTH_64_OPT.OBJ/xbsconst.o Linux6.6_x86_64_cc_glibc_PTH_64_OPT.OBJ/xconst.o
echo Linux6.6_x86_64_cc_glibc_PTH_64_OPT.OBJ/libcertdb.a
Linux6.6_x86_64_cc_glibc_PTH_64_OPT.OBJ/libcertdb.a
../../coreconf/nsinstall/Linux6.6_x86_64_cc_glibc_PTH_64_OPT.OBJ/nsinstall -R -m 664 Linux6.6_x86_64_cc_glibc_PTH_64_OPT.OBJ/libcertdb.a ../../../dist/Linux6.6_x86_64_cc_glibc_PTH_64_OPT.OBJ/lib
make[3]: Leaving directory '/home/ffortier/code/perso/nss/lib/certdb'
make[3]: Entering directory '/home/ffortier/code/perso/nss/lib/certhigh'
cc -o Linux6.6_x86_64_cc_glibc_PTH_64_OPT.OBJ/certhtml.o -c -std=c99 -O2 -fPIC  -m64 -pipe -ffunction-sections -fdata-sections -DHAVE_STRERROR -DLINUX -Dlinux -Wall -Wshadow -Werror -DXP_UNIX -DXP_UNIX -UDEBUG -DNDEBUG -D_DEFAULT_SOURCE -D_BSD_SOURCE -D_POSIX_SOURCE -DSDB_MEASURE_USE_TEMP_DIR -D_REENTRANT -UDEBUG -DNDEBUG -D_DEFAULT_SOURCE -D_BSD_SOURCE -D_POSIX_SOURCE -DSDB_MEASURE_USE_TEMP_DIR -D_REENTRANT -DNSS_DISABLE_SSE3 -DNSS_NO_INIT_SUPPORT -DUSE_UTIL_DIRECTLY -DNO_NSPR_10_SUPPORT -DSSL_DISABLE_DEPRECATED_CIPHER_SUITE_NAMES -I/home/ffortier/code/perso/nss/../nspr/dist/include/nspr -I../../../dist/Linux6.6_x86_64_cc_glibc_PTH_64_OPT.OBJ/include -I../../../dist/public/nss -I../../../dist/private/nss  certhtml.c
cc -o Linux6.6_x86_64_cc_glibc_PTH_64_OPT.OBJ/certreq.o -c -std=c99 -O2 -fPIC  -m64 -pipe -ffunction-sections -fdata-sections -DHAVE_STRERROR -DLINUX -Dlinux -Wall -Wshadow -Werror -DXP_UNIX -DXP_UNIX -UDEBUG -DNDEBUG -D_DEFAULT_SOURCE -D_BSD_SOURCE -D_POSIX_SOURCE -DSDB_MEASURE_USE_TEMP_DIR -D_REENTRANT -UDEBUG -DNDEBUG -D_DEFAULT_SOURCE -D_BSD_SOURCE -D_POSIX_SOURCE -DSDB_MEASURE_USE_TEMP_DIR -D_REENTRANT -DNSS_DISABLE_SSE3 -DNSS_NO_INIT_SUPPORT -DUSE_UTIL_DIRECTLY -DNO_NSPR_10_SUPPORT -DSSL_DISABLE_DEPRECATED_CIPHER_SUITE_NAMES -I/home/ffortier/code/perso/nss/../nspr/dist/include/nspr -I../../../dist/Linux6.6_x86_64_cc_glibc_PTH_64_OPT.OBJ/include -I../../../dist/public/nss -I../../../dist/private/nss  certreq.c
cc -o Linux6.6_x86_64_cc_glibc_PTH_64_OPT.OBJ/crlv2.o -c -std=c99 -O2 -fPIC  -m64 -pipe -ffunction-sections -fdata-sections -DHAVE_STRERROR -DLINUX -Dlinux -Wall -Wshadow -Werror -DXP_UNIX -DXP_UNIX -UDEBUG -DNDEBUG -D_DEFAULT_SOURCE -D_BSD_SOURCE -D_POSIX_SOURCE -DSDB_MEASURE_USE_TEMP_DIR -D_REENTRANT -UDEBUG -DNDEBUG -D_DEFAULT_SOURCE -D_BSD_SOURCE -D_POSIX_SOURCE -DSDB_MEASURE_USE_TEMP_DIR -D_REENTRANT -DNSS_DISABLE_SSE3 -DNSS_NO_INIT_SUPPORT -DUSE_UTIL_DIRECTLY -DNO_NSPR_10_SUPPORT -DSSL_DISABLE_DEPRECATED_CIPHER_SUITE_NAMES -I/home/ffortier/code/perso/nss/../nspr/dist/include/nspr -I../../../dist/Linux6.6_x86_64_cc_glibc_PTH_64_OPT.OBJ/include -I../../../dist/public/nss -I../../../dist/private/nss  crlv2.c
cc -o Linux6.6_x86_64_cc_glibc_PTH_64_OPT.OBJ/ocsp.o -c -std=c99 -O2 -fPIC  -m64 -pipe -ffunction-sections -fdata-sections -DHAVE_STRERROR -DLINUX -Dlinux -Wall -Wshadow -Werror -DXP_UNIX -DXP_UNIX -UDEBUG -DNDEBUG -D_DEFAULT_SOURCE -D_BSD_SOURCE -D_POSIX_SOURCE -DSDB_MEASURE_USE_TEMP_DIR -D_REENTRANT -UDEBUG -DNDEBUG -D_DEFAULT_SOURCE -D_BSD_SOURCE -D_POSIX_SOURCE -DSDB_MEASURE_USE_TEMP_DIR -D_REENTRANT -DNSS_DISABLE_SSE3 -DNSS_NO_INIT_SUPPORT -DUSE_UTIL_DIRECTLY -DNO_NSPR_10_SUPPORT -DSSL_DISABLE_DEPRECATED_CIPHER_SUITE_NAMES -I/home/ffortier/code/perso/nss/../nspr/dist/include/nspr -I../../../dist/Linux6.6_x86_64_cc_glibc_PTH_64_OPT.OBJ/include -I../../../dist/public/nss -I../../../dist/private/nss  ocsp.c
cc -o Linux6.6_x86_64_cc_glibc_PTH_64_OPT.OBJ/ocspsig.o -c -std=c99 -O2 -fPIC  -m64 -pipe -ffunction-sections -fdata-sections -DHAVE_STRERROR -DLINUX -Dlinux -Wall -Wshadow -Werror -DXP_UNIX -DXP_UNIX -UDEBUG -DNDEBUG -D_DEFAULT_SOURCE -D_BSD_SOURCE -D_POSIX_SOURCE -DSDB_MEASURE_USE_TEMP_DIR -D_REENTRANT -UDEBUG -DNDEBUG -D_DEFAULT_SOURCE -D_BSD_SOURCE -D_POSIX_SOURCE -DSDB_MEASURE_USE_TEMP_DIR -D_REENTRANT -DNSS_DISABLE_SSE3 -DNSS_NO_INIT_SUPPORT -DUSE_UTIL_DIRECTLY -DNO_NSPR_10_SUPPORT -DSSL_DISABLE_DEPRECATED_CIPHER_SUITE_NAMES -I/home/ffortier/code/perso/nss/../nspr/dist/include/nspr -I../../../dist/Linux6.6_x86_64_cc_glibc_PTH_64_OPT.OBJ/include -I../../../dist/public/nss -I../../../dist/private/nss  ocspsig.c
cc -o Linux6.6_x86_64_cc_glibc_PTH_64_OPT.OBJ/certhigh.o -c -std=c99 -O2 -fPIC  -m64 -pipe -ffunction-sections -fdata-sections -DHAVE_STRERROR -DLINUX -Dlinux -Wall -Wshadow -Werror -DXP_UNIX -DXP_UNIX -UDEBUG -DNDEBUG -D_DEFAULT_SOURCE -D_BSD_SOURCE -D_POSIX_SOURCE -DSDB_MEASURE_USE_TEMP_DIR -D_REENTRANT -UDEBUG -DNDEBUG -D_DEFAULT_SOURCE -D_BSD_SOURCE -D_POSIX_SOURCE -DSDB_MEASURE_USE_TEMP_DIR -D_REENTRANT -DNSS_DISABLE_SSE3 -DNSS_NO_INIT_SUPPORT -DUSE_UTIL_DIRECTLY -DNO_NSPR_10_SUPPORT -DSSL_DISABLE_DEPRECATED_CIPHER_SUITE_NAMES -I/home/ffortier/code/perso/nss/../nspr/dist/include/nspr -I../../../dist/Linux6.6_x86_64_cc_glibc_PTH_64_OPT.OBJ/include -I../../../dist/public/nss -I../../../dist/private/nss  certhigh.c
cc -o Linux6.6_x86_64_cc_glibc_PTH_64_OPT.OBJ/certvfy.o -c -std=c99 -O2 -fPIC  -m64 -pipe -ffunction-sections -fdata-sections -DHAVE_STRERROR -DLINUX -Dlinux -Wall -Wshadow -Werror -DXP_UNIX -DXP_UNIX -UDEBUG -DNDEBUG -D_DEFAULT_SOURCE -D_BSD_SOURCE -D_POSIX_SOURCE -DSDB_MEASURE_USE_TEMP_DIR -D_REENTRANT -UDEBUG -DNDEBUG -D_DEFAULT_SOURCE -D_BSD_SOURCE -D_POSIX_SOURCE -DSDB_MEASURE_USE_TEMP_DIR -D_REENTRANT -DNSS_DISABLE_SSE3 -DNSS_NO_INIT_SUPPORT -DUSE_UTIL_DIRECTLY -DNO_NSPR_10_SUPPORT -DSSL_DISABLE_DEPRECATED_CIPHER_SUITE_NAMES -I/home/ffortier/code/perso/nss/../nspr/dist/include/nspr -I../../../dist/Linux6.6_x86_64_cc_glibc_PTH_64_OPT.OBJ/include -I../../../dist/public/nss -I../../../dist/private/nss  certvfy.c
cc -o Linux6.6_x86_64_cc_glibc_PTH_64_OPT.OBJ/certvfypkix.o -c -std=c99 -O2 -fPIC  -m64 -pipe -ffunction-sections -fdata-sections -DHAVE_STRERROR -DLINUX -Dlinux -Wall -Wshadow -Werror -DXP_UNIX -DXP_UNIX -UDEBUG -DNDEBUG -D_DEFAULT_SOURCE -D_BSD_SOURCE -D_POSIX_SOURCE -DSDB_MEASURE_USE_TEMP_DIR -D_REENTRANT -UDEBUG -DNDEBUG -D_DEFAULT_SOURCE -D_BSD_SOURCE -D_POSIX_SOURCE -DSDB_MEASURE_USE_TEMP_DIR -D_REENTRANT -DNSS_DISABLE_SSE3 -DNSS_NO_INIT_SUPPORT -DUSE_UTIL_DIRECTLY -DNO_NSPR_10_SUPPORT -DSSL_DISABLE_DEPRECATED_CIPHER_SUITE_NAMES -I/home/ffortier/code/perso/nss/../nspr/dist/include/nspr -I../../../dist/Linux6.6_x86_64_cc_glibc_PTH_64_OPT.OBJ/include -I../../../dist/public/nss -I../../../dist/private/nss  certvfypkix.c
cc -o Linux6.6_x86_64_cc_glibc_PTH_64_OPT.OBJ/xcrldist.o -c -std=c99 -O2 -fPIC  -m64 -pipe -ffunction-sections -fdata-sections -DHAVE_STRERROR -DLINUX -Dlinux -Wall -Wshadow -Werror -DXP_UNIX -DXP_UNIX -UDEBUG -DNDEBUG -D_DEFAULT_SOURCE -D_BSD_SOURCE -D_POSIX_SOURCE -DSDB_MEASURE_USE_TEMP_DIR -D_REENTRANT -UDEBUG -DNDEBUG -D_DEFAULT_SOURCE -D_BSD_SOURCE -D_POSIX_SOURCE -DSDB_MEASURE_USE_TEMP_DIR -D_REENTRANT -DNSS_DISABLE_SSE3 -DNSS_NO_INIT_SUPPORT -DUSE_UTIL_DIRECTLY -DNO_NSPR_10_SUPPORT -DSSL_DISABLE_DEPRECATED_CIPHER_SUITE_NAMES -I/home/ffortier/code/perso/nss/../nspr/dist/include/nspr -I../../../dist/Linux6.6_x86_64_cc_glibc_PTH_64_OPT.OBJ/include -I../../../dist/public/nss -I../../../dist/private/nss  xcrldist.c
rm -f Linux6.6_x86_64_cc_glibc_PTH_64_OPT.OBJ/libcerthi.a
ar cr Linux6.6_x86_64_cc_glibc_PTH_64_OPT.OBJ/libcerthi.a Linux6.6_x86_64_cc_glibc_PTH_64_OPT.OBJ/certhtml.o Linux6.6_x86_64_cc_glibc_PTH_64_OPT.OBJ/certreq.o Linux6.6_x86_64_cc_glibc_PTH_64_OPT.OBJ/crlv2.o Linux6.6_x86_64_cc_glibc_PTH_64_OPT.OBJ/ocsp.o Linux6.6_x86_64_cc_glibc_PTH_64_OPT.OBJ/ocspsig.o Linux6.6_x86_64_cc_glibc_PTH_64_OPT.OBJ/certhigh.o Linux6.6_x86_64_cc_glibc_PTH_64_OPT.OBJ/certvfy.o Linux6.6_x86_64_cc_glibc_PTH_64_OPT.OBJ/certvfypkix.o Linux6.6_x86_64_cc_glibc_PTH_64_OPT.OBJ/xcrldist.o
echo Linux6.6_x86_64_cc_glibc_PTH_64_OPT.OBJ/libcerthi.a
Linux6.6_x86_64_cc_glibc_PTH_64_OPT.OBJ/libcerthi.a
../../coreconf/nsinstall/Linux6.6_x86_64_cc_glibc_PTH_64_OPT.OBJ/nsinstall -R -m 664 Linux6.6_x86_64_cc_glibc_PTH_64_OPT.OBJ/libcerthi.a ../../../dist/Linux6.6_x86_64_cc_glibc_PTH_64_OPT.OBJ/lib
make[3]: Leaving directory '/home/ffortier/code/perso/nss/lib/certhigh'
make[3]: Entering directory '/home/ffortier/code/perso/nss/lib/cryptohi'
cc -o Linux6.6_x86_64_cc_glibc_PTH_64_OPT.OBJ/sechash.o -c -std=c99 -O2 -fPIC  -m64 -pipe -ffunction-sections -fdata-sections -DHAVE_STRERROR -DLINUX -Dlinux -Wall -Wshadow -Werror -DXP_UNIX -DXP_UNIX -UDEBUG -DNDEBUG -D_DEFAULT_SOURCE -D_BSD_SOURCE -D_POSIX_SOURCE -DSDB_MEASURE_USE_TEMP_DIR -D_REENTRANT -UDEBUG -DNDEBUG -D_DEFAULT_SOURCE -D_BSD_SOURCE -D_POSIX_SOURCE -DSDB_MEASURE_USE_TEMP_DIR -D_REENTRANT -DNSS_DISABLE_SSE3 -DNSS_NO_INIT_SUPPORT -DUSE_UTIL_DIRECTLY -DNO_NSPR_10_SUPPORT -DSSL_DISABLE_DEPRECATED_CIPHER_SUITE_NAMES -I/home/ffortier/code/perso/nss/../nspr/dist/include/nspr -I../../../dist/Linux6.6_x86_64_cc_glibc_PTH_64_OPT.OBJ/include -I../../../dist/public/nss -I../../../dist/private/nss -I../../../dist/public/nssutil  sechash.c
cc -o Linux6.6_x86_64_cc_glibc_PTH_64_OPT.OBJ/seckey.o -c -std=c99 -O2 -fPIC  -m64 -pipe -ffunction-sections -fdata-sections -DHAVE_STRERROR -DLINUX -Dlinux -Wall -Wshadow -Werror -DXP_UNIX -DXP_UNIX -UDEBUG -DNDEBUG -D_DEFAULT_SOURCE -D_BSD_SOURCE -D_POSIX_SOURCE -DSDB_MEASURE_USE_TEMP_DIR -D_REENTRANT -UDEBUG -DNDEBUG -D_DEFAULT_SOURCE -D_BSD_SOURCE -D_POSIX_SOURCE -DSDB_MEASURE_USE_TEMP_DIR -D_REENTRANT -DNSS_DISABLE_SSE3 -DNSS_NO_INIT_SUPPORT -DUSE_UTIL_DIRECTLY -DNO_NSPR_10_SUPPORT -DSSL_DISABLE_DEPRECATED_CIPHER_SUITE_NAMES -I/home/ffortier/code/perso/nss/../nspr/dist/include/nspr -I../../../dist/Linux6.6_x86_64_cc_glibc_PTH_64_OPT.OBJ/include -I../../../dist/public/nss -I../../../dist/private/nss -I../../../dist/public/nssutil  seckey.c
cc -o Linux6.6_x86_64_cc_glibc_PTH_64_OPT.OBJ/secsign.o -c -std=c99 -O2 -fPIC  -m64 -pipe -ffunction-sections -fdata-sections -DHAVE_STRERROR -DLINUX -Dlinux -Wall -Wshadow -Werror -DXP_UNIX -DXP_UNIX -UDEBUG -DNDEBUG -D_DEFAULT_SOURCE -D_BSD_SOURCE -D_POSIX_SOURCE -DSDB_MEASURE_USE_TEMP_DIR -D_REENTRANT -UDEBUG -DNDEBUG -D_DEFAULT_SOURCE -D_BSD_SOURCE -D_POSIX_SOURCE -DSDB_MEASURE_USE_TEMP_DIR -D_REENTRANT -DNSS_DISABLE_SSE3 -DNSS_NO_INIT_SUPPORT -DUSE_UTIL_DIRECTLY -DNO_NSPR_10_SUPPORT -DSSL_DISABLE_DEPRECATED_CIPHER_SUITE_NAMES -I/home/ffortier/code/perso/nss/../nspr/dist/include/nspr -I../../../dist/Linux6.6_x86_64_cc_glibc_PTH_64_OPT.OBJ/include -I../../../dist/public/nss -I../../../dist/private/nss -I../../../dist/public/nssutil  secsign.c
cc -o Linux6.6_x86_64_cc_glibc_PTH_64_OPT.OBJ/secvfy.o -c -std=c99 -O2 -fPIC  -m64 -pipe -ffunction-sections -fdata-sections -DHAVE_STRERROR -DLINUX -Dlinux -Wall -Wshadow -Werror -DXP_UNIX -DXP_UNIX -UDEBUG -DNDEBUG -D_DEFAULT_SOURCE -D_BSD_SOURCE -D_POSIX_SOURCE -DSDB_MEASURE_USE_TEMP_DIR -D_REENTRANT -UDEBUG -DNDEBUG -D_DEFAULT_SOURCE -D_BSD_SOURCE -D_POSIX_SOURCE -DSDB_MEASURE_USE_TEMP_DIR -D_REENTRANT -DNSS_DISABLE_SSE3 -DNSS_NO_INIT_SUPPORT -DUSE_UTIL_DIRECTLY -DNO_NSPR_10_SUPPORT -DSSL_DISABLE_DEPRECATED_CIPHER_SUITE_NAMES -I/home/ffortier/code/perso/nss/../nspr/dist/include/nspr -I../../../dist/Linux6.6_x86_64_cc_glibc_PTH_64_OPT.OBJ/include -I../../../dist/public/nss -I../../../dist/private/nss -I../../../dist/public/nssutil  secvfy.c
cc -o Linux6.6_x86_64_cc_glibc_PTH_64_OPT.OBJ/dsautil.o -c -std=c99 -O2 -fPIC  -m64 -pipe -ffunction-sections -fdata-sections -DHAVE_STRERROR -DLINUX -Dlinux -Wall -Wshadow -Werror -DXP_UNIX -DXP_UNIX -UDEBUG -DNDEBUG -D_DEFAULT_SOURCE -D_BSD_SOURCE -D_POSIX_SOURCE -DSDB_MEASURE_USE_TEMP_DIR -D_REENTRANT -UDEBUG -DNDEBUG -D_DEFAULT_SOURCE -D_BSD_SOURCE -D_POSIX_SOURCE -DSDB_MEASURE_USE_TEMP_DIR -D_REENTRANT -DNSS_DISABLE_SSE3 -DNSS_NO_INIT_SUPPORT -DUSE_UTIL_DIRECTLY -DNO_NSPR_10_SUPPORT -DSSL_DISABLE_DEPRECATED_CIPHER_SUITE_NAMES -I/home/ffortier/code/perso/nss/../nspr/dist/include/nspr -I../../../dist/Linux6.6_x86_64_cc_glibc_PTH_64_OPT.OBJ/include -I../../../dist/public/nss -I../../../dist/private/nss -I../../../dist/public/nssutil  dsautil.c
rm -f Linux6.6_x86_64_cc_glibc_PTH_64_OPT.OBJ/libcryptohi.a
ar cr Linux6.6_x86_64_cc_glibc_PTH_64_OPT.OBJ/libcryptohi.a Linux6.6_x86_64_cc_glibc_PTH_64_OPT.OBJ/sechash.o Linux6.6_x86_64_cc_glibc_PTH_64_OPT.OBJ/seckey.o Linux6.6_x86_64_cc_glibc_PTH_64_OPT.OBJ/secsign.o Linux6.6_x86_64_cc_glibc_PTH_64_OPT.OBJ/secvfy.o Linux6.6_x86_64_cc_glibc_PTH_64_OPT.OBJ/dsautil.o
echo Linux6.6_x86_64_cc_glibc_PTH_64_OPT.OBJ/libcryptohi.a
Linux6.6_x86_64_cc_glibc_PTH_64_OPT.OBJ/libcryptohi.a
../../coreconf/nsinstall/Linux6.6_x86_64_cc_glibc_PTH_64_OPT.OBJ/nsinstall -R -m 664 Linux6.6_x86_64_cc_glibc_PTH_64_OPT.OBJ/libcryptohi.a ../../../dist/Linux6.6_x86_64_cc_glibc_PTH_64_OPT.OBJ/lib
make[3]: Leaving directory '/home/ffortier/code/perso/nss/lib/cryptohi'
make[3]: Entering directory '/home/ffortier/code/perso/nss/lib/dev'
cc -o Linux6.6_x86_64_cc_glibc_PTH_64_OPT.OBJ/devslot.o -c -std=c99 -O2 -fPIC  -m64 -pipe -ffunction-sections -fdata-sections -DHAVE_STRERROR -DLINUX -Dlinux -Wall -Wshadow -Werror -DXP_UNIX -DXP_UNIX -UDEBUG -DNDEBUG -D_DEFAULT_SOURCE -D_BSD_SOURCE -D_POSIX_SOURCE -DSDB_MEASURE_USE_TEMP_DIR -D_REENTRANT -UDEBUG -DNDEBUG -D_DEFAULT_SOURCE -D_BSD_SOURCE -D_POSIX_SOURCE -DSDB_MEASURE_USE_TEMP_DIR -D_REENTRANT -DNSS_DISABLE_SSE3 -DNSS_NO_INIT_SUPPORT -DUSE_UTIL_DIRECTLY -DNO_NSPR_10_SUPPORT -DSSL_DISABLE_DEPRECATED_CIPHER_SUITE_NAMES -I/home/ffortier/code/perso/nss/../nspr/dist/include/nspr -I../../../dist/Linux6.6_x86_64_cc_glibc_PTH_64_OPT.OBJ/include -I../../../dist/public/nss -I../../../dist/private/nss -I../../../dist/public/nspr  devslot.c
cc -o Linux6.6_x86_64_cc_glibc_PTH_64_OPT.OBJ/devtoken.o -c -std=c99 -O2 -fPIC  -m64 -pipe -ffunction-sections -fdata-sections -DHAVE_STRERROR -DLINUX -Dlinux -Wall -Wshadow -Werror -DXP_UNIX -DXP_UNIX -UDEBUG -DNDEBUG -D_DEFAULT_SOURCE -D_BSD_SOURCE -D_POSIX_SOURCE -DSDB_MEASURE_USE_TEMP_DIR -D_REENTRANT -UDEBUG -DNDEBUG -D_DEFAULT_SOURCE -D_BSD_SOURCE -D_POSIX_SOURCE -DSDB_MEASURE_USE_TEMP_DIR -D_REENTRANT -DNSS_DISABLE_SSE3 -DNSS_NO_INIT_SUPPORT -DUSE_UTIL_DIRECTLY -DNO_NSPR_10_SUPPORT -DSSL_DISABLE_DEPRECATED_CIPHER_SUITE_NAMES -I/home/ffortier/code/perso/nss/../nspr/dist/include/nspr -I../../../dist/Linux6.6_x86_64_cc_glibc_PTH_64_OPT.OBJ/include -I../../../dist/public/nss -I../../../dist/private/nss -I../../../dist/public/nspr  devtoken.c
cc -o Linux6.6_x86_64_cc_glibc_PTH_64_OPT.OBJ/devutil.o -c -std=c99 -O2 -fPIC  -m64 -pipe -ffunction-sections -fdata-sections -DHAVE_STRERROR -DLINUX -Dlinux -Wall -Wshadow -Werror -DXP_UNIX -DXP_UNIX -UDEBUG -DNDEBUG -D_DEFAULT_SOURCE -D_BSD_SOURCE -D_POSIX_SOURCE -DSDB_MEASURE_USE_TEMP_DIR -D_REENTRANT -UDEBUG -DNDEBUG -D_DEFAULT_SOURCE -D_BSD_SOURCE -D_POSIX_SOURCE -DSDB_MEASURE_USE_TEMP_DIR -D_REENTRANT -DNSS_DISABLE_SSE3 -DNSS_NO_INIT_SUPPORT -DUSE_UTIL_DIRECTLY -DNO_NSPR_10_SUPPORT -DSSL_DISABLE_DEPRECATED_CIPHER_SUITE_NAMES -I/home/ffortier/code/perso/nss/../nspr/dist/include/nspr -I../../../dist/Linux6.6_x86_64_cc_glibc_PTH_64_OPT.OBJ/include -I../../../dist/public/nss -I../../../dist/private/nss -I../../../dist/public/nspr  devutil.c
cc -o Linux6.6_x86_64_cc_glibc_PTH_64_OPT.OBJ/ckhelper.o -c -std=c99 -O2 -fPIC  -m64 -pipe -ffunction-sections -fdata-sections -DHAVE_STRERROR -DLINUX -Dlinux -Wall -Wshadow -Werror -DXP_UNIX -DXP_UNIX -UDEBUG -DNDEBUG -D_DEFAULT_SOURCE -D_BSD_SOURCE -D_POSIX_SOURCE -DSDB_MEASURE_USE_TEMP_DIR -D_REENTRANT -UDEBUG -DNDEBUG -D_DEFAULT_SOURCE -D_BSD_SOURCE -D_POSIX_SOURCE -DSDB_MEASURE_USE_TEMP_DIR -D_REENTRANT -DNSS_DISABLE_SSE3 -DNSS_NO_INIT_SUPPORT -DUSE_UTIL_DIRECTLY -DNO_NSPR_10_SUPPORT -DSSL_DISABLE_DEPRECATED_CIPHER_SUITE_NAMES -I/home/ffortier/code/perso/nss/../nspr/dist/include/nspr -I../../../dist/Linux6.6_x86_64_cc_glibc_PTH_64_OPT.OBJ/include -I../../../dist/public/nss -I../../../dist/private/nss -I../../../dist/public/nspr  ckhelper.c
rm -f Linux6.6_x86_64_cc_glibc_PTH_64_OPT.OBJ/libnssdev.a
ar cr Linux6.6_x86_64_cc_glibc_PTH_64_OPT.OBJ/libnssdev.a Linux6.6_x86_64_cc_glibc_PTH_64_OPT.OBJ/devslot.o Linux6.6_x86_64_cc_glibc_PTH_64_OPT.OBJ/devtoken.o Linux6.6_x86_64_cc_glibc_PTH_64_OPT.OBJ/devutil.o Linux6.6_x86_64_cc_glibc_PTH_64_OPT.OBJ/ckhelper.o
echo Linux6.6_x86_64_cc_glibc_PTH_64_OPT.OBJ/libnssdev.a
Linux6.6_x86_64_cc_glibc_PTH_64_OPT.OBJ/libnssdev.a
../../coreconf/nsinstall/Linux6.6_x86_64_cc_glibc_PTH_64_OPT.OBJ/nsinstall -R -m 664 Linux6.6_x86_64_cc_glibc_PTH_64_OPT.OBJ/libnssdev.a ../../../dist/Linux6.6_x86_64_cc_glibc_PTH_64_OPT.OBJ/lib
make[3]: Leaving directory '/home/ffortier/code/perso/nss/lib/dev'
make[3]: Entering directory '/home/ffortier/code/perso/nss/lib/libpkix'
make[4]: Entering directory '/home/ffortier/code/perso/nss/lib/libpkix/include'
make[4]: Nothing to be done for 'libs'.
make[4]: Leaving directory '/home/ffortier/code/perso/nss/lib/libpkix/include'
make[4]: Entering directory '/home/ffortier/code/perso/nss/lib/libpkix/pkix'
make[5]: Entering directory '/home/ffortier/code/perso/nss/lib/libpkix/pkix/certsel'
cc -o Linux6.6_x86_64_cc_glibc_PTH_64_OPT.OBJ/pkix_certselector.o -c -std=c99 -O2 -fPIC  -m64 -pipe -ffunction-sections -fdata-sections -DHAVE_STRERROR -DLINUX -Dlinux -Wall -Wshadow -Werror -DXP_UNIX -DXP_UNIX -UDEBUG -DNDEBUG -D_DEFAULT_SOURCE -D_BSD_SOURCE -D_POSIX_SOURCE -DSDB_MEASURE_USE_TEMP_DIR -D_REENTRANT -UDEBUG -DNDEBUG -D_DEFAULT_SOURCE -D_BSD_SOURCE -D_POSIX_SOURCE -DSDB_MEASURE_USE_TEMP_DIR -D_REENTRANT -DNSS_DISABLE_SSE3 -DNSS_NO_INIT_SUPPORT -DUSE_UTIL_DIRECTLY -DNO_NSPR_10_SUPPORT -DSSL_DISABLE_DEPRECATED_CIPHER_SUITE_NAMES -I/home/ffortier/code/perso/nss/../nspr/dist/include/nspr -I../../../../../dist/Linux6.6_x86_64_cc_glibc_PTH_64_OPT.OBJ/include -I../../../../../dist/public/nss -I../../../../../dist/private/nss  pkix_certselector.c
cc -o Linux6.6_x86_64_cc_glibc_PTH_64_OPT.OBJ/pkix_comcertselparams.o -c -std=c99 -O2 -fPIC  -m64 -pipe -ffunction-sections -fdata-sections -DHAVE_STRERROR -DLINUX -Dlinux -Wall -Wshadow -Werror -DXP_UNIX -DXP_UNIX -UDEBUG -DNDEBUG -D_DEFAULT_SOURCE -D_BSD_SOURCE -D_POSIX_SOURCE -DSDB_MEASURE_USE_TEMP_DIR -D_REENTRANT -UDEBUG -DNDEBUG -D_DEFAULT_SOURCE -D_BSD_SOURCE -D_POSIX_SOURCE -DSDB_MEASURE_USE_TEMP_DIR -D_REENTRANT -DNSS_DISABLE_SSE3 -DNSS_NO_INIT_SUPPORT -DUSE_UTIL_DIRECTLY -DNO_NSPR_10_SUPPORT -DSSL_DISABLE_DEPRECATED_CIPHER_SUITE_NAMES -I/home/ffortier/code/perso/nss/../nspr/dist/include/nspr -I../../../../../dist/Linux6.6_x86_64_cc_glibc_PTH_64_OPT.OBJ/include -I../../../../../dist/public/nss -I../../../../../dist/private/nss  pkix_comcertselparams.c
rm -f Linux6.6_x86_64_cc_glibc_PTH_64_OPT.OBJ/libpkixcertsel.a
ar cr Linux6.6_x86_64_cc_glibc_PTH_64_OPT.OBJ/libpkixcertsel.a Linux6.6_x86_64_cc_glibc_PTH_64_OPT.OBJ/pkix_certselector.o Linux6.6_x86_64_cc_glibc_PTH_64_OPT.OBJ/pkix_comcertselparams.o
echo Linux6.6_x86_64_cc_glibc_PTH_64_OPT.OBJ/libpkixcertsel.a
Linux6.6_x86_64_cc_glibc_PTH_64_OPT.OBJ/libpkixcertsel.a
../../../../coreconf/nsinstall/Linux6.6_x86_64_cc_glibc_PTH_64_OPT.OBJ/nsinstall -R -m 664 Linux6.6_x86_64_cc_glibc_PTH_64_OPT.OBJ/libpkixcertsel.a ../../../../../dist/Linux6.6_x86_64_cc_glibc_PTH_64_OPT.OBJ/lib
make[5]: Leaving directory '/home/ffortier/code/perso/nss/lib/libpkix/pkix/certsel'
make[5]: Entering directory '/home/ffortier/code/perso/nss/lib/libpkix/pkix/crlsel'
cc -o Linux6.6_x86_64_cc_glibc_PTH_64_OPT.OBJ/pkix_crlselector.o -c -std=c99 -O2 -fPIC  -m64 -pipe -ffunction-sections -fdata-sections -DHAVE_STRERROR -DLINUX -Dlinux -Wall -Wshadow -Werror -DXP_UNIX -DXP_UNIX -UDEBUG -DNDEBUG -D_DEFAULT_SOURCE -D_BSD_SOURCE -D_POSIX_SOURCE -DSDB_MEASURE_USE_TEMP_DIR -D_REENTRANT -UDEBUG -DNDEBUG -D_DEFAULT_SOURCE -D_BSD_SOURCE -D_POSIX_SOURCE -DSDB_MEASURE_USE_TEMP_DIR -D_REENTRANT -DNSS_DISABLE_SSE3 -DNSS_NO_INIT_SUPPORT -DUSE_UTIL_DIRECTLY -DNO_NSPR_10_SUPPORT -DSSL_DISABLE_DEPRECATED_CIPHER_SUITE_NAMES -I/home/ffortier/code/perso/nss/../nspr/dist/include/nspr -I../../../../../dist/Linux6.6_x86_64_cc_glibc_PTH_64_OPT.OBJ/include -I../../../../../dist/public/nss -I../../../../../dist/private/nss  pkix_crlselector.c
cc -o Linux6.6_x86_64_cc_glibc_PTH_64_OPT.OBJ/pkix_comcrlselparams.o -c -std=c99 -O2 -fPIC  -m64 -pipe -ffunction-sections -fdata-sections -DHAVE_STRERROR -DLINUX -Dlinux -Wall -Wshadow -Werror -DXP_UNIX -DXP_UNIX -UDEBUG -DNDEBUG -D_DEFAULT_SOURCE -D_BSD_SOURCE -D_POSIX_SOURCE -DSDB_MEASURE_USE_TEMP_DIR -D_REENTRANT -UDEBUG -DNDEBUG -D_DEFAULT_SOURCE -D_BSD_SOURCE -D_POSIX_SOURCE -DSDB_MEASURE_USE_TEMP_DIR -D_REENTRANT -DNSS_DISABLE_SSE3 -DNSS_NO_INIT_SUPPORT -DUSE_UTIL_DIRECTLY -DNO_NSPR_10_SUPPORT -DSSL_DISABLE_DEPRECATED_CIPHER_SUITE_NAMES -I/home/ffortier/code/perso/nss/../nspr/dist/include/nspr -I../../../../../dist/Linux6.6_x86_64_cc_glibc_PTH_64_OPT.OBJ/include -I../../../../../dist/public/nss -I../../../../../dist/private/nss  pkix_comcrlselparams.c
rm -f Linux6.6_x86_64_cc_glibc_PTH_64_OPT.OBJ/libpkixcrlsel.a
ar cr Linux6.6_x86_64_cc_glibc_PTH_64_OPT.OBJ/libpkixcrlsel.a Linux6.6_x86_64_cc_glibc_PTH_64_OPT.OBJ/pkix_crlselector.o Linux6.6_x86_64_cc_glibc_PTH_64_OPT.OBJ/pkix_comcrlselparams.o
echo Linux6.6_x86_64_cc_glibc_PTH_64_OPT.OBJ/libpkixcrlsel.a
Linux6.6_x86_64_cc_glibc_PTH_64_OPT.OBJ/libpkixcrlsel.a
../../../../coreconf/nsinstall/Linux6.6_x86_64_cc_glibc_PTH_64_OPT.OBJ/nsinstall -R -m 664 Linux6.6_x86_64_cc_glibc_PTH_64_OPT.OBJ/libpkixcrlsel.a ../../../../../dist/Linux6.6_x86_64_cc_glibc_PTH_64_OPT.OBJ/lib
make[5]: Leaving directory '/home/ffortier/code/perso/nss/lib/libpkix/pkix/crlsel'
make[5]: Entering directory '/home/ffortier/code/perso/nss/lib/libpkix/pkix/checker'
cc -o Linux6.6_x86_64_cc_glibc_PTH_64_OPT.OBJ/pkix_basicconstraintschecker.o -c -std=c99 -O2 -fPIC  -m64 -pipe -ffunction-sections -fdata-sections -DHAVE_STRERROR -DLINUX -Dlinux -Wall -Wshadow -Werror -DXP_UNIX -DXP_UNIX -UDEBUG -DNDEBUG -D_DEFAULT_SOURCE -D_BSD_SOURCE -D_POSIX_SOURCE -DSDB_MEASURE_USE_TEMP_DIR -D_REENTRANT -UDEBUG -DNDEBUG -D_DEFAULT_SOURCE -D_BSD_SOURCE -D_POSIX_SOURCE -DSDB_MEASURE_USE_TEMP_DIR -D_REENTRANT -DNSS_DISABLE_SSE3 -DNSS_NO_INIT_SUPPORT -DUSE_UTIL_DIRECTLY -DNO_NSPR_10_SUPPORT -DSSL_DISABLE_DEPRECATED_CIPHER_SUITE_NAMES -I/home/ffortier/code/perso/nss/../nspr/dist/include/nspr -I../../../../../dist/Linux6.6_x86_64_cc_glibc_PTH_64_OPT.OBJ/include -I../../../../../dist/public/nss -I../../../../../dist/private/nss  pkix_basicconstraintschecker.c
cc -o Linux6.6_x86_64_cc_glibc_PTH_64_OPT.OBJ/pkix_certchainchecker.o -c -std=c99 -O2 -fPIC  -m64 -pipe -ffunction-sections -fdata-sections -DHAVE_STRERROR -DLINUX -Dlinux -Wall -Wshadow -Werror -DXP_UNIX -DXP_UNIX -UDEBUG -DNDEBUG -D_DEFAULT_SOURCE -D_BSD_SOURCE -D_POSIX_SOURCE -DSDB_MEASURE_USE_TEMP_DIR -D_REENTRANT -UDEBUG -DNDEBUG -D_DEFAULT_SOURCE -D_BSD_SOURCE -D_POSIX_SOURCE -DSDB_MEASURE_USE_TEMP_DIR -D_REENTRANT -DNSS_DISABLE_SSE3 -DNSS_NO_INIT_SUPPORT -DUSE_UTIL_DIRECTLY -DNO_NSPR_10_SUPPORT -DSSL_DISABLE_DEPRECATED_CIPHER_SUITE_NAMES -I/home/ffortier/code/perso/nss/../nspr/dist/include/nspr -I../../../../../dist/Linux6.6_x86_64_cc_glibc_PTH_64_OPT.OBJ/include -I../../../../../dist/public/nss -I../../../../../dist/private/nss  pkix_certchainchecker.c
cc -o Linux6.6_x86_64_cc_glibc_PTH_64_OPT.OBJ/pkix_crlchecker.o -c -std=c99 -O2 -fPIC  -m64 -pipe -ffunction-sections -fdata-sections -DHAVE_STRERROR -DLINUX -Dlinux -Wall -Wshadow -Werror -DXP_UNIX -DXP_UNIX -UDEBUG -DNDEBUG -D_DEFAULT_SOURCE -D_BSD_SOURCE -D_POSIX_SOURCE -DSDB_MEASURE_USE_TEMP_DIR -D_REENTRANT -UDEBUG -DNDEBUG -D_DEFAULT_SOURCE -D_BSD_SOURCE -D_POSIX_SOURCE -DSDB_MEASURE_USE_TEMP_DIR -D_REENTRANT -DNSS_DISABLE_SSE3 -DNSS_NO_INIT_SUPPORT -DUSE_UTIL_DIRECTLY -DNO_NSPR_10_SUPPORT -DSSL_DISABLE_DEPRECATED_CIPHER_SUITE_NAMES -I/home/ffortier/code/perso/nss/../nspr/dist/include/nspr -I../../../../../dist/Linux6.6_x86_64_cc_glibc_PTH_64_OPT.OBJ/include -I../../../../../dist/public/nss -I../../../../../dist/private/nss  pkix_crlchecker.c
cc -o Linux6.6_x86_64_cc_glibc_PTH_64_OPT.OBJ/pkix_ekuchecker.o -c -std=c99 -O2 -fPIC  -m64 -pipe -ffunction-sections -fdata-sections -DHAVE_STRERROR -DLINUX -Dlinux -Wall -Wshadow -Werror -DXP_UNIX -DXP_UNIX -UDEBUG -DNDEBUG -D_DEFAULT_SOURCE -D_BSD_SOURCE -D_POSIX_SOURCE -DSDB_MEASURE_USE_TEMP_DIR -D_REENTRANT -UDEBUG -DNDEBUG -D_DEFAULT_SOURCE -D_BSD_SOURCE -D_POSIX_SOURCE -DSDB_MEASURE_USE_TEMP_DIR -D_REENTRANT -DNSS_DISABLE_SSE3 -DNSS_NO_INIT_SUPPORT -DUSE_UTIL_DIRECTLY -DNO_NSPR_10_SUPPORT -DSSL_DISABLE_DEPRECATED_CIPHER_SUITE_NAMES -I/home/ffortier/code/perso/nss/../nspr/dist/include/nspr -I../../../../../dist/Linux6.6_x86_64_cc_glibc_PTH_64_OPT.OBJ/include -I../../../../../dist/public/nss -I../../../../../dist/private/nss  pkix_ekuchecker.c
cc -o Linux6.6_x86_64_cc_glibc_PTH_64_OPT.OBJ/pkix_expirationchecker.o -c -std=c99 -O2 -fPIC  -m64 -pipe -ffunction-sections -fdata-sections -DHAVE_STRERROR -DLINUX -Dlinux -Wall -Wshadow -Werror -DXP_UNIX -DXP_UNIX -UDEBUG -DNDEBUG -D_DEFAULT_SOURCE -D_BSD_SOURCE -D_POSIX_SOURCE -DSDB_MEASURE_USE_TEMP_DIR -D_REENTRANT -UDEBUG -DNDEBUG -D_DEFAULT_SOURCE -D_BSD_SOURCE -D_POSIX_SOURCE -DSDB_MEASURE_USE_TEMP_DIR -D_REENTRANT -DNSS_DISABLE_SSE3 -DNSS_NO_INIT_SUPPORT -DUSE_UTIL_DIRECTLY -DNO_NSPR_10_SUPPORT -DSSL_DISABLE_DEPRECATED_CIPHER_SUITE_NAMES -I/home/ffortier/code/perso/nss/../nspr/dist/include/nspr -I../../../../../dist/Linux6.6_x86_64_cc_glibc_PTH_64_OPT.OBJ/include -I../../../../../dist/public/nss -I../../../../../dist/private/nss  pkix_expirationchecker.c
cc -o Linux6.6_x86_64_cc_glibc_PTH_64_OPT.OBJ/pkix_namechainingchecker.o -c -std=c99 -O2 -fPIC  -m64 -pipe -ffunction-sections -fdata-sections -DHAVE_STRERROR -DLINUX -Dlinux -Wall -Wshadow -Werror -DXP_UNIX -DXP_UNIX -UDEBUG -DNDEBUG -D_DEFAULT_SOURCE -D_BSD_SOURCE -D_POSIX_SOURCE -DSDB_MEASURE_USE_TEMP_DIR -D_REENTRANT -UDEBUG -DNDEBUG -D_DEFAULT_SOURCE -D_BSD_SOURCE -D_POSIX_SOURCE -DSDB_MEASURE_USE_TEMP_DIR -D_REENTRANT -DNSS_DISABLE_SSE3 -DNSS_NO_INIT_SUPPORT -DUSE_UTIL_DIRECTLY -DNO_NSPR_10_SUPPORT -DSSL_DISABLE_DEPRECATED_CIPHER_SUITE_NAMES -I/home/ffortier/code/perso/nss/../nspr/dist/include/nspr -I../../../../../dist/Linux6.6_x86_64_cc_glibc_PTH_64_OPT.OBJ/include -I../../../../../dist/public/nss -I../../../../../dist/private/nss  pkix_namechainingchecker.c
cc -o Linux6.6_x86_64_cc_glibc_PTH_64_OPT.OBJ/pkix_nameconstraintschecker.o -c -std=c99 -O2 -fPIC  -m64 -pipe -ffunction-sections -fdata-sections -DHAVE_STRERROR -DLINUX -Dlinux -Wall -Wshadow -Werror -DXP_UNIX -DXP_UNIX -UDEBUG -DNDEBUG -D_DEFAULT_SOURCE -D_BSD_SOURCE -D_POSIX_SOURCE -DSDB_MEASURE_USE_TEMP_DIR -D_REENTRANT -UDEBUG -DNDEBUG -D_DEFAULT_SOURCE -D_BSD_SOURCE -D_POSIX_SOURCE -DSDB_MEASURE_USE_TEMP_DIR -D_REENTRANT -DNSS_DISABLE_SSE3 -DNSS_NO_INIT_SUPPORT -DUSE_UTIL_DIRECTLY -DNO_NSPR_10_SUPPORT -DSSL_DISABLE_DEPRECATED_CIPHER_SUITE_NAMES -I/home/ffortier/code/perso/nss/../nspr/dist/include/nspr -I../../../../../dist/Linux6.6_x86_64_cc_glibc_PTH_64_OPT.OBJ/include -I../../../../../dist/public/nss -I../../../../../dist/private/nss  pkix_nameconstraintschecker.c
cc -o Linux6.6_x86_64_cc_glibc_PTH_64_OPT.OBJ/pkix_ocspchecker.o -c -std=c99 -O2 -fPIC  -m64 -pipe -ffunction-sections -fdata-sections -DHAVE_STRERROR -DLINUX -Dlinux -Wall -Wshadow -Werror -DXP_UNIX -DXP_UNIX -UDEBUG -DNDEBUG -D_DEFAULT_SOURCE -D_BSD_SOURCE -D_POSIX_SOURCE -DSDB_MEASURE_USE_TEMP_DIR -D_REENTRANT -UDEBUG -DNDEBUG -D_DEFAULT_SOURCE -D_BSD_SOURCE -D_POSIX_SOURCE -DSDB_MEASURE_USE_TEMP_DIR -D_REENTRANT -DNSS_DISABLE_SSE3 -DNSS_NO_INIT_SUPPORT -DUSE_UTIL_DIRECTLY -DNO_NSPR_10_SUPPORT -DSSL_DISABLE_DEPRECATED_CIPHER_SUITE_NAMES -I/home/ffortier/code/perso/nss/../nspr/dist/include/nspr -I../../../../../dist/Linux6.6_x86_64_cc_glibc_PTH_64_OPT.OBJ/include -I../../../../../dist/public/nss -I../../../../../dist/private/nss  pkix_ocspchecker.c
cc -o Linux6.6_x86_64_cc_glibc_PTH_64_OPT.OBJ/pkix_revocationmethod.o -c -std=c99 -O2 -fPIC  -m64 -pipe -ffunction-sections -fdata-sections -DHAVE_STRERROR -DLINUX -Dlinux -Wall -Wshadow -Werror -DXP_UNIX -DXP_UNIX -UDEBUG -DNDEBUG -D_DEFAULT_SOURCE -D_BSD_SOURCE -D_POSIX_SOURCE -DSDB_MEASURE_USE_TEMP_DIR -D_REENTRANT -UDEBUG -DNDEBUG -D_DEFAULT_SOURCE -D_BSD_SOURCE -D_POSIX_SOURCE -DSDB_MEASURE_USE_TEMP_DIR -D_REENTRANT -DNSS_DISABLE_SSE3 -DNSS_NO_INIT_SUPPORT -DUSE_UTIL_DIRECTLY -DNO_NSPR_10_SUPPORT -DSSL_DISABLE_DEPRECATED_CIPHER_SUITE_NAMES -I/home/ffortier/code/perso/nss/../nspr/dist/include/nspr -I../../../../../dist/Linux6.6_x86_64_cc_glibc_PTH_64_OPT.OBJ/include -I../../../../../dist/public/nss -I../../../../../dist/private/nss  pkix_revocationmethod.c
cc -o Linux6.6_x86_64_cc_glibc_PTH_64_OPT.OBJ/pkix_revocationchecker.o -c -std=c99 -O2 -fPIC  -m64 -pipe -ffunction-sections -fdata-sections -DHAVE_STRERROR -DLINUX -Dlinux -Wall -Wshadow -Werror -DXP_UNIX -DXP_UNIX -UDEBUG -DNDEBUG -D_DEFAULT_SOURCE -D_BSD_SOURCE -D_POSIX_SOURCE -DSDB_MEASURE_USE_TEMP_DIR -D_REENTRANT -UDEBUG -DNDEBUG -D_DEFAULT_SOURCE -D_BSD_SOURCE -D_POSIX_SOURCE -DSDB_MEASURE_USE_TEMP_DIR -D_REENTRANT -DNSS_DISABLE_SSE3 -DNSS_NO_INIT_SUPPORT -DUSE_UTIL_DIRECTLY -DNO_NSPR_10_SUPPORT -DSSL_DISABLE_DEPRECATED_CIPHER_SUITE_NAMES -I/home/ffortier/code/perso/nss/../nspr/dist/include/nspr -I../../../../../dist/Linux6.6_x86_64_cc_glibc_PTH_64_OPT.OBJ/include -I../../../../../dist/public/nss -I../../../../../dist/private/nss  pkix_revocationchecker.c
cc -o Linux6.6_x86_64_cc_glibc_PTH_64_OPT.OBJ/pkix_policychecker.o -c -std=c99 -O2 -fPIC  -m64 -pipe -ffunction-sections -fdata-sections -DHAVE_STRERROR -DLINUX -Dlinux -Wall -Wshadow -Werror -DXP_UNIX -DXP_UNIX -UDEBUG -DNDEBUG -D_DEFAULT_SOURCE -D_BSD_SOURCE -D_POSIX_SOURCE -DSDB_MEASURE_USE_TEMP_DIR -D_REENTRANT -UDEBUG -DNDEBUG -D_DEFAULT_SOURCE -D_BSD_SOURCE -D_POSIX_SOURCE -DSDB_MEASURE_USE_TEMP_DIR -D_REENTRANT -DNSS_DISABLE_SSE3 -DNSS_NO_INIT_SUPPORT -DUSE_UTIL_DIRECTLY -DNO_NSPR_10_SUPPORT -DSSL_DISABLE_DEPRECATED_CIPHER_SUITE_NAMES -I/home/ffortier/code/perso/nss/../nspr/dist/include/nspr -I../../../../../dist/Linux6.6_x86_64_cc_glibc_PTH_64_OPT.OBJ/include -I../../../../../dist/public/nss -I../../../../../dist/private/nss  pkix_policychecker.c
cc -o Linux6.6_x86_64_cc_glibc_PTH_64_OPT.OBJ/pkix_signaturechecker.o -c -std=c99 -O2 -fPIC  -m64 -pipe -ffunction-sections -fdata-sections -DHAVE_STRERROR -DLINUX -Dlinux -Wall -Wshadow -Werror -DXP_UNIX -DXP_UNIX -UDEBUG -DNDEBUG -D_DEFAULT_SOURCE -D_BSD_SOURCE -D_POSIX_SOURCE -DSDB_MEASURE_USE_TEMP_DIR -D_REENTRANT -UDEBUG -DNDEBUG -D_DEFAULT_SOURCE -D_BSD_SOURCE -D_POSIX_SOURCE -DSDB_MEASURE_USE_TEMP_DIR -D_REENTRANT -DNSS_DISABLE_SSE3 -DNSS_NO_INIT_SUPPORT -DUSE_UTIL_DIRECTLY -DNO_NSPR_10_SUPPORT -DSSL_DISABLE_DEPRECATED_CIPHER_SUITE_NAMES -I/home/ffortier/code/perso/nss/../nspr/dist/include/nspr -I../../../../../dist/Linux6.6_x86_64_cc_glibc_PTH_64_OPT.OBJ/include -I../../../../../dist/public/nss -I../../../../../dist/private/nss  pkix_signaturechecker.c
cc -o Linux6.6_x86_64_cc_glibc_PTH_64_OPT.OBJ/pkix_targetcertchecker.o -c -std=c99 -O2 -fPIC  -m64 -pipe -ffunction-sections -fdata-sections -DHAVE_STRERROR -DLINUX -Dlinux -Wall -Wshadow -Werror -DXP_UNIX -DXP_UNIX -UDEBUG -DNDEBUG -D_DEFAULT_SOURCE -D_BSD_SOURCE -D_POSIX_SOURCE -DSDB_MEASURE_USE_TEMP_DIR -D_REENTRANT -UDEBUG -DNDEBUG -D_DEFAULT_SOURCE -D_BSD_SOURCE -D_POSIX_SOURCE -DSDB_MEASURE_USE_TEMP_DIR -D_REENTRANT -DNSS_DISABLE_SSE3 -DNSS_NO_INIT_SUPPORT -DUSE_UTIL_DIRECTLY -DNO_NSPR_10_SUPPORT -DSSL_DISABLE_DEPRECATED_CIPHER_SUITE_NAMES -I/home/ffortier/code/perso/nss/../nspr/dist/include/nspr -I../../../../../dist/Linux6.6_x86_64_cc_glibc_PTH_64_OPT.OBJ/include -I../../../../../dist/public/nss -I../../../../../dist/private/nss  pkix_targetcertchecker.c
rm -f Linux6.6_x86_64_cc_glibc_PTH_64_OPT.OBJ/libpkixchecker.a
ar cr Linux6.6_x86_64_cc_glibc_PTH_64_OPT.OBJ/libpkixchecker.a Linux6.6_x86_64_cc_glibc_PTH_64_OPT.OBJ/pkix_basicconstraintschecker.o Linux6.6_x86_64_cc_glibc_PTH_64_OPT.OBJ/pkix_certchainchecker.o Linux6.6_x86_64_cc_glibc_PTH_64_OPT.OBJ/pkix_crlchecker.o Linux6.6_x86_64_cc_glibc_PTH_64_OPT.OBJ/pkix_ekuchecker.o Linux6.6_x86_64_cc_glibc_PTH_64_OPT.OBJ/pkix_expirationchecker.o Linux6.6_x86_64_cc_glibc_PTH_64_OPT.OBJ/pkix_namechainingchecker.o Linux6.6_x86_64_cc_glibc_PTH_64_OPT.OBJ/pkix_nameconstraintschecker.o Linux6.6_x86_64_cc_glibc_PTH_64_OPT.OBJ/pkix_ocspchecker.o Linux6.6_x86_64_cc_glibc_PTH_64_OPT.OBJ/pkix_revocationmethod.o Linux6.6_x86_64_cc_glibc_PTH_64_OPT.OBJ/pkix_revocationchecker.o Linux6.6_x86_64_cc_glibc_PTH_64_OPT.OBJ/pkix_policychecker.o Linux6.6_x86_64_cc_glibc_PTH_64_OPT.OBJ/pkix_signaturechecker.o Linux6.6_x86_64_cc_glibc_PTH_64_OPT.OBJ/pkix_targetcertchecker.o
echo Linux6.6_x86_64_cc_glibc_PTH_64_OPT.OBJ/libpkixchecker.a
Linux6.6_x86_64_cc_glibc_PTH_64_OPT.OBJ/libpkixchecker.a
../../../../coreconf/nsinstall/Linux6.6_x86_64_cc_glibc_PTH_64_OPT.OBJ/nsinstall -R -m 664 Linux6.6_x86_64_cc_glibc_PTH_64_OPT.OBJ/libpkixchecker.a ../../../../../dist/Linux6.6_x86_64_cc_glibc_PTH_64_OPT.OBJ/lib
make[5]: Leaving directory '/home/ffortier/code/perso/nss/lib/libpkix/pkix/checker'
make[5]: Entering directory '/home/ffortier/code/perso/nss/lib/libpkix/pkix/params'
cc -o Linux6.6_x86_64_cc_glibc_PTH_64_OPT.OBJ/pkix_trustanchor.o -c -std=c99 -O2 -fPIC  -m64 -pipe -ffunction-sections -fdata-sections -DHAVE_STRERROR -DLINUX -Dlinux -Wall -Wshadow -Werror -DXP_UNIX -DXP_UNIX -UDEBUG -DNDEBUG -D_DEFAULT_SOURCE -D_BSD_SOURCE -D_POSIX_SOURCE -DSDB_MEASURE_USE_TEMP_DIR -D_REENTRANT -UDEBUG -DNDEBUG -D_DEFAULT_SOURCE -D_BSD_SOURCE -D_POSIX_SOURCE -DSDB_MEASURE_USE_TEMP_DIR -D_REENTRANT -DNSS_DISABLE_SSE3 -DNSS_NO_INIT_SUPPORT -DUSE_UTIL_DIRECTLY -DNO_NSPR_10_SUPPORT -DSSL_DISABLE_DEPRECATED_CIPHER_SUITE_NAMES -I/home/ffortier/code/perso/nss/../nspr/dist/include/nspr -I../../../../../dist/Linux6.6_x86_64_cc_glibc_PTH_64_OPT.OBJ/include -I../../../../../dist/public/nss -I../../../../../dist/private/nss  pkix_trustanchor.c
cc -o Linux6.6_x86_64_cc_glibc_PTH_64_OPT.OBJ/pkix_procparams.o -c -std=c99 -O2 -fPIC  -m64 -pipe -ffunction-sections -fdata-sections -DHAVE_STRERROR -DLINUX -Dlinux -Wall -Wshadow -Werror -DXP_UNIX -DXP_UNIX -UDEBUG -DNDEBUG -D_DEFAULT_SOURCE -D_BSD_SOURCE -D_POSIX_SOURCE -DSDB_MEASURE_USE_TEMP_DIR -D_REENTRANT -UDEBUG -DNDEBUG -D_DEFAULT_SOURCE -D_BSD_SOURCE -D_POSIX_SOURCE -DSDB_MEASURE_USE_TEMP_DIR -D_REENTRANT -DNSS_DISABLE_SSE3 -DNSS_NO_INIT_SUPPORT -DUSE_UTIL_DIRECTLY -DNO_NSPR_10_SUPPORT -DSSL_DISABLE_DEPRECATED_CIPHER_SUITE_NAMES -I/home/ffortier/code/perso/nss/../nspr/dist/include/nspr -I../../../../../dist/Linux6.6_x86_64_cc_glibc_PTH_64_OPT.OBJ/include -I../../../../../dist/public/nss -I../../../../../dist/private/nss  pkix_procparams.c
cc -o Linux6.6_x86_64_cc_glibc_PTH_64_OPT.OBJ/pkix_valparams.o -c -std=c99 -O2 -fPIC  -m64 -pipe -ffunction-sections -fdata-sections -DHAVE_STRERROR -DLINUX -Dlinux -Wall -Wshadow -Werror -DXP_UNIX -DXP_UNIX -UDEBUG -DNDEBUG -D_DEFAULT_SOURCE -D_BSD_SOURCE -D_POSIX_SOURCE -DSDB_MEASURE_USE_TEMP_DIR -D_REENTRANT -UDEBUG -DNDEBUG -D_DEFAULT_SOURCE -D_BSD_SOURCE -D_POSIX_SOURCE -DSDB_MEASURE_USE_TEMP_DIR -D_REENTRANT -DNSS_DISABLE_SSE3 -DNSS_NO_INIT_SUPPORT -DUSE_UTIL_DIRECTLY -DNO_NSPR_10_SUPPORT -DSSL_DISABLE_DEPRECATED_CIPHER_SUITE_NAMES -I/home/ffortier/code/perso/nss/../nspr/dist/include/nspr -I../../../../../dist/Linux6.6_x86_64_cc_glibc_PTH_64_OPT.OBJ/include -I../../../../../dist/public/nss -I../../../../../dist/private/nss  pkix_valparams.c
cc -o Linux6.6_x86_64_cc_glibc_PTH_64_OPT.OBJ/pkix_resourcelimits.o -c -std=c99 -O2 -fPIC  -m64 -pipe -ffunction-sections -fdata-sections -DHAVE_STRERROR -DLINUX -Dlinux -Wall -Wshadow -Werror -DXP_UNIX -DXP_UNIX -UDEBUG -DNDEBUG -D_DEFAULT_SOURCE -D_BSD_SOURCE -D_POSIX_SOURCE -DSDB_MEASURE_USE_TEMP_DIR -D_REENTRANT -UDEBUG -DNDEBUG -D_DEFAULT_SOURCE -D_BSD_SOURCE -D_POSIX_SOURCE -DSDB_MEASURE_USE_TEMP_DIR -D_REENTRANT -DNSS_DISABLE_SSE3 -DNSS_NO_INIT_SUPPORT -DUSE_UTIL_DIRECTLY -DNO_NSPR_10_SUPPORT -DSSL_DISABLE_DEPRECATED_CIPHER_SUITE_NAMES -I/home/ffortier/code/perso/nss/../nspr/dist/include/nspr -I../../../../../dist/Linux6.6_x86_64_cc_glibc_PTH_64_OPT.OBJ/include -I../../../../../dist/public/nss -I../../../../../dist/private/nss  pkix_resourcelimits.c
rm -f Linux6.6_x86_64_cc_glibc_PTH_64_OPT.OBJ/libpkixparams.a
ar cr Linux6.6_x86_64_cc_glibc_PTH_64_OPT.OBJ/libpkixparams.a Linux6.6_x86_64_cc_glibc_PTH_64_OPT.OBJ/pkix_trustanchor.o Linux6.6_x86_64_cc_glibc_PTH_64_OPT.OBJ/pkix_procparams.o Linux6.6_x86_64_cc_glibc_PTH_64_OPT.OBJ/pkix_valparams.o Linux6.6_x86_64_cc_glibc_PTH_64_OPT.OBJ/pkix_resourcelimits.o
echo Linux6.6_x86_64_cc_glibc_PTH_64_OPT.OBJ/libpkixparams.a
Linux6.6_x86_64_cc_glibc_PTH_64_OPT.OBJ/libpkixparams.a
../../../../coreconf/nsinstall/Linux6.6_x86_64_cc_glibc_PTH_64_OPT.OBJ/nsinstall -R -m 664 Linux6.6_x86_64_cc_glibc_PTH_64_OPT.OBJ/libpkixparams.a ../../../../../dist/Linux6.6_x86_64_cc_glibc_PTH_64_OPT.OBJ/lib
make[5]: Leaving directory '/home/ffortier/code/perso/nss/lib/libpkix/pkix/params'
make[5]: Entering directory '/home/ffortier/code/perso/nss/lib/libpkix/pkix/results'
cc -o Linux6.6_x86_64_cc_glibc_PTH_64_OPT.OBJ/pkix_buildresult.o -c -std=c99 -O2 -fPIC  -m64 -pipe -ffunction-sections -fdata-sections -DHAVE_STRERROR -DLINUX -Dlinux -Wall -Wshadow -Werror -DXP_UNIX -DXP_UNIX -UDEBUG -DNDEBUG -D_DEFAULT_SOURCE -D_BSD_SOURCE -D_POSIX_SOURCE -DSDB_MEASURE_USE_TEMP_DIR -D_REENTRANT -UDEBUG -DNDEBUG -D_DEFAULT_SOURCE -D_BSD_SOURCE -D_POSIX_SOURCE -DSDB_MEASURE_USE_TEMP_DIR -D_REENTRANT -DNSS_DISABLE_SSE3 -DNSS_NO_INIT_SUPPORT -DUSE_UTIL_DIRECTLY -DNO_NSPR_10_SUPPORT -DSSL_DISABLE_DEPRECATED_CIPHER_SUITE_NAMES -I/home/ffortier/code/perso/nss/../nspr/dist/include/nspr -I../../../../../dist/Linux6.6_x86_64_cc_glibc_PTH_64_OPT.OBJ/include -I../../../../../dist/public/nss -I../../../../../dist/private/nss  pkix_buildresult.c
cc -o Linux6.6_x86_64_cc_glibc_PTH_64_OPT.OBJ/pkix_policynode.o -c -std=c99 -O2 -fPIC  -m64 -pipe -ffunction-sections -fdata-sections -DHAVE_STRERROR -DLINUX -Dlinux -Wall -Wshadow -Werror -DXP_UNIX -DXP_UNIX -UDEBUG -DNDEBUG -D_DEFAULT_SOURCE -D_BSD_SOURCE -D_POSIX_SOURCE -DSDB_MEASURE_USE_TEMP_DIR -D_REENTRANT -UDEBUG -DNDEBUG -D_DEFAULT_SOURCE -D_BSD_SOURCE -D_POSIX_SOURCE -DSDB_MEASURE_USE_TEMP_DIR -D_REENTRANT -DNSS_DISABLE_SSE3 -DNSS_NO_INIT_SUPPORT -DUSE_UTIL_DIRECTLY -DNO_NSPR_10_SUPPORT -DSSL_DISABLE_DEPRECATED_CIPHER_SUITE_NAMES -I/home/ffortier/code/perso/nss/../nspr/dist/include/nspr -I../../../../../dist/Linux6.6_x86_64_cc_glibc_PTH_64_OPT.OBJ/include -I../../../../../dist/public/nss -I../../../../../dist/private/nss  pkix_policynode.c
cc -o Linux6.6_x86_64_cc_glibc_PTH_64_OPT.OBJ/pkix_valresult.o -c -std=c99 -O2 -fPIC  -m64 -pipe -ffunction-sections -fdata-sections -DHAVE_STRERROR -DLINUX -Dlinux -Wall -Wshadow -Werror -DXP_UNIX -DXP_UNIX -UDEBUG -DNDEBUG -D_DEFAULT_SOURCE -D_BSD_SOURCE -D_POSIX_SOURCE -DSDB_MEASURE_USE_TEMP_DIR -D_REENTRANT -UDEBUG -DNDEBUG -D_DEFAULT_SOURCE -D_BSD_SOURCE -D_POSIX_SOURCE -DSDB_MEASURE_USE_TEMP_DIR -D_REENTRANT -DNSS_DISABLE_SSE3 -DNSS_NO_INIT_SUPPORT -DUSE_UTIL_DIRECTLY -DNO_NSPR_10_SUPPORT -DSSL_DISABLE_DEPRECATED_CIPHER_SUITE_NAMES -I/home/ffortier/code/perso/nss/../nspr/dist/include/nspr -I../../../../../dist/Linux6.6_x86_64_cc_glibc_PTH_64_OPT.OBJ/include -I../../../../../dist/public/nss -I../../../../../dist/private/nss  pkix_valresult.c
cc -o Linux6.6_x86_64_cc_glibc_PTH_64_OPT.OBJ/pkix_verifynode.o -c -std=c99 -O2 -fPIC  -m64 -pipe -ffunction-sections -fdata-sections -DHAVE_STRERROR -DLINUX -Dlinux -Wall -Wshadow -Werror -DXP_UNIX -DXP_UNIX -UDEBUG -DNDEBUG -D_DEFAULT_SOURCE -D_BSD_SOURCE -D_POSIX_SOURCE -DSDB_MEASURE_USE_TEMP_DIR -D_REENTRANT -UDEBUG -DNDEBUG -D_DEFAULT_SOURCE -D_BSD_SOURCE -D_POSIX_SOURCE -DSDB_MEASURE_USE_TEMP_DIR -D_REENTRANT -DNSS_DISABLE_SSE3 -DNSS_NO_INIT_SUPPORT -DUSE_UTIL_DIRECTLY -DNO_NSPR_10_SUPPORT -DSSL_DISABLE_DEPRECATED_CIPHER_SUITE_NAMES -I/home/ffortier/code/perso/nss/../nspr/dist/include/nspr -I../../../../../dist/Linux6.6_x86_64_cc_glibc_PTH_64_OPT.OBJ/include -I../../../../../dist/public/nss -I../../../../../dist/private/nss  pkix_verifynode.c
rm -f Linux6.6_x86_64_cc_glibc_PTH_64_OPT.OBJ/libpkixresults.a
ar cr Linux6.6_x86_64_cc_glibc_PTH_64_OPT.OBJ/libpkixresults.a Linux6.6_x86_64_cc_glibc_PTH_64_OPT.OBJ/pkix_buildresult.o Linux6.6_x86_64_cc_glibc_PTH_64_OPT.OBJ/pkix_policynode.o Linux6.6_x86_64_cc_glibc_PTH_64_OPT.OBJ/pkix_valresult.o Linux6.6_x86_64_cc_glibc_PTH_64_OPT.OBJ/pkix_verifynode.o
echo Linux6.6_x86_64_cc_glibc_PTH_64_OPT.OBJ/libpkixresults.a
Linux6.6_x86_64_cc_glibc_PTH_64_OPT.OBJ/libpkixresults.a
../../../../coreconf/nsinstall/Linux6.6_x86_64_cc_glibc_PTH_64_OPT.OBJ/nsinstall -R -m 664 Linux6.6_x86_64_cc_glibc_PTH_64_OPT.OBJ/libpkixresults.a ../../../../../dist/Linux6.6_x86_64_cc_glibc_PTH_64_OPT.OBJ/lib
make[5]: Leaving directory '/home/ffortier/code/perso/nss/lib/libpkix/pkix/results'
make[5]: Entering directory '/home/ffortier/code/perso/nss/lib/libpkix/pkix/store'
cc -o Linux6.6_x86_64_cc_glibc_PTH_64_OPT.OBJ/pkix_store.o -c -std=c99 -O2 -fPIC  -m64 -pipe -ffunction-sections -fdata-sections -DHAVE_STRERROR -DLINUX -Dlinux -Wall -Wshadow -Werror -DXP_UNIX -DXP_UNIX -UDEBUG -DNDEBUG -D_DEFAULT_SOURCE -D_BSD_SOURCE -D_POSIX_SOURCE -DSDB_MEASURE_USE_TEMP_DIR -D_REENTRANT -UDEBUG -DNDEBUG -D_DEFAULT_SOURCE -D_BSD_SOURCE -D_POSIX_SOURCE -DSDB_MEASURE_USE_TEMP_DIR -D_REENTRANT -DNSS_DISABLE_SSE3 -DNSS_NO_INIT_SUPPORT -DUSE_UTIL_DIRECTLY -DNO_NSPR_10_SUPPORT -DSSL_DISABLE_DEPRECATED_CIPHER_SUITE_NAMES -I/home/ffortier/code/perso/nss/../nspr/dist/include/nspr -I../../../../../dist/Linux6.6_x86_64_cc_glibc_PTH_64_OPT.OBJ/include -I../../../../../dist/public/nss -I../../../../../dist/private/nss  pkix_store.c
rm -f Linux6.6_x86_64_cc_glibc_PTH_64_OPT.OBJ/libpkixstore.a
ar cr Linux6.6_x86_64_cc_glibc_PTH_64_OPT.OBJ/libpkixstore.a Linux6.6_x86_64_cc_glibc_PTH_64_OPT.OBJ/pkix_store.o
echo Linux6.6_x86_64_cc_glibc_PTH_64_OPT.OBJ/libpkixstore.a
Linux6.6_x86_64_cc_glibc_PTH_64_OPT.OBJ/libpkixstore.a
../../../../coreconf/nsinstall/Linux6.6_x86_64_cc_glibc_PTH_64_OPT.OBJ/nsinstall -R -m 664 Linux6.6_x86_64_cc_glibc_PTH_64_OPT.OBJ/libpkixstore.a ../../../../../dist/Linux6.6_x86_64_cc_glibc_PTH_64_OPT.OBJ/lib
make[5]: Leaving directory '/home/ffortier/code/perso/nss/lib/libpkix/pkix/store'
make[5]: Entering directory '/home/ffortier/code/perso/nss/lib/libpkix/pkix/top'
cc -o Linux6.6_x86_64_cc_glibc_PTH_64_OPT.OBJ/pkix_validate.o -c -std=c99 -O2 -fPIC  -m64 -pipe -ffunction-sections -fdata-sections -DHAVE_STRERROR -DLINUX -Dlinux -Wall -Wshadow -Werror -DXP_UNIX -DXP_UNIX -UDEBUG -DNDEBUG -D_DEFAULT_SOURCE -D_BSD_SOURCE -D_POSIX_SOURCE -DSDB_MEASURE_USE_TEMP_DIR -D_REENTRANT -UDEBUG -DNDEBUG -D_DEFAULT_SOURCE -D_BSD_SOURCE -D_POSIX_SOURCE -DSDB_MEASURE_USE_TEMP_DIR -D_REENTRANT -DNSS_DISABLE_SSE3 -DNSS_NO_INIT_SUPPORT -DUSE_UTIL_DIRECTLY -DNO_NSPR_10_SUPPORT -DSSL_DISABLE_DEPRECATED_CIPHER_SUITE_NAMES -I/home/ffortier/code/perso/nss/../nspr/dist/include/nspr -I../../../../../dist/Linux6.6_x86_64_cc_glibc_PTH_64_OPT.OBJ/include -I../../../../../dist/public/nss -I../../../../../dist/private/nss  pkix_validate.c
cc -o Linux6.6_x86_64_cc_glibc_PTH_64_OPT.OBJ/pkix_lifecycle.o -c -std=c99 -O2 -fPIC  -m64 -pipe -ffunction-sections -fdata-sections -DHAVE_STRERROR -DLINUX -Dlinux -Wall -Wshadow -Werror -DXP_UNIX -DXP_UNIX -UDEBUG -DNDEBUG -D_DEFAULT_SOURCE -D_BSD_SOURCE -D_POSIX_SOURCE -DSDB_MEASURE_USE_TEMP_DIR -D_REENTRANT -UDEBUG -DNDEBUG -D_DEFAULT_SOURCE -D_BSD_SOURCE -D_POSIX_SOURCE -DSDB_MEASURE_USE_TEMP_DIR -D_REENTRANT -DNSS_DISABLE_SSE3 -DNSS_NO_INIT_SUPPORT -DUSE_UTIL_DIRECTLY -DNO_NSPR_10_SUPPORT -DSSL_DISABLE_DEPRECATED_CIPHER_SUITE_NAMES -I/home/ffortier/code/perso/nss/../nspr/dist/include/nspr -I../../../../../dist/Linux6.6_x86_64_cc_glibc_PTH_64_OPT.OBJ/include -I../../../../../dist/public/nss -I../../../../../dist/private/nss  pkix_lifecycle.c
cc -o Linux6.6_x86_64_cc_glibc_PTH_64_OPT.OBJ/pkix_build.o -c -std=c99 -O2 -fPIC  -m64 -pipe -ffunction-sections -fdata-sections -DHAVE_STRERROR -DLINUX -Dlinux -Wall -Wshadow -Werror -DXP_UNIX -DXP_UNIX -UDEBUG -DNDEBUG -D_DEFAULT_SOURCE -D_BSD_SOURCE -D_POSIX_SOURCE -DSDB_MEASURE_USE_TEMP_DIR -D_REENTRANT -UDEBUG -DNDEBUG -D_DEFAULT_SOURCE -D_BSD_SOURCE -D_POSIX_SOURCE -DSDB_MEASURE_USE_TEMP_DIR -D_REENTRANT -DNSS_DISABLE_SSE3 -DNSS_NO_INIT_SUPPORT -DUSE_UTIL_DIRECTLY -DNO_NSPR_10_SUPPORT -DSSL_DISABLE_DEPRECATED_CIPHER_SUITE_NAMES -I/home/ffortier/code/perso/nss/../nspr/dist/include/nspr -I../../../../../dist/Linux6.6_x86_64_cc_glibc_PTH_64_OPT.OBJ/include -I../../../../../dist/public/nss -I../../../../../dist/private/nss  pkix_build.c
rm -f Linux6.6_x86_64_cc_glibc_PTH_64_OPT.OBJ/libpkixtop.a
ar cr Linux6.6_x86_64_cc_glibc_PTH_64_OPT.OBJ/libpkixtop.a Linux6.6_x86_64_cc_glibc_PTH_64_OPT.OBJ/pkix_validate.o Linux6.6_x86_64_cc_glibc_PTH_64_OPT.OBJ/pkix_lifecycle.o Linux6.6_x86_64_cc_glibc_PTH_64_OPT.OBJ/pkix_build.o
echo Linux6.6_x86_64_cc_glibc_PTH_64_OPT.OBJ/libpkixtop.a
Linux6.6_x86_64_cc_glibc_PTH_64_OPT.OBJ/libpkixtop.a
../../../../coreconf/nsinstall/Linux6.6_x86_64_cc_glibc_PTH_64_OPT.OBJ/nsinstall -R -m 664 Linux6.6_x86_64_cc_glibc_PTH_64_OPT.OBJ/libpkixtop.a ../../../../../dist/Linux6.6_x86_64_cc_glibc_PTH_64_OPT.OBJ/lib
make[5]: Leaving directory '/home/ffortier/code/perso/nss/lib/libpkix/pkix/top'
make[5]: Entering directory '/home/ffortier/code/perso/nss/lib/libpkix/pkix/util'
cc -o Linux6.6_x86_64_cc_glibc_PTH_64_OPT.OBJ/pkix_tools.o -c -std=c99 -O2 -fPIC  -m64 -pipe -ffunction-sections -fdata-sections -DHAVE_STRERROR -DLINUX -Dlinux -Wall -Wshadow -Werror -DXP_UNIX -DXP_UNIX -UDEBUG -DNDEBUG -D_DEFAULT_SOURCE -D_BSD_SOURCE -D_POSIX_SOURCE -DSDB_MEASURE_USE_TEMP_DIR -D_REENTRANT -UDEBUG -DNDEBUG -D_DEFAULT_SOURCE -D_BSD_SOURCE -D_POSIX_SOURCE -DSDB_MEASURE_USE_TEMP_DIR -D_REENTRANT -DNSS_DISABLE_SSE3 -DNSS_NO_INIT_SUPPORT -DUSE_UTIL_DIRECTLY -DNO_NSPR_10_SUPPORT -DSSL_DISABLE_DEPRECATED_CIPHER_SUITE_NAMES -I/home/ffortier/code/perso/nss/../nspr/dist/include/nspr -I../../../../../dist/Linux6.6_x86_64_cc_glibc_PTH_64_OPT.OBJ/include -I../../../../../dist/public/nss -I../../../../../dist/private/nss  pkix_tools.c
cc -o Linux6.6_x86_64_cc_glibc_PTH_64_OPT.OBJ/pkix_error.o -c -std=c99 -O2 -fPIC  -m64 -pipe -ffunction-sections -fdata-sections -DHAVE_STRERROR -DLINUX -Dlinux -Wall -Wshadow -Werror -DXP_UNIX -DXP_UNIX -UDEBUG -DNDEBUG -D_DEFAULT_SOURCE -D_BSD_SOURCE -D_POSIX_SOURCE -DSDB_MEASURE_USE_TEMP_DIR -D_REENTRANT -UDEBUG -DNDEBUG -D_DEFAULT_SOURCE -D_BSD_SOURCE -D_POSIX_SOURCE -DSDB_MEASURE_USE_TEMP_DIR -D_REENTRANT -DNSS_DISABLE_SSE3 -DNSS_NO_INIT_SUPPORT -DUSE_UTIL_DIRECTLY -DNO_NSPR_10_SUPPORT -DSSL_DISABLE_DEPRECATED_CIPHER_SUITE_NAMES -I/home/ffortier/code/perso/nss/../nspr/dist/include/nspr -I../../../../../dist/Linux6.6_x86_64_cc_glibc_PTH_64_OPT.OBJ/include -I../../../../../dist/public/nss -I../../../../../dist/private/nss  pkix_error.c
cc -o Linux6.6_x86_64_cc_glibc_PTH_64_OPT.OBJ/pkix_logger.o -c -std=c99 -O2 -fPIC  -m64 -pipe -ffunction-sections -fdata-sections -DHAVE_STRERROR -DLINUX -Dlinux -Wall -Wshadow -Werror -DXP_UNIX -DXP_UNIX -UDEBUG -DNDEBUG -D_DEFAULT_SOURCE -D_BSD_SOURCE -D_POSIX_SOURCE -DSDB_MEASURE_USE_TEMP_DIR -D_REENTRANT -UDEBUG -DNDEBUG -D_DEFAULT_SOURCE -D_BSD_SOURCE -D_POSIX_SOURCE -DSDB_MEASURE_USE_TEMP_DIR -D_REENTRANT -DNSS_DISABLE_SSE3 -DNSS_NO_INIT_SUPPORT -DUSE_UTIL_DIRECTLY -DNO_NSPR_10_SUPPORT -DSSL_DISABLE_DEPRECATED_CIPHER_SUITE_NAMES -I/home/ffortier/code/perso/nss/../nspr/dist/include/nspr -I../../../../../dist/Linux6.6_x86_64_cc_glibc_PTH_64_OPT.OBJ/include -I../../../../../dist/public/nss -I../../../../../dist/private/nss  pkix_logger.c
cc -o Linux6.6_x86_64_cc_glibc_PTH_64_OPT.OBJ/pkix_list.o -c -std=c99 -O2 -fPIC  -m64 -pipe -ffunction-sections -fdata-sections -DHAVE_STRERROR -DLINUX -Dlinux -Wall -Wshadow -Werror -DXP_UNIX -DXP_UNIX -UDEBUG -DNDEBUG -D_DEFAULT_SOURCE -D_BSD_SOURCE -D_POSIX_SOURCE -DSDB_MEASURE_USE_TEMP_DIR -D_REENTRANT -UDEBUG -DNDEBUG -D_DEFAULT_SOURCE -D_BSD_SOURCE -D_POSIX_SOURCE -DSDB_MEASURE_USE_TEMP_DIR -D_REENTRANT -DNSS_DISABLE_SSE3 -DNSS_NO_INIT_SUPPORT -DUSE_UTIL_DIRECTLY -DNO_NSPR_10_SUPPORT -DSSL_DISABLE_DEPRECATED_CIPHER_SUITE_NAMES -I/home/ffortier/code/perso/nss/../nspr/dist/include/nspr -I../../../../../dist/Linux6.6_x86_64_cc_glibc_PTH_64_OPT.OBJ/include -I../../../../../dist/public/nss -I../../../../../dist/private/nss  pkix_list.c
cc -o Linux6.6_x86_64_cc_glibc_PTH_64_OPT.OBJ/pkix_errpaths.o -c -std=c99 -O2 -fPIC  -m64 -pipe -ffunction-sections -fdata-sections -DHAVE_STRERROR -DLINUX -Dlinux -Wall -Wshadow -Werror -DXP_UNIX -DXP_UNIX -UDEBUG -DNDEBUG -D_DEFAULT_SOURCE -D_BSD_SOURCE -D_POSIX_SOURCE -DSDB_MEASURE_USE_TEMP_DIR -D_REENTRANT -UDEBUG -DNDEBUG -D_DEFAULT_SOURCE -D_BSD_SOURCE -D_POSIX_SOURCE -DSDB_MEASURE_USE_TEMP_DIR -D_REENTRANT -DNSS_DISABLE_SSE3 -DNSS_NO_INIT_SUPPORT -DUSE_UTIL_DIRECTLY -DNO_NSPR_10_SUPPORT -DSSL_DISABLE_DEPRECATED_CIPHER_SUITE_NAMES -I/home/ffortier/code/perso/nss/../nspr/dist/include/nspr -I../../../../../dist/Linux6.6_x86_64_cc_glibc_PTH_64_OPT.OBJ/include -I../../../../../dist/public/nss -I../../../../../dist/private/nss  pkix_errpaths.c
rm -f Linux6.6_x86_64_cc_glibc_PTH_64_OPT.OBJ/libpkixutil.a
ar cr Linux6.6_x86_64_cc_glibc_PTH_64_OPT.OBJ/libpkixutil.a Linux6.6_x86_64_cc_glibc_PTH_64_OPT.OBJ/pkix_tools.o Linux6.6_x86_64_cc_glibc_PTH_64_OPT.OBJ/pkix_error.o Linux6.6_x86_64_cc_glibc_PTH_64_OPT.OBJ/pkix_logger.o Linux6.6_x86_64_cc_glibc_PTH_64_OPT.OBJ/pkix_list.o Linux6.6_x86_64_cc_glibc_PTH_64_OPT.OBJ/pkix_errpaths.o
echo Linux6.6_x86_64_cc_glibc_PTH_64_OPT.OBJ/libpkixutil.a
Linux6.6_x86_64_cc_glibc_PTH_64_OPT.OBJ/libpkixutil.a
../../../../coreconf/nsinstall/Linux6.6_x86_64_cc_glibc_PTH_64_OPT.OBJ/nsinstall -R -m 664 Linux6.6_x86_64_cc_glibc_PTH_64_OPT.OBJ/libpkixutil.a ../../../../../dist/Linux6.6_x86_64_cc_glibc_PTH_64_OPT.OBJ/lib
make[5]: Leaving directory '/home/ffortier/code/perso/nss/lib/libpkix/pkix/util'
make[4]: Leaving directory '/home/ffortier/code/perso/nss/lib/libpkix/pkix'
make[4]: Entering directory '/home/ffortier/code/perso/nss/lib/libpkix/pkix_pl_nss'
make[5]: Entering directory '/home/ffortier/code/perso/nss/lib/libpkix/pkix_pl_nss/pki'
cc -o Linux6.6_x86_64_cc_glibc_PTH_64_OPT.OBJ/pkix_pl_basicconstraints.o -c -std=c99 -O2 -fPIC  -m64 -pipe -ffunction-sections -fdata-sections -DHAVE_STRERROR -DLINUX -Dlinux -Wall -Wshadow -Werror -DXP_UNIX -DXP_UNIX -UDEBUG -DNDEBUG -D_DEFAULT_SOURCE -D_BSD_SOURCE -D_POSIX_SOURCE -DSDB_MEASURE_USE_TEMP_DIR -D_REENTRANT -UDEBUG -DNDEBUG -D_DEFAULT_SOURCE -D_BSD_SOURCE -D_POSIX_SOURCE -DSDB_MEASURE_USE_TEMP_DIR -D_REENTRANT -DNSS_DISABLE_SSE3 -DNSS_NO_INIT_SUPPORT -DUSE_UTIL_DIRECTLY -DNO_NSPR_10_SUPPORT -DSSL_DISABLE_DEPRECATED_CIPHER_SUITE_NAMES -I/home/ffortier/code/perso/nss/../nspr/dist/include/nspr -I../../../../../dist/Linux6.6_x86_64_cc_glibc_PTH_64_OPT.OBJ/include -I../../../../../dist/public/nss -I../../../../../dist/private/nss  pkix_pl_basicconstraints.c
cc -o Linux6.6_x86_64_cc_glibc_PTH_64_OPT.OBJ/pkix_pl_cert.o -c -std=c99 -O2 -fPIC  -m64 -pipe -ffunction-sections -fdata-sections -DHAVE_STRERROR -DLINUX -Dlinux -Wall -Wshadow -Werror -DXP_UNIX -DXP_UNIX -UDEBUG -DNDEBUG -D_DEFAULT_SOURCE -D_BSD_SOURCE -D_POSIX_SOURCE -DSDB_MEASURE_USE_TEMP_DIR -D_REENTRANT -UDEBUG -DNDEBUG -D_DEFAULT_SOURCE -D_BSD_SOURCE -D_POSIX_SOURCE -DSDB_MEASURE_USE_TEMP_DIR -D_REENTRANT -DNSS_DISABLE_SSE3 -DNSS_NO_INIT_SUPPORT -DUSE_UTIL_DIRECTLY -DNO_NSPR_10_SUPPORT -DSSL_DISABLE_DEPRECATED_CIPHER_SUITE_NAMES -I/home/ffortier/code/perso/nss/../nspr/dist/include/nspr -I../../../../../dist/Linux6.6_x86_64_cc_glibc_PTH_64_OPT.OBJ/include -I../../../../../dist/public/nss -I../../../../../dist/private/nss  pkix_pl_cert.c
cc -o Linux6.6_x86_64_cc_glibc_PTH_64_OPT.OBJ/pkix_pl_certpolicyinfo.o -c -std=c99 -O2 -fPIC  -m64 -pipe -ffunction-sections -fdata-sections -DHAVE_STRERROR -DLINUX -Dlinux -Wall -Wshadow -Werror -DXP_UNIX -DXP_UNIX -UDEBUG -DNDEBUG -D_DEFAULT_SOURCE -D_BSD_SOURCE -D_POSIX_SOURCE -DSDB_MEASURE_USE_TEMP_DIR -D_REENTRANT -UDEBUG -DNDEBUG -D_DEFAULT_SOURCE -D_BSD_SOURCE -D_POSIX_SOURCE -DSDB_MEASURE_USE_TEMP_DIR -D_REENTRANT -DNSS_DISABLE_SSE3 -DNSS_NO_INIT_SUPPORT -DUSE_UTIL_DIRECTLY -DNO_NSPR_10_SUPPORT -DSSL_DISABLE_DEPRECATED_CIPHER_SUITE_NAMES -I/home/ffortier/code/perso/nss/../nspr/dist/include/nspr -I../../../../../dist/Linux6.6_x86_64_cc_glibc_PTH_64_OPT.OBJ/include -I../../../../../dist/public/nss -I../../../../../dist/private/nss  pkix_pl_certpolicyinfo.c
cc -o Linux6.6_x86_64_cc_glibc_PTH_64_OPT.OBJ/pkix_pl_certpolicymap.o -c -std=c99 -O2 -fPIC  -m64 -pipe -ffunction-sections -fdata-sections -DHAVE_STRERROR -DLINUX -Dlinux -Wall -Wshadow -Werror -DXP_UNIX -DXP_UNIX -UDEBUG -DNDEBUG -D_DEFAULT_SOURCE -D_BSD_SOURCE -D_POSIX_SOURCE -DSDB_MEASURE_USE_TEMP_DIR -D_REENTRANT -UDEBUG -DNDEBUG -D_DEFAULT_SOURCE -D_BSD_SOURCE -D_POSIX_SOURCE -DSDB_MEASURE_USE_TEMP_DIR -D_REENTRANT -DNSS_DISABLE_SSE3 -DNSS_NO_INIT_SUPPORT -DUSE_UTIL_DIRECTLY -DNO_NSPR_10_SUPPORT -DSSL_DISABLE_DEPRECATED_CIPHER_SUITE_NAMES -I/home/ffortier/code/perso/nss/../nspr/dist/include/nspr -I../../../../../dist/Linux6.6_x86_64_cc_glibc_PTH_64_OPT.OBJ/include -I../../../../../dist/public/nss -I../../../../../dist/private/nss  pkix_pl_certpolicymap.c
cc -o Linux6.6_x86_64_cc_glibc_PTH_64_OPT.OBJ/pkix_pl_certpolicyqualifier.o -c -std=c99 -O2 -fPIC  -m64 -pipe -ffunction-sections -fdata-sections -DHAVE_STRERROR -DLINUX -Dlinux -Wall -Wshadow -Werror -DXP_UNIX -DXP_UNIX -UDEBUG -DNDEBUG -D_DEFAULT_SOURCE -D_BSD_SOURCE -D_POSIX_SOURCE -DSDB_MEASURE_USE_TEMP_DIR -D_REENTRANT -UDEBUG -DNDEBUG -D_DEFAULT_SOURCE -D_BSD_SOURCE -D_POSIX_SOURCE -DSDB_MEASURE_USE_TEMP_DIR -D_REENTRANT -DNSS_DISABLE_SSE3 -DNSS_NO_INIT_SUPPORT -DUSE_UTIL_DIRECTLY -DNO_NSPR_10_SUPPORT -DSSL_DISABLE_DEPRECATED_CIPHER_SUITE_NAMES -I/home/ffortier/code/perso/nss/../nspr/dist/include/nspr -I../../../../../dist/Linux6.6_x86_64_cc_glibc_PTH_64_OPT.OBJ/include -I../../../../../dist/public/nss -I../../../../../dist/private/nss  pkix_pl_certpolicyqualifier.c
cc -o Linux6.6_x86_64_cc_glibc_PTH_64_OPT.OBJ/pkix_pl_crl.o -c -std=c99 -O2 -fPIC  -m64 -pipe -ffunction-sections -fdata-sections -DHAVE_STRERROR -DLINUX -Dlinux -Wall -Wshadow -Werror -DXP_UNIX -DXP_UNIX -UDEBUG -DNDEBUG -D_DEFAULT_SOURCE -D_BSD_SOURCE -D_POSIX_SOURCE -DSDB_MEASURE_USE_TEMP_DIR -D_REENTRANT -UDEBUG -DNDEBUG -D_DEFAULT_SOURCE -D_BSD_SOURCE -D_POSIX_SOURCE -DSDB_MEASURE_USE_TEMP_DIR -D_REENTRANT -DNSS_DISABLE_SSE3 -DNSS_NO_INIT_SUPPORT -DUSE_UTIL_DIRECTLY -DNO_NSPR_10_SUPPORT -DSSL_DISABLE_DEPRECATED_CIPHER_SUITE_NAMES -I/home/ffortier/code/perso/nss/../nspr/dist/include/nspr -I../../../../../dist/Linux6.6_x86_64_cc_glibc_PTH_64_OPT.OBJ/include -I../../../../../dist/public/nss -I../../../../../dist/private/nss  pkix_pl_crl.c
cc -o Linux6.6_x86_64_cc_glibc_PTH_64_OPT.OBJ/pkix_pl_crldp.o -c -std=c99 -O2 -fPIC  -m64 -pipe -ffunction-sections -fdata-sections -DHAVE_STRERROR -DLINUX -Dlinux -Wall -Wshadow -Werror -DXP_UNIX -DXP_UNIX -UDEBUG -DNDEBUG -D_DEFAULT_SOURCE -D_BSD_SOURCE -D_POSIX_SOURCE -DSDB_MEASURE_USE_TEMP_DIR -D_REENTRANT -UDEBUG -DNDEBUG -D_DEFAULT_SOURCE -D_BSD_SOURCE -D_POSIX_SOURCE -DSDB_MEASURE_USE_TEMP_DIR -D_REENTRANT -DNSS_DISABLE_SSE3 -DNSS_NO_INIT_SUPPORT -DUSE_UTIL_DIRECTLY -DNO_NSPR_10_SUPPORT -DSSL_DISABLE_DEPRECATED_CIPHER_SUITE_NAMES -I/home/ffortier/code/perso/nss/../nspr/dist/include/nspr -I../../../../../dist/Linux6.6_x86_64_cc_glibc_PTH_64_OPT.OBJ/include -I../../../../../dist/public/nss -I../../../../../dist/private/nss  pkix_pl_crldp.c
cc -o Linux6.6_x86_64_cc_glibc_PTH_64_OPT.OBJ/pkix_pl_crlentry.o -c -std=c99 -O2 -fPIC  -m64 -pipe -ffunction-sections -fdata-sections -DHAVE_STRERROR -DLINUX -Dlinux -Wall -Wshadow -Werror -DXP_UNIX -DXP_UNIX -UDEBUG -DNDEBUG -D_DEFAULT_SOURCE -D_BSD_SOURCE -D_POSIX_SOURCE -DSDB_MEASURE_USE_TEMP_DIR -D_REENTRANT -UDEBUG -DNDEBUG -D_DEFAULT_SOURCE -D_BSD_SOURCE -D_POSIX_SOURCE -DSDB_MEASURE_USE_TEMP_DIR -D_REENTRANT -DNSS_DISABLE_SSE3 -DNSS_NO_INIT_SUPPORT -DUSE_UTIL_DIRECTLY -DNO_NSPR_10_SUPPORT -DSSL_DISABLE_DEPRECATED_CIPHER_SUITE_NAMES -I/home/ffortier/code/perso/nss/../nspr/dist/include/nspr -I../../../../../dist/Linux6.6_x86_64_cc_glibc_PTH_64_OPT.OBJ/include -I../../../../../dist/public/nss -I../../../../../dist/private/nss  pkix_pl_crlentry.c
cc -o Linux6.6_x86_64_cc_glibc_PTH_64_OPT.OBJ/pkix_pl_date.o -c -std=c99 -O2 -fPIC  -m64 -pipe -ffunction-sections -fdata-sections -DHAVE_STRERROR -DLINUX -Dlinux -Wall -Wshadow -Werror -DXP_UNIX -DXP_UNIX -UDEBUG -DNDEBUG -D_DEFAULT_SOURCE -D_BSD_SOURCE -D_POSIX_SOURCE -DSDB_MEASURE_USE_TEMP_DIR -D_REENTRANT -UDEBUG -DNDEBUG -D_DEFAULT_SOURCE -D_BSD_SOURCE -D_POSIX_SOURCE -DSDB_MEASURE_USE_TEMP_DIR -D_REENTRANT -DNSS_DISABLE_SSE3 -DNSS_NO_INIT_SUPPORT -DUSE_UTIL_DIRECTLY -DNO_NSPR_10_SUPPORT -DSSL_DISABLE_DEPRECATED_CIPHER_SUITE_NAMES -I/home/ffortier/code/perso/nss/../nspr/dist/include/nspr -I../../../../../dist/Linux6.6_x86_64_cc_glibc_PTH_64_OPT.OBJ/include -I../../../../../dist/public/nss -I../../../../../dist/private/nss  pkix_pl_date.c
cc -o Linux6.6_x86_64_cc_glibc_PTH_64_OPT.OBJ/pkix_pl_generalname.o -c -std=c99 -O2 -fPIC  -m64 -pipe -ffunction-sections -fdata-sections -DHAVE_STRERROR -DLINUX -Dlinux -Wall -Wshadow -Werror -DXP_UNIX -DXP_UNIX -UDEBUG -DNDEBUG -D_DEFAULT_SOURCE -D_BSD_SOURCE -D_POSIX_SOURCE -DSDB_MEASURE_USE_TEMP_DIR -D_REENTRANT -UDEBUG -DNDEBUG -D_DEFAULT_SOURCE -D_BSD_SOURCE -D_POSIX_SOURCE -DSDB_MEASURE_USE_TEMP_DIR -D_REENTRANT -DNSS_DISABLE_SSE3 -DNSS_NO_INIT_SUPPORT -DUSE_UTIL_DIRECTLY -DNO_NSPR_10_SUPPORT -DSSL_DISABLE_DEPRECATED_CIPHER_SUITE_NAMES -I/home/ffortier/code/perso/nss/../nspr/dist/include/nspr -I../../../../../dist/Linux6.6_x86_64_cc_glibc_PTH_64_OPT.OBJ/include -I../../../../../dist/public/nss -I../../../../../dist/private/nss  pkix_pl_generalname.c
cc -o Linux6.6_x86_64_cc_glibc_PTH_64_OPT.OBJ/pkix_pl_infoaccess.o -c -std=c99 -O2 -fPIC  -m64 -pipe -ffunction-sections -fdata-sections -DHAVE_STRERROR -DLINUX -Dlinux -Wall -Wshadow -Werror -DXP_UNIX -DXP_UNIX -UDEBUG -DNDEBUG -D_DEFAULT_SOURCE -D_BSD_SOURCE -D_POSIX_SOURCE -DSDB_MEASURE_USE_TEMP_DIR -D_REENTRANT -UDEBUG -DNDEBUG -D_DEFAULT_SOURCE -D_BSD_SOURCE -D_POSIX_SOURCE -DSDB_MEASURE_USE_TEMP_DIR -D_REENTRANT -DNSS_DISABLE_SSE3 -DNSS_NO_INIT_SUPPORT -DUSE_UTIL_DIRECTLY -DNO_NSPR_10_SUPPORT -DSSL_DISABLE_DEPRECATED_CIPHER_SUITE_NAMES -I/home/ffortier/code/perso/nss/../nspr/dist/include/nspr -I../../../../../dist/Linux6.6_x86_64_cc_glibc_PTH_64_OPT.OBJ/include -I../../../../../dist/public/nss -I../../../../../dist/private/nss  pkix_pl_infoaccess.c
cc -o Linux6.6_x86_64_cc_glibc_PTH_64_OPT.OBJ/pkix_pl_nameconstraints.o -c -std=c99 -O2 -fPIC  -m64 -pipe -ffunction-sections -fdata-sections -DHAVE_STRERROR -DLINUX -Dlinux -Wall -Wshadow -Werror -DXP_UNIX -DXP_UNIX -UDEBUG -DNDEBUG -D_DEFAULT_SOURCE -D_BSD_SOURCE -D_POSIX_SOURCE -DSDB_MEASURE_USE_TEMP_DIR -D_REENTRANT -UDEBUG -DNDEBUG -D_DEFAULT_SOURCE -D_BSD_SOURCE -D_POSIX_SOURCE -DSDB_MEASURE_USE_TEMP_DIR -D_REENTRANT -DNSS_DISABLE_SSE3 -DNSS_NO_INIT_SUPPORT -DUSE_UTIL_DIRECTLY -DNO_NSPR_10_SUPPORT -DSSL_DISABLE_DEPRECATED_CIPHER_SUITE_NAMES -I/home/ffortier/code/perso/nss/../nspr/dist/include/nspr -I../../../../../dist/Linux6.6_x86_64_cc_glibc_PTH_64_OPT.OBJ/include -I../../../../../dist/public/nss -I../../../../../dist/private/nss  pkix_pl_nameconstraints.c
cc -o Linux6.6_x86_64_cc_glibc_PTH_64_OPT.OBJ/pkix_pl_ocsprequest.o -c -std=c99 -O2 -fPIC  -m64 -pipe -ffunction-sections -fdata-sections -DHAVE_STRERROR -DLINUX -Dlinux -Wall -Wshadow -Werror -DXP_UNIX -DXP_UNIX -UDEBUG -DNDEBUG -D_DEFAULT_SOURCE -D_BSD_SOURCE -D_POSIX_SOURCE -DSDB_MEASURE_USE_TEMP_DIR -D_REENTRANT -UDEBUG -DNDEBUG -D_DEFAULT_SOURCE -D_BSD_SOURCE -D_POSIX_SOURCE -DSDB_MEASURE_USE_TEMP_DIR -D_REENTRANT -DNSS_DISABLE_SSE3 -DNSS_NO_INIT_SUPPORT -DUSE_UTIL_DIRECTLY -DNO_NSPR_10_SUPPORT -DSSL_DISABLE_DEPRECATED_CIPHER_SUITE_NAMES -I/home/ffortier/code/perso/nss/../nspr/dist/include/nspr -I../../../../../dist/Linux6.6_x86_64_cc_glibc_PTH_64_OPT.OBJ/include -I../../../../../dist/public/nss -I../../../../../dist/private/nss  pkix_pl_ocsprequest.c
cc -o Linux6.6_x86_64_cc_glibc_PTH_64_OPT.OBJ/pkix_pl_ocspresponse.o -c -std=c99 -O2 -fPIC  -m64 -pipe -ffunction-sections -fdata-sections -DHAVE_STRERROR -DLINUX -Dlinux -Wall -Wshadow -Werror -DXP_UNIX -DXP_UNIX -UDEBUG -DNDEBUG -D_DEFAULT_SOURCE -D_BSD_SOURCE -D_POSIX_SOURCE -DSDB_MEASURE_USE_TEMP_DIR -D_REENTRANT -UDEBUG -DNDEBUG -D_DEFAULT_SOURCE -D_BSD_SOURCE -D_POSIX_SOURCE -DSDB_MEASURE_USE_TEMP_DIR -D_REENTRANT -DNSS_DISABLE_SSE3 -DNSS_NO_INIT_SUPPORT -DUSE_UTIL_DIRECTLY -DNO_NSPR_10_SUPPORT -DSSL_DISABLE_DEPRECATED_CIPHER_SUITE_NAMES -I/home/ffortier/code/perso/nss/../nspr/dist/include/nspr -I../../../../../dist/Linux6.6_x86_64_cc_glibc_PTH_64_OPT.OBJ/include -I../../../../../dist/public/nss -I../../../../../dist/private/nss  pkix_pl_ocspresponse.c
cc -o Linux6.6_x86_64_cc_glibc_PTH_64_OPT.OBJ/pkix_pl_publickey.o -c -std=c99 -O2 -fPIC  -m64 -pipe -ffunction-sections -fdata-sections -DHAVE_STRERROR -DLINUX -Dlinux -Wall -Wshadow -Werror -DXP_UNIX -DXP_UNIX -UDEBUG -DNDEBUG -D_DEFAULT_SOURCE -D_BSD_SOURCE -D_POSIX_SOURCE -DSDB_MEASURE_USE_TEMP_DIR -D_REENTRANT -UDEBUG -DNDEBUG -D_DEFAULT_SOURCE -D_BSD_SOURCE -D_POSIX_SOURCE -DSDB_MEASURE_USE_TEMP_DIR -D_REENTRANT -DNSS_DISABLE_SSE3 -DNSS_NO_INIT_SUPPORT -DUSE_UTIL_DIRECTLY -DNO_NSPR_10_SUPPORT -DSSL_DISABLE_DEPRECATED_CIPHER_SUITE_NAMES -I/home/ffortier/code/perso/nss/../nspr/dist/include/nspr -I../../../../../dist/Linux6.6_x86_64_cc_glibc_PTH_64_OPT.OBJ/include -I../../../../../dist/public/nss -I../../../../../dist/private/nss  pkix_pl_publickey.c
cc -o Linux6.6_x86_64_cc_glibc_PTH_64_OPT.OBJ/pkix_pl_x500name.o -c -std=c99 -O2 -fPIC  -m64 -pipe -ffunction-sections -fdata-sections -DHAVE_STRERROR -DLINUX -Dlinux -Wall -Wshadow -Werror -DXP_UNIX -DXP_UNIX -UDEBUG -DNDEBUG -D_DEFAULT_SOURCE -D_BSD_SOURCE -D_POSIX_SOURCE -DSDB_MEASURE_USE_TEMP_DIR -D_REENTRANT -UDEBUG -DNDEBUG -D_DEFAULT_SOURCE -D_BSD_SOURCE -D_POSIX_SOURCE -DSDB_MEASURE_USE_TEMP_DIR -D_REENTRANT -DNSS_DISABLE_SSE3 -DNSS_NO_INIT_SUPPORT -DUSE_UTIL_DIRECTLY -DNO_NSPR_10_SUPPORT -DSSL_DISABLE_DEPRECATED_CIPHER_SUITE_NAMES -I/home/ffortier/code/perso/nss/../nspr/dist/include/nspr -I../../../../../dist/Linux6.6_x86_64_cc_glibc_PTH_64_OPT.OBJ/include -I../../../../../dist/public/nss -I../../../../../dist/private/nss  pkix_pl_x500name.c
cc -o Linux6.6_x86_64_cc_glibc_PTH_64_OPT.OBJ/pkix_pl_ocspcertid.o -c -std=c99 -O2 -fPIC  -m64 -pipe -ffunction-sections -fdata-sections -DHAVE_STRERROR -DLINUX -Dlinux -Wall -Wshadow -Werror -DXP_UNIX -DXP_UNIX -UDEBUG -DNDEBUG -D_DEFAULT_SOURCE -D_BSD_SOURCE -D_POSIX_SOURCE -DSDB_MEASURE_USE_TEMP_DIR -D_REENTRANT -UDEBUG -DNDEBUG -D_DEFAULT_SOURCE -D_BSD_SOURCE -D_POSIX_SOURCE -DSDB_MEASURE_USE_TEMP_DIR -D_REENTRANT -DNSS_DISABLE_SSE3 -DNSS_NO_INIT_SUPPORT -DUSE_UTIL_DIRECTLY -DNO_NSPR_10_SUPPORT -DSSL_DISABLE_DEPRECATED_CIPHER_SUITE_NAMES -I/home/ffortier/code/perso/nss/../nspr/dist/include/nspr -I../../../../../dist/Linux6.6_x86_64_cc_glibc_PTH_64_OPT.OBJ/include -I../../../../../dist/public/nss -I../../../../../dist/private/nss  pkix_pl_ocspcertid.c
rm -f Linux6.6_x86_64_cc_glibc_PTH_64_OPT.OBJ/libpkixpki.a
ar cr Linux6.6_x86_64_cc_glibc_PTH_64_OPT.OBJ/libpkixpki.a Linux6.6_x86_64_cc_glibc_PTH_64_OPT.OBJ/pkix_pl_basicconstraints.o Linux6.6_x86_64_cc_glibc_PTH_64_OPT.OBJ/pkix_pl_cert.o Linux6.6_x86_64_cc_glibc_PTH_64_OPT.OBJ/pkix_pl_certpolicyinfo.o Linux6.6_x86_64_cc_glibc_PTH_64_OPT.OBJ/pkix_pl_certpolicymap.o Linux6.6_x86_64_cc_glibc_PTH_64_OPT.OBJ/pkix_pl_certpolicyqualifier.o Linux6.6_x86_64_cc_glibc_PTH_64_OPT.OBJ/pkix_pl_crl.o Linux6.6_x86_64_cc_glibc_PTH_64_OPT.OBJ/pkix_pl_crldp.o Linux6.6_x86_64_cc_glibc_PTH_64_OPT.OBJ/pkix_pl_crlentry.o Linux6.6_x86_64_cc_glibc_PTH_64_OPT.OBJ/pkix_pl_date.o Linux6.6_x86_64_cc_glibc_PTH_64_OPT.OBJ/pkix_pl_generalname.o Linux6.6_x86_64_cc_glibc_PTH_64_OPT.OBJ/pkix_pl_infoaccess.o Linux6.6_x86_64_cc_glibc_PTH_64_OPT.OBJ/pkix_pl_nameconstraints.o Linux6.6_x86_64_cc_glibc_PTH_64_OPT.OBJ/pkix_pl_ocsprequest.o Linux6.6_x86_64_cc_glibc_PTH_64_OPT.OBJ/pkix_pl_ocspresponse.o Linux6.6_x86_64_cc_glibc_PTH_64_OPT.OBJ/pkix_pl_publickey.o Linux6.6_x86_64_cc_glibc_PTH_64_OPT.OBJ/pkix_pl_x500name.o Linux6.6_x86_64_cc_glibc_PTH_64_OPT.OBJ/pkix_pl_ocspcertid.o
echo Linux6.6_x86_64_cc_glibc_PTH_64_OPT.OBJ/libpkixpki.a
Linux6.6_x86_64_cc_glibc_PTH_64_OPT.OBJ/libpkixpki.a
../../../../coreconf/nsinstall/Linux6.6_x86_64_cc_glibc_PTH_64_OPT.OBJ/nsinstall -R -m 664 Linux6.6_x86_64_cc_glibc_PTH_64_OPT.OBJ/libpkixpki.a ../../../../../dist/Linux6.6_x86_64_cc_glibc_PTH_64_OPT.OBJ/lib
make[5]: Leaving directory '/home/ffortier/code/perso/nss/lib/libpkix/pkix_pl_nss/pki'
make[5]: Entering directory '/home/ffortier/code/perso/nss/lib/libpkix/pkix_pl_nss/system'
cc -o Linux6.6_x86_64_cc_glibc_PTH_64_OPT.OBJ/pkix_pl_bigint.o -c -std=c99 -O2 -fPIC  -m64 -pipe -ffunction-sections -fdata-sections -DHAVE_STRERROR -DLINUX -Dlinux -Wall -Wshadow -Werror -DXP_UNIX -DXP_UNIX -UDEBUG -DNDEBUG -D_DEFAULT_SOURCE -D_BSD_SOURCE -D_POSIX_SOURCE -DSDB_MEASURE_USE_TEMP_DIR -D_REENTRANT -UDEBUG -DNDEBUG -D_DEFAULT_SOURCE -D_BSD_SOURCE -D_POSIX_SOURCE -DSDB_MEASURE_USE_TEMP_DIR -D_REENTRANT -DNSS_DISABLE_SSE3 -DNSS_NO_INIT_SUPPORT -DUSE_UTIL_DIRECTLY -DNO_NSPR_10_SUPPORT -DSSL_DISABLE_DEPRECATED_CIPHER_SUITE_NAMES -I/home/ffortier/code/perso/nss/../nspr/dist/include/nspr -I../../../../../dist/Linux6.6_x86_64_cc_glibc_PTH_64_OPT.OBJ/include -I../../../../../dist/public/nss -I../../../../../dist/private/nss  pkix_pl_bigint.c
cc -o Linux6.6_x86_64_cc_glibc_PTH_64_OPT.OBJ/pkix_pl_bytearray.o -c -std=c99 -O2 -fPIC  -m64 -pipe -ffunction-sections -fdata-sections -DHAVE_STRERROR -DLINUX -Dlinux -Wall -Wshadow -Werror -DXP_UNIX -DXP_UNIX -UDEBUG -DNDEBUG -D_DEFAULT_SOURCE -D_BSD_SOURCE -D_POSIX_SOURCE -DSDB_MEASURE_USE_TEMP_DIR -D_REENTRANT -UDEBUG -DNDEBUG -D_DEFAULT_SOURCE -D_BSD_SOURCE -D_POSIX_SOURCE -DSDB_MEASURE_USE_TEMP_DIR -D_REENTRANT -DNSS_DISABLE_SSE3 -DNSS_NO_INIT_SUPPORT -DUSE_UTIL_DIRECTLY -DNO_NSPR_10_SUPPORT -DSSL_DISABLE_DEPRECATED_CIPHER_SUITE_NAMES -I/home/ffortier/code/perso/nss/../nspr/dist/include/nspr -I../../../../../dist/Linux6.6_x86_64_cc_glibc_PTH_64_OPT.OBJ/include -I../../../../../dist/public/nss -I../../../../../dist/private/nss  pkix_pl_bytearray.c
cc -o Linux6.6_x86_64_cc_glibc_PTH_64_OPT.OBJ/pkix_pl_common.o -c -std=c99 -O2 -fPIC  -m64 -pipe -ffunction-sections -fdata-sections -DHAVE_STRERROR -DLINUX -Dlinux -Wall -Wshadow -Werror -DXP_UNIX -DXP_UNIX -UDEBUG -DNDEBUG -D_DEFAULT_SOURCE -D_BSD_SOURCE -D_POSIX_SOURCE -DSDB_MEASURE_USE_TEMP_DIR -D_REENTRANT -UDEBUG -DNDEBUG -D_DEFAULT_SOURCE -D_BSD_SOURCE -D_POSIX_SOURCE -DSDB_MEASURE_USE_TEMP_DIR -D_REENTRANT -DNSS_DISABLE_SSE3 -DNSS_NO_INIT_SUPPORT -DUSE_UTIL_DIRECTLY -DNO_NSPR_10_SUPPORT -DSSL_DISABLE_DEPRECATED_CIPHER_SUITE_NAMES -I/home/ffortier/code/perso/nss/../nspr/dist/include/nspr -I../../../../../dist/Linux6.6_x86_64_cc_glibc_PTH_64_OPT.OBJ/include -I../../../../../dist/public/nss -I../../../../../dist/private/nss  pkix_pl_common.c
cc -o Linux6.6_x86_64_cc_glibc_PTH_64_OPT.OBJ/pkix_pl_error.o -c -std=c99 -O2 -fPIC  -m64 -pipe -ffunction-sections -fdata-sections -DHAVE_STRERROR -DLINUX -Dlinux -Wall -Wshadow -Werror -DXP_UNIX -DXP_UNIX -UDEBUG -DNDEBUG -D_DEFAULT_SOURCE -D_BSD_SOURCE -D_POSIX_SOURCE -DSDB_MEASURE_USE_TEMP_DIR -D_REENTRANT -UDEBUG -DNDEBUG -D_DEFAULT_SOURCE -D_BSD_SOURCE -D_POSIX_SOURCE -DSDB_MEASURE_USE_TEMP_DIR -D_REENTRANT -DNSS_DISABLE_SSE3 -DNSS_NO_INIT_SUPPORT -DUSE_UTIL_DIRECTLY -DNO_NSPR_10_SUPPORT -DSSL_DISABLE_DEPRECATED_CIPHER_SUITE_NAMES -I/home/ffortier/code/perso/nss/../nspr/dist/include/nspr -I../../../../../dist/Linux6.6_x86_64_cc_glibc_PTH_64_OPT.OBJ/include -I../../../../../dist/public/nss -I../../../../../dist/private/nss  pkix_pl_error.c
cc -o Linux6.6_x86_64_cc_glibc_PTH_64_OPT.OBJ/pkix_pl_hashtable.o -c -std=c99 -O2 -fPIC  -m64 -pipe -ffunction-sections -fdata-sections -DHAVE_STRERROR -DLINUX -Dlinux -Wall -Wshadow -Werror -DXP_UNIX -DXP_UNIX -UDEBUG -DNDEBUG -D_DEFAULT_SOURCE -D_BSD_SOURCE -D_POSIX_SOURCE -DSDB_MEASURE_USE_TEMP_DIR -D_REENTRANT -UDEBUG -DNDEBUG -D_DEFAULT_SOURCE -D_BSD_SOURCE -D_POSIX_SOURCE -DSDB_MEASURE_USE_TEMP_DIR -D_REENTRANT -DNSS_DISABLE_SSE3 -DNSS_NO_INIT_SUPPORT -DUSE_UTIL_DIRECTLY -DNO_NSPR_10_SUPPORT -DSSL_DISABLE_DEPRECATED_CIPHER_SUITE_NAMES -I/home/ffortier/code/perso/nss/../nspr/dist/include/nspr -I../../../../../dist/Linux6.6_x86_64_cc_glibc_PTH_64_OPT.OBJ/include -I../../../../../dist/public/nss -I../../../../../dist/private/nss  pkix_pl_hashtable.c
cc -o Linux6.6_x86_64_cc_glibc_PTH_64_OPT.OBJ/pkix_pl_lifecycle.o -c -std=c99 -O2 -fPIC  -m64 -pipe -ffunction-sections -fdata-sections -DHAVE_STRERROR -DLINUX -Dlinux -Wall -Wshadow -Werror -DXP_UNIX -DXP_UNIX -UDEBUG -DNDEBUG -D_DEFAULT_SOURCE -D_BSD_SOURCE -D_POSIX_SOURCE -DSDB_MEASURE_USE_TEMP_DIR -D_REENTRANT -UDEBUG -DNDEBUG -D_DEFAULT_SOURCE -D_BSD_SOURCE -D_POSIX_SOURCE -DSDB_MEASURE_USE_TEMP_DIR -D_REENTRANT -DNSS_DISABLE_SSE3 -DNSS_NO_INIT_SUPPORT -DUSE_UTIL_DIRECTLY -DNO_NSPR_10_SUPPORT -DSSL_DISABLE_DEPRECATED_CIPHER_SUITE_NAMES -I/home/ffortier/code/perso/nss/../nspr/dist/include/nspr -I../../../../../dist/Linux6.6_x86_64_cc_glibc_PTH_64_OPT.OBJ/include -I../../../../../dist/public/nss -I../../../../../dist/private/nss  pkix_pl_lifecycle.c
cc -o Linux6.6_x86_64_cc_glibc_PTH_64_OPT.OBJ/pkix_pl_mem.o -c -std=c99 -O2 -fPIC  -m64 -pipe -ffunction-sections -fdata-sections -DHAVE_STRERROR -DLINUX -Dlinux -Wall -Wshadow -Werror -DXP_UNIX -DXP_UNIX -UDEBUG -DNDEBUG -D_DEFAULT_SOURCE -D_BSD_SOURCE -D_POSIX_SOURCE -DSDB_MEASURE_USE_TEMP_DIR -D_REENTRANT -UDEBUG -DNDEBUG -D_DEFAULT_SOURCE -D_BSD_SOURCE -D_POSIX_SOURCE -DSDB_MEASURE_USE_TEMP_DIR -D_REENTRANT -DNSS_DISABLE_SSE3 -DNSS_NO_INIT_SUPPORT -DUSE_UTIL_DIRECTLY -DNO_NSPR_10_SUPPORT -DSSL_DISABLE_DEPRECATED_CIPHER_SUITE_NAMES -I/home/ffortier/code/perso/nss/../nspr/dist/include/nspr -I../../../../../dist/Linux6.6_x86_64_cc_glibc_PTH_64_OPT.OBJ/include -I../../../../../dist/public/nss -I../../../../../dist/private/nss  pkix_pl_mem.c
cc -o Linux6.6_x86_64_cc_glibc_PTH_64_OPT.OBJ/pkix_pl_monitorlock.o -c -std=c99 -O2 -fPIC  -m64 -pipe -ffunction-sections -fdata-sections -DHAVE_STRERROR -DLINUX -Dlinux -Wall -Wshadow -Werror -DXP_UNIX -DXP_UNIX -UDEBUG -DNDEBUG -D_DEFAULT_SOURCE -D_BSD_SOURCE -D_POSIX_SOURCE -DSDB_MEASURE_USE_TEMP_DIR -D_REENTRANT -UDEBUG -DNDEBUG -D_DEFAULT_SOURCE -D_BSD_SOURCE -D_POSIX_SOURCE -DSDB_MEASURE_USE_TEMP_DIR -D_REENTRANT -DNSS_DISABLE_SSE3 -DNSS_NO_INIT_SUPPORT -DUSE_UTIL_DIRECTLY -DNO_NSPR_10_SUPPORT -DSSL_DISABLE_DEPRECATED_CIPHER_SUITE_NAMES -I/home/ffortier/code/perso/nss/../nspr/dist/include/nspr -I../../../../../dist/Linux6.6_x86_64_cc_glibc_PTH_64_OPT.OBJ/include -I../../../../../dist/public/nss -I../../../../../dist/private/nss  pkix_pl_monitorlock.c
cc -o Linux6.6_x86_64_cc_glibc_PTH_64_OPT.OBJ/pkix_pl_mutex.o -c -std=c99 -O2 -fPIC  -m64 -pipe -ffunction-sections -fdata-sections -DHAVE_STRERROR -DLINUX -Dlinux -Wall -Wshadow -Werror -DXP_UNIX -DXP_UNIX -UDEBUG -DNDEBUG -D_DEFAULT_SOURCE -D_BSD_SOURCE -D_POSIX_SOURCE -DSDB_MEASURE_USE_TEMP_DIR -D_REENTRANT -UDEBUG -DNDEBUG -D_DEFAULT_SOURCE -D_BSD_SOURCE -D_POSIX_SOURCE -DSDB_MEASURE_USE_TEMP_DIR -D_REENTRANT -DNSS_DISABLE_SSE3 -DNSS_NO_INIT_SUPPORT -DUSE_UTIL_DIRECTLY -DNO_NSPR_10_SUPPORT -DSSL_DISABLE_DEPRECATED_CIPHER_SUITE_NAMES -I/home/ffortier/code/perso/nss/../nspr/dist/include/nspr -I../../../../../dist/Linux6.6_x86_64_cc_glibc_PTH_64_OPT.OBJ/include -I../../../../../dist/public/nss -I../../../../../dist/private/nss  pkix_pl_mutex.c
cc -o Linux6.6_x86_64_cc_glibc_PTH_64_OPT.OBJ/pkix_pl_object.o -c -std=c99 -O2 -fPIC  -m64 -pipe -ffunction-sections -fdata-sections -DHAVE_STRERROR -DLINUX -Dlinux -Wall -Wshadow -Werror -DXP_UNIX -DXP_UNIX -UDEBUG -DNDEBUG -D_DEFAULT_SOURCE -D_BSD_SOURCE -D_POSIX_SOURCE -DSDB_MEASURE_USE_TEMP_DIR -D_REENTRANT -UDEBUG -DNDEBUG -D_DEFAULT_SOURCE -D_BSD_SOURCE -D_POSIX_SOURCE -DSDB_MEASURE_USE_TEMP_DIR -D_REENTRANT -DNSS_DISABLE_SSE3 -DNSS_NO_INIT_SUPPORT -DUSE_UTIL_DIRECTLY -DNO_NSPR_10_SUPPORT -DSSL_DISABLE_DEPRECATED_CIPHER_SUITE_NAMES -I/home/ffortier/code/perso/nss/../nspr/dist/include/nspr -I../../../../../dist/Linux6.6_x86_64_cc_glibc_PTH_64_OPT.OBJ/include -I../../../../../dist/public/nss -I../../../../../dist/private/nss  pkix_pl_object.c
cc -o Linux6.6_x86_64_cc_glibc_PTH_64_OPT.OBJ/pkix_pl_oid.o -c -std=c99 -O2 -fPIC  -m64 -pipe -ffunction-sections -fdata-sections -DHAVE_STRERROR -DLINUX -Dlinux -Wall -Wshadow -Werror -DXP_UNIX -DXP_UNIX -UDEBUG -DNDEBUG -D_DEFAULT_SOURCE -D_BSD_SOURCE -D_POSIX_SOURCE -DSDB_MEASURE_USE_TEMP_DIR -D_REENTRANT -UDEBUG -DNDEBUG -D_DEFAULT_SOURCE -D_BSD_SOURCE -D_POSIX_SOURCE -DSDB_MEASURE_USE_TEMP_DIR -D_REENTRANT -DNSS_DISABLE_SSE3 -DNSS_NO_INIT_SUPPORT -DUSE_UTIL_DIRECTLY -DNO_NSPR_10_SUPPORT -DSSL_DISABLE_DEPRECATED_CIPHER_SUITE_NAMES -I/home/ffortier/code/perso/nss/../nspr/dist/include/nspr -I../../../../../dist/Linux6.6_x86_64_cc_glibc_PTH_64_OPT.OBJ/include -I../../../../../dist/public/nss -I../../../../../dist/private/nss  pkix_pl_oid.c
cc -o Linux6.6_x86_64_cc_glibc_PTH_64_OPT.OBJ/pkix_pl_primhash.o -c -std=c99 -O2 -fPIC  -m64 -pipe -ffunction-sections -fdata-sections -DHAVE_STRERROR -DLINUX -Dlinux -Wall -Wshadow -Werror -DXP_UNIX -DXP_UNIX -UDEBUG -DNDEBUG -D_DEFAULT_SOURCE -D_BSD_SOURCE -D_POSIX_SOURCE -DSDB_MEASURE_USE_TEMP_DIR -D_REENTRANT -UDEBUG -DNDEBUG -D_DEFAULT_SOURCE -D_BSD_SOURCE -D_POSIX_SOURCE -DSDB_MEASURE_USE_TEMP_DIR -D_REENTRANT -DNSS_DISABLE_SSE3 -DNSS_NO_INIT_SUPPORT -DUSE_UTIL_DIRECTLY -DNO_NSPR_10_SUPPORT -DSSL_DISABLE_DEPRECATED_CIPHER_SUITE_NAMES -I/home/ffortier/code/perso/nss/../nspr/dist/include/nspr -I../../../../../dist/Linux6.6_x86_64_cc_glibc_PTH_64_OPT.OBJ/include -I../../../../../dist/public/nss -I../../../../../dist/private/nss  pkix_pl_primhash.c
cc -o Linux6.6_x86_64_cc_glibc_PTH_64_OPT.OBJ/pkix_pl_rwlock.o -c -std=c99 -O2 -fPIC  -m64 -pipe -ffunction-sections -fdata-sections -DHAVE_STRERROR -DLINUX -Dlinux -Wall -Wshadow -Werror -DXP_UNIX -DXP_UNIX -UDEBUG -DNDEBUG -D_DEFAULT_SOURCE -D_BSD_SOURCE -D_POSIX_SOURCE -DSDB_MEASURE_USE_TEMP_DIR -D_REENTRANT -UDEBUG -DNDEBUG -D_DEFAULT_SOURCE -D_BSD_SOURCE -D_POSIX_SOURCE -DSDB_MEASURE_USE_TEMP_DIR -D_REENTRANT -DNSS_DISABLE_SSE3 -DNSS_NO_INIT_SUPPORT -DUSE_UTIL_DIRECTLY -DNO_NSPR_10_SUPPORT -DSSL_DISABLE_DEPRECATED_CIPHER_SUITE_NAMES -I/home/ffortier/code/perso/nss/../nspr/dist/include/nspr -I../../../../../dist/Linux6.6_x86_64_cc_glibc_PTH_64_OPT.OBJ/include -I../../../../../dist/public/nss -I../../../../../dist/private/nss  pkix_pl_rwlock.c
cc -o Linux6.6_x86_64_cc_glibc_PTH_64_OPT.OBJ/pkix_pl_string.o -c -std=c99 -O2 -fPIC  -m64 -pipe -ffunction-sections -fdata-sections -DHAVE_STRERROR -DLINUX -Dlinux -Wall -Wshadow -Werror -DXP_UNIX -DXP_UNIX -UDEBUG -DNDEBUG -D_DEFAULT_SOURCE -D_BSD_SOURCE -D_POSIX_SOURCE -DSDB_MEASURE_USE_TEMP_DIR -D_REENTRANT -UDEBUG -DNDEBUG -D_DEFAULT_SOURCE -D_BSD_SOURCE -D_POSIX_SOURCE -DSDB_MEASURE_USE_TEMP_DIR -D_REENTRANT -DNSS_DISABLE_SSE3 -DNSS_NO_INIT_SUPPORT -DUSE_UTIL_DIRECTLY -DNO_NSPR_10_SUPPORT -DSSL_DISABLE_DEPRECATED_CIPHER_SUITE_NAMES -I/home/ffortier/code/perso/nss/../nspr/dist/include/nspr -I../../../../../dist/Linux6.6_x86_64_cc_glibc_PTH_64_OPT.OBJ/include -I../../../../../dist/public/nss -I../../../../../dist/private/nss  pkix_pl_string.c
rm -f Linux6.6_x86_64_cc_glibc_PTH_64_OPT.OBJ/libpkixsystem.a
ar cr Linux6.6_x86_64_cc_glibc_PTH_64_OPT.OBJ/libpkixsystem.a Linux6.6_x86_64_cc_glibc_PTH_64_OPT.OBJ/pkix_pl_bigint.o Linux6.6_x86_64_cc_glibc_PTH_64_OPT.OBJ/pkix_pl_bytearray.o Linux6.6_x86_64_cc_glibc_PTH_64_OPT.OBJ/pkix_pl_common.o Linux6.6_x86_64_cc_glibc_PTH_64_OPT.OBJ/pkix_pl_error.o Linux6.6_x86_64_cc_glibc_PTH_64_OPT.OBJ/pkix_pl_hashtable.o Linux6.6_x86_64_cc_glibc_PTH_64_OPT.OBJ/pkix_pl_lifecycle.o Linux6.6_x86_64_cc_glibc_PTH_64_OPT.OBJ/pkix_pl_mem.o Linux6.6_x86_64_cc_glibc_PTH_64_OPT.OBJ/pkix_pl_monitorlock.o Linux6.6_x86_64_cc_glibc_PTH_64_OPT.OBJ/pkix_pl_mutex.o Linux6.6_x86_64_cc_glibc_PTH_64_OPT.OBJ/pkix_pl_object.o Linux6.6_x86_64_cc_glibc_PTH_64_OPT.OBJ/pkix_pl_oid.o Linux6.6_x86_64_cc_glibc_PTH_64_OPT.OBJ/pkix_pl_primhash.o Linux6.6_x86_64_cc_glibc_PTH_64_OPT.OBJ/pkix_pl_rwlock.o Linux6.6_x86_64_cc_glibc_PTH_64_OPT.OBJ/pkix_pl_string.o
echo Linux6.6_x86_64_cc_glibc_PTH_64_OPT.OBJ/libpkixsystem.a
Linux6.6_x86_64_cc_glibc_PTH_64_OPT.OBJ/libpkixsystem.a
../../../../coreconf/nsinstall/Linux6.6_x86_64_cc_glibc_PTH_64_OPT.OBJ/nsinstall -R -m 664 Linux6.6_x86_64_cc_glibc_PTH_64_OPT.OBJ/libpkixsystem.a ../../../../../dist/Linux6.6_x86_64_cc_glibc_PTH_64_OPT.OBJ/lib
make[5]: Leaving directory '/home/ffortier/code/perso/nss/lib/libpkix/pkix_pl_nss/system'
make[5]: Entering directory '/home/ffortier/code/perso/nss/lib/libpkix/pkix_pl_nss/module'
cc -o Linux6.6_x86_64_cc_glibc_PTH_64_OPT.OBJ/pkix_pl_aiamgr.o -c -std=c99 -O2 -fPIC  -m64 -pipe -ffunction-sections -fdata-sections -DHAVE_STRERROR -DLINUX -Dlinux -Wall -Wshadow -Werror -DXP_UNIX -DXP_UNIX -DSHLIB_SUFFIX=\"so\" -DSHLIB_PREFIX=\"lib\" -DSHLIB_VERSION=\"\" -UDEBUG -DNDEBUG -D_DEFAULT_SOURCE -D_BSD_SOURCE -D_POSIX_SOURCE -DSDB_MEASURE_USE_TEMP_DIR -D_REENTRANT -UDEBUG -DNDEBUG -D_DEFAULT_SOURCE -D_BSD_SOURCE -D_POSIX_SOURCE -DSDB_MEASURE_USE_TEMP_DIR -D_REENTRANT -DNSS_DISABLE_SSE3 -DNSS_NO_INIT_SUPPORT -DUSE_UTIL_DIRECTLY -DNO_NSPR_10_SUPPORT -DSSL_DISABLE_DEPRECATED_CIPHER_SUITE_NAMES -I/home/ffortier/code/perso/nss/../nspr/dist/include/nspr -I../../../../../dist/Linux6.6_x86_64_cc_glibc_PTH_64_OPT.OBJ/include -I../../../../../dist/public/nss -I../../../../../dist/private/nss  pkix_pl_aiamgr.c
cc -o Linux6.6_x86_64_cc_glibc_PTH_64_OPT.OBJ/pkix_pl_colcertstore.o -c -std=c99 -O2 -fPIC  -m64 -pipe -ffunction-sections -fdata-sections -DHAVE_STRERROR -DLINUX -Dlinux -Wall -Wshadow -Werror -DXP_UNIX -DXP_UNIX -DSHLIB_SUFFIX=\"so\" -DSHLIB_PREFIX=\"lib\" -DSHLIB_VERSION=\"\" -UDEBUG -DNDEBUG -D_DEFAULT_SOURCE -D_BSD_SOURCE -D_POSIX_SOURCE -DSDB_MEASURE_USE_TEMP_DIR -D_REENTRANT -UDEBUG -DNDEBUG -D_DEFAULT_SOURCE -D_BSD_SOURCE -D_POSIX_SOURCE -DSDB_MEASURE_USE_TEMP_DIR -D_REENTRANT -DNSS_DISABLE_SSE3 -DNSS_NO_INIT_SUPPORT -DUSE_UTIL_DIRECTLY -DNO_NSPR_10_SUPPORT -DSSL_DISABLE_DEPRECATED_CIPHER_SUITE_NAMES -I/home/ffortier/code/perso/nss/../nspr/dist/include/nspr -I../../../../../dist/Linux6.6_x86_64_cc_glibc_PTH_64_OPT.OBJ/include -I../../../../../dist/public/nss -I../../../../../dist/private/nss  pkix_pl_colcertstore.c
cc -o Linux6.6_x86_64_cc_glibc_PTH_64_OPT.OBJ/pkix_pl_httpcertstore.o -c -std=c99 -O2 -fPIC  -m64 -pipe -ffunction-sections -fdata-sections -DHAVE_STRERROR -DLINUX -Dlinux -Wall -Wshadow -Werror -DXP_UNIX -DXP_UNIX -DSHLIB_SUFFIX=\"so\" -DSHLIB_PREFIX=\"lib\" -DSHLIB_VERSION=\"\" -UDEBUG -DNDEBUG -D_DEFAULT_SOURCE -D_BSD_SOURCE -D_POSIX_SOURCE -DSDB_MEASURE_USE_TEMP_DIR -D_REENTRANT -UDEBUG -DNDEBUG -D_DEFAULT_SOURCE -D_BSD_SOURCE -D_POSIX_SOURCE -DSDB_MEASURE_USE_TEMP_DIR -D_REENTRANT -DNSS_DISABLE_SSE3 -DNSS_NO_INIT_SUPPORT -DUSE_UTIL_DIRECTLY -DNO_NSPR_10_SUPPORT -DSSL_DISABLE_DEPRECATED_CIPHER_SUITE_NAMES -I/home/ffortier/code/perso/nss/../nspr/dist/include/nspr -I../../../../../dist/Linux6.6_x86_64_cc_glibc_PTH_64_OPT.OBJ/include -I../../../../../dist/public/nss -I../../../../../dist/private/nss  pkix_pl_httpcertstore.c
cc -o Linux6.6_x86_64_cc_glibc_PTH_64_OPT.OBJ/pkix_pl_httpdefaultclient.o -c -std=c99 -O2 -fPIC  -m64 -pipe -ffunction-sections -fdata-sections -DHAVE_STRERROR -DLINUX -Dlinux -Wall -Wshadow -Werror -DXP_UNIX -DXP_UNIX -DSHLIB_SUFFIX=\"so\" -DSHLIB_PREFIX=\"lib\" -DSHLIB_VERSION=\"\" -UDEBUG -DNDEBUG -D_DEFAULT_SOURCE -D_BSD_SOURCE -D_POSIX_SOURCE -DSDB_MEASURE_USE_TEMP_DIR -D_REENTRANT -UDEBUG -DNDEBUG -D_DEFAULT_SOURCE -D_BSD_SOURCE -D_POSIX_SOURCE -DSDB_MEASURE_USE_TEMP_DIR -D_REENTRANT -DNSS_DISABLE_SSE3 -DNSS_NO_INIT_SUPPORT -DUSE_UTIL_DIRECTLY -DNO_NSPR_10_SUPPORT -DSSL_DISABLE_DEPRECATED_CIPHER_SUITE_NAMES -I/home/ffortier/code/perso/nss/../nspr/dist/include/nspr -I../../../../../dist/Linux6.6_x86_64_cc_glibc_PTH_64_OPT.OBJ/include -I../../../../../dist/public/nss -I../../../../../dist/private/nss  pkix_pl_httpdefaultclient.c
cc -o Linux6.6_x86_64_cc_glibc_PTH_64_OPT.OBJ/pkix_pl_ldaptemplates.o -c -std=c99 -O2 -fPIC  -m64 -pipe -ffunction-sections -fdata-sections -DHAVE_STRERROR -DLINUX -Dlinux -Wall -Wshadow -Werror -DXP_UNIX -DXP_UNIX -DSHLIB_SUFFIX=\"so\" -DSHLIB_PREFIX=\"lib\" -DSHLIB_VERSION=\"\" -UDEBUG -DNDEBUG -D_DEFAULT_SOURCE -D_BSD_SOURCE -D_POSIX_SOURCE -DSDB_MEASURE_USE_TEMP_DIR -D_REENTRANT -UDEBUG -DNDEBUG -D_DEFAULT_SOURCE -D_BSD_SOURCE -D_POSIX_SOURCE -DSDB_MEASURE_USE_TEMP_DIR -D_REENTRANT -DNSS_DISABLE_SSE3 -DNSS_NO_INIT_SUPPORT -DUSE_UTIL_DIRECTLY -DNO_NSPR_10_SUPPORT -DSSL_DISABLE_DEPRECATED_CIPHER_SUITE_NAMES -I/home/ffortier/code/perso/nss/../nspr/dist/include/nspr -I../../../../../dist/Linux6.6_x86_64_cc_glibc_PTH_64_OPT.OBJ/include -I../../../../../dist/public/nss -I../../../../../dist/private/nss  pkix_pl_ldaptemplates.c
cc -o Linux6.6_x86_64_cc_glibc_PTH_64_OPT.OBJ/pkix_pl_ldapcertstore.o -c -std=c99 -O2 -fPIC  -m64 -pipe -ffunction-sections -fdata-sections -DHAVE_STRERROR -DLINUX -Dlinux -Wall -Wshadow -Werror -DXP_UNIX -DXP_UNIX -DSHLIB_SUFFIX=\"so\" -DSHLIB_PREFIX=\"lib\" -DSHLIB_VERSION=\"\" -UDEBUG -DNDEBUG -D_DEFAULT_SOURCE -D_BSD_SOURCE -D_POSIX_SOURCE -DSDB_MEASURE_USE_TEMP_DIR -D_REENTRANT -UDEBUG -DNDEBUG -D_DEFAULT_SOURCE -D_BSD_SOURCE -D_POSIX_SOURCE -DSDB_MEASURE_USE_TEMP_DIR -D_REENTRANT -DNSS_DISABLE_SSE3 -DNSS_NO_INIT_SUPPORT -DUSE_UTIL_DIRECTLY -DNO_NSPR_10_SUPPORT -DSSL_DISABLE_DEPRECATED_CIPHER_SUITE_NAMES -I/home/ffortier/code/perso/nss/../nspr/dist/include/nspr -I../../../../../dist/Linux6.6_x86_64_cc_glibc_PTH_64_OPT.OBJ/include -I../../../../../dist/public/nss -I../../../../../dist/private/nss  pkix_pl_ldapcertstore.c
cc -o Linux6.6_x86_64_cc_glibc_PTH_64_OPT.OBJ/pkix_pl_ldapresponse.o -c -std=c99 -O2 -fPIC  -m64 -pipe -ffunction-sections -fdata-sections -DHAVE_STRERROR -DLINUX -Dlinux -Wall -Wshadow -Werror -DXP_UNIX -DXP_UNIX -DSHLIB_SUFFIX=\"so\" -DSHLIB_PREFIX=\"lib\" -DSHLIB_VERSION=\"\" -UDEBUG -DNDEBUG -D_DEFAULT_SOURCE -D_BSD_SOURCE -D_POSIX_SOURCE -DSDB_MEASURE_USE_TEMP_DIR -D_REENTRANT -UDEBUG -DNDEBUG -D_DEFAULT_SOURCE -D_BSD_SOURCE -D_POSIX_SOURCE -DSDB_MEASURE_USE_TEMP_DIR -D_REENTRANT -DNSS_DISABLE_SSE3 -DNSS_NO_INIT_SUPPORT -DUSE_UTIL_DIRECTLY -DNO_NSPR_10_SUPPORT -DSSL_DISABLE_DEPRECATED_CIPHER_SUITE_NAMES -I/home/ffortier/code/perso/nss/../nspr/dist/include/nspr -I../../../../../dist/Linux6.6_x86_64_cc_glibc_PTH_64_OPT.OBJ/include -I../../../../../dist/public/nss -I../../../../../dist/private/nss  pkix_pl_ldapresponse.c
cc -o Linux6.6_x86_64_cc_glibc_PTH_64_OPT.OBJ/pkix_pl_ldaprequest.o -c -std=c99 -O2 -fPIC  -m64 -pipe -ffunction-sections -fdata-sections -DHAVE_STRERROR -DLINUX -Dlinux -Wall -Wshadow -Werror -DXP_UNIX -DXP_UNIX -DSHLIB_SUFFIX=\"so\" -DSHLIB_PREFIX=\"lib\" -DSHLIB_VERSION=\"\" -UDEBUG -DNDEBUG -D_DEFAULT_SOURCE -D_BSD_SOURCE -D_POSIX_SOURCE -DSDB_MEASURE_USE_TEMP_DIR -D_REENTRANT -UDEBUG -DNDEBUG -D_DEFAULT_SOURCE -D_BSD_SOURCE -D_POSIX_SOURCE -DSDB_MEASURE_USE_TEMP_DIR -D_REENTRANT -DNSS_DISABLE_SSE3 -DNSS_NO_INIT_SUPPORT -DUSE_UTIL_DIRECTLY -DNO_NSPR_10_SUPPORT -DSSL_DISABLE_DEPRECATED_CIPHER_SUITE_NAMES -I/home/ffortier/code/perso/nss/../nspr/dist/include/nspr -I../../../../../dist/Linux6.6_x86_64_cc_glibc_PTH_64_OPT.OBJ/include -I../../../../../dist/public/nss -I../../../../../dist/private/nss  pkix_pl_ldaprequest.c
cc -o Linux6.6_x86_64_cc_glibc_PTH_64_OPT.OBJ/pkix_pl_ldapdefaultclient.o -c -std=c99 -O2 -fPIC  -m64 -pipe -ffunction-sections -fdata-sections -DHAVE_STRERROR -DLINUX -Dlinux -Wall -Wshadow -Werror -DXP_UNIX -DXP_UNIX -DSHLIB_SUFFIX=\"so\" -DSHLIB_PREFIX=\"lib\" -DSHLIB_VERSION=\"\" -UDEBUG -DNDEBUG -D_DEFAULT_SOURCE -D_BSD_SOURCE -D_POSIX_SOURCE -DSDB_MEASURE_USE_TEMP_DIR -D_REENTRANT -UDEBUG -DNDEBUG -D_DEFAULT_SOURCE -D_BSD_SOURCE -D_POSIX_SOURCE -DSDB_MEASURE_USE_TEMP_DIR -D_REENTRANT -DNSS_DISABLE_SSE3 -DNSS_NO_INIT_SUPPORT -DUSE_UTIL_DIRECTLY -DNO_NSPR_10_SUPPORT -DSSL_DISABLE_DEPRECATED_CIPHER_SUITE_NAMES -I/home/ffortier/code/perso/nss/../nspr/dist/include/nspr -I../../../../../dist/Linux6.6_x86_64_cc_glibc_PTH_64_OPT.OBJ/include -I../../../../../dist/public/nss -I../../../../../dist/private/nss  pkix_pl_ldapdefaultclient.c
cc -o Linux6.6_x86_64_cc_glibc_PTH_64_OPT.OBJ/pkix_pl_nsscontext.o -c -std=c99 -O2 -fPIC  -m64 -pipe -ffunction-sections -fdata-sections -DHAVE_STRERROR -DLINUX -Dlinux -Wall -Wshadow -Werror -DXP_UNIX -DXP_UNIX -DSHLIB_SUFFIX=\"so\" -DSHLIB_PREFIX=\"lib\" -DSHLIB_VERSION=\"\" -UDEBUG -DNDEBUG -D_DEFAULT_SOURCE -D_BSD_SOURCE -D_POSIX_SOURCE -DSDB_MEASURE_USE_TEMP_DIR -D_REENTRANT -UDEBUG -DNDEBUG -D_DEFAULT_SOURCE -D_BSD_SOURCE -D_POSIX_SOURCE -DSDB_MEASURE_USE_TEMP_DIR -D_REENTRANT -DNSS_DISABLE_SSE3 -DNSS_NO_INIT_SUPPORT -DUSE_UTIL_DIRECTLY -DNO_NSPR_10_SUPPORT -DSSL_DISABLE_DEPRECATED_CIPHER_SUITE_NAMES -I/home/ffortier/code/perso/nss/../nspr/dist/include/nspr -I../../../../../dist/Linux6.6_x86_64_cc_glibc_PTH_64_OPT.OBJ/include -I../../../../../dist/public/nss -I../../../../../dist/private/nss  pkix_pl_nsscontext.c
cc -o Linux6.6_x86_64_cc_glibc_PTH_64_OPT.OBJ/pkix_pl_pk11certstore.o -c -std=c99 -O2 -fPIC  -m64 -pipe -ffunction-sections -fdata-sections -DHAVE_STRERROR -DLINUX -Dlinux -Wall -Wshadow -Werror -DXP_UNIX -DXP_UNIX -DSHLIB_SUFFIX=\"so\" -DSHLIB_PREFIX=\"lib\" -DSHLIB_VERSION=\"\" -UDEBUG -DNDEBUG -D_DEFAULT_SOURCE -D_BSD_SOURCE -D_POSIX_SOURCE -DSDB_MEASURE_USE_TEMP_DIR -D_REENTRANT -UDEBUG -DNDEBUG -D_DEFAULT_SOURCE -D_BSD_SOURCE -D_POSIX_SOURCE -DSDB_MEASURE_USE_TEMP_DIR -D_REENTRANT -DNSS_DISABLE_SSE3 -DNSS_NO_INIT_SUPPORT -DUSE_UTIL_DIRECTLY -DNO_NSPR_10_SUPPORT -DSSL_DISABLE_DEPRECATED_CIPHER_SUITE_NAMES -I/home/ffortier/code/perso/nss/../nspr/dist/include/nspr -I../../../../../dist/Linux6.6_x86_64_cc_glibc_PTH_64_OPT.OBJ/include -I../../../../../dist/public/nss -I../../../../../dist/private/nss  pkix_pl_pk11certstore.c
cc -o Linux6.6_x86_64_cc_glibc_PTH_64_OPT.OBJ/pkix_pl_socket.o -c -std=c99 -O2 -fPIC  -m64 -pipe -ffunction-sections -fdata-sections -DHAVE_STRERROR -DLINUX -Dlinux -Wall -Wshadow -Werror -DXP_UNIX -DXP_UNIX -DSHLIB_SUFFIX=\"so\" -DSHLIB_PREFIX=\"lib\" -DSHLIB_VERSION=\"\" -UDEBUG -DNDEBUG -D_DEFAULT_SOURCE -D_BSD_SOURCE -D_POSIX_SOURCE -DSDB_MEASURE_USE_TEMP_DIR -D_REENTRANT -UDEBUG -DNDEBUG -D_DEFAULT_SOURCE -D_BSD_SOURCE -D_POSIX_SOURCE -DSDB_MEASURE_USE_TEMP_DIR -D_REENTRANT -DNSS_DISABLE_SSE3 -DNSS_NO_INIT_SUPPORT -DUSE_UTIL_DIRECTLY -DNO_NSPR_10_SUPPORT -DSSL_DISABLE_DEPRECATED_CIPHER_SUITE_NAMES -I/home/ffortier/code/perso/nss/../nspr/dist/include/nspr -I../../../../../dist/Linux6.6_x86_64_cc_glibc_PTH_64_OPT.OBJ/include -I../../../../../dist/public/nss -I../../../../../dist/private/nss  pkix_pl_socket.c
rm -f Linux6.6_x86_64_cc_glibc_PTH_64_OPT.OBJ/libpkixmodule.a
ar cr Linux6.6_x86_64_cc_glibc_PTH_64_OPT.OBJ/libpkixmodule.a Linux6.6_x86_64_cc_glibc_PTH_64_OPT.OBJ/pkix_pl_aiamgr.o Linux6.6_x86_64_cc_glibc_PTH_64_OPT.OBJ/pkix_pl_colcertstore.o Linux6.6_x86_64_cc_glibc_PTH_64_OPT.OBJ/pkix_pl_httpcertstore.o Linux6.6_x86_64_cc_glibc_PTH_64_OPT.OBJ/pkix_pl_httpdefaultclient.o Linux6.6_x86_64_cc_glibc_PTH_64_OPT.OBJ/pkix_pl_ldaptemplates.o Linux6.6_x86_64_cc_glibc_PTH_64_OPT.OBJ/pkix_pl_ldapcertstore.o Linux6.6_x86_64_cc_glibc_PTH_64_OPT.OBJ/pkix_pl_ldapresponse.o Linux6.6_x86_64_cc_glibc_PTH_64_OPT.OBJ/pkix_pl_ldaprequest.o Linux6.6_x86_64_cc_glibc_PTH_64_OPT.OBJ/pkix_pl_ldapdefaultclient.o Linux6.6_x86_64_cc_glibc_PTH_64_OPT.OBJ/pkix_pl_nsscontext.o Linux6.6_x86_64_cc_glibc_PTH_64_OPT.OBJ/pkix_pl_pk11certstore.o Linux6.6_x86_64_cc_glibc_PTH_64_OPT.OBJ/pkix_pl_socket.o
echo Linux6.6_x86_64_cc_glibc_PTH_64_OPT.OBJ/libpkixmodule.a
Linux6.6_x86_64_cc_glibc_PTH_64_OPT.OBJ/libpkixmodule.a
../../../../coreconf/nsinstall/Linux6.6_x86_64_cc_glibc_PTH_64_OPT.OBJ/nsinstall -R -m 664 Linux6.6_x86_64_cc_glibc_PTH_64_OPT.OBJ/libpkixmodule.a ../../../../../dist/Linux6.6_x86_64_cc_glibc_PTH_64_OPT.OBJ/lib
make[5]: Leaving directory '/home/ffortier/code/perso/nss/lib/libpkix/pkix_pl_nss/module'
make[4]: Leaving directory '/home/ffortier/code/perso/nss/lib/libpkix/pkix_pl_nss'
make[3]: Leaving directory '/home/ffortier/code/perso/nss/lib/libpkix'
make[3]: Entering directory '/home/ffortier/code/perso/nss/lib/pk11wrap'
cc -o Linux6.6_x86_64_cc_glibc_PTH_64_OPT.OBJ/dev3hack.o -c -std=c99 -O2 -fPIC  -m64 -pipe -ffunction-sections -fdata-sections -DHAVE_STRERROR -DLINUX -Dlinux -Wall -Wshadow -Werror -DXP_UNIX -DXP_UNIX -DSHLIB_SUFFIX=\"so\" -DSHLIB_PREFIX=\"lib\" -DNSS_SHLIB_VERSION=\"3\" -DSOFTOKEN_SHLIB_VERSION=\"3\" -UDEBUG -DNDEBUG -D_DEFAULT_SOURCE -D_BSD_SOURCE -D_POSIX_SOURCE -DSDB_MEASURE_USE_TEMP_DIR -D_REENTRANT -UDEBUG -DNDEBUG -D_DEFAULT_SOURCE -D_BSD_SOURCE -D_POSIX_SOURCE -DSDB_MEASURE_USE_TEMP_DIR -D_REENTRANT -DNSS_DISABLE_SSE3 -DNSS_NO_INIT_SUPPORT -DUSE_UTIL_DIRECTLY -DNO_NSPR_10_SUPPORT -DSSL_DISABLE_DEPRECATED_CIPHER_SUITE_NAMES -I/home/ffortier/code/perso/nss/../nspr/dist/include/nspr -I../../../dist/Linux6.6_x86_64_cc_glibc_PTH_64_OPT.OBJ/include -I../../../dist/public/nss -I../../../dist/private/nss  dev3hack.c
cc -o Linux6.6_x86_64_cc_glibc_PTH_64_OPT.OBJ/pk11akey.o -c -std=c99 -O2 -fPIC  -m64 -pipe -ffunction-sections -fdata-sections -DHAVE_STRERROR -DLINUX -Dlinux -Wall -Wshadow -Werror -DXP_UNIX -DXP_UNIX -DSHLIB_SUFFIX=\"so\" -DSHLIB_PREFIX=\"lib\" -DNSS_SHLIB_VERSION=\"3\" -DSOFTOKEN_SHLIB_VERSION=\"3\" -UDEBUG -DNDEBUG -D_DEFAULT_SOURCE -D_BSD_SOURCE -D_POSIX_SOURCE -DSDB_MEASURE_USE_TEMP_DIR -D_REENTRANT -UDEBUG -DNDEBUG -D_DEFAULT_SOURCE -D_BSD_SOURCE -D_POSIX_SOURCE -DSDB_MEASURE_USE_TEMP_DIR -D_REENTRANT -DNSS_DISABLE_SSE3 -DNSS_NO_INIT_SUPPORT -DUSE_UTIL_DIRECTLY -DNO_NSPR_10_SUPPORT -DSSL_DISABLE_DEPRECATED_CIPHER_SUITE_NAMES -I/home/ffortier/code/perso/nss/../nspr/dist/include/nspr -I../../../dist/Linux6.6_x86_64_cc_glibc_PTH_64_OPT.OBJ/include -I../../../dist/public/nss -I../../../dist/private/nss  pk11akey.c
cc -o Linux6.6_x86_64_cc_glibc_PTH_64_OPT.OBJ/pk11auth.o -c -std=c99 -O2 -fPIC  -m64 -pipe -ffunction-sections -fdata-sections -DHAVE_STRERROR -DLINUX -Dlinux -Wall -Wshadow -Werror -DXP_UNIX -DXP_UNIX -DSHLIB_SUFFIX=\"so\" -DSHLIB_PREFIX=\"lib\" -DNSS_SHLIB_VERSION=\"3\" -DSOFTOKEN_SHLIB_VERSION=\"3\" -UDEBUG -DNDEBUG -D_DEFAULT_SOURCE -D_BSD_SOURCE -D_POSIX_SOURCE -DSDB_MEASURE_USE_TEMP_DIR -D_REENTRANT -UDEBUG -DNDEBUG -D_DEFAULT_SOURCE -D_BSD_SOURCE -D_POSIX_SOURCE -DSDB_MEASURE_USE_TEMP_DIR -D_REENTRANT -DNSS_DISABLE_SSE3 -DNSS_NO_INIT_SUPPORT -DUSE_UTIL_DIRECTLY -DNO_NSPR_10_SUPPORT -DSSL_DISABLE_DEPRECATED_CIPHER_SUITE_NAMES -I/home/ffortier/code/perso/nss/../nspr/dist/include/nspr -I../../../dist/Linux6.6_x86_64_cc_glibc_PTH_64_OPT.OBJ/include -I../../../dist/public/nss -I../../../dist/private/nss  pk11auth.c
cc -o Linux6.6_x86_64_cc_glibc_PTH_64_OPT.OBJ/pk11cert.o -c -std=c99 -O2 -fPIC  -m64 -pipe -ffunction-sections -fdata-sections -DHAVE_STRERROR -DLINUX -Dlinux -Wall -Wshadow -Werror -DXP_UNIX -DXP_UNIX -DSHLIB_SUFFIX=\"so\" -DSHLIB_PREFIX=\"lib\" -DNSS_SHLIB_VERSION=\"3\" -DSOFTOKEN_SHLIB_VERSION=\"3\" -UDEBUG -DNDEBUG -D_DEFAULT_SOURCE -D_BSD_SOURCE -D_POSIX_SOURCE -DSDB_MEASURE_USE_TEMP_DIR -D_REENTRANT -UDEBUG -DNDEBUG -D_DEFAULT_SOURCE -D_BSD_SOURCE -D_POSIX_SOURCE -DSDB_MEASURE_USE_TEMP_DIR -D_REENTRANT -DNSS_DISABLE_SSE3 -DNSS_NO_INIT_SUPPORT -DUSE_UTIL_DIRECTLY -DNO_NSPR_10_SUPPORT -DSSL_DISABLE_DEPRECATED_CIPHER_SUITE_NAMES -I/home/ffortier/code/perso/nss/../nspr/dist/include/nspr -I../../../dist/Linux6.6_x86_64_cc_glibc_PTH_64_OPT.OBJ/include -I../../../dist/public/nss -I../../../dist/private/nss  pk11cert.c
cc -o Linux6.6_x86_64_cc_glibc_PTH_64_OPT.OBJ/pk11cxt.o -c -std=c99 -O2 -fPIC  -m64 -pipe -ffunction-sections -fdata-sections -DHAVE_STRERROR -DLINUX -Dlinux -Wall -Wshadow -Werror -DXP_UNIX -DXP_UNIX -DSHLIB_SUFFIX=\"so\" -DSHLIB_PREFIX=\"lib\" -DNSS_SHLIB_VERSION=\"3\" -DSOFTOKEN_SHLIB_VERSION=\"3\" -UDEBUG -DNDEBUG -D_DEFAULT_SOURCE -D_BSD_SOURCE -D_POSIX_SOURCE -DSDB_MEASURE_USE_TEMP_DIR -D_REENTRANT -UDEBUG -DNDEBUG -D_DEFAULT_SOURCE -D_BSD_SOURCE -D_POSIX_SOURCE -DSDB_MEASURE_USE_TEMP_DIR -D_REENTRANT -DNSS_DISABLE_SSE3 -DNSS_NO_INIT_SUPPORT -DUSE_UTIL_DIRECTLY -DNO_NSPR_10_SUPPORT -DSSL_DISABLE_DEPRECATED_CIPHER_SUITE_NAMES -I/home/ffortier/code/perso/nss/../nspr/dist/include/nspr -I../../../dist/Linux6.6_x86_64_cc_glibc_PTH_64_OPT.OBJ/include -I../../../dist/public/nss -I../../../dist/private/nss  pk11cxt.c
cc -o Linux6.6_x86_64_cc_glibc_PTH_64_OPT.OBJ/pk11err.o -c -std=c99 -O2 -fPIC  -m64 -pipe -ffunction-sections -fdata-sections -DHAVE_STRERROR -DLINUX -Dlinux -Wall -Wshadow -Werror -DXP_UNIX -DXP_UNIX -DSHLIB_SUFFIX=\"so\" -DSHLIB_PREFIX=\"lib\" -DNSS_SHLIB_VERSION=\"3\" -DSOFTOKEN_SHLIB_VERSION=\"3\" -UDEBUG -DNDEBUG -D_DEFAULT_SOURCE -D_BSD_SOURCE -D_POSIX_SOURCE -DSDB_MEASURE_USE_TEMP_DIR -D_REENTRANT -UDEBUG -DNDEBUG -D_DEFAULT_SOURCE -D_BSD_SOURCE -D_POSIX_SOURCE -DSDB_MEASURE_USE_TEMP_DIR -D_REENTRANT -DNSS_DISABLE_SSE3 -DNSS_NO_INIT_SUPPORT -DUSE_UTIL_DIRECTLY -DNO_NSPR_10_SUPPORT -DSSL_DISABLE_DEPRECATED_CIPHER_SUITE_NAMES -I/home/ffortier/code/perso/nss/../nspr/dist/include/nspr -I../../../dist/Linux6.6_x86_64_cc_glibc_PTH_64_OPT.OBJ/include -I../../../dist/public/nss -I../../../dist/private/nss  pk11err.c
cc -o Linux6.6_x86_64_cc_glibc_PTH_64_OPT.OBJ/pk11hpke.o -c -std=c99 -O2 -fPIC  -m64 -pipe -ffunction-sections -fdata-sections -DHAVE_STRERROR -DLINUX -Dlinux -Wall -Wshadow -Werror -DXP_UNIX -DXP_UNIX -DSHLIB_SUFFIX=\"so\" -DSHLIB_PREFIX=\"lib\" -DNSS_SHLIB_VERSION=\"3\" -DSOFTOKEN_SHLIB_VERSION=\"3\" -UDEBUG -DNDEBUG -D_DEFAULT_SOURCE -D_BSD_SOURCE -D_POSIX_SOURCE -DSDB_MEASURE_USE_TEMP_DIR -D_REENTRANT -UDEBUG -DNDEBUG -D_DEFAULT_SOURCE -D_BSD_SOURCE -D_POSIX_SOURCE -DSDB_MEASURE_USE_TEMP_DIR -D_REENTRANT -DNSS_DISABLE_SSE3 -DNSS_NO_INIT_SUPPORT -DUSE_UTIL_DIRECTLY -DNO_NSPR_10_SUPPORT -DSSL_DISABLE_DEPRECATED_CIPHER_SUITE_NAMES -I/home/ffortier/code/perso/nss/../nspr/dist/include/nspr -I../../../dist/Linux6.6_x86_64_cc_glibc_PTH_64_OPT.OBJ/include -I../../../dist/public/nss -I../../../dist/private/nss  pk11hpke.c
cc -o Linux6.6_x86_64_cc_glibc_PTH_64_OPT.OBJ/pk11kea.o -c -std=c99 -O2 -fPIC  -m64 -pipe -ffunction-sections -fdata-sections -DHAVE_STRERROR -DLINUX -Dlinux -Wall -Wshadow -Werror -DXP_UNIX -DXP_UNIX -DSHLIB_SUFFIX=\"so\" -DSHLIB_PREFIX=\"lib\" -DNSS_SHLIB_VERSION=\"3\" -DSOFTOKEN_SHLIB_VERSION=\"3\" -UDEBUG -DNDEBUG -D_DEFAULT_SOURCE -D_BSD_SOURCE -D_POSIX_SOURCE -DSDB_MEASURE_USE_TEMP_DIR -D_REENTRANT -UDEBUG -DNDEBUG -D_DEFAULT_SOURCE -D_BSD_SOURCE -D_POSIX_SOURCE -DSDB_MEASURE_USE_TEMP_DIR -D_REENTRANT -DNSS_DISABLE_SSE3 -DNSS_NO_INIT_SUPPORT -DUSE_UTIL_DIRECTLY -DNO_NSPR_10_SUPPORT -DSSL_DISABLE_DEPRECATED_CIPHER_SUITE_NAMES -I/home/ffortier/code/perso/nss/../nspr/dist/include/nspr -I../../../dist/Linux6.6_x86_64_cc_glibc_PTH_64_OPT.OBJ/include -I../../../dist/public/nss -I../../../dist/private/nss  pk11kea.c
cc -o Linux6.6_x86_64_cc_glibc_PTH_64_OPT.OBJ/pk11list.o -c -std=c99 -O2 -fPIC  -m64 -pipe -ffunction-sections -fdata-sections -DHAVE_STRERROR -DLINUX -Dlinux -Wall -Wshadow -Werror -DXP_UNIX -DXP_UNIX -DSHLIB_SUFFIX=\"so\" -DSHLIB_PREFIX=\"lib\" -DNSS_SHLIB_VERSION=\"3\" -DSOFTOKEN_SHLIB_VERSION=\"3\" -UDEBUG -DNDEBUG -D_DEFAULT_SOURCE -D_BSD_SOURCE -D_POSIX_SOURCE -DSDB_MEASURE_USE_TEMP_DIR -D_REENTRANT -UDEBUG -DNDEBUG -D_DEFAULT_SOURCE -D_BSD_SOURCE -D_POSIX_SOURCE -DSDB_MEASURE_USE_TEMP_DIR -D_REENTRANT -DNSS_DISABLE_SSE3 -DNSS_NO_INIT_SUPPORT -DUSE_UTIL_DIRECTLY -DNO_NSPR_10_SUPPORT -DSSL_DISABLE_DEPRECATED_CIPHER_SUITE_NAMES -I/home/ffortier/code/perso/nss/../nspr/dist/include/nspr -I../../../dist/Linux6.6_x86_64_cc_glibc_PTH_64_OPT.OBJ/include -I../../../dist/public/nss -I../../../dist/private/nss  pk11list.c
cc -o Linux6.6_x86_64_cc_glibc_PTH_64_OPT.OBJ/pk11load.o -c -std=c99 -O2 -fPIC  -m64 -pipe -ffunction-sections -fdata-sections -DHAVE_STRERROR -DLINUX -Dlinux -Wall -Wshadow -Werror -DXP_UNIX -DXP_UNIX -DSHLIB_SUFFIX=\"so\" -DSHLIB_PREFIX=\"lib\" -DNSS_SHLIB_VERSION=\"3\" -DSOFTOKEN_SHLIB_VERSION=\"3\" -UDEBUG -DNDEBUG -D_DEFAULT_SOURCE -D_BSD_SOURCE -D_POSIX_SOURCE -DSDB_MEASURE_USE_TEMP_DIR -D_REENTRANT -UDEBUG -DNDEBUG -D_DEFAULT_SOURCE -D_BSD_SOURCE -D_POSIX_SOURCE -DSDB_MEASURE_USE_TEMP_DIR -D_REENTRANT -DNSS_DISABLE_SSE3 -DNSS_NO_INIT_SUPPORT -DUSE_UTIL_DIRECTLY -DNO_NSPR_10_SUPPORT -DSSL_DISABLE_DEPRECATED_CIPHER_SUITE_NAMES -I/home/ffortier/code/perso/nss/../nspr/dist/include/nspr -I../../../dist/Linux6.6_x86_64_cc_glibc_PTH_64_OPT.OBJ/include -I../../../dist/public/nss -I../../../dist/private/nss  pk11load.c
cc -o Linux6.6_x86_64_cc_glibc_PTH_64_OPT.OBJ/pk11mech.o -c -std=c99 -O2 -fPIC  -m64 -pipe -ffunction-sections -fdata-sections -DHAVE_STRERROR -DLINUX -Dlinux -Wall -Wshadow -Werror -DXP_UNIX -DXP_UNIX -DSHLIB_SUFFIX=\"so\" -DSHLIB_PREFIX=\"lib\" -DNSS_SHLIB_VERSION=\"3\" -DSOFTOKEN_SHLIB_VERSION=\"3\" -UDEBUG -DNDEBUG -D_DEFAULT_SOURCE -D_BSD_SOURCE -D_POSIX_SOURCE -DSDB_MEASURE_USE_TEMP_DIR -D_REENTRANT -UDEBUG -DNDEBUG -D_DEFAULT_SOURCE -D_BSD_SOURCE -D_POSIX_SOURCE -DSDB_MEASURE_USE_TEMP_DIR -D_REENTRANT -DNSS_DISABLE_SSE3 -DNSS_NO_INIT_SUPPORT -DUSE_UTIL_DIRECTLY -DNO_NSPR_10_SUPPORT -DSSL_DISABLE_DEPRECATED_CIPHER_SUITE_NAMES -I/home/ffortier/code/perso/nss/../nspr/dist/include/nspr -I../../../dist/Linux6.6_x86_64_cc_glibc_PTH_64_OPT.OBJ/include -I../../../dist/public/nss -I../../../dist/private/nss  pk11mech.c
cc -o Linux6.6_x86_64_cc_glibc_PTH_64_OPT.OBJ/pk11merge.o -c -std=c99 -O2 -fPIC  -m64 -pipe -ffunction-sections -fdata-sections -DHAVE_STRERROR -DLINUX -Dlinux -Wall -Wshadow -Werror -DXP_UNIX -DXP_UNIX -DSHLIB_SUFFIX=\"so\" -DSHLIB_PREFIX=\"lib\" -DNSS_SHLIB_VERSION=\"3\" -DSOFTOKEN_SHLIB_VERSION=\"3\" -UDEBUG -DNDEBUG -D_DEFAULT_SOURCE -D_BSD_SOURCE -D_POSIX_SOURCE -DSDB_MEASURE_USE_TEMP_DIR -D_REENTRANT -UDEBUG -DNDEBUG -D_DEFAULT_SOURCE -D_BSD_SOURCE -D_POSIX_SOURCE -DSDB_MEASURE_USE_TEMP_DIR -D_REENTRANT -DNSS_DISABLE_SSE3 -DNSS_NO_INIT_SUPPORT -DUSE_UTIL_DIRECTLY -DNO_NSPR_10_SUPPORT -DSSL_DISABLE_DEPRECATED_CIPHER_SUITE_NAMES -I/home/ffortier/code/perso/nss/../nspr/dist/include/nspr -I../../../dist/Linux6.6_x86_64_cc_glibc_PTH_64_OPT.OBJ/include -I../../../dist/public/nss -I../../../dist/private/nss  pk11merge.c
cc -o Linux6.6_x86_64_cc_glibc_PTH_64_OPT.OBJ/pk11nobj.o -c -std=c99 -O2 -fPIC  -m64 -pipe -ffunction-sections -fdata-sections -DHAVE_STRERROR -DLINUX -Dlinux -Wall -Wshadow -Werror -DXP_UNIX -DXP_UNIX -DSHLIB_SUFFIX=\"so\" -DSHLIB_PREFIX=\"lib\" -DNSS_SHLIB_VERSION=\"3\" -DSOFTOKEN_SHLIB_VERSION=\"3\" -UDEBUG -DNDEBUG -D_DEFAULT_SOURCE -D_BSD_SOURCE -D_POSIX_SOURCE -DSDB_MEASURE_USE_TEMP_DIR -D_REENTRANT -UDEBUG -DNDEBUG -D_DEFAULT_SOURCE -D_BSD_SOURCE -D_POSIX_SOURCE -DSDB_MEASURE_USE_TEMP_DIR -D_REENTRANT -DNSS_DISABLE_SSE3 -DNSS_NO_INIT_SUPPORT -DUSE_UTIL_DIRECTLY -DNO_NSPR_10_SUPPORT -DSSL_DISABLE_DEPRECATED_CIPHER_SUITE_NAMES -I/home/ffortier/code/perso/nss/../nspr/dist/include/nspr -I../../../dist/Linux6.6_x86_64_cc_glibc_PTH_64_OPT.OBJ/include -I../../../dist/public/nss -I../../../dist/private/nss  pk11nobj.c
cc -o Linux6.6_x86_64_cc_glibc_PTH_64_OPT.OBJ/pk11obj.o -c -std=c99 -O2 -fPIC  -m64 -pipe -ffunction-sections -fdata-sections -DHAVE_STRERROR -DLINUX -Dlinux -Wall -Wshadow -Werror -DXP_UNIX -DXP_UNIX -DSHLIB_SUFFIX=\"so\" -DSHLIB_PREFIX=\"lib\" -DNSS_SHLIB_VERSION=\"3\" -DSOFTOKEN_SHLIB_VERSION=\"3\" -UDEBUG -DNDEBUG -D_DEFAULT_SOURCE -D_BSD_SOURCE -D_POSIX_SOURCE -DSDB_MEASURE_USE_TEMP_DIR -D_REENTRANT -UDEBUG -DNDEBUG -D_DEFAULT_SOURCE -D_BSD_SOURCE -D_POSIX_SOURCE -DSDB_MEASURE_USE_TEMP_DIR -D_REENTRANT -DNSS_DISABLE_SSE3 -DNSS_NO_INIT_SUPPORT -DUSE_UTIL_DIRECTLY -DNO_NSPR_10_SUPPORT -DSSL_DISABLE_DEPRECATED_CIPHER_SUITE_NAMES -I/home/ffortier/code/perso/nss/../nspr/dist/include/nspr -I../../../dist/Linux6.6_x86_64_cc_glibc_PTH_64_OPT.OBJ/include -I../../../dist/public/nss -I../../../dist/private/nss  pk11obj.c
cc -o Linux6.6_x86_64_cc_glibc_PTH_64_OPT.OBJ/pk11pars.o -c -std=c99 -O2 -fPIC  -m64 -pipe -ffunction-sections -fdata-sections -DHAVE_STRERROR -DLINUX -Dlinux -Wall -Wshadow -Werror -DXP_UNIX -DXP_UNIX -DSHLIB_SUFFIX=\"so\" -DSHLIB_PREFIX=\"lib\" -DNSS_SHLIB_VERSION=\"3\" -DSOFTOKEN_SHLIB_VERSION=\"3\" -UDEBUG -DNDEBUG -D_DEFAULT_SOURCE -D_BSD_SOURCE -D_POSIX_SOURCE -DSDB_MEASURE_USE_TEMP_DIR -D_REENTRANT -UDEBUG -DNDEBUG -D_DEFAULT_SOURCE -D_BSD_SOURCE -D_POSIX_SOURCE -DSDB_MEASURE_USE_TEMP_DIR -D_REENTRANT -DNSS_DISABLE_SSE3 -DNSS_NO_INIT_SUPPORT -DUSE_UTIL_DIRECTLY -DNO_NSPR_10_SUPPORT -DSSL_DISABLE_DEPRECATED_CIPHER_SUITE_NAMES -I/home/ffortier/code/perso/nss/../nspr/dist/include/nspr -I../../../dist/Linux6.6_x86_64_cc_glibc_PTH_64_OPT.OBJ/include -I../../../dist/public/nss -I../../../dist/private/nss  pk11pars.c
cc -o Linux6.6_x86_64_cc_glibc_PTH_64_OPT.OBJ/pk11pbe.o -c -std=c99 -O2 -fPIC  -m64 -pipe -ffunction-sections -fdata-sections -DHAVE_STRERROR -DLINUX -Dlinux -Wall -Wshadow -Werror -DXP_UNIX -DXP_UNIX -DSHLIB_SUFFIX=\"so\" -DSHLIB_PREFIX=\"lib\" -DNSS_SHLIB_VERSION=\"3\" -DSOFTOKEN_SHLIB_VERSION=\"3\" -UDEBUG -DNDEBUG -D_DEFAULT_SOURCE -D_BSD_SOURCE -D_POSIX_SOURCE -DSDB_MEASURE_USE_TEMP_DIR -D_REENTRANT -UDEBUG -DNDEBUG -D_DEFAULT_SOURCE -D_BSD_SOURCE -D_POSIX_SOURCE -DSDB_MEASURE_USE_TEMP_DIR -D_REENTRANT -DNSS_DISABLE_SSE3 -DNSS_NO_INIT_SUPPORT -DUSE_UTIL_DIRECTLY -DNO_NSPR_10_SUPPORT -DSSL_DISABLE_DEPRECATED_CIPHER_SUITE_NAMES -I/home/ffortier/code/perso/nss/../nspr/dist/include/nspr -I../../../dist/Linux6.6_x86_64_cc_glibc_PTH_64_OPT.OBJ/include -I../../../dist/public/nss -I../../../dist/private/nss  pk11pbe.c
cc -o Linux6.6_x86_64_cc_glibc_PTH_64_OPT.OBJ/pk11pk12.o -c -std=c99 -O2 -fPIC  -m64 -pipe -ffunction-sections -fdata-sections -DHAVE_STRERROR -DLINUX -Dlinux -Wall -Wshadow -Werror -DXP_UNIX -DXP_UNIX -DSHLIB_SUFFIX=\"so\" -DSHLIB_PREFIX=\"lib\" -DNSS_SHLIB_VERSION=\"3\" -DSOFTOKEN_SHLIB_VERSION=\"3\" -UDEBUG -DNDEBUG -D_DEFAULT_SOURCE -D_BSD_SOURCE -D_POSIX_SOURCE -DSDB_MEASURE_USE_TEMP_DIR -D_REENTRANT -UDEBUG -DNDEBUG -D_DEFAULT_SOURCE -D_BSD_SOURCE -D_POSIX_SOURCE -DSDB_MEASURE_USE_TEMP_DIR -D_REENTRANT -DNSS_DISABLE_SSE3 -DNSS_NO_INIT_SUPPORT -DUSE_UTIL_DIRECTLY -DNO_NSPR_10_SUPPORT -DSSL_DISABLE_DEPRECATED_CIPHER_SUITE_NAMES -I/home/ffortier/code/perso/nss/../nspr/dist/include/nspr -I../../../dist/Linux6.6_x86_64_cc_glibc_PTH_64_OPT.OBJ/include -I../../../dist/public/nss -I../../../dist/private/nss  pk11pk12.c
cc -o Linux6.6_x86_64_cc_glibc_PTH_64_OPT.OBJ/pk11pqg.o -c -std=c99 -O2 -fPIC  -m64 -pipe -ffunction-sections -fdata-sections -DHAVE_STRERROR -DLINUX -Dlinux -Wall -Wshadow -Werror -DXP_UNIX -DXP_UNIX -DSHLIB_SUFFIX=\"so\" -DSHLIB_PREFIX=\"lib\" -DNSS_SHLIB_VERSION=\"3\" -DSOFTOKEN_SHLIB_VERSION=\"3\" -UDEBUG -DNDEBUG -D_DEFAULT_SOURCE -D_BSD_SOURCE -D_POSIX_SOURCE -DSDB_MEASURE_USE_TEMP_DIR -D_REENTRANT -UDEBUG -DNDEBUG -D_DEFAULT_SOURCE -D_BSD_SOURCE -D_POSIX_SOURCE -DSDB_MEASURE_USE_TEMP_DIR -D_REENTRANT -DNSS_DISABLE_SSE3 -DNSS_NO_INIT_SUPPORT -DUSE_UTIL_DIRECTLY -DNO_NSPR_10_SUPPORT -DSSL_DISABLE_DEPRECATED_CIPHER_SUITE_NAMES -I/home/ffortier/code/perso/nss/../nspr/dist/include/nspr -I../../../dist/Linux6.6_x86_64_cc_glibc_PTH_64_OPT.OBJ/include -I../../../dist/public/nss -I../../../dist/private/nss  pk11pqg.c
cc -o Linux6.6_x86_64_cc_glibc_PTH_64_OPT.OBJ/pk11sdr.o -c -std=c99 -O2 -fPIC  -m64 -pipe -ffunction-sections -fdata-sections -DHAVE_STRERROR -DLINUX -Dlinux -Wall -Wshadow -Werror -DXP_UNIX -DXP_UNIX -DSHLIB_SUFFIX=\"so\" -DSHLIB_PREFIX=\"lib\" -DNSS_SHLIB_VERSION=\"3\" -DSOFTOKEN_SHLIB_VERSION=\"3\" -UDEBUG -DNDEBUG -D_DEFAULT_SOURCE -D_BSD_SOURCE -D_POSIX_SOURCE -DSDB_MEASURE_USE_TEMP_DIR -D_REENTRANT -UDEBUG -DNDEBUG -D_DEFAULT_SOURCE -D_BSD_SOURCE -D_POSIX_SOURCE -DSDB_MEASURE_USE_TEMP_DIR -D_REENTRANT -DNSS_DISABLE_SSE3 -DNSS_NO_INIT_SUPPORT -DUSE_UTIL_DIRECTLY -DNO_NSPR_10_SUPPORT -DSSL_DISABLE_DEPRECATED_CIPHER_SUITE_NAMES -I/home/ffortier/code/perso/nss/../nspr/dist/include/nspr -I../../../dist/Linux6.6_x86_64_cc_glibc_PTH_64_OPT.OBJ/include -I../../../dist/public/nss -I../../../dist/private/nss  pk11sdr.c
cc -o Linux6.6_x86_64_cc_glibc_PTH_64_OPT.OBJ/pk11skey.o -c -std=c99 -O2 -fPIC  -m64 -pipe -ffunction-sections -fdata-sections -DHAVE_STRERROR -DLINUX -Dlinux -Wall -Wshadow -Werror -DXP_UNIX -DXP_UNIX -DSHLIB_SUFFIX=\"so\" -DSHLIB_PREFIX=\"lib\" -DNSS_SHLIB_VERSION=\"3\" -DSOFTOKEN_SHLIB_VERSION=\"3\" -UDEBUG -DNDEBUG -D_DEFAULT_SOURCE -D_BSD_SOURCE -D_POSIX_SOURCE -DSDB_MEASURE_USE_TEMP_DIR -D_REENTRANT -UDEBUG -DNDEBUG -D_DEFAULT_SOURCE -D_BSD_SOURCE -D_POSIX_SOURCE -DSDB_MEASURE_USE_TEMP_DIR -D_REENTRANT -DNSS_DISABLE_SSE3 -DNSS_NO_INIT_SUPPORT -DUSE_UTIL_DIRECTLY -DNO_NSPR_10_SUPPORT -DSSL_DISABLE_DEPRECATED_CIPHER_SUITE_NAMES -I/home/ffortier/code/perso/nss/../nspr/dist/include/nspr -I../../../dist/Linux6.6_x86_64_cc_glibc_PTH_64_OPT.OBJ/include -I../../../dist/public/nss -I../../../dist/private/nss  pk11skey.c
cc -o Linux6.6_x86_64_cc_glibc_PTH_64_OPT.OBJ/pk11slot.o -c -std=c99 -O2 -fPIC  -m64 -pipe -ffunction-sections -fdata-sections -DHAVE_STRERROR -DLINUX -Dlinux -Wall -Wshadow -Werror -DXP_UNIX -DXP_UNIX -DSHLIB_SUFFIX=\"so\" -DSHLIB_PREFIX=\"lib\" -DNSS_SHLIB_VERSION=\"3\" -DSOFTOKEN_SHLIB_VERSION=\"3\" -UDEBUG -DNDEBUG -D_DEFAULT_SOURCE -D_BSD_SOURCE -D_POSIX_SOURCE -DSDB_MEASURE_USE_TEMP_DIR -D_REENTRANT -UDEBUG -DNDEBUG -D_DEFAULT_SOURCE -D_BSD_SOURCE -D_POSIX_SOURCE -DSDB_MEASURE_USE_TEMP_DIR -D_REENTRANT -DNSS_DISABLE_SSE3 -DNSS_NO_INIT_SUPPORT -DUSE_UTIL_DIRECTLY -DNO_NSPR_10_SUPPORT -DSSL_DISABLE_DEPRECATED_CIPHER_SUITE_NAMES -I/home/ffortier/code/perso/nss/../nspr/dist/include/nspr -I../../../dist/Linux6.6_x86_64_cc_glibc_PTH_64_OPT.OBJ/include -I../../../dist/public/nss -I../../../dist/private/nss  pk11slot.c
cc -o Linux6.6_x86_64_cc_glibc_PTH_64_OPT.OBJ/pk11util.o -c -std=c99 -O2 -fPIC  -m64 -pipe -ffunction-sections -fdata-sections -DHAVE_STRERROR -DLINUX -Dlinux -Wall -Wshadow -Werror -DXP_UNIX -DXP_UNIX -DSHLIB_SUFFIX=\"so\" -DSHLIB_PREFIX=\"lib\" -DNSS_SHLIB_VERSION=\"3\" -DSOFTOKEN_SHLIB_VERSION=\"3\" -UDEBUG -DNDEBUG -D_DEFAULT_SOURCE -D_BSD_SOURCE -D_POSIX_SOURCE -DSDB_MEASURE_USE_TEMP_DIR -D_REENTRANT -UDEBUG -DNDEBUG -D_DEFAULT_SOURCE -D_BSD_SOURCE -D_POSIX_SOURCE -DSDB_MEASURE_USE_TEMP_DIR -D_REENTRANT -DNSS_DISABLE_SSE3 -DNSS_NO_INIT_SUPPORT -DUSE_UTIL_DIRECTLY -DNO_NSPR_10_SUPPORT -DSSL_DISABLE_DEPRECATED_CIPHER_SUITE_NAMES -I/home/ffortier/code/perso/nss/../nspr/dist/include/nspr -I../../../dist/Linux6.6_x86_64_cc_glibc_PTH_64_OPT.OBJ/include -I../../../dist/public/nss -I../../../dist/private/nss  pk11util.c
rm -f Linux6.6_x86_64_cc_glibc_PTH_64_OPT.OBJ/libpk11wrap.a
ar cr Linux6.6_x86_64_cc_glibc_PTH_64_OPT.OBJ/libpk11wrap.a Linux6.6_x86_64_cc_glibc_PTH_64_OPT.OBJ/dev3hack.o Linux6.6_x86_64_cc_glibc_PTH_64_OPT.OBJ/pk11akey.o Linux6.6_x86_64_cc_glibc_PTH_64_OPT.OBJ/pk11auth.o Linux6.6_x86_64_cc_glibc_PTH_64_OPT.OBJ/pk11cert.o Linux6.6_x86_64_cc_glibc_PTH_64_OPT.OBJ/pk11cxt.o Linux6.6_x86_64_cc_glibc_PTH_64_OPT.OBJ/pk11err.o Linux6.6_x86_64_cc_glibc_PTH_64_OPT.OBJ/pk11hpke.o Linux6.6_x86_64_cc_glibc_PTH_64_OPT.OBJ/pk11kea.o Linux6.6_x86_64_cc_glibc_PTH_64_OPT.OBJ/pk11list.o Linux6.6_x86_64_cc_glibc_PTH_64_OPT.OBJ/pk11load.o Linux6.6_x86_64_cc_glibc_PTH_64_OPT.OBJ/pk11mech.o Linux6.6_x86_64_cc_glibc_PTH_64_OPT.OBJ/pk11merge.o Linux6.6_x86_64_cc_glibc_PTH_64_OPT.OBJ/pk11nobj.o Linux6.6_x86_64_cc_glibc_PTH_64_OPT.OBJ/pk11obj.o Linux6.6_x86_64_cc_glibc_PTH_64_OPT.OBJ/pk11pars.o Linux6.6_x86_64_cc_glibc_PTH_64_OPT.OBJ/pk11pbe.o Linux6.6_x86_64_cc_glibc_PTH_64_OPT.OBJ/pk11pk12.o Linux6.6_x86_64_cc_glibc_PTH_64_OPT.OBJ/pk11pqg.o Linux6.6_x86_64_cc_glibc_PTH_64_OPT.OBJ/pk11sdr.o Linux6.6_x86_64_cc_glibc_PTH_64_OPT.OBJ/pk11skey.o Linux6.6_x86_64_cc_glibc_PTH_64_OPT.OBJ/pk11slot.o Linux6.6_x86_64_cc_glibc_PTH_64_OPT.OBJ/pk11util.o
echo Linux6.6_x86_64_cc_glibc_PTH_64_OPT.OBJ/libpk11wrap.a
Linux6.6_x86_64_cc_glibc_PTH_64_OPT.OBJ/libpk11wrap.a
../../coreconf/nsinstall/Linux6.6_x86_64_cc_glibc_PTH_64_OPT.OBJ/nsinstall -R -m 664 Linux6.6_x86_64_cc_glibc_PTH_64_OPT.OBJ/libpk11wrap.a ../../../dist/Linux6.6_x86_64_cc_glibc_PTH_64_OPT.OBJ/lib
make[3]: Leaving directory '/home/ffortier/code/perso/nss/lib/pk11wrap'
make[3]: Entering directory '/home/ffortier/code/perso/nss/lib/pki'
cc -o Linux6.6_x86_64_cc_glibc_PTH_64_OPT.OBJ/asymmkey.o -c -std=c99 -O2 -fPIC  -m64 -pipe -ffunction-sections -fdata-sections -DHAVE_STRERROR -DLINUX -Dlinux -Wall -Wshadow -Werror -DXP_UNIX -DXP_UNIX -UDEBUG -DNDEBUG -D_DEFAULT_SOURCE -D_BSD_SOURCE -D_POSIX_SOURCE -DSDB_MEASURE_USE_TEMP_DIR -D_REENTRANT -UDEBUG -DNDEBUG -D_DEFAULT_SOURCE -D_BSD_SOURCE -D_POSIX_SOURCE -DSDB_MEASURE_USE_TEMP_DIR -D_REENTRANT -DNSS_DISABLE_SSE3 -DNSS_NO_INIT_SUPPORT -DUSE_UTIL_DIRECTLY -DNO_NSPR_10_SUPPORT -DSSL_DISABLE_DEPRECATED_CIPHER_SUITE_NAMES -I/home/ffortier/code/perso/nss/../nspr/dist/include/nspr -I../../../dist/Linux6.6_x86_64_cc_glibc_PTH_64_OPT.OBJ/include -I../../../dist/public/nss -I../../../dist/private/nss -I../../../dist/public/nspr  asymmkey.c
cc -o Linux6.6_x86_64_cc_glibc_PTH_64_OPT.OBJ/certificate.o -c -std=c99 -O2 -fPIC  -m64 -pipe -ffunction-sections -fdata-sections -DHAVE_STRERROR -DLINUX -Dlinux -Wall -Wshadow -Werror -DXP_UNIX -DXP_UNIX -UDEBUG -DNDEBUG -D_DEFAULT_SOURCE -D_BSD_SOURCE -D_POSIX_SOURCE -DSDB_MEASURE_USE_TEMP_DIR -D_REENTRANT -UDEBUG -DNDEBUG -D_DEFAULT_SOURCE -D_BSD_SOURCE -D_POSIX_SOURCE -DSDB_MEASURE_USE_TEMP_DIR -D_REENTRANT -DNSS_DISABLE_SSE3 -DNSS_NO_INIT_SUPPORT -DUSE_UTIL_DIRECTLY -DNO_NSPR_10_SUPPORT -DSSL_DISABLE_DEPRECATED_CIPHER_SUITE_NAMES -I/home/ffortier/code/perso/nss/../nspr/dist/include/nspr -I../../../dist/Linux6.6_x86_64_cc_glibc_PTH_64_OPT.OBJ/include -I../../../dist/public/nss -I../../../dist/private/nss -I../../../dist/public/nspr  certificate.c
cc -o Linux6.6_x86_64_cc_glibc_PTH_64_OPT.OBJ/cryptocontext.o -c -std=c99 -O2 -fPIC  -m64 -pipe -ffunction-sections -fdata-sections -DHAVE_STRERROR -DLINUX -Dlinux -Wall -Wshadow -Werror -DXP_UNIX -DXP_UNIX -UDEBUG -DNDEBUG -D_DEFAULT_SOURCE -D_BSD_SOURCE -D_POSIX_SOURCE -DSDB_MEASURE_USE_TEMP_DIR -D_REENTRANT -UDEBUG -DNDEBUG -D_DEFAULT_SOURCE -D_BSD_SOURCE -D_POSIX_SOURCE -DSDB_MEASURE_USE_TEMP_DIR -D_REENTRANT -DNSS_DISABLE_SSE3 -DNSS_NO_INIT_SUPPORT -DUSE_UTIL_DIRECTLY -DNO_NSPR_10_SUPPORT -DSSL_DISABLE_DEPRECATED_CIPHER_SUITE_NAMES -I/home/ffortier/code/perso/nss/../nspr/dist/include/nspr -I../../../dist/Linux6.6_x86_64_cc_glibc_PTH_64_OPT.OBJ/include -I../../../dist/public/nss -I../../../dist/private/nss -I../../../dist/public/nspr  cryptocontext.c
cc -o Linux6.6_x86_64_cc_glibc_PTH_64_OPT.OBJ/symmkey.o -c -std=c99 -O2 -fPIC  -m64 -pipe -ffunction-sections -fdata-sections -DHAVE_STRERROR -DLINUX -Dlinux -Wall -Wshadow -Werror -DXP_UNIX -DXP_UNIX -UDEBUG -DNDEBUG -D_DEFAULT_SOURCE -D_BSD_SOURCE -D_POSIX_SOURCE -DSDB_MEASURE_USE_TEMP_DIR -D_REENTRANT -UDEBUG -DNDEBUG -D_DEFAULT_SOURCE -D_BSD_SOURCE -D_POSIX_SOURCE -DSDB_MEASURE_USE_TEMP_DIR -D_REENTRANT -DNSS_DISABLE_SSE3 -DNSS_NO_INIT_SUPPORT -DUSE_UTIL_DIRECTLY -DNO_NSPR_10_SUPPORT -DSSL_DISABLE_DEPRECATED_CIPHER_SUITE_NAMES -I/home/ffortier/code/perso/nss/../nspr/dist/include/nspr -I../../../dist/Linux6.6_x86_64_cc_glibc_PTH_64_OPT.OBJ/include -I../../../dist/public/nss -I../../../dist/private/nss -I../../../dist/public/nspr  symmkey.c
cc -o Linux6.6_x86_64_cc_glibc_PTH_64_OPT.OBJ/trustdomain.o -c -std=c99 -O2 -fPIC  -m64 -pipe -ffunction-sections -fdata-sections -DHAVE_STRERROR -DLINUX -Dlinux -Wall -Wshadow -Werror -DXP_UNIX -DXP_UNIX -UDEBUG -DNDEBUG -D_DEFAULT_SOURCE -D_BSD_SOURCE -D_POSIX_SOURCE -DSDB_MEASURE_USE_TEMP_DIR -D_REENTRANT -UDEBUG -DNDEBUG -D_DEFAULT_SOURCE -D_BSD_SOURCE -D_POSIX_SOURCE -DSDB_MEASURE_USE_TEMP_DIR -D_REENTRANT -DNSS_DISABLE_SSE3 -DNSS_NO_INIT_SUPPORT -DUSE_UTIL_DIRECTLY -DNO_NSPR_10_SUPPORT -DSSL_DISABLE_DEPRECATED_CIPHER_SUITE_NAMES -I/home/ffortier/code/perso/nss/../nspr/dist/include/nspr -I../../../dist/Linux6.6_x86_64_cc_glibc_PTH_64_OPT.OBJ/include -I../../../dist/public/nss -I../../../dist/private/nss -I../../../dist/public/nspr  trustdomain.c
cc -o Linux6.6_x86_64_cc_glibc_PTH_64_OPT.OBJ/tdcache.o -c -std=c99 -O2 -fPIC  -m64 -pipe -ffunction-sections -fdata-sections -DHAVE_STRERROR -DLINUX -Dlinux -Wall -Wshadow -Werror -DXP_UNIX -DXP_UNIX -UDEBUG -DNDEBUG -D_DEFAULT_SOURCE -D_BSD_SOURCE -D_POSIX_SOURCE -DSDB_MEASURE_USE_TEMP_DIR -D_REENTRANT -UDEBUG -DNDEBUG -D_DEFAULT_SOURCE -D_BSD_SOURCE -D_POSIX_SOURCE -DSDB_MEASURE_USE_TEMP_DIR -D_REENTRANT -DNSS_DISABLE_SSE3 -DNSS_NO_INIT_SUPPORT -DUSE_UTIL_DIRECTLY -DNO_NSPR_10_SUPPORT -DSSL_DISABLE_DEPRECATED_CIPHER_SUITE_NAMES -I/home/ffortier/code/perso/nss/../nspr/dist/include/nspr -I../../../dist/Linux6.6_x86_64_cc_glibc_PTH_64_OPT.OBJ/include -I../../../dist/public/nss -I../../../dist/private/nss -I../../../dist/public/nspr  tdcache.c
cc -o Linux6.6_x86_64_cc_glibc_PTH_64_OPT.OBJ/certdecode.o -c -std=c99 -O2 -fPIC  -m64 -pipe -ffunction-sections -fdata-sections -DHAVE_STRERROR -DLINUX -Dlinux -Wall -Wshadow -Werror -DXP_UNIX -DXP_UNIX -UDEBUG -DNDEBUG -D_DEFAULT_SOURCE -D_BSD_SOURCE -D_POSIX_SOURCE -DSDB_MEASURE_USE_TEMP_DIR -D_REENTRANT -UDEBUG -DNDEBUG -D_DEFAULT_SOURCE -D_BSD_SOURCE -D_POSIX_SOURCE -DSDB_MEASURE_USE_TEMP_DIR -D_REENTRANT -DNSS_DISABLE_SSE3 -DNSS_NO_INIT_SUPPORT -DUSE_UTIL_DIRECTLY -DNO_NSPR_10_SUPPORT -DSSL_DISABLE_DEPRECATED_CIPHER_SUITE_NAMES -I/home/ffortier/code/perso/nss/../nspr/dist/include/nspr -I../../../dist/Linux6.6_x86_64_cc_glibc_PTH_64_OPT.OBJ/include -I../../../dist/public/nss -I../../../dist/private/nss -I../../../dist/public/nspr  certdecode.c
cc -o Linux6.6_x86_64_cc_glibc_PTH_64_OPT.OBJ/pkistore.o -c -std=c99 -O2 -fPIC  -m64 -pipe -ffunction-sections -fdata-sections -DHAVE_STRERROR -DLINUX -Dlinux -Wall -Wshadow -Werror -DXP_UNIX -DXP_UNIX -UDEBUG -DNDEBUG -D_DEFAULT_SOURCE -D_BSD_SOURCE -D_POSIX_SOURCE -DSDB_MEASURE_USE_TEMP_DIR -D_REENTRANT -UDEBUG -DNDEBUG -D_DEFAULT_SOURCE -D_BSD_SOURCE -D_POSIX_SOURCE -DSDB_MEASURE_USE_TEMP_DIR -D_REENTRANT -DNSS_DISABLE_SSE3 -DNSS_NO_INIT_SUPPORT -DUSE_UTIL_DIRECTLY -DNO_NSPR_10_SUPPORT -DSSL_DISABLE_DEPRECATED_CIPHER_SUITE_NAMES -I/home/ffortier/code/perso/nss/../nspr/dist/include/nspr -I../../../dist/Linux6.6_x86_64_cc_glibc_PTH_64_OPT.OBJ/include -I../../../dist/public/nss -I../../../dist/private/nss -I../../../dist/public/nspr  pkistore.c
cc -o Linux6.6_x86_64_cc_glibc_PTH_64_OPT.OBJ/pkibase.o -c -std=c99 -O2 -fPIC  -m64 -pipe -ffunction-sections -fdata-sections -DHAVE_STRERROR -DLINUX -Dlinux -Wall -Wshadow -Werror -DXP_UNIX -DXP_UNIX -UDEBUG -DNDEBUG -D_DEFAULT_SOURCE -D_BSD_SOURCE -D_POSIX_SOURCE -DSDB_MEASURE_USE_TEMP_DIR -D_REENTRANT -UDEBUG -DNDEBUG -D_DEFAULT_SOURCE -D_BSD_SOURCE -D_POSIX_SOURCE -DSDB_MEASURE_USE_TEMP_DIR -D_REENTRANT -DNSS_DISABLE_SSE3 -DNSS_NO_INIT_SUPPORT -DUSE_UTIL_DIRECTLY -DNO_NSPR_10_SUPPORT -DSSL_DISABLE_DEPRECATED_CIPHER_SUITE_NAMES -I/home/ffortier/code/perso/nss/../nspr/dist/include/nspr -I../../../dist/Linux6.6_x86_64_cc_glibc_PTH_64_OPT.OBJ/include -I../../../dist/public/nss -I../../../dist/private/nss -I../../../dist/public/nspr  pkibase.c
cc -o Linux6.6_x86_64_cc_glibc_PTH_64_OPT.OBJ/pki3hack.o -c -std=c99 -O2 -fPIC  -m64 -pipe -ffunction-sections -fdata-sections -DHAVE_STRERROR -DLINUX -Dlinux -Wall -Wshadow -Werror -DXP_UNIX -DXP_UNIX -UDEBUG -DNDEBUG -D_DEFAULT_SOURCE -D_BSD_SOURCE -D_POSIX_SOURCE -DSDB_MEASURE_USE_TEMP_DIR -D_REENTRANT -UDEBUG -DNDEBUG -D_DEFAULT_SOURCE -D_BSD_SOURCE -D_POSIX_SOURCE -DSDB_MEASURE_USE_TEMP_DIR -D_REENTRANT -DNSS_DISABLE_SSE3 -DNSS_NO_INIT_SUPPORT -DUSE_UTIL_DIRECTLY -DNO_NSPR_10_SUPPORT -DSSL_DISABLE_DEPRECATED_CIPHER_SUITE_NAMES -I/home/ffortier/code/perso/nss/../nspr/dist/include/nspr -I../../../dist/Linux6.6_x86_64_cc_glibc_PTH_64_OPT.OBJ/include -I../../../dist/public/nss -I../../../dist/private/nss -I../../../dist/public/nspr  pki3hack.c
rm -f Linux6.6_x86_64_cc_glibc_PTH_64_OPT.OBJ/libnsspki.a
ar cr Linux6.6_x86_64_cc_glibc_PTH_64_OPT.OBJ/libnsspki.a Linux6.6_x86_64_cc_glibc_PTH_64_OPT.OBJ/asymmkey.o Linux6.6_x86_64_cc_glibc_PTH_64_OPT.OBJ/certificate.o Linux6.6_x86_64_cc_glibc_PTH_64_OPT.OBJ/cryptocontext.o Linux6.6_x86_64_cc_glibc_PTH_64_OPT.OBJ/symmkey.o Linux6.6_x86_64_cc_glibc_PTH_64_OPT.OBJ/trustdomain.o Linux6.6_x86_64_cc_glibc_PTH_64_OPT.OBJ/tdcache.o Linux6.6_x86_64_cc_glibc_PTH_64_OPT.OBJ/certdecode.o Linux6.6_x86_64_cc_glibc_PTH_64_OPT.OBJ/pkistore.o Linux6.6_x86_64_cc_glibc_PTH_64_OPT.OBJ/pkibase.o Linux6.6_x86_64_cc_glibc_PTH_64_OPT.OBJ/pki3hack.o
echo Linux6.6_x86_64_cc_glibc_PTH_64_OPT.OBJ/libnsspki.a
Linux6.6_x86_64_cc_glibc_PTH_64_OPT.OBJ/libnsspki.a
../../coreconf/nsinstall/Linux6.6_x86_64_cc_glibc_PTH_64_OPT.OBJ/nsinstall -R -m 664 Linux6.6_x86_64_cc_glibc_PTH_64_OPT.OBJ/libnsspki.a ../../../dist/Linux6.6_x86_64_cc_glibc_PTH_64_OPT.OBJ/lib
make[3]: Leaving directory '/home/ffortier/code/perso/nss/lib/pki'
make[3]: Entering directory '/home/ffortier/code/perso/nss/lib/util'
cc -o Linux6.6_x86_64_cc_glibc_PTH_64_OPT.OBJ/quickder.o -c -std=c99 -O2 -fPIC  -m64 -pipe -ffunction-sections -fdata-sections -DHAVE_STRERROR -DLINUX -Dlinux -Wall -Wshadow -Werror -DXP_UNIX -DXP_UNIX -UDEBUG -DNDEBUG -D_DEFAULT_SOURCE -D_BSD_SOURCE -D_POSIX_SOURCE -DSDB_MEASURE_USE_TEMP_DIR -D_REENTRANT -UDEBUG -DNDEBUG -D_DEFAULT_SOURCE -D_BSD_SOURCE -D_POSIX_SOURCE -DSDB_MEASURE_USE_TEMP_DIR -D_REENTRANT -DNSS_DISABLE_SSE3 -DNSS_NO_INIT_SUPPORT -DUSE_UTIL_DIRECTLY -DNO_NSPR_10_SUPPORT -DSSL_DISABLE_DEPRECATED_CIPHER_SUITE_NAMES -I/home/ffortier/code/perso/nss/../nspr/dist/include/nspr -I../../../dist/Linux6.6_x86_64_cc_glibc_PTH_64_OPT.OBJ/include -I../../../dist/public/nss -I../../../dist/private/nss  quickder.c
cc -o Linux6.6_x86_64_cc_glibc_PTH_64_OPT.OBJ/secdig.o -c -std=c99 -O2 -fPIC  -m64 -pipe -ffunction-sections -fdata-sections -DHAVE_STRERROR -DLINUX -Dlinux -Wall -Wshadow -Werror -DXP_UNIX -DXP_UNIX -UDEBUG -DNDEBUG -D_DEFAULT_SOURCE -D_BSD_SOURCE -D_POSIX_SOURCE -DSDB_MEASURE_USE_TEMP_DIR -D_REENTRANT -UDEBUG -DNDEBUG -D_DEFAULT_SOURCE -D_BSD_SOURCE -D_POSIX_SOURCE -DSDB_MEASURE_USE_TEMP_DIR -D_REENTRANT -DNSS_DISABLE_SSE3 -DNSS_NO_INIT_SUPPORT -DUSE_UTIL_DIRECTLY -DNO_NSPR_10_SUPPORT -DSSL_DISABLE_DEPRECATED_CIPHER_SUITE_NAMES -I/home/ffortier/code/perso/nss/../nspr/dist/include/nspr -I../../../dist/Linux6.6_x86_64_cc_glibc_PTH_64_OPT.OBJ/include -I../../../dist/public/nss -I../../../dist/private/nss  secdig.c
cc -o Linux6.6_x86_64_cc_glibc_PTH_64_OPT.OBJ/derdec.o -c -std=c99 -O2 -fPIC  -m64 -pipe -ffunction-sections -fdata-sections -DHAVE_STRERROR -DLINUX -Dlinux -Wall -Wshadow -Werror -DXP_UNIX -DXP_UNIX -UDEBUG -DNDEBUG -D_DEFAULT_SOURCE -D_BSD_SOURCE -D_POSIX_SOURCE -DSDB_MEASURE_USE_TEMP_DIR -D_REENTRANT -UDEBUG -DNDEBUG -D_DEFAULT_SOURCE -D_BSD_SOURCE -D_POSIX_SOURCE -DSDB_MEASURE_USE_TEMP_DIR -D_REENTRANT -DNSS_DISABLE_SSE3 -DNSS_NO_INIT_SUPPORT -DUSE_UTIL_DIRECTLY -DNO_NSPR_10_SUPPORT -DSSL_DISABLE_DEPRECATED_CIPHER_SUITE_NAMES -I/home/ffortier/code/perso/nss/../nspr/dist/include/nspr -I../../../dist/Linux6.6_x86_64_cc_glibc_PTH_64_OPT.OBJ/include -I../../../dist/public/nss -I../../../dist/private/nss  derdec.c
cc -o Linux6.6_x86_64_cc_glibc_PTH_64_OPT.OBJ/derenc.o -c -std=c99 -O2 -fPIC  -m64 -pipe -ffunction-sections -fdata-sections -DHAVE_STRERROR -DLINUX -Dlinux -Wall -Wshadow -Werror -DXP_UNIX -DXP_UNIX -UDEBUG -DNDEBUG -D_DEFAULT_SOURCE -D_BSD_SOURCE -D_POSIX_SOURCE -DSDB_MEASURE_USE_TEMP_DIR -D_REENTRANT -UDEBUG -DNDEBUG -D_DEFAULT_SOURCE -D_BSD_SOURCE -D_POSIX_SOURCE -DSDB_MEASURE_USE_TEMP_DIR -D_REENTRANT -DNSS_DISABLE_SSE3 -DNSS_NO_INIT_SUPPORT -DUSE_UTIL_DIRECTLY -DNO_NSPR_10_SUPPORT -DSSL_DISABLE_DEPRECATED_CIPHER_SUITE_NAMES -I/home/ffortier/code/perso/nss/../nspr/dist/include/nspr -I../../../dist/Linux6.6_x86_64_cc_glibc_PTH_64_OPT.OBJ/include -I../../../dist/public/nss -I../../../dist/private/nss  derenc.c
cc -o Linux6.6_x86_64_cc_glibc_PTH_64_OPT.OBJ/dersubr.o -c -std=c99 -O2 -fPIC  -m64 -pipe -ffunction-sections -fdata-sections -DHAVE_STRERROR -DLINUX -Dlinux -Wall -Wshadow -Werror -DXP_UNIX -DXP_UNIX -UDEBUG -DNDEBUG -D_DEFAULT_SOURCE -D_BSD_SOURCE -D_POSIX_SOURCE -DSDB_MEASURE_USE_TEMP_DIR -D_REENTRANT -UDEBUG -DNDEBUG -D_DEFAULT_SOURCE -D_BSD_SOURCE -D_POSIX_SOURCE -DSDB_MEASURE_USE_TEMP_DIR -D_REENTRANT -DNSS_DISABLE_SSE3 -DNSS_NO_INIT_SUPPORT -DUSE_UTIL_DIRECTLY -DNO_NSPR_10_SUPPORT -DSSL_DISABLE_DEPRECATED_CIPHER_SUITE_NAMES -I/home/ffortier/code/perso/nss/../nspr/dist/include/nspr -I../../../dist/Linux6.6_x86_64_cc_glibc_PTH_64_OPT.OBJ/include -I../../../dist/public/nss -I../../../dist/private/nss  dersubr.c
cc -o Linux6.6_x86_64_cc_glibc_PTH_64_OPT.OBJ/dertime.o -c -std=c99 -O2 -fPIC  -m64 -pipe -ffunction-sections -fdata-sections -DHAVE_STRERROR -DLINUX -Dlinux -Wall -Wshadow -Werror -DXP_UNIX -DXP_UNIX -UDEBUG -DNDEBUG -D_DEFAULT_SOURCE -D_BSD_SOURCE -D_POSIX_SOURCE -DSDB_MEASURE_USE_TEMP_DIR -D_REENTRANT -UDEBUG -DNDEBUG -D_DEFAULT_SOURCE -D_BSD_SOURCE -D_POSIX_SOURCE -DSDB_MEASURE_USE_TEMP_DIR -D_REENTRANT -DNSS_DISABLE_SSE3 -DNSS_NO_INIT_SUPPORT -DUSE_UTIL_DIRECTLY -DNO_NSPR_10_SUPPORT -DSSL_DISABLE_DEPRECATED_CIPHER_SUITE_NAMES -I/home/ffortier/code/perso/nss/../nspr/dist/include/nspr -I../../../dist/Linux6.6_x86_64_cc_glibc_PTH_64_OPT.OBJ/include -I../../../dist/public/nss -I../../../dist/private/nss  dertime.c
cc -o Linux6.6_x86_64_cc_glibc_PTH_64_OPT.OBJ/errstrs.o -c -std=c99 -O2 -fPIC  -m64 -pipe -ffunction-sections -fdata-sections -DHAVE_STRERROR -DLINUX -Dlinux -Wall -Wshadow -Werror -DXP_UNIX -DXP_UNIX -UDEBUG -DNDEBUG -D_DEFAULT_SOURCE -D_BSD_SOURCE -D_POSIX_SOURCE -DSDB_MEASURE_USE_TEMP_DIR -D_REENTRANT -UDEBUG -DNDEBUG -D_DEFAULT_SOURCE -D_BSD_SOURCE -D_POSIX_SOURCE -DSDB_MEASURE_USE_TEMP_DIR -D_REENTRANT -DNSS_DISABLE_SSE3 -DNSS_NO_INIT_SUPPORT -DUSE_UTIL_DIRECTLY -DNO_NSPR_10_SUPPORT -DSSL_DISABLE_DEPRECATED_CIPHER_SUITE_NAMES -I/home/ffortier/code/perso/nss/../nspr/dist/include/nspr -I../../../dist/Linux6.6_x86_64_cc_glibc_PTH_64_OPT.OBJ/include -I../../../dist/public/nss -I../../../dist/private/nss  errstrs.c
cc -o Linux6.6_x86_64_cc_glibc_PTH_64_OPT.OBJ/nssb64d.o -c -std=c99 -O2 -fPIC  -m64 -pipe -ffunction-sections -fdata-sections -DHAVE_STRERROR -DLINUX -Dlinux -Wall -Wshadow -Werror -DXP_UNIX -DXP_UNIX -UDEBUG -DNDEBUG -D_DEFAULT_SOURCE -D_BSD_SOURCE -D_POSIX_SOURCE -DSDB_MEASURE_USE_TEMP_DIR -D_REENTRANT -UDEBUG -DNDEBUG -D_DEFAULT_SOURCE -D_BSD_SOURCE -D_POSIX_SOURCE -DSDB_MEASURE_USE_TEMP_DIR -D_REENTRANT -DNSS_DISABLE_SSE3 -DNSS_NO_INIT_SUPPORT -DUSE_UTIL_DIRECTLY -DNO_NSPR_10_SUPPORT -DSSL_DISABLE_DEPRECATED_CIPHER_SUITE_NAMES -I/home/ffortier/code/perso/nss/../nspr/dist/include/nspr -I../../../dist/Linux6.6_x86_64_cc_glibc_PTH_64_OPT.OBJ/include -I../../../dist/public/nss -I../../../dist/private/nss  nssb64d.c
cc -o Linux6.6_x86_64_cc_glibc_PTH_64_OPT.OBJ/nssb64e.o -c -std=c99 -O2 -fPIC  -m64 -pipe -ffunction-sections -fdata-sections -DHAVE_STRERROR -DLINUX -Dlinux -Wall -Wshadow -Werror -DXP_UNIX -DXP_UNIX -UDEBUG -DNDEBUG -D_DEFAULT_SOURCE -D_BSD_SOURCE -D_POSIX_SOURCE -DSDB_MEASURE_USE_TEMP_DIR -D_REENTRANT -UDEBUG -DNDEBUG -D_DEFAULT_SOURCE -D_BSD_SOURCE -D_POSIX_SOURCE -DSDB_MEASURE_USE_TEMP_DIR -D_REENTRANT -DNSS_DISABLE_SSE3 -DNSS_NO_INIT_SUPPORT -DUSE_UTIL_DIRECTLY -DNO_NSPR_10_SUPPORT -DSSL_DISABLE_DEPRECATED_CIPHER_SUITE_NAMES -I/home/ffortier/code/perso/nss/../nspr/dist/include/nspr -I../../../dist/Linux6.6_x86_64_cc_glibc_PTH_64_OPT.OBJ/include -I../../../dist/public/nss -I../../../dist/private/nss  nssb64e.c
cc -o Linux6.6_x86_64_cc_glibc_PTH_64_OPT.OBJ/nsshash.o -c -std=c99 -O2 -fPIC  -m64 -pipe -ffunction-sections -fdata-sections -DHAVE_STRERROR -DLINUX -Dlinux -Wall -Wshadow -Werror -DXP_UNIX -DXP_UNIX -UDEBUG -DNDEBUG -D_DEFAULT_SOURCE -D_BSD_SOURCE -D_POSIX_SOURCE -DSDB_MEASURE_USE_TEMP_DIR -D_REENTRANT -UDEBUG -DNDEBUG -D_DEFAULT_SOURCE -D_BSD_SOURCE -D_POSIX_SOURCE -DSDB_MEASURE_USE_TEMP_DIR -D_REENTRANT -DNSS_DISABLE_SSE3 -DNSS_NO_INIT_SUPPORT -DUSE_UTIL_DIRECTLY -DNO_NSPR_10_SUPPORT -DSSL_DISABLE_DEPRECATED_CIPHER_SUITE_NAMES -I/home/ffortier/code/perso/nss/../nspr/dist/include/nspr -I../../../dist/Linux6.6_x86_64_cc_glibc_PTH_64_OPT.OBJ/include -I../../../dist/public/nss -I../../../dist/private/nss  nsshash.c
cc -o Linux6.6_x86_64_cc_glibc_PTH_64_OPT.OBJ/nssrwlk.o -c -std=c99 -O2 -fPIC  -m64 -pipe -ffunction-sections -fdata-sections -DHAVE_STRERROR -DLINUX -Dlinux -Wall -Wshadow -Werror -DXP_UNIX -DXP_UNIX -UDEBUG -DNDEBUG -D_DEFAULT_SOURCE -D_BSD_SOURCE -D_POSIX_SOURCE -DSDB_MEASURE_USE_TEMP_DIR -D_REENTRANT -UDEBUG -DNDEBUG -D_DEFAULT_SOURCE -D_BSD_SOURCE -D_POSIX_SOURCE -DSDB_MEASURE_USE_TEMP_DIR -D_REENTRANT -DNSS_DISABLE_SSE3 -DNSS_NO_INIT_SUPPORT -DUSE_UTIL_DIRECTLY -DNO_NSPR_10_SUPPORT -DSSL_DISABLE_DEPRECATED_CIPHER_SUITE_NAMES -I/home/ffortier/code/perso/nss/../nspr/dist/include/nspr -I../../../dist/Linux6.6_x86_64_cc_glibc_PTH_64_OPT.OBJ/include -I../../../dist/public/nss -I../../../dist/private/nss  nssrwlk.c
cc -o Linux6.6_x86_64_cc_glibc_PTH_64_OPT.OBJ/nssilock.o -c -std=c99 -O2 -fPIC  -m64 -pipe -ffunction-sections -fdata-sections -DHAVE_STRERROR -DLINUX -Dlinux -Wall -Wshadow -Werror -DXP_UNIX -DXP_UNIX -UDEBUG -DNDEBUG -D_DEFAULT_SOURCE -D_BSD_SOURCE -D_POSIX_SOURCE -DSDB_MEASURE_USE_TEMP_DIR -D_REENTRANT -UDEBUG -DNDEBUG -D_DEFAULT_SOURCE -D_BSD_SOURCE -D_POSIX_SOURCE -DSDB_MEASURE_USE_TEMP_DIR -D_REENTRANT -DNSS_DISABLE_SSE3 -DNSS_NO_INIT_SUPPORT -DUSE_UTIL_DIRECTLY -DNO_NSPR_10_SUPPORT -DSSL_DISABLE_DEPRECATED_CIPHER_SUITE_NAMES -I/home/ffortier/code/perso/nss/../nspr/dist/include/nspr -I../../../dist/Linux6.6_x86_64_cc_glibc_PTH_64_OPT.OBJ/include -I../../../dist/public/nss -I../../../dist/private/nss  nssilock.c
cc -o Linux6.6_x86_64_cc_glibc_PTH_64_OPT.OBJ/oidstring.o -c -std=c99 -O2 -fPIC  -m64 -pipe -ffunction-sections -fdata-sections -DHAVE_STRERROR -DLINUX -Dlinux -Wall -Wshadow -Werror -DXP_UNIX -DXP_UNIX -UDEBUG -DNDEBUG -D_DEFAULT_SOURCE -D_BSD_SOURCE -D_POSIX_SOURCE -DSDB_MEASURE_USE_TEMP_DIR -D_REENTRANT -UDEBUG -DNDEBUG -D_DEFAULT_SOURCE -D_BSD_SOURCE -D_POSIX_SOURCE -DSDB_MEASURE_USE_TEMP_DIR -D_REENTRANT -DNSS_DISABLE_SSE3 -DNSS_NO_INIT_SUPPORT -DUSE_UTIL_DIRECTLY -DNO_NSPR_10_SUPPORT -DSSL_DISABLE_DEPRECATED_CIPHER_SUITE_NAMES -I/home/ffortier/code/perso/nss/../nspr/dist/include/nspr -I../../../dist/Linux6.6_x86_64_cc_glibc_PTH_64_OPT.OBJ/include -I../../../dist/public/nss -I../../../dist/private/nss  oidstring.c
cc -o Linux6.6_x86_64_cc_glibc_PTH_64_OPT.OBJ/pkcs1sig.o -c -std=c99 -O2 -fPIC  -m64 -pipe -ffunction-sections -fdata-sections -DHAVE_STRERROR -DLINUX -Dlinux -Wall -Wshadow -Werror -DXP_UNIX -DXP_UNIX -UDEBUG -DNDEBUG -D_DEFAULT_SOURCE -D_BSD_SOURCE -D_POSIX_SOURCE -DSDB_MEASURE_USE_TEMP_DIR -D_REENTRANT -UDEBUG -DNDEBUG -D_DEFAULT_SOURCE -D_BSD_SOURCE -D_POSIX_SOURCE -DSDB_MEASURE_USE_TEMP_DIR -D_REENTRANT -DNSS_DISABLE_SSE3 -DNSS_NO_INIT_SUPPORT -DUSE_UTIL_DIRECTLY -DNO_NSPR_10_SUPPORT -DSSL_DISABLE_DEPRECATED_CIPHER_SUITE_NAMES -I/home/ffortier/code/perso/nss/../nspr/dist/include/nspr -I../../../dist/Linux6.6_x86_64_cc_glibc_PTH_64_OPT.OBJ/include -I../../../dist/public/nss -I../../../dist/private/nss  pkcs1sig.c
cc -o Linux6.6_x86_64_cc_glibc_PTH_64_OPT.OBJ/portreg.o -c -std=c99 -O2 -fPIC  -m64 -pipe -ffunction-sections -fdata-sections -DHAVE_STRERROR -DLINUX -Dlinux -Wall -Wshadow -Werror -DXP_UNIX -DXP_UNIX -UDEBUG -DNDEBUG -D_DEFAULT_SOURCE -D_BSD_SOURCE -D_POSIX_SOURCE -DSDB_MEASURE_USE_TEMP_DIR -D_REENTRANT -UDEBUG -DNDEBUG -D_DEFAULT_SOURCE -D_BSD_SOURCE -D_POSIX_SOURCE -DSDB_MEASURE_USE_TEMP_DIR -D_REENTRANT -DNSS_DISABLE_SSE3 -DNSS_NO_INIT_SUPPORT -DUSE_UTIL_DIRECTLY -DNO_NSPR_10_SUPPORT -DSSL_DISABLE_DEPRECATED_CIPHER_SUITE_NAMES -I/home/ffortier/code/perso/nss/../nspr/dist/include/nspr -I../../../dist/Linux6.6_x86_64_cc_glibc_PTH_64_OPT.OBJ/include -I../../../dist/public/nss -I../../../dist/private/nss  portreg.c
cc -o Linux6.6_x86_64_cc_glibc_PTH_64_OPT.OBJ/secalgid.o -c -std=c99 -O2 -fPIC  -m64 -pipe -ffunction-sections -fdata-sections -DHAVE_STRERROR -DLINUX -Dlinux -Wall -Wshadow -Werror -DXP_UNIX -DXP_UNIX -UDEBUG -DNDEBUG -D_DEFAULT_SOURCE -D_BSD_SOURCE -D_POSIX_SOURCE -DSDB_MEASURE_USE_TEMP_DIR -D_REENTRANT -UDEBUG -DNDEBUG -D_DEFAULT_SOURCE -D_BSD_SOURCE -D_POSIX_SOURCE -DSDB_MEASURE_USE_TEMP_DIR -D_REENTRANT -DNSS_DISABLE_SSE3 -DNSS_NO_INIT_SUPPORT -DUSE_UTIL_DIRECTLY -DNO_NSPR_10_SUPPORT -DSSL_DISABLE_DEPRECATED_CIPHER_SUITE_NAMES -I/home/ffortier/code/perso/nss/../nspr/dist/include/nspr -I../../../dist/Linux6.6_x86_64_cc_glibc_PTH_64_OPT.OBJ/include -I../../../dist/public/nss -I../../../dist/private/nss  secalgid.c
cc -o Linux6.6_x86_64_cc_glibc_PTH_64_OPT.OBJ/secasn1d.o -c -std=c99 -O2 -fPIC  -m64 -pipe -ffunction-sections -fdata-sections -DHAVE_STRERROR -DLINUX -Dlinux -Wall -Wshadow -Werror -DXP_UNIX -DXP_UNIX -UDEBUG -DNDEBUG -D_DEFAULT_SOURCE -D_BSD_SOURCE -D_POSIX_SOURCE -DSDB_MEASURE_USE_TEMP_DIR -D_REENTRANT -UDEBUG -DNDEBUG -D_DEFAULT_SOURCE -D_BSD_SOURCE -D_POSIX_SOURCE -DSDB_MEASURE_USE_TEMP_DIR -D_REENTRANT -DNSS_DISABLE_SSE3 -DNSS_NO_INIT_SUPPORT -DUSE_UTIL_DIRECTLY -DNO_NSPR_10_SUPPORT -DSSL_DISABLE_DEPRECATED_CIPHER_SUITE_NAMES -I/home/ffortier/code/perso/nss/../nspr/dist/include/nspr -I../../../dist/Linux6.6_x86_64_cc_glibc_PTH_64_OPT.OBJ/include -I../../../dist/public/nss -I../../../dist/private/nss  secasn1d.c
cc -o Linux6.6_x86_64_cc_glibc_PTH_64_OPT.OBJ/secasn1e.o -c -std=c99 -O2 -fPIC  -m64 -pipe -ffunction-sections -fdata-sections -DHAVE_STRERROR -DLINUX -Dlinux -Wall -Wshadow -Werror -DXP_UNIX -DXP_UNIX -UDEBUG -DNDEBUG -D_DEFAULT_SOURCE -D_BSD_SOURCE -D_POSIX_SOURCE -DSDB_MEASURE_USE_TEMP_DIR -D_REENTRANT -UDEBUG -DNDEBUG -D_DEFAULT_SOURCE -D_BSD_SOURCE -D_POSIX_SOURCE -DSDB_MEASURE_USE_TEMP_DIR -D_REENTRANT -DNSS_DISABLE_SSE3 -DNSS_NO_INIT_SUPPORT -DUSE_UTIL_DIRECTLY -DNO_NSPR_10_SUPPORT -DSSL_DISABLE_DEPRECATED_CIPHER_SUITE_NAMES -I/home/ffortier/code/perso/nss/../nspr/dist/include/nspr -I../../../dist/Linux6.6_x86_64_cc_glibc_PTH_64_OPT.OBJ/include -I../../../dist/public/nss -I../../../dist/private/nss  secasn1e.c
cc -o Linux6.6_x86_64_cc_glibc_PTH_64_OPT.OBJ/secasn1u.o -c -std=c99 -O2 -fPIC  -m64 -pipe -ffunction-sections -fdata-sections -DHAVE_STRERROR -DLINUX -Dlinux -Wall -Wshadow -Werror -DXP_UNIX -DXP_UNIX -UDEBUG -DNDEBUG -D_DEFAULT_SOURCE -D_BSD_SOURCE -D_POSIX_SOURCE -DSDB_MEASURE_USE_TEMP_DIR -D_REENTRANT -UDEBUG -DNDEBUG -D_DEFAULT_SOURCE -D_BSD_SOURCE -D_POSIX_SOURCE -DSDB_MEASURE_USE_TEMP_DIR -D_REENTRANT -DNSS_DISABLE_SSE3 -DNSS_NO_INIT_SUPPORT -DUSE_UTIL_DIRECTLY -DNO_NSPR_10_SUPPORT -DSSL_DISABLE_DEPRECATED_CIPHER_SUITE_NAMES -I/home/ffortier/code/perso/nss/../nspr/dist/include/nspr -I../../../dist/Linux6.6_x86_64_cc_glibc_PTH_64_OPT.OBJ/include -I../../../dist/public/nss -I../../../dist/private/nss  secasn1u.c
cc -o Linux6.6_x86_64_cc_glibc_PTH_64_OPT.OBJ/secitem.o -c -std=c99 -O2 -fPIC  -m64 -pipe -ffunction-sections -fdata-sections -DHAVE_STRERROR -DLINUX -Dlinux -Wall -Wshadow -Werror -DXP_UNIX -DXP_UNIX -UDEBUG -DNDEBUG -D_DEFAULT_SOURCE -D_BSD_SOURCE -D_POSIX_SOURCE -DSDB_MEASURE_USE_TEMP_DIR -D_REENTRANT -UDEBUG -DNDEBUG -D_DEFAULT_SOURCE -D_BSD_SOURCE -D_POSIX_SOURCE -DSDB_MEASURE_USE_TEMP_DIR -D_REENTRANT -DNSS_DISABLE_SSE3 -DNSS_NO_INIT_SUPPORT -DUSE_UTIL_DIRECTLY -DNO_NSPR_10_SUPPORT -DSSL_DISABLE_DEPRECATED_CIPHER_SUITE_NAMES -I/home/ffortier/code/perso/nss/../nspr/dist/include/nspr -I../../../dist/Linux6.6_x86_64_cc_glibc_PTH_64_OPT.OBJ/include -I../../../dist/public/nss -I../../../dist/private/nss  secitem.c
cc -o Linux6.6_x86_64_cc_glibc_PTH_64_OPT.OBJ/secload.o -c -std=c99 -O2 -fPIC  -m64 -pipe -ffunction-sections -fdata-sections -DHAVE_STRERROR -DLINUX -Dlinux -Wall -Wshadow -Werror -DXP_UNIX -DXP_UNIX -UDEBUG -DNDEBUG -D_DEFAULT_SOURCE -D_BSD_SOURCE -D_POSIX_SOURCE -DSDB_MEASURE_USE_TEMP_DIR -D_REENTRANT -UDEBUG -DNDEBUG -D_DEFAULT_SOURCE -D_BSD_SOURCE -D_POSIX_SOURCE -DSDB_MEASURE_USE_TEMP_DIR -D_REENTRANT -DNSS_DISABLE_SSE3 -DNSS_NO_INIT_SUPPORT -DUSE_UTIL_DIRECTLY -DNO_NSPR_10_SUPPORT -DSSL_DISABLE_DEPRECATED_CIPHER_SUITE_NAMES -I/home/ffortier/code/perso/nss/../nspr/dist/include/nspr -I../../../dist/Linux6.6_x86_64_cc_glibc_PTH_64_OPT.OBJ/include -I../../../dist/public/nss -I../../../dist/private/nss  secload.c
cc -o Linux6.6_x86_64_cc_glibc_PTH_64_OPT.OBJ/secoid.o -c -std=c99 -O2 -fPIC  -m64 -pipe -ffunction-sections -fdata-sections -DHAVE_STRERROR -DLINUX -Dlinux -Wall -Wshadow -Werror -DXP_UNIX -DXP_UNIX -UDEBUG -DNDEBUG -D_DEFAULT_SOURCE -D_BSD_SOURCE -D_POSIX_SOURCE -DSDB_MEASURE_USE_TEMP_DIR -D_REENTRANT -UDEBUG -DNDEBUG -D_DEFAULT_SOURCE -D_BSD_SOURCE -D_POSIX_SOURCE -DSDB_MEASURE_USE_TEMP_DIR -D_REENTRANT -DNSS_DISABLE_SSE3 -DNSS_NO_INIT_SUPPORT -DUSE_UTIL_DIRECTLY -DNO_NSPR_10_SUPPORT -DSSL_DISABLE_DEPRECATED_CIPHER_SUITE_NAMES -I/home/ffortier/code/perso/nss/../nspr/dist/include/nspr -I../../../dist/Linux6.6_x86_64_cc_glibc_PTH_64_OPT.OBJ/include -I../../../dist/public/nss -I../../../dist/private/nss  secoid.c
cc -o Linux6.6_x86_64_cc_glibc_PTH_64_OPT.OBJ/sectime.o -c -std=c99 -O2 -fPIC  -m64 -pipe -ffunction-sections -fdata-sections -DHAVE_STRERROR -DLINUX -Dlinux -Wall -Wshadow -Werror -DXP_UNIX -DXP_UNIX -UDEBUG -DNDEBUG -D_DEFAULT_SOURCE -D_BSD_SOURCE -D_POSIX_SOURCE -DSDB_MEASURE_USE_TEMP_DIR -D_REENTRANT -UDEBUG -DNDEBUG -D_DEFAULT_SOURCE -D_BSD_SOURCE -D_POSIX_SOURCE -DSDB_MEASURE_USE_TEMP_DIR -D_REENTRANT -DNSS_DISABLE_SSE3 -DNSS_NO_INIT_SUPPORT -DUSE_UTIL_DIRECTLY -DNO_NSPR_10_SUPPORT -DSSL_DISABLE_DEPRECATED_CIPHER_SUITE_NAMES -I/home/ffortier/code/perso/nss/../nspr/dist/include/nspr -I../../../dist/Linux6.6_x86_64_cc_glibc_PTH_64_OPT.OBJ/include -I../../../dist/public/nss -I../../../dist/private/nss  sectime.c
cc -o Linux6.6_x86_64_cc_glibc_PTH_64_OPT.OBJ/secport.o -c -std=c99 -O2 -fPIC  -m64 -pipe -ffunction-sections -fdata-sections -DHAVE_STRERROR -DLINUX -Dlinux -Wall -Wshadow -Werror -DXP_UNIX -DXP_UNIX -UDEBUG -DNDEBUG -D_DEFAULT_SOURCE -D_BSD_SOURCE -D_POSIX_SOURCE -DSDB_MEASURE_USE_TEMP_DIR -D_REENTRANT -UDEBUG -DNDEBUG -D_DEFAULT_SOURCE -D_BSD_SOURCE -D_POSIX_SOURCE -DSDB_MEASURE_USE_TEMP_DIR -D_REENTRANT -DNSS_DISABLE_SSE3 -DNSS_NO_INIT_SUPPORT -DUSE_UTIL_DIRECTLY -DNO_NSPR_10_SUPPORT -DSSL_DISABLE_DEPRECATED_CIPHER_SUITE_NAMES -I/home/ffortier/code/perso/nss/../nspr/dist/include/nspr -I../../../dist/Linux6.6_x86_64_cc_glibc_PTH_64_OPT.OBJ/include -I../../../dist/public/nss -I../../../dist/private/nss  secport.c
cc -o Linux6.6_x86_64_cc_glibc_PTH_64_OPT.OBJ/templates.o -c -std=c99 -O2 -fPIC  -m64 -pipe -ffunction-sections -fdata-sections -DHAVE_STRERROR -DLINUX -Dlinux -Wall -Wshadow -Werror -DXP_UNIX -DXP_UNIX -UDEBUG -DNDEBUG -D_DEFAULT_SOURCE -D_BSD_SOURCE -D_POSIX_SOURCE -DSDB_MEASURE_USE_TEMP_DIR -D_REENTRANT -UDEBUG -DNDEBUG -D_DEFAULT_SOURCE -D_BSD_SOURCE -D_POSIX_SOURCE -DSDB_MEASURE_USE_TEMP_DIR -D_REENTRANT -DNSS_DISABLE_SSE3 -DNSS_NO_INIT_SUPPORT -DUSE_UTIL_DIRECTLY -DNO_NSPR_10_SUPPORT -DSSL_DISABLE_DEPRECATED_CIPHER_SUITE_NAMES -I/home/ffortier/code/perso/nss/../nspr/dist/include/nspr -I../../../dist/Linux6.6_x86_64_cc_glibc_PTH_64_OPT.OBJ/include -I../../../dist/public/nss -I../../../dist/private/nss  templates.c
cc -o Linux6.6_x86_64_cc_glibc_PTH_64_OPT.OBJ/utf8.o -c -std=c99 -O2 -fPIC  -m64 -pipe -ffunction-sections -fdata-sections -DHAVE_STRERROR -DLINUX -Dlinux -Wall -Wshadow -Werror -DXP_UNIX -DXP_UNIX -UDEBUG -DNDEBUG -D_DEFAULT_SOURCE -D_BSD_SOURCE -D_POSIX_SOURCE -DSDB_MEASURE_USE_TEMP_DIR -D_REENTRANT -UDEBUG -DNDEBUG -D_DEFAULT_SOURCE -D_BSD_SOURCE -D_POSIX_SOURCE -DSDB_MEASURE_USE_TEMP_DIR -D_REENTRANT -DNSS_DISABLE_SSE3 -DNSS_NO_INIT_SUPPORT -DUSE_UTIL_DIRECTLY -DNO_NSPR_10_SUPPORT -DSSL_DISABLE_DEPRECATED_CIPHER_SUITE_NAMES -I/home/ffortier/code/perso/nss/../nspr/dist/include/nspr -I../../../dist/Linux6.6_x86_64_cc_glibc_PTH_64_OPT.OBJ/include -I../../../dist/public/nss -I../../../dist/private/nss  utf8.c
cc -o Linux6.6_x86_64_cc_glibc_PTH_64_OPT.OBJ/utilmod.o -c -std=c99 -O2 -fPIC  -m64 -pipe -ffunction-sections -fdata-sections -DHAVE_STRERROR -DLINUX -Dlinux -Wall -Wshadow -Werror -DXP_UNIX -DXP_UNIX -UDEBUG -DNDEBUG -D_DEFAULT_SOURCE -D_BSD_SOURCE -D_POSIX_SOURCE -DSDB_MEASURE_USE_TEMP_DIR -D_REENTRANT -UDEBUG -DNDEBUG -D_DEFAULT_SOURCE -D_BSD_SOURCE -D_POSIX_SOURCE -DSDB_MEASURE_USE_TEMP_DIR -D_REENTRANT -DNSS_DISABLE_SSE3 -DNSS_NO_INIT_SUPPORT -DUSE_UTIL_DIRECTLY -DNO_NSPR_10_SUPPORT -DSSL_DISABLE_DEPRECATED_CIPHER_SUITE_NAMES -I/home/ffortier/code/perso/nss/../nspr/dist/include/nspr -I../../../dist/Linux6.6_x86_64_cc_glibc_PTH_64_OPT.OBJ/include -I../../../dist/public/nss -I../../../dist/private/nss  utilmod.c
cc -o Linux6.6_x86_64_cc_glibc_PTH_64_OPT.OBJ/utilpars.o -c -std=c99 -O2 -fPIC  -m64 -pipe -ffunction-sections -fdata-sections -DHAVE_STRERROR -DLINUX -Dlinux -Wall -Wshadow -Werror -DXP_UNIX -DXP_UNIX -UDEBUG -DNDEBUG -D_DEFAULT_SOURCE -D_BSD_SOURCE -D_POSIX_SOURCE -DSDB_MEASURE_USE_TEMP_DIR -D_REENTRANT -UDEBUG -DNDEBUG -D_DEFAULT_SOURCE -D_BSD_SOURCE -D_POSIX_SOURCE -DSDB_MEASURE_USE_TEMP_DIR -D_REENTRANT -DNSS_DISABLE_SSE3 -DNSS_NO_INIT_SUPPORT -DUSE_UTIL_DIRECTLY -DNO_NSPR_10_SUPPORT -DSSL_DISABLE_DEPRECATED_CIPHER_SUITE_NAMES -I/home/ffortier/code/perso/nss/../nspr/dist/include/nspr -I../../../dist/Linux6.6_x86_64_cc_glibc_PTH_64_OPT.OBJ/include -I../../../dist/public/nss -I../../../dist/private/nss  utilpars.c
cc -o Linux6.6_x86_64_cc_glibc_PTH_64_OPT.OBJ/pkcs11uri.o -c -std=c99 -O2 -fPIC  -m64 -pipe -ffunction-sections -fdata-sections -DHAVE_STRERROR -DLINUX -Dlinux -Wall -Wshadow -Werror -DXP_UNIX -DXP_UNIX -UDEBUG -DNDEBUG -D_DEFAULT_SOURCE -D_BSD_SOURCE -D_POSIX_SOURCE -DSDB_MEASURE_USE_TEMP_DIR -D_REENTRANT -UDEBUG -DNDEBUG -D_DEFAULT_SOURCE -D_BSD_SOURCE -D_POSIX_SOURCE -DSDB_MEASURE_USE_TEMP_DIR -D_REENTRANT -DNSS_DISABLE_SSE3 -DNSS_NO_INIT_SUPPORT -DUSE_UTIL_DIRECTLY -DNO_NSPR_10_SUPPORT -DSSL_DISABLE_DEPRECATED_CIPHER_SUITE_NAMES -I/home/ffortier/code/perso/nss/../nspr/dist/include/nspr -I../../../dist/Linux6.6_x86_64_cc_glibc_PTH_64_OPT.OBJ/include -I../../../dist/public/nss -I../../../dist/private/nss  pkcs11uri.c
rm -f Linux6.6_x86_64_cc_glibc_PTH_64_OPT.OBJ/libnssutil.a
ar cr Linux6.6_x86_64_cc_glibc_PTH_64_OPT.OBJ/libnssutil.a Linux6.6_x86_64_cc_glibc_PTH_64_OPT.OBJ/quickder.o Linux6.6_x86_64_cc_glibc_PTH_64_OPT.OBJ/secdig.o Linux6.6_x86_64_cc_glibc_PTH_64_OPT.OBJ/derdec.o Linux6.6_x86_64_cc_glibc_PTH_64_OPT.OBJ/derenc.o Linux6.6_x86_64_cc_glibc_PTH_64_OPT.OBJ/dersubr.o Linux6.6_x86_64_cc_glibc_PTH_64_OPT.OBJ/dertime.o Linux6.6_x86_64_cc_glibc_PTH_64_OPT.OBJ/errstrs.o Linux6.6_x86_64_cc_glibc_PTH_64_OPT.OBJ/nssb64d.o Linux6.6_x86_64_cc_glibc_PTH_64_OPT.OBJ/nssb64e.o Linux6.6_x86_64_cc_glibc_PTH_64_OPT.OBJ/nsshash.o Linux6.6_x86_64_cc_glibc_PTH_64_OPT.OBJ/nssrwlk.o Linux6.6_x86_64_cc_glibc_PTH_64_OPT.OBJ/nssilock.o Linux6.6_x86_64_cc_glibc_PTH_64_OPT.OBJ/oidstring.o Linux6.6_x86_64_cc_glibc_PTH_64_OPT.OBJ/pkcs1sig.o Linux6.6_x86_64_cc_glibc_PTH_64_OPT.OBJ/portreg.o Linux6.6_x86_64_cc_glibc_PTH_64_OPT.OBJ/secalgid.o Linux6.6_x86_64_cc_glibc_PTH_64_OPT.OBJ/secasn1d.o Linux6.6_x86_64_cc_glibc_PTH_64_OPT.OBJ/secasn1e.o Linux6.6_x86_64_cc_glibc_PTH_64_OPT.OBJ/secasn1u.o Linux6.6_x86_64_cc_glibc_PTH_64_OPT.OBJ/secitem.o Linux6.6_x86_64_cc_glibc_PTH_64_OPT.OBJ/secload.o Linux6.6_x86_64_cc_glibc_PTH_64_OPT.OBJ/secoid.o Linux6.6_x86_64_cc_glibc_PTH_64_OPT.OBJ/sectime.o Linux6.6_x86_64_cc_glibc_PTH_64_OPT.OBJ/secport.o Linux6.6_x86_64_cc_glibc_PTH_64_OPT.OBJ/templates.o Linux6.6_x86_64_cc_glibc_PTH_64_OPT.OBJ/utf8.o Linux6.6_x86_64_cc_glibc_PTH_64_OPT.OBJ/utilmod.o Linux6.6_x86_64_cc_glibc_PTH_64_OPT.OBJ/utilpars.o Linux6.6_x86_64_cc_glibc_PTH_64_OPT.OBJ/pkcs11uri.o
echo Linux6.6_x86_64_cc_glibc_PTH_64_OPT.OBJ/libnssutil.a
Linux6.6_x86_64_cc_glibc_PTH_64_OPT.OBJ/libnssutil.a
grep -v ';-' nssutil.def | sed -e 's,;+,,' -e 's; DATA ;;' -e 's,;;,,' -e 's,;.*,;,' > Linux6.6_x86_64_cc_glibc_PTH_64_OPT.OBJ/nssutil.def
rm -f Linux6.6_x86_64_cc_glibc_PTH_64_OPT.OBJ/libnssutil3.so
cc -shared -m64 -Wl,--gc-sections -Wl,-z,defs -Wl,-soname -Wl,libnssutil3.so  -Wl,--version-script,Linux6.6_x86_64_cc_glibc_PTH_64_OPT.OBJ/nssutil.def -o Linux6.6_x86_64_cc_glibc_PTH_64_OPT.OBJ/libnssutil3.so Linux6.6_x86_64_cc_glibc_PTH_64_OPT.OBJ/quickder.o Linux6.6_x86_64_cc_glibc_PTH_64_OPT.OBJ/secdig.o Linux6.6_x86_64_cc_glibc_PTH_64_OPT.OBJ/derdec.o Linux6.6_x86_64_cc_glibc_PTH_64_OPT.OBJ/derenc.o Linux6.6_x86_64_cc_glibc_PTH_64_OPT.OBJ/dersubr.o Linux6.6_x86_64_cc_glibc_PTH_64_OPT.OBJ/dertime.o Linux6.6_x86_64_cc_glibc_PTH_64_OPT.OBJ/errstrs.o Linux6.6_x86_64_cc_glibc_PTH_64_OPT.OBJ/nssb64d.o Linux6.6_x86_64_cc_glibc_PTH_64_OPT.OBJ/nssb64e.o Linux6.6_x86_64_cc_glibc_PTH_64_OPT.OBJ/nsshash.o Linux6.6_x86_64_cc_glibc_PTH_64_OPT.OBJ/nssrwlk.o Linux6.6_x86_64_cc_glibc_PTH_64_OPT.OBJ/nssilock.o Linux6.6_x86_64_cc_glibc_PTH_64_OPT.OBJ/oidstring.o Linux6.6_x86_64_cc_glibc_PTH_64_OPT.OBJ/pkcs1sig.o Linux6.6_x86_64_cc_glibc_PTH_64_OPT.OBJ/portreg.o Linux6.6_x86_64_cc_glibc_PTH_64_OPT.OBJ/secalgid.o Linux6.6_x86_64_cc_glibc_PTH_64_OPT.OBJ/secasn1d.o Linux6.6_x86_64_cc_glibc_PTH_64_OPT.OBJ/secasn1e.o Linux6.6_x86_64_cc_glibc_PTH_64_OPT.OBJ/secasn1u.o Linux6.6_x86_64_cc_glibc_PTH_64_OPT.OBJ/secitem.o Linux6.6_x86_64_cc_glibc_PTH_64_OPT.OBJ/secload.o Linux6.6_x86_64_cc_glibc_PTH_64_OPT.OBJ/secoid.o Linux6.6_x86_64_cc_glibc_PTH_64_OPT.OBJ/sectime.o Linux6.6_x86_64_cc_glibc_PTH_64_OPT.OBJ/secport.o Linux6.6_x86_64_cc_glibc_PTH_64_OPT.OBJ/templates.o Linux6.6_x86_64_cc_glibc_PTH_64_OPT.OBJ/utf8.o Linux6.6_x86_64_cc_glibc_PTH_64_OPT.OBJ/utilmod.o Linux6.6_x86_64_cc_glibc_PTH_64_OPT.OBJ/utilpars.o Linux6.6_x86_64_cc_glibc_PTH_64_OPT.OBJ/pkcs11uri.o    -L../../../dist/Linux6.6_x86_64_cc_glibc_PTH_64_OPT.OBJ/lib -L/home/ffortier/code/perso/nss/../nspr/dist -lplc4 -lplds4 -lnspr4  -lpthread  -ldl -lc
chmod +x Linux6.6_x86_64_cc_glibc_PTH_64_OPT.OBJ/libnssutil3.so
../../coreconf/nsinstall/Linux6.6_x86_64_cc_glibc_PTH_64_OPT.OBJ/nsinstall -R -m 664 Linux6.6_x86_64_cc_glibc_PTH_64_OPT.OBJ/libnssutil.a ../../../dist/Linux6.6_x86_64_cc_glibc_PTH_64_OPT.OBJ/lib
../../coreconf/nsinstall/Linux6.6_x86_64_cc_glibc_PTH_64_OPT.OBJ/nsinstall -R -m 775 Linux6.6_x86_64_cc_glibc_PTH_64_OPT.OBJ/libnssutil3.so ../../../dist/Linux6.6_x86_64_cc_glibc_PTH_64_OPT.OBJ/lib
make[3]: Leaving directory '/home/ffortier/code/perso/nss/lib/util'
make[3]: Entering directory '/home/ffortier/code/perso/nss/lib/nss'
cc -o Linux6.6_x86_64_cc_glibc_PTH_64_OPT.OBJ/nssinit.o -c -std=c99 -O2 -fPIC  -m64 -pipe -ffunction-sections -fdata-sections -DHAVE_STRERROR -DLINUX -Dlinux -Wall -Wshadow -Werror -DXP_UNIX -DXP_UNIX -UDEBUG -DNDEBUG -D_DEFAULT_SOURCE -D_BSD_SOURCE -D_POSIX_SOURCE -DSDB_MEASURE_USE_TEMP_DIR -D_REENTRANT -UDEBUG -DNDEBUG -D_DEFAULT_SOURCE -D_BSD_SOURCE -D_POSIX_SOURCE -DSDB_MEASURE_USE_TEMP_DIR -D_REENTRANT -DNSS_DISABLE_SSE3 -DNSS_NO_INIT_SUPPORT -DUSE_UTIL_DIRECTLY -DNO_NSPR_10_SUPPORT -DSSL_DISABLE_DEPRECATED_CIPHER_SUITE_NAMES -I/home/ffortier/code/perso/nss/../nspr/dist/include/nspr -I../../../dist/Linux6.6_x86_64_cc_glibc_PTH_64_OPT.OBJ/include -I../../../dist/public/nss -I../../../dist/private/nss  nssinit.c
cc -o Linux6.6_x86_64_cc_glibc_PTH_64_OPT.OBJ/nssoptions.o -c -std=c99 -O2 -fPIC  -m64 -pipe -ffunction-sections -fdata-sections -DHAVE_STRERROR -DLINUX -Dlinux -Wall -Wshadow -Werror -DXP_UNIX -DXP_UNIX -UDEBUG -DNDEBUG -D_DEFAULT_SOURCE -D_BSD_SOURCE -D_POSIX_SOURCE -DSDB_MEASURE_USE_TEMP_DIR -D_REENTRANT -UDEBUG -DNDEBUG -D_DEFAULT_SOURCE -D_BSD_SOURCE -D_POSIX_SOURCE -DSDB_MEASURE_USE_TEMP_DIR -D_REENTRANT -DNSS_DISABLE_SSE3 -DNSS_NO_INIT_SUPPORT -DUSE_UTIL_DIRECTLY -DNO_NSPR_10_SUPPORT -DSSL_DISABLE_DEPRECATED_CIPHER_SUITE_NAMES -I/home/ffortier/code/perso/nss/../nspr/dist/include/nspr -I../../../dist/Linux6.6_x86_64_cc_glibc_PTH_64_OPT.OBJ/include -I../../../dist/public/nss -I../../../dist/private/nss  nssoptions.c
cc -o Linux6.6_x86_64_cc_glibc_PTH_64_OPT.OBJ/nssver.o -c -std=c99 -O2 -fPIC  -m64 -pipe -ffunction-sections -fdata-sections -DHAVE_STRERROR -DLINUX -Dlinux -Wall -Wshadow -Werror -DXP_UNIX -DXP_UNIX -UDEBUG -DNDEBUG -D_DEFAULT_SOURCE -D_BSD_SOURCE -D_POSIX_SOURCE -DSDB_MEASURE_USE_TEMP_DIR -D_REENTRANT -UDEBUG -DNDEBUG -D_DEFAULT_SOURCE -D_BSD_SOURCE -D_POSIX_SOURCE -DSDB_MEASURE_USE_TEMP_DIR -D_REENTRANT -DNSS_DISABLE_SSE3 -DNSS_NO_INIT_SUPPORT -DUSE_UTIL_DIRECTLY -DNO_NSPR_10_SUPPORT -DSSL_DISABLE_DEPRECATED_CIPHER_SUITE_NAMES -I/home/ffortier/code/perso/nss/../nspr/dist/include/nspr -I../../../dist/Linux6.6_x86_64_cc_glibc_PTH_64_OPT.OBJ/include -I../../../dist/public/nss -I../../../dist/private/nss  nssver.c
cc -o Linux6.6_x86_64_cc_glibc_PTH_64_OPT.OBJ/utilwrap.o -c -std=c99 -O2 -fPIC  -m64 -pipe -ffunction-sections -fdata-sections -DHAVE_STRERROR -DLINUX -Dlinux -Wall -Wshadow -Werror -DXP_UNIX -DXP_UNIX -UDEBUG -DNDEBUG -D_DEFAULT_SOURCE -D_BSD_SOURCE -D_POSIX_SOURCE -DSDB_MEASURE_USE_TEMP_DIR -D_REENTRANT -UDEBUG -DNDEBUG -D_DEFAULT_SOURCE -D_BSD_SOURCE -D_POSIX_SOURCE -DSDB_MEASURE_USE_TEMP_DIR -D_REENTRANT -DNSS_DISABLE_SSE3 -DNSS_NO_INIT_SUPPORT -DUSE_UTIL_DIRECTLY -DNO_NSPR_10_SUPPORT -DSSL_DISABLE_DEPRECATED_CIPHER_SUITE_NAMES -I/home/ffortier/code/perso/nss/../nspr/dist/include/nspr -I../../../dist/Linux6.6_x86_64_cc_glibc_PTH_64_OPT.OBJ/include -I../../../dist/public/nss -I../../../dist/private/nss  utilwrap.c
rm -f Linux6.6_x86_64_cc_glibc_PTH_64_OPT.OBJ/libnss.a
ar cr Linux6.6_x86_64_cc_glibc_PTH_64_OPT.OBJ/libnss.a Linux6.6_x86_64_cc_glibc_PTH_64_OPT.OBJ/nssinit.o Linux6.6_x86_64_cc_glibc_PTH_64_OPT.OBJ/nssoptions.o Linux6.6_x86_64_cc_glibc_PTH_64_OPT.OBJ/nssver.o Linux6.6_x86_64_cc_glibc_PTH_64_OPT.OBJ/utilwrap.o
echo Linux6.6_x86_64_cc_glibc_PTH_64_OPT.OBJ/libnss.a
Linux6.6_x86_64_cc_glibc_PTH_64_OPT.OBJ/libnss.a
grep -v ';-' nss.def | sed -e 's,;+,,' -e 's; DATA ;;' -e 's,;;,,' -e 's,;.*,;,' > Linux6.6_x86_64_cc_glibc_PTH_64_OPT.OBJ/nss.def
rm -f Linux6.6_x86_64_cc_glibc_PTH_64_OPT.OBJ/libnss3.so
cc -shared -m64 -Wl,--gc-sections -Wl,-z,defs -Wl,-soname -Wl,libnss3.so  -Wl,--version-script,Linux6.6_x86_64_cc_glibc_PTH_64_OPT.OBJ/nss.def -o Linux6.6_x86_64_cc_glibc_PTH_64_OPT.OBJ/libnss3.so Linux6.6_x86_64_cc_glibc_PTH_64_OPT.OBJ/nssinit.o Linux6.6_x86_64_cc_glibc_PTH_64_OPT.OBJ/nssoptions.o Linux6.6_x86_64_cc_glibc_PTH_64_OPT.OBJ/nssver.o Linux6.6_x86_64_cc_glibc_PTH_64_OPT.OBJ/utilwrap.o ../certhigh/Linux6.6_x86_64_cc_glibc_PTH_64_OPT.OBJ/certhtml.o ../certhigh/Linux6.6_x86_64_cc_glibc_PTH_64_OPT.OBJ/certreq.o ../certhigh/Linux6.6_x86_64_cc_glibc_PTH_64_OPT.OBJ/crlv2.o ../certhigh/Linux6.6_x86_64_cc_glibc_PTH_64_OPT.OBJ/ocsp.o ../certhigh/Linux6.6_x86_64_cc_glibc_PTH_64_OPT.OBJ/ocspsig.o ../certhigh/Linux6.6_x86_64_cc_glibc_PTH_64_OPT.OBJ/certhigh.o ../certhigh/Linux6.6_x86_64_cc_glibc_PTH_64_OPT.OBJ/certvfy.o ../certhigh/Linux6.6_x86_64_cc_glibc_PTH_64_OPT.OBJ/certvfypkix.o ../certhigh/Linux6.6_x86_64_cc_glibc_PTH_64_OPT.OBJ/xcrldist.o ../cryptohi/Linux6.6_x86_64_cc_glibc_PTH_64_OPT.OBJ/sechash.o ../cryptohi/Linux6.6_x86_64_cc_glibc_PTH_64_OPT.OBJ/seckey.o ../cryptohi/Linux6.6_x86_64_cc_glibc_PTH_64_OPT.OBJ/secsign.o ../cryptohi/Linux6.6_x86_64_cc_glibc_PTH_64_OPT.OBJ/secvfy.o ../cryptohi/Linux6.6_x86_64_cc_glibc_PTH_64_OPT.OBJ/dsautil.o ../pk11wrap/Linux6.6_x86_64_cc_glibc_PTH_64_OPT.OBJ/dev3hack.o ../pk11wrap/Linux6.6_x86_64_cc_glibc_PTH_64_OPT.OBJ/pk11akey.o ../pk11wrap/Linux6.6_x86_64_cc_glibc_PTH_64_OPT.OBJ/pk11auth.o ../pk11wrap/Linux6.6_x86_64_cc_glibc_PTH_64_OPT.OBJ/pk11cert.o ../pk11wrap/Linux6.6_x86_64_cc_glibc_PTH_64_OPT.OBJ/pk11cxt.o ../pk11wrap/Linux6.6_x86_64_cc_glibc_PTH_64_OPT.OBJ/pk11err.o ../pk11wrap/Linux6.6_x86_64_cc_glibc_PTH_64_OPT.OBJ/pk11hpke.o ../pk11wrap/Linux6.6_x86_64_cc_glibc_PTH_64_OPT.OBJ/pk11kea.o ../pk11wrap/Linux6.6_x86_64_cc_glibc_PTH_64_OPT.OBJ/pk11list.o ../pk11wrap/Linux6.6_x86_64_cc_glibc_PTH_64_OPT.OBJ/pk11load.o ../pk11wrap/Linux6.6_x86_64_cc_glibc_PTH_64_OPT.OBJ/pk11mech.o ../pk11wrap/Linux6.6_x86_64_cc_glibc_PTH_64_OPT.OBJ/pk11merge.o ../pk11wrap/Linux6.6_x86_64_cc_glibc_PTH_64_OPT.OBJ/pk11nobj.o ../pk11wrap/Linux6.6_x86_64_cc_glibc_PTH_64_OPT.OBJ/pk11obj.o ../pk11wrap/Linux6.6_x86_64_cc_glibc_PTH_64_OPT.OBJ/pk11pars.o ../pk11wrap/Linux6.6_x86_64_cc_glibc_PTH_64_OPT.OBJ/pk11pbe.o ../pk11wrap/Linux6.6_x86_64_cc_glibc_PTH_64_OPT.OBJ/pk11pk12.o ../pk11wrap/Linux6.6_x86_64_cc_glibc_PTH_64_OPT.OBJ/pk11pqg.o ../pk11wrap/Linux6.6_x86_64_cc_glibc_PTH_64_OPT.OBJ/pk11sdr.o ../pk11wrap/Linux6.6_x86_64_cc_glibc_PTH_64_OPT.OBJ/pk11skey.o ../pk11wrap/Linux6.6_x86_64_cc_glibc_PTH_64_OPT.OBJ/pk11slot.o ../pk11wrap/Linux6.6_x86_64_cc_glibc_PTH_64_OPT.OBJ/pk11util.o ../certdb/Linux6.6_x86_64_cc_glibc_PTH_64_OPT.OBJ/alg1485.o ../certdb/Linux6.6_x86_64_cc_glibc_PTH_64_OPT.OBJ/certdb.o ../certdb/Linux6.6_x86_64_cc_glibc_PTH_64_OPT.OBJ/certv3.o ../certdb/Linux6.6_x86_64_cc_glibc_PTH_64_OPT.OBJ/certxutl.o ../certdb/Linux6.6_x86_64_cc_glibc_PTH_64_OPT.OBJ/crl.o ../certdb/Linux6.6_x86_64_cc_glibc_PTH_64_OPT.OBJ/genname.o ../certdb/Linux6.6_x86_64_cc_glibc_PTH_64_OPT.OBJ/stanpcertdb.o ../certdb/Linux6.6_x86_64_cc_glibc_PTH_64_OPT.OBJ/polcyxtn.o ../certdb/Linux6.6_x86_64_cc_glibc_PTH_64_OPT.OBJ/secname.o ../certdb/Linux6.6_x86_64_cc_glibc_PTH_64_OPT.OBJ/xauthkid.o ../certdb/Linux6.6_x86_64_cc_glibc_PTH_64_OPT.OBJ/xbsconst.o ../certdb/Linux6.6_x86_64_cc_glibc_PTH_64_OPT.OBJ/xconst.o ../pki/Linux6.6_x86_64_cc_glibc_PTH_64_OPT.OBJ/asymmkey.o ../pki/Linux6.6_x86_64_cc_glibc_PTH_64_OPT.OBJ/certificate.o ../pki/Linux6.6_x86_64_cc_glibc_PTH_64_OPT.OBJ/cryptocontext.o ../pki/Linux6.6_x86_64_cc_glibc_PTH_64_OPT.OBJ/symmkey.o ../pki/Linux6.6_x86_64_cc_glibc_PTH_64_OPT.OBJ/trustdomain.o ../pki/Linux6.6_x86_64_cc_glibc_PTH_64_OPT.OBJ/tdcache.o ../pki/Linux6.6_x86_64_cc_glibc_PTH_64_OPT.OBJ/certdecode.o ../pki/Linux6.6_x86_64_cc_glibc_PTH_64_OPT.OBJ/pkistore.o ../pki/Linux6.6_x86_64_cc_glibc_PTH_64_OPT.OBJ/pkibase.o ../pki/Linux6.6_x86_64_cc_glibc_PTH_64_OPT.OBJ/pki3hack.o ../dev/Linux6.6_x86_64_cc_glibc_PTH_64_OPT.OBJ/devslot.o ../dev/Linux6.6_x86_64_cc_glibc_PTH_64_OPT.OBJ/devtoken.o ../dev/Linux6.6_x86_64_cc_glibc_PTH_64_OPT.OBJ/devutil.o ../dev/Linux6.6_x86_64_cc_glibc_PTH_64_OPT.OBJ/ckhelper.o ../base/Linux6.6_x86_64_cc_glibc_PTH_64_OPT.OBJ/arena.o ../base/Linux6.6_x86_64_cc_glibc_PTH_64_OPT.OBJ/error.o ../base/Linux6.6_x86_64_cc_glibc_PTH_64_OPT.OBJ/errorval.o ../base/Linux6.6_x86_64_cc_glibc_PTH_64_OPT.OBJ/hashops.o ../base/Linux6.6_x86_64_cc_glibc_PTH_64_OPT.OBJ/libc.o ../base/Linux6.6_x86_64_cc_glibc_PTH_64_OPT.OBJ/tracker.o ../base/Linux6.6_x86_64_cc_glibc_PTH_64_OPT.OBJ/item.o ../base/Linux6.6_x86_64_cc_glibc_PTH_64_OPT.OBJ/utf8.o ../base/Linux6.6_x86_64_cc_glibc_PTH_64_OPT.OBJ/list.o ../base/Linux6.6_x86_64_cc_glibc_PTH_64_OPT.OBJ/hash.o ../libpkix/pkix/certsel/Linux6.6_x86_64_cc_glibc_PTH_64_OPT.OBJ/pkix_certselector.o ../libpkix/pkix/certsel/Linux6.6_x86_64_cc_glibc_PTH_64_OPT.OBJ/pkix_comcertselparams.o ../libpkix/pkix/checker/Linux6.6_x86_64_cc_glibc_PTH_64_OPT.OBJ/pkix_basicconstraintschecker.o ../libpkix/pkix/checker/Linux6.6_x86_64_cc_glibc_PTH_64_OPT.OBJ/pkix_certchainchecker.o ../libpkix/pkix/checker/Linux6.6_x86_64_cc_glibc_PTH_64_OPT.OBJ/pkix_crlchecker.o ../libpkix/pkix/checker/Linux6.6_x86_64_cc_glibc_PTH_64_OPT.OBJ/pkix_ekuchecker.o ../libpkix/pkix/checker/Linux6.6_x86_64_cc_glibc_PTH_64_OPT.OBJ/pkix_expirationchecker.o ../libpkix/pkix/checker/Linux6.6_x86_64_cc_glibc_PTH_64_OPT.OBJ/pkix_namechainingchecker.o ../libpkix/pkix/checker/Linux6.6_x86_64_cc_glibc_PTH_64_OPT.OBJ/pkix_nameconstraintschecker.o ../libpkix/pkix/checker/Linux6.6_x86_64_cc_glibc_PTH_64_OPT.OBJ/pkix_ocspchecker.o ../libpkix/pkix/checker/Linux6.6_x86_64_cc_glibc_PTH_64_OPT.OBJ/pkix_revocationmethod.o ../libpkix/pkix/checker/Linux6.6_x86_64_cc_glibc_PTH_64_OPT.OBJ/pkix_revocationchecker.o ../libpkix/pkix/checker/Linux6.6_x86_64_cc_glibc_PTH_64_OPT.OBJ/pkix_policychecker.o ../libpkix/pkix/checker/Linux6.6_x86_64_cc_glibc_PTH_64_OPT.OBJ/pkix_signaturechecker.o ../libpkix/pkix/checker/Linux6.6_x86_64_cc_glibc_PTH_64_OPT.OBJ/pkix_targetcertchecker.o ../libpkix/pkix/params/Linux6.6_x86_64_cc_glibc_PTH_64_OPT.OBJ/pkix_trustanchor.o ../libpkix/pkix/params/Linux6.6_x86_64_cc_glibc_PTH_64_OPT.OBJ/pkix_procparams.o ../libpkix/pkix/params/Linux6.6_x86_64_cc_glibc_PTH_64_OPT.OBJ/pkix_valparams.o ../libpkix/pkix/params/Linux6.6_x86_64_cc_glibc_PTH_64_OPT.OBJ/pkix_resourcelimits.o ../libpkix/pkix/results/Linux6.6_x86_64_cc_glibc_PTH_64_OPT.OBJ/pkix_buildresult.o ../libpkix/pkix/results/Linux6.6_x86_64_cc_glibc_PTH_64_OPT.OBJ/pkix_policynode.o ../libpkix/pkix/results/Linux6.6_x86_64_cc_glibc_PTH_64_OPT.OBJ/pkix_valresult.o ../libpkix/pkix/results/Linux6.6_x86_64_cc_glibc_PTH_64_OPT.OBJ/pkix_verifynode.o ../libpkix/pkix/top/Linux6.6_x86_64_cc_glibc_PTH_64_OPT.OBJ/pkix_validate.o ../libpkix/pkix/top/Linux6.6_x86_64_cc_glibc_PTH_64_OPT.OBJ/pkix_lifecycle.o ../libpkix/pkix/top/Linux6.6_x86_64_cc_glibc_PTH_64_OPT.OBJ/pkix_build.o ../libpkix/pkix/util/Linux6.6_x86_64_cc_glibc_PTH_64_OPT.OBJ/pkix_tools.o ../libpkix/pkix/util/Linux6.6_x86_64_cc_glibc_PTH_64_OPT.OBJ/pkix_error.o ../libpkix/pkix/util/Linux6.6_x86_64_cc_glibc_PTH_64_OPT.OBJ/pkix_logger.o ../libpkix/pkix/util/Linux6.6_x86_64_cc_glibc_PTH_64_OPT.OBJ/pkix_list.o ../libpkix/pkix/util/Linux6.6_x86_64_cc_glibc_PTH_64_OPT.OBJ/pkix_errpaths.o ../libpkix/pkix/crlsel/Linux6.6_x86_64_cc_glibc_PTH_64_OPT.OBJ/pkix_crlselector.o ../libpkix/pkix/crlsel/Linux6.6_x86_64_cc_glibc_PTH_64_OPT.OBJ/pkix_comcrlselparams.o ../libpkix/pkix/store/Linux6.6_x86_64_cc_glibc_PTH_64_OPT.OBJ/pkix_store.o ../libpkix/pkix_pl_nss/pki/Linux6.6_x86_64_cc_glibc_PTH_64_OPT.OBJ/pkix_pl_basicconstraints.o ../libpkix/pkix_pl_nss/pki/Linux6.6_x86_64_cc_glibc_PTH_64_OPT.OBJ/pkix_pl_cert.o ../libpkix/pkix_pl_nss/pki/Linux6.6_x86_64_cc_glibc_PTH_64_OPT.OBJ/pkix_pl_certpolicyinfo.o ../libpkix/pkix_pl_nss/pki/Linux6.6_x86_64_cc_glibc_PTH_64_OPT.OBJ/pkix_pl_certpolicymap.o ../libpkix/pkix_pl_nss/pki/Linux6.6_x86_64_cc_glibc_PTH_64_OPT.OBJ/pkix_pl_certpolicyqualifier.o ../libpkix/pkix_pl_nss/pki/Linux6.6_x86_64_cc_glibc_PTH_64_OPT.OBJ/pkix_pl_crl.o ../libpkix/pkix_pl_nss/pki/Linux6.6_x86_64_cc_glibc_PTH_64_OPT.OBJ/pkix_pl_crldp.o ../libpkix/pkix_pl_nss/pki/Linux6.6_x86_64_cc_glibc_PTH_64_OPT.OBJ/pkix_pl_crlentry.o ../libpkix/pkix_pl_nss/pki/Linux6.6_x86_64_cc_glibc_PTH_64_OPT.OBJ/pkix_pl_date.o ../libpkix/pkix_pl_nss/pki/Linux6.6_x86_64_cc_glibc_PTH_64_OPT.OBJ/pkix_pl_generalname.o ../libpkix/pkix_pl_nss/pki/Linux6.6_x86_64_cc_glibc_PTH_64_OPT.OBJ/pkix_pl_infoaccess.o ../libpkix/pkix_pl_nss/pki/Linux6.6_x86_64_cc_glibc_PTH_64_OPT.OBJ/pkix_pl_nameconstraints.o ../libpkix/pkix_pl_nss/pki/Linux6.6_x86_64_cc_glibc_PTH_64_OPT.OBJ/pkix_pl_ocsprequest.o ../libpkix/pkix_pl_nss/pki/Linux6.6_x86_64_cc_glibc_PTH_64_OPT.OBJ/pkix_pl_ocspresponse.o ../libpkix/pkix_pl_nss/pki/Linux6.6_x86_64_cc_glibc_PTH_64_OPT.OBJ/pkix_pl_publickey.o ../libpkix/pkix_pl_nss/pki/Linux6.6_x86_64_cc_glibc_PTH_64_OPT.OBJ/pkix_pl_x500name.o ../libpkix/pkix_pl_nss/pki/Linux6.6_x86_64_cc_glibc_PTH_64_OPT.OBJ/pkix_pl_ocspcertid.o ../libpkix/pkix_pl_nss/system/Linux6.6_x86_64_cc_glibc_PTH_64_OPT.OBJ/pkix_pl_bigint.o ../libpkix/pkix_pl_nss/system/Linux6.6_x86_64_cc_glibc_PTH_64_OPT.OBJ/pkix_pl_bytearray.o ../libpkix/pkix_pl_nss/system/Linux6.6_x86_64_cc_glibc_PTH_64_OPT.OBJ/pkix_pl_common.o ../libpkix/pkix_pl_nss/system/Linux6.6_x86_64_cc_glibc_PTH_64_OPT.OBJ/pkix_pl_error.o ../libpkix/pkix_pl_nss/system/Linux6.6_x86_64_cc_glibc_PTH_64_OPT.OBJ/pkix_pl_hashtable.o ../libpkix/pkix_pl_nss/system/Linux6.6_x86_64_cc_glibc_PTH_64_OPT.OBJ/pkix_pl_lifecycle.o ../libpkix/pkix_pl_nss/system/Linux6.6_x86_64_cc_glibc_PTH_64_OPT.OBJ/pkix_pl_mem.o ../libpkix/pkix_pl_nss/system/Linux6.6_x86_64_cc_glibc_PTH_64_OPT.OBJ/pkix_pl_monitorlock.o ../libpkix/pkix_pl_nss/system/Linux6.6_x86_64_cc_glibc_PTH_64_OPT.OBJ/pkix_pl_mutex.o ../libpkix/pkix_pl_nss/system/Linux6.6_x86_64_cc_glibc_PTH_64_OPT.OBJ/pkix_pl_object.o ../libpkix/pkix_pl_nss/system/Linux6.6_x86_64_cc_glibc_PTH_64_OPT.OBJ/pkix_pl_oid.o ../libpkix/pkix_pl_nss/system/Linux6.6_x86_64_cc_glibc_PTH_64_OPT.OBJ/pkix_pl_primhash.o ../libpkix/pkix_pl_nss/system/Linux6.6_x86_64_cc_glibc_PTH_64_OPT.OBJ/pkix_pl_rwlock.o ../libpkix/pkix_pl_nss/system/Linux6.6_x86_64_cc_glibc_PTH_64_OPT.OBJ/pkix_pl_string.o ../libpkix/pkix_pl_nss/module/Linux6.6_x86_64_cc_glibc_PTH_64_OPT.OBJ/pkix_pl_aiamgr.o ../libpkix/pkix_pl_nss/module/Linux6.6_x86_64_cc_glibc_PTH_64_OPT.OBJ/pkix_pl_colcertstore.o ../libpkix/pkix_pl_nss/module/Linux6.6_x86_64_cc_glibc_PTH_64_OPT.OBJ/pkix_pl_httpcertstore.o ../libpkix/pkix_pl_nss/module/Linux6.6_x86_64_cc_glibc_PTH_64_OPT.OBJ/pkix_pl_httpdefaultclient.o ../libpkix/pkix_pl_nss/module/Linux6.6_x86_64_cc_glibc_PTH_64_OPT.OBJ/pkix_pl_ldaptemplates.o ../libpkix/pkix_pl_nss/module/Linux6.6_x86_64_cc_glibc_PTH_64_OPT.OBJ/pkix_pl_ldapcertstore.o ../libpkix/pkix_pl_nss/module/Linux6.6_x86_64_cc_glibc_PTH_64_OPT.OBJ/pkix_pl_ldapresponse.o ../libpkix/pkix_pl_nss/module/Linux6.6_x86_64_cc_glibc_PTH_64_OPT.OBJ/pkix_pl_ldaprequest.o ../libpkix/pkix_pl_nss/module/Linux6.6_x86_64_cc_glibc_PTH_64_OPT.OBJ/pkix_pl_ldapdefaultclient.o ../libpkix/pkix_pl_nss/module/Linux6.6_x86_64_cc_glibc_PTH_64_OPT.OBJ/pkix_pl_nsscontext.o ../libpkix/pkix_pl_nss/module/Linux6.6_x86_64_cc_glibc_PTH_64_OPT.OBJ/pkix_pl_pk11certstore.o ../libpkix/pkix_pl_nss/module/Linux6.6_x86_64_cc_glibc_PTH_64_OPT.OBJ/pkix_pl_socket.o   -L../../../dist/Linux6.6_x86_64_cc_glibc_PTH_64_OPT.OBJ/lib -L../../../dist/Linux6.6_x86_64_cc_glibc_PTH_64_OPT.OBJ/lib -lnssutil3 -L/home/ffortier/code/perso/nss/../nspr/dist -lplc4 -lplds4 -lnspr4  -lpthread  -ldl -lc
chmod +x Linux6.6_x86_64_cc_glibc_PTH_64_OPT.OBJ/libnss3.so
../../coreconf/nsinstall/Linux6.6_x86_64_cc_glibc_PTH_64_OPT.OBJ/nsinstall -R -m 664 Linux6.6_x86_64_cc_glibc_PTH_64_OPT.OBJ/libnss.a ../../../dist/Linux6.6_x86_64_cc_glibc_PTH_64_OPT.OBJ/lib
../../coreconf/nsinstall/Linux6.6_x86_64_cc_glibc_PTH_64_OPT.OBJ/nsinstall -R -m 775 Linux6.6_x86_64_cc_glibc_PTH_64_OPT.OBJ/libnss3.so ../../../dist/Linux6.6_x86_64_cc_glibc_PTH_64_OPT.OBJ/lib
make[3]: Leaving directory '/home/ffortier/code/perso/nss/lib/nss'
make[3]: Entering directory '/home/ffortier/code/perso/nss/lib/ckfw'
make[4]: Entering directory '/home/ffortier/code/perso/nss/lib/ckfw'
cc -o Linux6.6_x86_64_cc_glibc_PTH_64_OPT.OBJ/crypto.o -c -std=c99 -O2 -fPIC  -m64 -pipe -ffunction-sections -fdata-sections -DHAVE_STRERROR -DLINUX -Dlinux -Wall -Wshadow -Werror -DXP_UNIX -DXP_UNIX -UDEBUG -DNDEBUG -D_DEFAULT_SOURCE -D_BSD_SOURCE -D_POSIX_SOURCE -DSDB_MEASURE_USE_TEMP_DIR -D_REENTRANT -UDEBUG -DNDEBUG -D_DEFAULT_SOURCE -D_BSD_SOURCE -D_POSIX_SOURCE -DSDB_MEASURE_USE_TEMP_DIR -D_REENTRANT -DNSS_DISABLE_SSE3 -DNSS_NO_INIT_SUPPORT -DUSE_UTIL_DIRECTLY -DNO_NSPR_10_SUPPORT -DSSL_DISABLE_DEPRECATED_CIPHER_SUITE_NAMES -I/home/ffortier/code/perso/nss/../nspr/dist/include/nspr -I../../../dist/Linux6.6_x86_64_cc_glibc_PTH_64_OPT.OBJ/include -I../../../dist/public/nss -I../../../dist/private/nss -I../../../dist/public/nspr  crypto.c
cc -o Linux6.6_x86_64_cc_glibc_PTH_64_OPT.OBJ/find.o -c -std=c99 -O2 -fPIC  -m64 -pipe -ffunction-sections -fdata-sections -DHAVE_STRERROR -DLINUX -Dlinux -Wall -Wshadow -Werror -DXP_UNIX -DXP_UNIX -UDEBUG -DNDEBUG -D_DEFAULT_SOURCE -D_BSD_SOURCE -D_POSIX_SOURCE -DSDB_MEASURE_USE_TEMP_DIR -D_REENTRANT -UDEBUG -DNDEBUG -D_DEFAULT_SOURCE -D_BSD_SOURCE -D_POSIX_SOURCE -DSDB_MEASURE_USE_TEMP_DIR -D_REENTRANT -DNSS_DISABLE_SSE3 -DNSS_NO_INIT_SUPPORT -DUSE_UTIL_DIRECTLY -DNO_NSPR_10_SUPPORT -DSSL_DISABLE_DEPRECATED_CIPHER_SUITE_NAMES -I/home/ffortier/code/perso/nss/../nspr/dist/include/nspr -I../../../dist/Linux6.6_x86_64_cc_glibc_PTH_64_OPT.OBJ/include -I../../../dist/public/nss -I../../../dist/private/nss -I../../../dist/public/nspr  find.c
cc -o Linux6.6_x86_64_cc_glibc_PTH_64_OPT.OBJ/hash.o -c -std=c99 -O2 -fPIC  -m64 -pipe -ffunction-sections -fdata-sections -DHAVE_STRERROR -DLINUX -Dlinux -Wall -Wshadow -Werror -DXP_UNIX -DXP_UNIX -UDEBUG -DNDEBUG -D_DEFAULT_SOURCE -D_BSD_SOURCE -D_POSIX_SOURCE -DSDB_MEASURE_USE_TEMP_DIR -D_REENTRANT -UDEBUG -DNDEBUG -D_DEFAULT_SOURCE -D_BSD_SOURCE -D_POSIX_SOURCE -DSDB_MEASURE_USE_TEMP_DIR -D_REENTRANT -DNSS_DISABLE_SSE3 -DNSS_NO_INIT_SUPPORT -DUSE_UTIL_DIRECTLY -DNO_NSPR_10_SUPPORT -DSSL_DISABLE_DEPRECATED_CIPHER_SUITE_NAMES -I/home/ffortier/code/perso/nss/../nspr/dist/include/nspr -I../../../dist/Linux6.6_x86_64_cc_glibc_PTH_64_OPT.OBJ/include -I../../../dist/public/nss -I../../../dist/private/nss -I../../../dist/public/nspr  hash.c
cc -o Linux6.6_x86_64_cc_glibc_PTH_64_OPT.OBJ/instance.o -c -std=c99 -O2 -fPIC  -m64 -pipe -ffunction-sections -fdata-sections -DHAVE_STRERROR -DLINUX -Dlinux -Wall -Wshadow -Werror -DXP_UNIX -DXP_UNIX -UDEBUG -DNDEBUG -D_DEFAULT_SOURCE -D_BSD_SOURCE -D_POSIX_SOURCE -DSDB_MEASURE_USE_TEMP_DIR -D_REENTRANT -UDEBUG -DNDEBUG -D_DEFAULT_SOURCE -D_BSD_SOURCE -D_POSIX_SOURCE -DSDB_MEASURE_USE_TEMP_DIR -D_REENTRANT -DNSS_DISABLE_SSE3 -DNSS_NO_INIT_SUPPORT -DUSE_UTIL_DIRECTLY -DNO_NSPR_10_SUPPORT -DSSL_DISABLE_DEPRECATED_CIPHER_SUITE_NAMES -I/home/ffortier/code/perso/nss/../nspr/dist/include/nspr -I../../../dist/Linux6.6_x86_64_cc_glibc_PTH_64_OPT.OBJ/include -I../../../dist/public/nss -I../../../dist/private/nss -I../../../dist/public/nspr  instance.c
cc -o Linux6.6_x86_64_cc_glibc_PTH_64_OPT.OBJ/mutex.o -c -std=c99 -O2 -fPIC  -m64 -pipe -ffunction-sections -fdata-sections -DHAVE_STRERROR -DLINUX -Dlinux -Wall -Wshadow -Werror -DXP_UNIX -DXP_UNIX -UDEBUG -DNDEBUG -D_DEFAULT_SOURCE -D_BSD_SOURCE -D_POSIX_SOURCE -DSDB_MEASURE_USE_TEMP_DIR -D_REENTRANT -UDEBUG -DNDEBUG -D_DEFAULT_SOURCE -D_BSD_SOURCE -D_POSIX_SOURCE -DSDB_MEASURE_USE_TEMP_DIR -D_REENTRANT -DNSS_DISABLE_SSE3 -DNSS_NO_INIT_SUPPORT -DUSE_UTIL_DIRECTLY -DNO_NSPR_10_SUPPORT -DSSL_DISABLE_DEPRECATED_CIPHER_SUITE_NAMES -I/home/ffortier/code/perso/nss/../nspr/dist/include/nspr -I../../../dist/Linux6.6_x86_64_cc_glibc_PTH_64_OPT.OBJ/include -I../../../dist/public/nss -I../../../dist/private/nss -I../../../dist/public/nspr  mutex.c
cc -o Linux6.6_x86_64_cc_glibc_PTH_64_OPT.OBJ/object.o -c -std=c99 -O2 -fPIC  -m64 -pipe -ffunction-sections -fdata-sections -DHAVE_STRERROR -DLINUX -Dlinux -Wall -Wshadow -Werror -DXP_UNIX -DXP_UNIX -UDEBUG -DNDEBUG -D_DEFAULT_SOURCE -D_BSD_SOURCE -D_POSIX_SOURCE -DSDB_MEASURE_USE_TEMP_DIR -D_REENTRANT -UDEBUG -DNDEBUG -D_DEFAULT_SOURCE -D_BSD_SOURCE -D_POSIX_SOURCE -DSDB_MEASURE_USE_TEMP_DIR -D_REENTRANT -DNSS_DISABLE_SSE3 -DNSS_NO_INIT_SUPPORT -DUSE_UTIL_DIRECTLY -DNO_NSPR_10_SUPPORT -DSSL_DISABLE_DEPRECATED_CIPHER_SUITE_NAMES -I/home/ffortier/code/perso/nss/../nspr/dist/include/nspr -I../../../dist/Linux6.6_x86_64_cc_glibc_PTH_64_OPT.OBJ/include -I../../../dist/public/nss -I../../../dist/private/nss -I../../../dist/public/nspr  object.c
cc -o Linux6.6_x86_64_cc_glibc_PTH_64_OPT.OBJ/session.o -c -std=c99 -O2 -fPIC  -m64 -pipe -ffunction-sections -fdata-sections -DHAVE_STRERROR -DLINUX -Dlinux -Wall -Wshadow -Werror -DXP_UNIX -DXP_UNIX -UDEBUG -DNDEBUG -D_DEFAULT_SOURCE -D_BSD_SOURCE -D_POSIX_SOURCE -DSDB_MEASURE_USE_TEMP_DIR -D_REENTRANT -UDEBUG -DNDEBUG -D_DEFAULT_SOURCE -D_BSD_SOURCE -D_POSIX_SOURCE -DSDB_MEASURE_USE_TEMP_DIR -D_REENTRANT -DNSS_DISABLE_SSE3 -DNSS_NO_INIT_SUPPORT -DUSE_UTIL_DIRECTLY -DNO_NSPR_10_SUPPORT -DSSL_DISABLE_DEPRECATED_CIPHER_SUITE_NAMES -I/home/ffortier/code/perso/nss/../nspr/dist/include/nspr -I../../../dist/Linux6.6_x86_64_cc_glibc_PTH_64_OPT.OBJ/include -I../../../dist/public/nss -I../../../dist/private/nss -I../../../dist/public/nspr  session.c
cc -o Linux6.6_x86_64_cc_glibc_PTH_64_OPT.OBJ/sessobj.o -c -std=c99 -O2 -fPIC  -m64 -pipe -ffunction-sections -fdata-sections -DHAVE_STRERROR -DLINUX -Dlinux -Wall -Wshadow -Werror -DXP_UNIX -DXP_UNIX -UDEBUG -DNDEBUG -D_DEFAULT_SOURCE -D_BSD_SOURCE -D_POSIX_SOURCE -DSDB_MEASURE_USE_TEMP_DIR -D_REENTRANT -UDEBUG -DNDEBUG -D_DEFAULT_SOURCE -D_BSD_SOURCE -D_POSIX_SOURCE -DSDB_MEASURE_USE_TEMP_DIR -D_REENTRANT -DNSS_DISABLE_SSE3 -DNSS_NO_INIT_SUPPORT -DUSE_UTIL_DIRECTLY -DNO_NSPR_10_SUPPORT -DSSL_DISABLE_DEPRECATED_CIPHER_SUITE_NAMES -I/home/ffortier/code/perso/nss/../nspr/dist/include/nspr -I../../../dist/Linux6.6_x86_64_cc_glibc_PTH_64_OPT.OBJ/include -I../../../dist/public/nss -I../../../dist/private/nss -I../../../dist/public/nspr  sessobj.c
cc -o Linux6.6_x86_64_cc_glibc_PTH_64_OPT.OBJ/slot.o -c -std=c99 -O2 -fPIC  -m64 -pipe -ffunction-sections -fdata-sections -DHAVE_STRERROR -DLINUX -Dlinux -Wall -Wshadow -Werror -DXP_UNIX -DXP_UNIX -UDEBUG -DNDEBUG -D_DEFAULT_SOURCE -D_BSD_SOURCE -D_POSIX_SOURCE -DSDB_MEASURE_USE_TEMP_DIR -D_REENTRANT -UDEBUG -DNDEBUG -D_DEFAULT_SOURCE -D_BSD_SOURCE -D_POSIX_SOURCE -DSDB_MEASURE_USE_TEMP_DIR -D_REENTRANT -DNSS_DISABLE_SSE3 -DNSS_NO_INIT_SUPPORT -DUSE_UTIL_DIRECTLY -DNO_NSPR_10_SUPPORT -DSSL_DISABLE_DEPRECATED_CIPHER_SUITE_NAMES -I/home/ffortier/code/perso/nss/../nspr/dist/include/nspr -I../../../dist/Linux6.6_x86_64_cc_glibc_PTH_64_OPT.OBJ/include -I../../../dist/public/nss -I../../../dist/private/nss -I../../../dist/public/nspr  slot.c
cc -o Linux6.6_x86_64_cc_glibc_PTH_64_OPT.OBJ/token.o -c -std=c99 -O2 -fPIC  -m64 -pipe -ffunction-sections -fdata-sections -DHAVE_STRERROR -DLINUX -Dlinux -Wall -Wshadow -Werror -DXP_UNIX -DXP_UNIX -UDEBUG -DNDEBUG -D_DEFAULT_SOURCE -D_BSD_SOURCE -D_POSIX_SOURCE -DSDB_MEASURE_USE_TEMP_DIR -D_REENTRANT -UDEBUG -DNDEBUG -D_DEFAULT_SOURCE -D_BSD_SOURCE -D_POSIX_SOURCE -DSDB_MEASURE_USE_TEMP_DIR -D_REENTRANT -DNSS_DISABLE_SSE3 -DNSS_NO_INIT_SUPPORT -DUSE_UTIL_DIRECTLY -DNO_NSPR_10_SUPPORT -DSSL_DISABLE_DEPRECATED_CIPHER_SUITE_NAMES -I/home/ffortier/code/perso/nss/../nspr/dist/include/nspr -I../../../dist/Linux6.6_x86_64_cc_glibc_PTH_64_OPT.OBJ/include -I../../../dist/public/nss -I../../../dist/private/nss -I../../../dist/public/nspr  token.c
cc -o Linux6.6_x86_64_cc_glibc_PTH_64_OPT.OBJ/wrap.o -c -std=c99 -O2 -fPIC  -m64 -pipe -ffunction-sections -fdata-sections -DHAVE_STRERROR -DLINUX -Dlinux -Wall -Wshadow -Werror -DXP_UNIX -DXP_UNIX -UDEBUG -DNDEBUG -D_DEFAULT_SOURCE -D_BSD_SOURCE -D_POSIX_SOURCE -DSDB_MEASURE_USE_TEMP_DIR -D_REENTRANT -UDEBUG -DNDEBUG -D_DEFAULT_SOURCE -D_BSD_SOURCE -D_POSIX_SOURCE -DSDB_MEASURE_USE_TEMP_DIR -D_REENTRANT -DNSS_DISABLE_SSE3 -DNSS_NO_INIT_SUPPORT -DUSE_UTIL_DIRECTLY -DNO_NSPR_10_SUPPORT -DSSL_DISABLE_DEPRECATED_CIPHER_SUITE_NAMES -I/home/ffortier/code/perso/nss/../nspr/dist/include/nspr -I../../../dist/Linux6.6_x86_64_cc_glibc_PTH_64_OPT.OBJ/include -I../../../dist/public/nss -I../../../dist/private/nss -I../../../dist/public/nspr  wrap.c
cc -o Linux6.6_x86_64_cc_glibc_PTH_64_OPT.OBJ/mechanism.o -c -std=c99 -O2 -fPIC  -m64 -pipe -ffunction-sections -fdata-sections -DHAVE_STRERROR -DLINUX -Dlinux -Wall -Wshadow -Werror -DXP_UNIX -DXP_UNIX -UDEBUG -DNDEBUG -D_DEFAULT_SOURCE -D_BSD_SOURCE -D_POSIX_SOURCE -DSDB_MEASURE_USE_TEMP_DIR -D_REENTRANT -UDEBUG -DNDEBUG -D_DEFAULT_SOURCE -D_BSD_SOURCE -D_POSIX_SOURCE -DSDB_MEASURE_USE_TEMP_DIR -D_REENTRANT -DNSS_DISABLE_SSE3 -DNSS_NO_INIT_SUPPORT -DUSE_UTIL_DIRECTLY -DNO_NSPR_10_SUPPORT -DSSL_DISABLE_DEPRECATED_CIPHER_SUITE_NAMES -I/home/ffortier/code/perso/nss/../nspr/dist/include/nspr -I../../../dist/Linux6.6_x86_64_cc_glibc_PTH_64_OPT.OBJ/include -I../../../dist/public/nss -I../../../dist/private/nss -I../../../dist/public/nspr  mechanism.c
rm -f Linux6.6_x86_64_cc_glibc_PTH_64_OPT.OBJ/libnssckfw.a
ar cr Linux6.6_x86_64_cc_glibc_PTH_64_OPT.OBJ/libnssckfw.a Linux6.6_x86_64_cc_glibc_PTH_64_OPT.OBJ/crypto.o Linux6.6_x86_64_cc_glibc_PTH_64_OPT.OBJ/find.o Linux6.6_x86_64_cc_glibc_PTH_64_OPT.OBJ/hash.o Linux6.6_x86_64_cc_glibc_PTH_64_OPT.OBJ/instance.o Linux6.6_x86_64_cc_glibc_PTH_64_OPT.OBJ/mutex.o Linux6.6_x86_64_cc_glibc_PTH_64_OPT.OBJ/object.o Linux6.6_x86_64_cc_glibc_PTH_64_OPT.OBJ/session.o Linux6.6_x86_64_cc_glibc_PTH_64_OPT.OBJ/sessobj.o Linux6.6_x86_64_cc_glibc_PTH_64_OPT.OBJ/slot.o Linux6.6_x86_64_cc_glibc_PTH_64_OPT.OBJ/token.o Linux6.6_x86_64_cc_glibc_PTH_64_OPT.OBJ/wrap.o Linux6.6_x86_64_cc_glibc_PTH_64_OPT.OBJ/mechanism.o
echo Linux6.6_x86_64_cc_glibc_PTH_64_OPT.OBJ/libnssckfw.a
Linux6.6_x86_64_cc_glibc_PTH_64_OPT.OBJ/libnssckfw.a
../../coreconf/nsinstall/Linux6.6_x86_64_cc_glibc_PTH_64_OPT.OBJ/nsinstall -R -m 664 Linux6.6_x86_64_cc_glibc_PTH_64_OPT.OBJ/libnssckfw.a ../../../dist/Linux6.6_x86_64_cc_glibc_PTH_64_OPT.OBJ/lib
make[4]: Leaving directory '/home/ffortier/code/perso/nss/lib/ckfw'
make[4]: Entering directory '/home/ffortier/code/perso/nss/lib/ckfw/builtins'
make[5]: Entering directory '/home/ffortier/code/perso/nss/lib/ckfw/builtins'
cc -o Linux6.6_x86_64_cc_glibc_PTH_64_OPT.OBJ/anchor.o -c -std=c99 -O2 -fPIC  -m64 -pipe -ffunction-sections -fdata-sections -DHAVE_STRERROR -DLINUX -Dlinux -Wall -Wshadow -Werror -DXP_UNIX -DXP_UNIX -UDEBUG -DNDEBUG -D_DEFAULT_SOURCE -D_BSD_SOURCE -D_POSIX_SOURCE -DSDB_MEASURE_USE_TEMP_DIR -D_REENTRANT -UDEBUG -DNDEBUG -D_DEFAULT_SOURCE -D_BSD_SOURCE -D_POSIX_SOURCE -DSDB_MEASURE_USE_TEMP_DIR -D_REENTRANT -DNSS_DISABLE_SSE3 -DNSS_NO_INIT_SUPPORT -DUSE_UTIL_DIRECTLY -DNO_NSPR_10_SUPPORT -DSSL_DISABLE_DEPRECATED_CIPHER_SUITE_NAMES -I/home/ffortier/code/perso/nss/../nspr/dist/include/nspr -I../../../../dist/Linux6.6_x86_64_cc_glibc_PTH_64_OPT.OBJ/include -I../../../../dist/public/nss -I../../../../dist/private/nss -I../../../../dist/public/nspr -I.  anchor.c
cc -o Linux6.6_x86_64_cc_glibc_PTH_64_OPT.OBJ/constants.o -c -std=c99 -O2 -fPIC  -m64 -pipe -ffunction-sections -fdata-sections -DHAVE_STRERROR -DLINUX -Dlinux -Wall -Wshadow -Werror -DXP_UNIX -DXP_UNIX -UDEBUG -DNDEBUG -D_DEFAULT_SOURCE -D_BSD_SOURCE -D_POSIX_SOURCE -DSDB_MEASURE_USE_TEMP_DIR -D_REENTRANT -UDEBUG -DNDEBUG -D_DEFAULT_SOURCE -D_BSD_SOURCE -D_POSIX_SOURCE -DSDB_MEASURE_USE_TEMP_DIR -D_REENTRANT -DNSS_DISABLE_SSE3 -DNSS_NO_INIT_SUPPORT -DUSE_UTIL_DIRECTLY -DNO_NSPR_10_SUPPORT -DSSL_DISABLE_DEPRECATED_CIPHER_SUITE_NAMES -I/home/ffortier/code/perso/nss/../nspr/dist/include/nspr -I../../../../dist/Linux6.6_x86_64_cc_glibc_PTH_64_OPT.OBJ/include -I../../../../dist/public/nss -I../../../../dist/private/nss -I../../../../dist/public/nspr -I.  constants.c
cc -o Linux6.6_x86_64_cc_glibc_PTH_64_OPT.OBJ/bfind.o -c -std=c99 -O2 -fPIC  -m64 -pipe -ffunction-sections -fdata-sections -DHAVE_STRERROR -DLINUX -Dlinux -Wall -Wshadow -Werror -DXP_UNIX -DXP_UNIX -UDEBUG -DNDEBUG -D_DEFAULT_SOURCE -D_BSD_SOURCE -D_POSIX_SOURCE -DSDB_MEASURE_USE_TEMP_DIR -D_REENTRANT -UDEBUG -DNDEBUG -D_DEFAULT_SOURCE -D_BSD_SOURCE -D_POSIX_SOURCE -DSDB_MEASURE_USE_TEMP_DIR -D_REENTRANT -DNSS_DISABLE_SSE3 -DNSS_NO_INIT_SUPPORT -DUSE_UTIL_DIRECTLY -DNO_NSPR_10_SUPPORT -DSSL_DISABLE_DEPRECATED_CIPHER_SUITE_NAMES -I/home/ffortier/code/perso/nss/../nspr/dist/include/nspr -I../../../../dist/Linux6.6_x86_64_cc_glibc_PTH_64_OPT.OBJ/include -I../../../../dist/public/nss -I../../../../dist/private/nss -I../../../../dist/public/nspr -I.  bfind.c
cc -o Linux6.6_x86_64_cc_glibc_PTH_64_OPT.OBJ/binst.o -c -std=c99 -O2 -fPIC  -m64 -pipe -ffunction-sections -fdata-sections -DHAVE_STRERROR -DLINUX -Dlinux -Wall -Wshadow -Werror -DXP_UNIX -DXP_UNIX -UDEBUG -DNDEBUG -D_DEFAULT_SOURCE -D_BSD_SOURCE -D_POSIX_SOURCE -DSDB_MEASURE_USE_TEMP_DIR -D_REENTRANT -UDEBUG -DNDEBUG -D_DEFAULT_SOURCE -D_BSD_SOURCE -D_POSIX_SOURCE -DSDB_MEASURE_USE_TEMP_DIR -D_REENTRANT -DNSS_DISABLE_SSE3 -DNSS_NO_INIT_SUPPORT -DUSE_UTIL_DIRECTLY -DNO_NSPR_10_SUPPORT -DSSL_DISABLE_DEPRECATED_CIPHER_SUITE_NAMES -I/home/ffortier/code/perso/nss/../nspr/dist/include/nspr -I../../../../dist/Linux6.6_x86_64_cc_glibc_PTH_64_OPT.OBJ/include -I../../../../dist/public/nss -I../../../../dist/private/nss -I../../../../dist/public/nspr -I.  binst.c
cc -o Linux6.6_x86_64_cc_glibc_PTH_64_OPT.OBJ/bobject.o -c -std=c99 -O2 -fPIC  -m64 -pipe -ffunction-sections -fdata-sections -DHAVE_STRERROR -DLINUX -Dlinux -Wall -Wshadow -Werror -DXP_UNIX -DXP_UNIX -UDEBUG -DNDEBUG -D_DEFAULT_SOURCE -D_BSD_SOURCE -D_POSIX_SOURCE -DSDB_MEASURE_USE_TEMP_DIR -D_REENTRANT -UDEBUG -DNDEBUG -D_DEFAULT_SOURCE -D_BSD_SOURCE -D_POSIX_SOURCE -DSDB_MEASURE_USE_TEMP_DIR -D_REENTRANT -DNSS_DISABLE_SSE3 -DNSS_NO_INIT_SUPPORT -DUSE_UTIL_DIRECTLY -DNO_NSPR_10_SUPPORT -DSSL_DISABLE_DEPRECATED_CIPHER_SUITE_NAMES -I/home/ffortier/code/perso/nss/../nspr/dist/include/nspr -I../../../../dist/Linux6.6_x86_64_cc_glibc_PTH_64_OPT.OBJ/include -I../../../../dist/public/nss -I../../../../dist/private/nss -I../../../../dist/public/nspr -I.  bobject.c
cc -o Linux6.6_x86_64_cc_glibc_PTH_64_OPT.OBJ/bsession.o -c -std=c99 -O2 -fPIC  -m64 -pipe -ffunction-sections -fdata-sections -DHAVE_STRERROR -DLINUX -Dlinux -Wall -Wshadow -Werror -DXP_UNIX -DXP_UNIX -UDEBUG -DNDEBUG -D_DEFAULT_SOURCE -D_BSD_SOURCE -D_POSIX_SOURCE -DSDB_MEASURE_USE_TEMP_DIR -D_REENTRANT -UDEBUG -DNDEBUG -D_DEFAULT_SOURCE -D_BSD_SOURCE -D_POSIX_SOURCE -DSDB_MEASURE_USE_TEMP_DIR -D_REENTRANT -DNSS_DISABLE_SSE3 -DNSS_NO_INIT_SUPPORT -DUSE_UTIL_DIRECTLY -DNO_NSPR_10_SUPPORT -DSSL_DISABLE_DEPRECATED_CIPHER_SUITE_NAMES -I/home/ffortier/code/perso/nss/../nspr/dist/include/nspr -I../../../../dist/Linux6.6_x86_64_cc_glibc_PTH_64_OPT.OBJ/include -I../../../../dist/public/nss -I../../../../dist/private/nss -I../../../../dist/public/nspr -I.  bsession.c
cc -o Linux6.6_x86_64_cc_glibc_PTH_64_OPT.OBJ/bslot.o -c -std=c99 -O2 -fPIC  -m64 -pipe -ffunction-sections -fdata-sections -DHAVE_STRERROR -DLINUX -Dlinux -Wall -Wshadow -Werror -DXP_UNIX -DXP_UNIX -UDEBUG -DNDEBUG -D_DEFAULT_SOURCE -D_BSD_SOURCE -D_POSIX_SOURCE -DSDB_MEASURE_USE_TEMP_DIR -D_REENTRANT -UDEBUG -DNDEBUG -D_DEFAULT_SOURCE -D_BSD_SOURCE -D_POSIX_SOURCE -DSDB_MEASURE_USE_TEMP_DIR -D_REENTRANT -DNSS_DISABLE_SSE3 -DNSS_NO_INIT_SUPPORT -DUSE_UTIL_DIRECTLY -DNO_NSPR_10_SUPPORT -DSSL_DISABLE_DEPRECATED_CIPHER_SUITE_NAMES -I/home/ffortier/code/perso/nss/../nspr/dist/include/nspr -I../../../../dist/Linux6.6_x86_64_cc_glibc_PTH_64_OPT.OBJ/include -I../../../../dist/public/nss -I../../../../dist/private/nss -I../../../../dist/public/nspr -I.  bslot.c
cc -o Linux6.6_x86_64_cc_glibc_PTH_64_OPT.OBJ/btoken.o -c -std=c99 -O2 -fPIC  -m64 -pipe -ffunction-sections -fdata-sections -DHAVE_STRERROR -DLINUX -Dlinux -Wall -Wshadow -Werror -DXP_UNIX -DXP_UNIX -UDEBUG -DNDEBUG -D_DEFAULT_SOURCE -D_BSD_SOURCE -D_POSIX_SOURCE -DSDB_MEASURE_USE_TEMP_DIR -D_REENTRANT -UDEBUG -DNDEBUG -D_DEFAULT_SOURCE -D_BSD_SOURCE -D_POSIX_SOURCE -DSDB_MEASURE_USE_TEMP_DIR -D_REENTRANT -DNSS_DISABLE_SSE3 -DNSS_NO_INIT_SUPPORT -DUSE_UTIL_DIRECTLY -DNO_NSPR_10_SUPPORT -DSSL_DISABLE_DEPRECATED_CIPHER_SUITE_NAMES -I/home/ffortier/code/perso/nss/../nspr/dist/include/nspr -I../../../../dist/Linux6.6_x86_64_cc_glibc_PTH_64_OPT.OBJ/include -I../../../../dist/public/nss -I../../../../dist/private/nss -I../../../../dist/public/nspr -I.  btoken.c
perl certdata.perl certdata.txt Linux6.6_x86_64_cc_glibc_PTH_64_OPT.OBJ/certdata.c
cc -o Linux6.6_x86_64_cc_glibc_PTH_64_OPT.OBJ/certdata.o -c -std=c99 -O2 -fPIC  -m64 -pipe -ffunction-sections -fdata-sections -DHAVE_STRERROR -DLINUX -Dlinux -Wall -Wshadow -Werror -DXP_UNIX -DXP_UNIX -UDEBUG -DNDEBUG -D_DEFAULT_SOURCE -D_BSD_SOURCE -D_POSIX_SOURCE -DSDB_MEASURE_USE_TEMP_DIR -D_REENTRANT -UDEBUG -DNDEBUG -D_DEFAULT_SOURCE -D_BSD_SOURCE -D_POSIX_SOURCE -DSDB_MEASURE_USE_TEMP_DIR -D_REENTRANT -DNSS_DISABLE_SSE3 -DNSS_NO_INIT_SUPPORT -DUSE_UTIL_DIRECTLY -DNO_NSPR_10_SUPPORT -DSSL_DISABLE_DEPRECATED_CIPHER_SUITE_NAMES -I/home/ffortier/code/perso/nss/../nspr/dist/include/nspr -I../../../../dist/Linux6.6_x86_64_cc_glibc_PTH_64_OPT.OBJ/include -I../../../../dist/public/nss -I../../../../dist/private/nss -I../../../../dist/public/nspr -I.  Linux6.6_x86_64_cc_glibc_PTH_64_OPT.OBJ/certdata.c
cc -o Linux6.6_x86_64_cc_glibc_PTH_64_OPT.OBJ/ckbiver.o -c -std=c99 -O2 -fPIC  -m64 -pipe -ffunction-sections -fdata-sections -DHAVE_STRERROR -DLINUX -Dlinux -Wall -Wshadow -Werror -DXP_UNIX -DXP_UNIX -UDEBUG -DNDEBUG -D_DEFAULT_SOURCE -D_BSD_SOURCE -D_POSIX_SOURCE -DSDB_MEASURE_USE_TEMP_DIR -D_REENTRANT -UDEBUG -DNDEBUG -D_DEFAULT_SOURCE -D_BSD_SOURCE -D_POSIX_SOURCE -DSDB_MEASURE_USE_TEMP_DIR -D_REENTRANT -DNSS_DISABLE_SSE3 -DNSS_NO_INIT_SUPPORT -DUSE_UTIL_DIRECTLY -DNO_NSPR_10_SUPPORT -DSSL_DISABLE_DEPRECATED_CIPHER_SUITE_NAMES -I/home/ffortier/code/perso/nss/../nspr/dist/include/nspr -I../../../../dist/Linux6.6_x86_64_cc_glibc_PTH_64_OPT.OBJ/include -I../../../../dist/public/nss -I../../../../dist/private/nss -I../../../../dist/public/nspr -I.  ckbiver.c
grep -v ';-' nssckbi.def | sed -e 's,;+,,' -e 's; DATA ;;' -e 's,;;,,' -e 's,;.*,;,' > Linux6.6_x86_64_cc_glibc_PTH_64_OPT.OBJ/nssckbi.def
rm -f Linux6.6_x86_64_cc_glibc_PTH_64_OPT.OBJ/libnssckbi.so
cc -shared -m64 -Wl,--gc-sections -Wl,-z,defs -Wl,-soname -Wl,libnssckbi.so  -Wl,--version-script,Linux6.6_x86_64_cc_glibc_PTH_64_OPT.OBJ/nssckbi.def -o Linux6.6_x86_64_cc_glibc_PTH_64_OPT.OBJ/libnssckbi.so Linux6.6_x86_64_cc_glibc_PTH_64_OPT.OBJ/anchor.o Linux6.6_x86_64_cc_glibc_PTH_64_OPT.OBJ/constants.o Linux6.6_x86_64_cc_glibc_PTH_64_OPT.OBJ/bfind.o Linux6.6_x86_64_cc_glibc_PTH_64_OPT.OBJ/binst.o Linux6.6_x86_64_cc_glibc_PTH_64_OPT.OBJ/bobject.o Linux6.6_x86_64_cc_glibc_PTH_64_OPT.OBJ/bsession.o Linux6.6_x86_64_cc_glibc_PTH_64_OPT.OBJ/bslot.o Linux6.6_x86_64_cc_glibc_PTH_64_OPT.OBJ/btoken.o Linux6.6_x86_64_cc_glibc_PTH_64_OPT.OBJ/certdata.o Linux6.6_x86_64_cc_glibc_PTH_64_OPT.OBJ/ckbiver.o   ../../../../dist/Linux6.6_x86_64_cc_glibc_PTH_64_OPT.OBJ/lib/libnssckfw.a ../../../../dist/Linux6.6_x86_64_cc_glibc_PTH_64_OPT.OBJ/lib/libnssb.a  -L/home/ffortier/code/perso/nss/../nspr/dist -lplc4 -lplds4 -lnspr4  -lpthread  -ldl -lc
chmod +x Linux6.6_x86_64_cc_glibc_PTH_64_OPT.OBJ/libnssckbi.so
../../../coreconf/nsinstall/Linux6.6_x86_64_cc_glibc_PTH_64_OPT.OBJ/nsinstall -R -m 775 Linux6.6_x86_64_cc_glibc_PTH_64_OPT.OBJ/libnssckbi.so ../../../../dist/Linux6.6_x86_64_cc_glibc_PTH_64_OPT.OBJ/lib
make[5]: Leaving directory '/home/ffortier/code/perso/nss/lib/ckfw/builtins'
make[5]: Entering directory '/home/ffortier/code/perso/nss/lib/ckfw/builtins/testlib'
cc -o Linux6.6_x86_64_cc_glibc_PTH_64_OPT.OBJ/anchor.o -c -std=c99 -O2 -fPIC  -m64 -pipe -ffunction-sections -fdata-sections -DHAVE_STRERROR -DLINUX -Dlinux -Wall -Wshadow -Werror -DXP_UNIX -DXP_UNIX -UDEBUG -DNDEBUG -D_DEFAULT_SOURCE -D_BSD_SOURCE -D_POSIX_SOURCE -DSDB_MEASURE_USE_TEMP_DIR -D_REENTRANT -UDEBUG -DNDEBUG -D_DEFAULT_SOURCE -D_BSD_SOURCE -D_POSIX_SOURCE -DSDB_MEASURE_USE_TEMP_DIR -D_REENTRANT -DNSS_DISABLE_SSE3 -DNSS_NO_INIT_SUPPORT -DUSE_UTIL_DIRECTLY -DNO_NSPR_10_SUPPORT -DSSL_DISABLE_DEPRECATED_CIPHER_SUITE_NAMES -I/home/ffortier/code/perso/nss/../nspr/dist/include/nspr -I../../../../../dist/Linux6.6_x86_64_cc_glibc_PTH_64_OPT.OBJ/include -I../../../../../dist/public/nss -I../../../../../dist/private/nss -I../../../../../dist/public/nspr -I.  -I../../../../lib/ckfw/builtins ../anchor.c
cc -o Linux6.6_x86_64_cc_glibc_PTH_64_OPT.OBJ/bfind.o -c -std=c99 -O2 -fPIC  -m64 -pipe -ffunction-sections -fdata-sections -DHAVE_STRERROR -DLINUX -Dlinux -Wall -Wshadow -Werror -DXP_UNIX -DXP_UNIX -UDEBUG -DNDEBUG -D_DEFAULT_SOURCE -D_BSD_SOURCE -D_POSIX_SOURCE -DSDB_MEASURE_USE_TEMP_DIR -D_REENTRANT -UDEBUG -DNDEBUG -D_DEFAULT_SOURCE -D_BSD_SOURCE -D_POSIX_SOURCE -DSDB_MEASURE_USE_TEMP_DIR -D_REENTRANT -DNSS_DISABLE_SSE3 -DNSS_NO_INIT_SUPPORT -DUSE_UTIL_DIRECTLY -DNO_NSPR_10_SUPPORT -DSSL_DISABLE_DEPRECATED_CIPHER_SUITE_NAMES -I/home/ffortier/code/perso/nss/../nspr/dist/include/nspr -I../../../../../dist/Linux6.6_x86_64_cc_glibc_PTH_64_OPT.OBJ/include -I../../../../../dist/public/nss -I../../../../../dist/private/nss -I../../../../../dist/public/nspr -I.  -I../../../../lib/ckfw/builtins ../bfind.c
cc -o Linux6.6_x86_64_cc_glibc_PTH_64_OPT.OBJ/binst.o -c -std=c99 -O2 -fPIC  -m64 -pipe -ffunction-sections -fdata-sections -DHAVE_STRERROR -DLINUX -Dlinux -Wall -Wshadow -Werror -DXP_UNIX -DXP_UNIX -UDEBUG -DNDEBUG -D_DEFAULT_SOURCE -D_BSD_SOURCE -D_POSIX_SOURCE -DSDB_MEASURE_USE_TEMP_DIR -D_REENTRANT -UDEBUG -DNDEBUG -D_DEFAULT_SOURCE -D_BSD_SOURCE -D_POSIX_SOURCE -DSDB_MEASURE_USE_TEMP_DIR -D_REENTRANT -DNSS_DISABLE_SSE3 -DNSS_NO_INIT_SUPPORT -DUSE_UTIL_DIRECTLY -DNO_NSPR_10_SUPPORT -DSSL_DISABLE_DEPRECATED_CIPHER_SUITE_NAMES -I/home/ffortier/code/perso/nss/../nspr/dist/include/nspr -I../../../../../dist/Linux6.6_x86_64_cc_glibc_PTH_64_OPT.OBJ/include -I../../../../../dist/public/nss -I../../../../../dist/private/nss -I../../../../../dist/public/nspr -I.  -I../../../../lib/ckfw/builtins ../binst.c
cc -o Linux6.6_x86_64_cc_glibc_PTH_64_OPT.OBJ/bobject.o -c -std=c99 -O2 -fPIC  -m64 -pipe -ffunction-sections -fdata-sections -DHAVE_STRERROR -DLINUX -Dlinux -Wall -Wshadow -Werror -DXP_UNIX -DXP_UNIX -UDEBUG -DNDEBUG -D_DEFAULT_SOURCE -D_BSD_SOURCE -D_POSIX_SOURCE -DSDB_MEASURE_USE_TEMP_DIR -D_REENTRANT -UDEBUG -DNDEBUG -D_DEFAULT_SOURCE -D_BSD_SOURCE -D_POSIX_SOURCE -DSDB_MEASURE_USE_TEMP_DIR -D_REENTRANT -DNSS_DISABLE_SSE3 -DNSS_NO_INIT_SUPPORT -DUSE_UTIL_DIRECTLY -DNO_NSPR_10_SUPPORT -DSSL_DISABLE_DEPRECATED_CIPHER_SUITE_NAMES -I/home/ffortier/code/perso/nss/../nspr/dist/include/nspr -I../../../../../dist/Linux6.6_x86_64_cc_glibc_PTH_64_OPT.OBJ/include -I../../../../../dist/public/nss -I../../../../../dist/private/nss -I../../../../../dist/public/nspr -I.  -I../../../../lib/ckfw/builtins ../bobject.c
cc -o Linux6.6_x86_64_cc_glibc_PTH_64_OPT.OBJ/bsession.o -c -std=c99 -O2 -fPIC  -m64 -pipe -ffunction-sections -fdata-sections -DHAVE_STRERROR -DLINUX -Dlinux -Wall -Wshadow -Werror -DXP_UNIX -DXP_UNIX -UDEBUG -DNDEBUG -D_DEFAULT_SOURCE -D_BSD_SOURCE -D_POSIX_SOURCE -DSDB_MEASURE_USE_TEMP_DIR -D_REENTRANT -UDEBUG -DNDEBUG -D_DEFAULT_SOURCE -D_BSD_SOURCE -D_POSIX_SOURCE -DSDB_MEASURE_USE_TEMP_DIR -D_REENTRANT -DNSS_DISABLE_SSE3 -DNSS_NO_INIT_SUPPORT -DUSE_UTIL_DIRECTLY -DNO_NSPR_10_SUPPORT -DSSL_DISABLE_DEPRECATED_CIPHER_SUITE_NAMES -I/home/ffortier/code/perso/nss/../nspr/dist/include/nspr -I../../../../../dist/Linux6.6_x86_64_cc_glibc_PTH_64_OPT.OBJ/include -I../../../../../dist/public/nss -I../../../../../dist/private/nss -I../../../../../dist/public/nspr -I.  -I../../../../lib/ckfw/builtins ../bsession.c
cc -o Linux6.6_x86_64_cc_glibc_PTH_64_OPT.OBJ/bslot.o -c -std=c99 -O2 -fPIC  -m64 -pipe -ffunction-sections -fdata-sections -DHAVE_STRERROR -DLINUX -Dlinux -Wall -Wshadow -Werror -DXP_UNIX -DXP_UNIX -UDEBUG -DNDEBUG -D_DEFAULT_SOURCE -D_BSD_SOURCE -D_POSIX_SOURCE -DSDB_MEASURE_USE_TEMP_DIR -D_REENTRANT -UDEBUG -DNDEBUG -D_DEFAULT_SOURCE -D_BSD_SOURCE -D_POSIX_SOURCE -DSDB_MEASURE_USE_TEMP_DIR -D_REENTRANT -DNSS_DISABLE_SSE3 -DNSS_NO_INIT_SUPPORT -DUSE_UTIL_DIRECTLY -DNO_NSPR_10_SUPPORT -DSSL_DISABLE_DEPRECATED_CIPHER_SUITE_NAMES -I/home/ffortier/code/perso/nss/../nspr/dist/include/nspr -I../../../../../dist/Linux6.6_x86_64_cc_glibc_PTH_64_OPT.OBJ/include -I../../../../../dist/public/nss -I../../../../../dist/private/nss -I../../../../../dist/public/nspr -I.  -I../../../../lib/ckfw/builtins ../bslot.c
cc -o Linux6.6_x86_64_cc_glibc_PTH_64_OPT.OBJ/btoken.o -c -std=c99 -O2 -fPIC  -m64 -pipe -ffunction-sections -fdata-sections -DHAVE_STRERROR -DLINUX -Dlinux -Wall -Wshadow -Werror -DXP_UNIX -DXP_UNIX -UDEBUG -DNDEBUG -D_DEFAULT_SOURCE -D_BSD_SOURCE -D_POSIX_SOURCE -DSDB_MEASURE_USE_TEMP_DIR -D_REENTRANT -UDEBUG -DNDEBUG -D_DEFAULT_SOURCE -D_BSD_SOURCE -D_POSIX_SOURCE -DSDB_MEASURE_USE_TEMP_DIR -D_REENTRANT -DNSS_DISABLE_SSE3 -DNSS_NO_INIT_SUPPORT -DUSE_UTIL_DIRECTLY -DNO_NSPR_10_SUPPORT -DSSL_DISABLE_DEPRECATED_CIPHER_SUITE_NAMES -I/home/ffortier/code/perso/nss/../nspr/dist/include/nspr -I../../../../../dist/Linux6.6_x86_64_cc_glibc_PTH_64_OPT.OBJ/include -I../../../../../dist/public/nss -I../../../../../dist/private/nss -I../../../../../dist/public/nspr -I.  -I../../../../lib/ckfw/builtins ../btoken.c
cc -o Linux6.6_x86_64_cc_glibc_PTH_64_OPT.OBJ/ckbiver.o -c -std=c99 -O2 -fPIC  -m64 -pipe -ffunction-sections -fdata-sections -DHAVE_STRERROR -DLINUX -Dlinux -Wall -Wshadow -Werror -DXP_UNIX -DXP_UNIX -UDEBUG -DNDEBUG -D_DEFAULT_SOURCE -D_BSD_SOURCE -D_POSIX_SOURCE -DSDB_MEASURE_USE_TEMP_DIR -D_REENTRANT -UDEBUG -DNDEBUG -D_DEFAULT_SOURCE -D_BSD_SOURCE -D_POSIX_SOURCE -DSDB_MEASURE_USE_TEMP_DIR -D_REENTRANT -DNSS_DISABLE_SSE3 -DNSS_NO_INIT_SUPPORT -DUSE_UTIL_DIRECTLY -DNO_NSPR_10_SUPPORT -DSSL_DISABLE_DEPRECATED_CIPHER_SUITE_NAMES -I/home/ffortier/code/perso/nss/../nspr/dist/include/nspr -I../../../../../dist/Linux6.6_x86_64_cc_glibc_PTH_64_OPT.OBJ/include -I../../../../../dist/public/nss -I../../../../../dist/private/nss -I../../../../../dist/public/nspr -I.  -I../../../../lib/ckfw/builtins ../ckbiver.c
cc -o Linux6.6_x86_64_cc_glibc_PTH_64_OPT.OBJ/constants.o -c -std=c99 -O2 -fPIC  -m64 -pipe -ffunction-sections -fdata-sections -DHAVE_STRERROR -DLINUX -Dlinux -Wall -Wshadow -Werror -DXP_UNIX -DXP_UNIX -UDEBUG -DNDEBUG -D_DEFAULT_SOURCE -D_BSD_SOURCE -D_POSIX_SOURCE -DSDB_MEASURE_USE_TEMP_DIR -D_REENTRANT -UDEBUG -DNDEBUG -D_DEFAULT_SOURCE -D_BSD_SOURCE -D_POSIX_SOURCE -DSDB_MEASURE_USE_TEMP_DIR -D_REENTRANT -DNSS_DISABLE_SSE3 -DNSS_NO_INIT_SUPPORT -DUSE_UTIL_DIRECTLY -DNO_NSPR_10_SUPPORT -DSSL_DISABLE_DEPRECATED_CIPHER_SUITE_NAMES -I/home/ffortier/code/perso/nss/../nspr/dist/include/nspr -I../../../../../dist/Linux6.6_x86_64_cc_glibc_PTH_64_OPT.OBJ/include -I../../../../../dist/public/nss -I../../../../../dist/private/nss -I../../../../../dist/public/nspr -I.  -I../../../../lib/ckfw/builtins ../constants.c
perl ../certdata.perl certdata-testlib.txt Linux6.6_x86_64_cc_glibc_PTH_64_OPT.OBJ/certdata-testlib.c
cc -o Linux6.6_x86_64_cc_glibc_PTH_64_OPT.OBJ/certdata-testlib.o -c -std=c99 -O2 -fPIC  -m64 -pipe -ffunction-sections -fdata-sections -DHAVE_STRERROR -DLINUX -Dlinux -Wall -Wshadow -Werror -DXP_UNIX -DXP_UNIX -UDEBUG -DNDEBUG -D_DEFAULT_SOURCE -D_BSD_SOURCE -D_POSIX_SOURCE -DSDB_MEASURE_USE_TEMP_DIR -D_REENTRANT -UDEBUG -DNDEBUG -D_DEFAULT_SOURCE -D_BSD_SOURCE -D_POSIX_SOURCE -DSDB_MEASURE_USE_TEMP_DIR -D_REENTRANT -DNSS_DISABLE_SSE3 -DNSS_NO_INIT_SUPPORT -DUSE_UTIL_DIRECTLY -DNO_NSPR_10_SUPPORT -DSSL_DISABLE_DEPRECATED_CIPHER_SUITE_NAMES -I/home/ffortier/code/perso/nss/../nspr/dist/include/nspr -I../../../../../dist/Linux6.6_x86_64_cc_glibc_PTH_64_OPT.OBJ/include -I../../../../../dist/public/nss -I../../../../../dist/private/nss -I../../../../../dist/public/nspr -I.  -I../../../../lib/ckfw/builtins Linux6.6_x86_64_cc_glibc_PTH_64_OPT.OBJ/certdata-testlib.c
rm -f Linux6.6_x86_64_cc_glibc_PTH_64_OPT.OBJ/libnssckbi-testlib.so
cc -shared -m64 -Wl,--gc-sections -Wl,-z,defs -Wl,-soname -Wl,libnssckbi-testlib.so  -o Linux6.6_x86_64_cc_glibc_PTH_64_OPT.OBJ/libnssckbi-testlib.so Linux6.6_x86_64_cc_glibc_PTH_64_OPT.OBJ/anchor.o Linux6.6_x86_64_cc_glibc_PTH_64_OPT.OBJ/bfind.o Linux6.6_x86_64_cc_glibc_PTH_64_OPT.OBJ/binst.o Linux6.6_x86_64_cc_glibc_PTH_64_OPT.OBJ/bobject.o Linux6.6_x86_64_cc_glibc_PTH_64_OPT.OBJ/bsession.o Linux6.6_x86_64_cc_glibc_PTH_64_OPT.OBJ/bslot.o Linux6.6_x86_64_cc_glibc_PTH_64_OPT.OBJ/btoken.o Linux6.6_x86_64_cc_glibc_PTH_64_OPT.OBJ/ckbiver.o Linux6.6_x86_64_cc_glibc_PTH_64_OPT.OBJ/constants.o Linux6.6_x86_64_cc_glibc_PTH_64_OPT.OBJ/certdata-testlib.o   ../../../../../dist/Linux6.6_x86_64_cc_glibc_PTH_64_OPT.OBJ/lib/libnssckfw.a ../../../../../dist/Linux6.6_x86_64_cc_glibc_PTH_64_OPT.OBJ/lib/libnssb.a  -L/home/ffortier/code/perso/nss/../nspr/dist -lplc4 -lplds4 -lnspr4  -lpthread  -ldl -lc
chmod +x Linux6.6_x86_64_cc_glibc_PTH_64_OPT.OBJ/libnssckbi-testlib.so
../../../../coreconf/nsinstall/Linux6.6_x86_64_cc_glibc_PTH_64_OPT.OBJ/nsinstall -R -m 775 Linux6.6_x86_64_cc_glibc_PTH_64_OPT.OBJ/libnssckbi-testlib.so ../../../../../dist/Linux6.6_x86_64_cc_glibc_PTH_64_OPT.OBJ/lib
make[5]: Leaving directory '/home/ffortier/code/perso/nss/lib/ckfw/builtins/testlib'
../../../coreconf/nsinstall/Linux6.6_x86_64_cc_glibc_PTH_64_OPT.OBJ/nsinstall -R -m 775 Linux6.6_x86_64_cc_glibc_PTH_64_OPT.OBJ/libnssckbi.so ../../../../dist/Linux6.6_x86_64_cc_glibc_PTH_64_OPT.OBJ/lib
make[4]: Leaving directory '/home/ffortier/code/perso/nss/lib/ckfw/builtins'
../../coreconf/nsinstall/Linux6.6_x86_64_cc_glibc_PTH_64_OPT.OBJ/nsinstall -R -m 664 Linux6.6_x86_64_cc_glibc_PTH_64_OPT.OBJ/libnssckfw.a ../../../dist/Linux6.6_x86_64_cc_glibc_PTH_64_OPT.OBJ/lib
make[3]: Leaving directory '/home/ffortier/code/perso/nss/lib/ckfw'
make[3]: Entering directory '/home/ffortier/code/perso/nss/lib/crmf'
cc -o Linux6.6_x86_64_cc_glibc_PTH_64_OPT.OBJ/crmfenc.o -c -std=c99 -O2 -fPIC  -m64 -pipe -ffunction-sections -fdata-sections -DHAVE_STRERROR -DLINUX -Dlinux -Wall -Wshadow -Werror -DXP_UNIX -DXP_UNIX -UDEBUG -DNDEBUG -D_DEFAULT_SOURCE -D_BSD_SOURCE -D_POSIX_SOURCE -DSDB_MEASURE_USE_TEMP_DIR -D_REENTRANT -UDEBUG -DNDEBUG -D_DEFAULT_SOURCE -D_BSD_SOURCE -D_POSIX_SOURCE -DSDB_MEASURE_USE_TEMP_DIR -D_REENTRANT -DNSS_DISABLE_SSE3 -DNSS_NO_INIT_SUPPORT -DUSE_UTIL_DIRECTLY -DNO_NSPR_10_SUPPORT -DSSL_DISABLE_DEPRECATED_CIPHER_SUITE_NAMES -I/home/ffortier/code/perso/nss/../nspr/dist/include/nspr -I../../../dist/Linux6.6_x86_64_cc_glibc_PTH_64_OPT.OBJ/include -I../../../dist/public/nss -I../../../dist/private/nss  crmfenc.c
cc -o Linux6.6_x86_64_cc_glibc_PTH_64_OPT.OBJ/crmftmpl.o -c -std=c99 -O2 -fPIC  -m64 -pipe -ffunction-sections -fdata-sections -DHAVE_STRERROR -DLINUX -Dlinux -Wall -Wshadow -Werror -DXP_UNIX -DXP_UNIX -UDEBUG -DNDEBUG -D_DEFAULT_SOURCE -D_BSD_SOURCE -D_POSIX_SOURCE -DSDB_MEASURE_USE_TEMP_DIR -D_REENTRANT -UDEBUG -DNDEBUG -D_DEFAULT_SOURCE -D_BSD_SOURCE -D_POSIX_SOURCE -DSDB_MEASURE_USE_TEMP_DIR -D_REENTRANT -DNSS_DISABLE_SSE3 -DNSS_NO_INIT_SUPPORT -DUSE_UTIL_DIRECTLY -DNO_NSPR_10_SUPPORT -DSSL_DISABLE_DEPRECATED_CIPHER_SUITE_NAMES -I/home/ffortier/code/perso/nss/../nspr/dist/include/nspr -I../../../dist/Linux6.6_x86_64_cc_glibc_PTH_64_OPT.OBJ/include -I../../../dist/public/nss -I../../../dist/private/nss  crmftmpl.c
cc -o Linux6.6_x86_64_cc_glibc_PTH_64_OPT.OBJ/crmfreq.o -c -std=c99 -O2 -fPIC  -m64 -pipe -ffunction-sections -fdata-sections -DHAVE_STRERROR -DLINUX -Dlinux -Wall -Wshadow -Werror -DXP_UNIX -DXP_UNIX -UDEBUG -DNDEBUG -D_DEFAULT_SOURCE -D_BSD_SOURCE -D_POSIX_SOURCE -DSDB_MEASURE_USE_TEMP_DIR -D_REENTRANT -UDEBUG -DNDEBUG -D_DEFAULT_SOURCE -D_BSD_SOURCE -D_POSIX_SOURCE -DSDB_MEASURE_USE_TEMP_DIR -D_REENTRANT -DNSS_DISABLE_SSE3 -DNSS_NO_INIT_SUPPORT -DUSE_UTIL_DIRECTLY -DNO_NSPR_10_SUPPORT -DSSL_DISABLE_DEPRECATED_CIPHER_SUITE_NAMES -I/home/ffortier/code/perso/nss/../nspr/dist/include/nspr -I../../../dist/Linux6.6_x86_64_cc_glibc_PTH_64_OPT.OBJ/include -I../../../dist/public/nss -I../../../dist/private/nss  crmfreq.c
cc -o Linux6.6_x86_64_cc_glibc_PTH_64_OPT.OBJ/crmfpop.o -c -std=c99 -O2 -fPIC  -m64 -pipe -ffunction-sections -fdata-sections -DHAVE_STRERROR -DLINUX -Dlinux -Wall -Wshadow -Werror -DXP_UNIX -DXP_UNIX -UDEBUG -DNDEBUG -D_DEFAULT_SOURCE -D_BSD_SOURCE -D_POSIX_SOURCE -DSDB_MEASURE_USE_TEMP_DIR -D_REENTRANT -UDEBUG -DNDEBUG -D_DEFAULT_SOURCE -D_BSD_SOURCE -D_POSIX_SOURCE -DSDB_MEASURE_USE_TEMP_DIR -D_REENTRANT -DNSS_DISABLE_SSE3 -DNSS_NO_INIT_SUPPORT -DUSE_UTIL_DIRECTLY -DNO_NSPR_10_SUPPORT -DSSL_DISABLE_DEPRECATED_CIPHER_SUITE_NAMES -I/home/ffortier/code/perso/nss/../nspr/dist/include/nspr -I../../../dist/Linux6.6_x86_64_cc_glibc_PTH_64_OPT.OBJ/include -I../../../dist/public/nss -I../../../dist/private/nss  crmfpop.c
cc -o Linux6.6_x86_64_cc_glibc_PTH_64_OPT.OBJ/crmfdec.o -c -std=c99 -O2 -fPIC  -m64 -pipe -ffunction-sections -fdata-sections -DHAVE_STRERROR -DLINUX -Dlinux -Wall -Wshadow -Werror -DXP_UNIX -DXP_UNIX -UDEBUG -DNDEBUG -D_DEFAULT_SOURCE -D_BSD_SOURCE -D_POSIX_SOURCE -DSDB_MEASURE_USE_TEMP_DIR -D_REENTRANT -UDEBUG -DNDEBUG -D_DEFAULT_SOURCE -D_BSD_SOURCE -D_POSIX_SOURCE -DSDB_MEASURE_USE_TEMP_DIR -D_REENTRANT -DNSS_DISABLE_SSE3 -DNSS_NO_INIT_SUPPORT -DUSE_UTIL_DIRECTLY -DNO_NSPR_10_SUPPORT -DSSL_DISABLE_DEPRECATED_CIPHER_SUITE_NAMES -I/home/ffortier/code/perso/nss/../nspr/dist/include/nspr -I../../../dist/Linux6.6_x86_64_cc_glibc_PTH_64_OPT.OBJ/include -I../../../dist/public/nss -I../../../dist/private/nss  crmfdec.c
cc -o Linux6.6_x86_64_cc_glibc_PTH_64_OPT.OBJ/crmfget.o -c -std=c99 -O2 -fPIC  -m64 -pipe -ffunction-sections -fdata-sections -DHAVE_STRERROR -DLINUX -Dlinux -Wall -Wshadow -Werror -DXP_UNIX -DXP_UNIX -UDEBUG -DNDEBUG -D_DEFAULT_SOURCE -D_BSD_SOURCE -D_POSIX_SOURCE -DSDB_MEASURE_USE_TEMP_DIR -D_REENTRANT -UDEBUG -DNDEBUG -D_DEFAULT_SOURCE -D_BSD_SOURCE -D_POSIX_SOURCE -DSDB_MEASURE_USE_TEMP_DIR -D_REENTRANT -DNSS_DISABLE_SSE3 -DNSS_NO_INIT_SUPPORT -DUSE_UTIL_DIRECTLY -DNO_NSPR_10_SUPPORT -DSSL_DISABLE_DEPRECATED_CIPHER_SUITE_NAMES -I/home/ffortier/code/perso/nss/../nspr/dist/include/nspr -I../../../dist/Linux6.6_x86_64_cc_glibc_PTH_64_OPT.OBJ/include -I../../../dist/public/nss -I../../../dist/private/nss  crmfget.c
cc -o Linux6.6_x86_64_cc_glibc_PTH_64_OPT.OBJ/crmfcont.o -c -std=c99 -O2 -fPIC  -m64 -pipe -ffunction-sections -fdata-sections -DHAVE_STRERROR -DLINUX -Dlinux -Wall -Wshadow -Werror -DXP_UNIX -DXP_UNIX -UDEBUG -DNDEBUG -D_DEFAULT_SOURCE -D_BSD_SOURCE -D_POSIX_SOURCE -DSDB_MEASURE_USE_TEMP_DIR -D_REENTRANT -UDEBUG -DNDEBUG -D_DEFAULT_SOURCE -D_BSD_SOURCE -D_POSIX_SOURCE -DSDB_MEASURE_USE_TEMP_DIR -D_REENTRANT -DNSS_DISABLE_SSE3 -DNSS_NO_INIT_SUPPORT -DUSE_UTIL_DIRECTLY -DNO_NSPR_10_SUPPORT -DSSL_DISABLE_DEPRECATED_CIPHER_SUITE_NAMES -I/home/ffortier/code/perso/nss/../nspr/dist/include/nspr -I../../../dist/Linux6.6_x86_64_cc_glibc_PTH_64_OPT.OBJ/include -I../../../dist/public/nss -I../../../dist/private/nss  crmfcont.c
cc -o Linux6.6_x86_64_cc_glibc_PTH_64_OPT.OBJ/cmmfasn1.o -c -std=c99 -O2 -fPIC  -m64 -pipe -ffunction-sections -fdata-sections -DHAVE_STRERROR -DLINUX -Dlinux -Wall -Wshadow -Werror -DXP_UNIX -DXP_UNIX -UDEBUG -DNDEBUG -D_DEFAULT_SOURCE -D_BSD_SOURCE -D_POSIX_SOURCE -DSDB_MEASURE_USE_TEMP_DIR -D_REENTRANT -UDEBUG -DNDEBUG -D_DEFAULT_SOURCE -D_BSD_SOURCE -D_POSIX_SOURCE -DSDB_MEASURE_USE_TEMP_DIR -D_REENTRANT -DNSS_DISABLE_SSE3 -DNSS_NO_INIT_SUPPORT -DUSE_UTIL_DIRECTLY -DNO_NSPR_10_SUPPORT -DSSL_DISABLE_DEPRECATED_CIPHER_SUITE_NAMES -I/home/ffortier/code/perso/nss/../nspr/dist/include/nspr -I../../../dist/Linux6.6_x86_64_cc_glibc_PTH_64_OPT.OBJ/include -I../../../dist/public/nss -I../../../dist/private/nss  cmmfasn1.c
cc -o Linux6.6_x86_64_cc_glibc_PTH_64_OPT.OBJ/cmmfresp.o -c -std=c99 -O2 -fPIC  -m64 -pipe -ffunction-sections -fdata-sections -DHAVE_STRERROR -DLINUX -Dlinux -Wall -Wshadow -Werror -DXP_UNIX -DXP_UNIX -UDEBUG -DNDEBUG -D_DEFAULT_SOURCE -D_BSD_SOURCE -D_POSIX_SOURCE -DSDB_MEASURE_USE_TEMP_DIR -D_REENTRANT -UDEBUG -DNDEBUG -D_DEFAULT_SOURCE -D_BSD_SOURCE -D_POSIX_SOURCE -DSDB_MEASURE_USE_TEMP_DIR -D_REENTRANT -DNSS_DISABLE_SSE3 -DNSS_NO_INIT_SUPPORT -DUSE_UTIL_DIRECTLY -DNO_NSPR_10_SUPPORT -DSSL_DISABLE_DEPRECATED_CIPHER_SUITE_NAMES -I/home/ffortier/code/perso/nss/../nspr/dist/include/nspr -I../../../dist/Linux6.6_x86_64_cc_glibc_PTH_64_OPT.OBJ/include -I../../../dist/public/nss -I../../../dist/private/nss  cmmfresp.c
cc -o Linux6.6_x86_64_cc_glibc_PTH_64_OPT.OBJ/cmmfrec.o -c -std=c99 -O2 -fPIC  -m64 -pipe -ffunction-sections -fdata-sections -DHAVE_STRERROR -DLINUX -Dlinux -Wall -Wshadow -Werror -DXP_UNIX -DXP_UNIX -UDEBUG -DNDEBUG -D_DEFAULT_SOURCE -D_BSD_SOURCE -D_POSIX_SOURCE -DSDB_MEASURE_USE_TEMP_DIR -D_REENTRANT -UDEBUG -DNDEBUG -D_DEFAULT_SOURCE -D_BSD_SOURCE -D_POSIX_SOURCE -DSDB_MEASURE_USE_TEMP_DIR -D_REENTRANT -DNSS_DISABLE_SSE3 -DNSS_NO_INIT_SUPPORT -DUSE_UTIL_DIRECTLY -DNO_NSPR_10_SUPPORT -DSSL_DISABLE_DEPRECATED_CIPHER_SUITE_NAMES -I/home/ffortier/code/perso/nss/../nspr/dist/include/nspr -I../../../dist/Linux6.6_x86_64_cc_glibc_PTH_64_OPT.OBJ/include -I../../../dist/public/nss -I../../../dist/private/nss  cmmfrec.c
cc -o Linux6.6_x86_64_cc_glibc_PTH_64_OPT.OBJ/cmmfchal.o -c -std=c99 -O2 -fPIC  -m64 -pipe -ffunction-sections -fdata-sections -DHAVE_STRERROR -DLINUX -Dlinux -Wall -Wshadow -Werror -DXP_UNIX -DXP_UNIX -UDEBUG -DNDEBUG -D_DEFAULT_SOURCE -D_BSD_SOURCE -D_POSIX_SOURCE -DSDB_MEASURE_USE_TEMP_DIR -D_REENTRANT -UDEBUG -DNDEBUG -D_DEFAULT_SOURCE -D_BSD_SOURCE -D_POSIX_SOURCE -DSDB_MEASURE_USE_TEMP_DIR -D_REENTRANT -DNSS_DISABLE_SSE3 -DNSS_NO_INIT_SUPPORT -DUSE_UTIL_DIRECTLY -DNO_NSPR_10_SUPPORT -DSSL_DISABLE_DEPRECATED_CIPHER_SUITE_NAMES -I/home/ffortier/code/perso/nss/../nspr/dist/include/nspr -I../../../dist/Linux6.6_x86_64_cc_glibc_PTH_64_OPT.OBJ/include -I../../../dist/public/nss -I../../../dist/private/nss  cmmfchal.c
cc -o Linux6.6_x86_64_cc_glibc_PTH_64_OPT.OBJ/servget.o -c -std=c99 -O2 -fPIC  -m64 -pipe -ffunction-sections -fdata-sections -DHAVE_STRERROR -DLINUX -Dlinux -Wall -Wshadow -Werror -DXP_UNIX -DXP_UNIX -UDEBUG -DNDEBUG -D_DEFAULT_SOURCE -D_BSD_SOURCE -D_POSIX_SOURCE -DSDB_MEASURE_USE_TEMP_DIR -D_REENTRANT -UDEBUG -DNDEBUG -D_DEFAULT_SOURCE -D_BSD_SOURCE -D_POSIX_SOURCE -DSDB_MEASURE_USE_TEMP_DIR -D_REENTRANT -DNSS_DISABLE_SSE3 -DNSS_NO_INIT_SUPPORT -DUSE_UTIL_DIRECTLY -DNO_NSPR_10_SUPPORT -DSSL_DISABLE_DEPRECATED_CIPHER_SUITE_NAMES -I/home/ffortier/code/perso/nss/../nspr/dist/include/nspr -I../../../dist/Linux6.6_x86_64_cc_glibc_PTH_64_OPT.OBJ/include -I../../../dist/public/nss -I../../../dist/private/nss  servget.c
cc -o Linux6.6_x86_64_cc_glibc_PTH_64_OPT.OBJ/encutil.o -c -std=c99 -O2 -fPIC  -m64 -pipe -ffunction-sections -fdata-sections -DHAVE_STRERROR -DLINUX -Dlinux -Wall -Wshadow -Werror -DXP_UNIX -DXP_UNIX -UDEBUG -DNDEBUG -D_DEFAULT_SOURCE -D_BSD_SOURCE -D_POSIX_SOURCE -DSDB_MEASURE_USE_TEMP_DIR -D_REENTRANT -UDEBUG -DNDEBUG -D_DEFAULT_SOURCE -D_BSD_SOURCE -D_POSIX_SOURCE -DSDB_MEASURE_USE_TEMP_DIR -D_REENTRANT -DNSS_DISABLE_SSE3 -DNSS_NO_INIT_SUPPORT -DUSE_UTIL_DIRECTLY -DNO_NSPR_10_SUPPORT -DSSL_DISABLE_DEPRECATED_CIPHER_SUITE_NAMES -I/home/ffortier/code/perso/nss/../nspr/dist/include/nspr -I../../../dist/Linux6.6_x86_64_cc_glibc_PTH_64_OPT.OBJ/include -I../../../dist/public/nss -I../../../dist/private/nss  encutil.c
cc -o Linux6.6_x86_64_cc_glibc_PTH_64_OPT.OBJ/respcli.o -c -std=c99 -O2 -fPIC  -m64 -pipe -ffunction-sections -fdata-sections -DHAVE_STRERROR -DLINUX -Dlinux -Wall -Wshadow -Werror -DXP_UNIX -DXP_UNIX -UDEBUG -DNDEBUG -D_DEFAULT_SOURCE -D_BSD_SOURCE -D_POSIX_SOURCE -DSDB_MEASURE_USE_TEMP_DIR -D_REENTRANT -UDEBUG -DNDEBUG -D_DEFAULT_SOURCE -D_BSD_SOURCE -D_POSIX_SOURCE -DSDB_MEASURE_USE_TEMP_DIR -D_REENTRANT -DNSS_DISABLE_SSE3 -DNSS_NO_INIT_SUPPORT -DUSE_UTIL_DIRECTLY -DNO_NSPR_10_SUPPORT -DSSL_DISABLE_DEPRECATED_CIPHER_SUITE_NAMES -I/home/ffortier/code/perso/nss/../nspr/dist/include/nspr -I../../../dist/Linux6.6_x86_64_cc_glibc_PTH_64_OPT.OBJ/include -I../../../dist/public/nss -I../../../dist/private/nss  respcli.c
cc -o Linux6.6_x86_64_cc_glibc_PTH_64_OPT.OBJ/respcmn.o -c -std=c99 -O2 -fPIC  -m64 -pipe -ffunction-sections -fdata-sections -DHAVE_STRERROR -DLINUX -Dlinux -Wall -Wshadow -Werror -DXP_UNIX -DXP_UNIX -UDEBUG -DNDEBUG -D_DEFAULT_SOURCE -D_BSD_SOURCE -D_POSIX_SOURCE -DSDB_MEASURE_USE_TEMP_DIR -D_REENTRANT -UDEBUG -DNDEBUG -D_DEFAULT_SOURCE -D_BSD_SOURCE -D_POSIX_SOURCE -DSDB_MEASURE_USE_TEMP_DIR -D_REENTRANT -DNSS_DISABLE_SSE3 -DNSS_NO_INIT_SUPPORT -DUSE_UTIL_DIRECTLY -DNO_NSPR_10_SUPPORT -DSSL_DISABLE_DEPRECATED_CIPHER_SUITE_NAMES -I/home/ffortier/code/perso/nss/../nspr/dist/include/nspr -I../../../dist/Linux6.6_x86_64_cc_glibc_PTH_64_OPT.OBJ/include -I../../../dist/public/nss -I../../../dist/private/nss  respcmn.c
cc -o Linux6.6_x86_64_cc_glibc_PTH_64_OPT.OBJ/challcli.o -c -std=c99 -O2 -fPIC  -m64 -pipe -ffunction-sections -fdata-sections -DHAVE_STRERROR -DLINUX -Dlinux -Wall -Wshadow -Werror -DXP_UNIX -DXP_UNIX -UDEBUG -DNDEBUG -D_DEFAULT_SOURCE -D_BSD_SOURCE -D_POSIX_SOURCE -DSDB_MEASURE_USE_TEMP_DIR -D_REENTRANT -UDEBUG -DNDEBUG -D_DEFAULT_SOURCE -D_BSD_SOURCE -D_POSIX_SOURCE -DSDB_MEASURE_USE_TEMP_DIR -D_REENTRANT -DNSS_DISABLE_SSE3 -DNSS_NO_INIT_SUPPORT -DUSE_UTIL_DIRECTLY -DNO_NSPR_10_SUPPORT -DSSL_DISABLE_DEPRECATED_CIPHER_SUITE_NAMES -I/home/ffortier/code/perso/nss/../nspr/dist/include/nspr -I../../../dist/Linux6.6_x86_64_cc_glibc_PTH_64_OPT.OBJ/include -I../../../dist/public/nss -I../../../dist/private/nss  challcli.c
cc -o Linux6.6_x86_64_cc_glibc_PTH_64_OPT.OBJ/asn1cmn.o -c -std=c99 -O2 -fPIC  -m64 -pipe -ffunction-sections -fdata-sections -DHAVE_STRERROR -DLINUX -Dlinux -Wall -Wshadow -Werror -DXP_UNIX -DXP_UNIX -UDEBUG -DNDEBUG -D_DEFAULT_SOURCE -D_BSD_SOURCE -D_POSIX_SOURCE -DSDB_MEASURE_USE_TEMP_DIR -D_REENTRANT -UDEBUG -DNDEBUG -D_DEFAULT_SOURCE -D_BSD_SOURCE -D_POSIX_SOURCE -DSDB_MEASURE_USE_TEMP_DIR -D_REENTRANT -DNSS_DISABLE_SSE3 -DNSS_NO_INIT_SUPPORT -DUSE_UTIL_DIRECTLY -DNO_NSPR_10_SUPPORT -DSSL_DISABLE_DEPRECATED_CIPHER_SUITE_NAMES -I/home/ffortier/code/perso/nss/../nspr/dist/include/nspr -I../../../dist/Linux6.6_x86_64_cc_glibc_PTH_64_OPT.OBJ/include -I../../../dist/public/nss -I../../../dist/private/nss  asn1cmn.c
rm -f Linux6.6_x86_64_cc_glibc_PTH_64_OPT.OBJ/libcrmf.a
ar cr Linux6.6_x86_64_cc_glibc_PTH_64_OPT.OBJ/libcrmf.a Linux6.6_x86_64_cc_glibc_PTH_64_OPT.OBJ/crmfenc.o Linux6.6_x86_64_cc_glibc_PTH_64_OPT.OBJ/crmftmpl.o Linux6.6_x86_64_cc_glibc_PTH_64_OPT.OBJ/crmfreq.o Linux6.6_x86_64_cc_glibc_PTH_64_OPT.OBJ/crmfpop.o Linux6.6_x86_64_cc_glibc_PTH_64_OPT.OBJ/crmfdec.o Linux6.6_x86_64_cc_glibc_PTH_64_OPT.OBJ/crmfget.o Linux6.6_x86_64_cc_glibc_PTH_64_OPT.OBJ/crmfcont.o Linux6.6_x86_64_cc_glibc_PTH_64_OPT.OBJ/cmmfasn1.o Linux6.6_x86_64_cc_glibc_PTH_64_OPT.OBJ/cmmfresp.o Linux6.6_x86_64_cc_glibc_PTH_64_OPT.OBJ/cmmfrec.o Linux6.6_x86_64_cc_glibc_PTH_64_OPT.OBJ/cmmfchal.o Linux6.6_x86_64_cc_glibc_PTH_64_OPT.OBJ/servget.o Linux6.6_x86_64_cc_glibc_PTH_64_OPT.OBJ/encutil.o Linux6.6_x86_64_cc_glibc_PTH_64_OPT.OBJ/respcli.o Linux6.6_x86_64_cc_glibc_PTH_64_OPT.OBJ/respcmn.o Linux6.6_x86_64_cc_glibc_PTH_64_OPT.OBJ/challcli.o Linux6.6_x86_64_cc_glibc_PTH_64_OPT.OBJ/asn1cmn.o
echo Linux6.6_x86_64_cc_glibc_PTH_64_OPT.OBJ/libcrmf.a
Linux6.6_x86_64_cc_glibc_PTH_64_OPT.OBJ/libcrmf.a
../../coreconf/nsinstall/Linux6.6_x86_64_cc_glibc_PTH_64_OPT.OBJ/nsinstall -R -m 664 Linux6.6_x86_64_cc_glibc_PTH_64_OPT.OBJ/libcrmf.a ../../../dist/Linux6.6_x86_64_cc_glibc_PTH_64_OPT.OBJ/lib
make[3]: Leaving directory '/home/ffortier/code/perso/nss/lib/crmf'
make[3]: Entering directory '/home/ffortier/code/perso/nss/lib/jar'
cc -o Linux6.6_x86_64_cc_glibc_PTH_64_OPT.OBJ/jarver.o -c -std=c99 -O2 -fPIC  -m64 -pipe -ffunction-sections -fdata-sections -DHAVE_STRERROR -DLINUX -Dlinux -Wall -Wshadow -Werror -DXP_UNIX -DXP_UNIX -DMOZILLA_CLIENT=1 -UDEBUG -DNDEBUG -D_DEFAULT_SOURCE -D_BSD_SOURCE -D_POSIX_SOURCE -DSDB_MEASURE_USE_TEMP_DIR -D_REENTRANT -UDEBUG -DNDEBUG -D_DEFAULT_SOURCE -D_BSD_SOURCE -D_POSIX_SOURCE -DSDB_MEASURE_USE_TEMP_DIR -D_REENTRANT -DNSS_DISABLE_SSE3 -DNSS_NO_INIT_SUPPORT -DUSE_UTIL_DIRECTLY -DNO_NSPR_10_SUPPORT -DSSL_DISABLE_DEPRECATED_CIPHER_SUITE_NAMES -DNSS_X86_OR_X64 -DNSS_X64 -I/home/ffortier/code/perso/nss/../nspr/dist/include/nspr -I../../../dist/Linux6.6_x86_64_cc_glibc_PTH_64_OPT.OBJ/include -I../../../dist/public/nss -I../../../dist/private/nss  jarver.c
cc -o Linux6.6_x86_64_cc_glibc_PTH_64_OPT.OBJ/jarsign.o -c -std=c99 -O2 -fPIC  -m64 -pipe -ffunction-sections -fdata-sections -DHAVE_STRERROR -DLINUX -Dlinux -Wall -Wshadow -Werror -DXP_UNIX -DXP_UNIX -DMOZILLA_CLIENT=1 -UDEBUG -DNDEBUG -D_DEFAULT_SOURCE -D_BSD_SOURCE -D_POSIX_SOURCE -DSDB_MEASURE_USE_TEMP_DIR -D_REENTRANT -UDEBUG -DNDEBUG -D_DEFAULT_SOURCE -D_BSD_SOURCE -D_POSIX_SOURCE -DSDB_MEASURE_USE_TEMP_DIR -D_REENTRANT -DNSS_DISABLE_SSE3 -DNSS_NO_INIT_SUPPORT -DUSE_UTIL_DIRECTLY -DNO_NSPR_10_SUPPORT -DSSL_DISABLE_DEPRECATED_CIPHER_SUITE_NAMES -DNSS_X86_OR_X64 -DNSS_X64 -I/home/ffortier/code/perso/nss/../nspr/dist/include/nspr -I../../../dist/Linux6.6_x86_64_cc_glibc_PTH_64_OPT.OBJ/include -I../../../dist/public/nss -I../../../dist/private/nss  jarsign.c
cc -o Linux6.6_x86_64_cc_glibc_PTH_64_OPT.OBJ/jar.o -c -std=c99 -O2 -fPIC  -m64 -pipe -ffunction-sections -fdata-sections -DHAVE_STRERROR -DLINUX -Dlinux -Wall -Wshadow -Werror -DXP_UNIX -DXP_UNIX -DMOZILLA_CLIENT=1 -UDEBUG -DNDEBUG -D_DEFAULT_SOURCE -D_BSD_SOURCE -D_POSIX_SOURCE -DSDB_MEASURE_USE_TEMP_DIR -D_REENTRANT -UDEBUG -DNDEBUG -D_DEFAULT_SOURCE -D_BSD_SOURCE -D_POSIX_SOURCE -DSDB_MEASURE_USE_TEMP_DIR -D_REENTRANT -DNSS_DISABLE_SSE3 -DNSS_NO_INIT_SUPPORT -DUSE_UTIL_DIRECTLY -DNO_NSPR_10_SUPPORT -DSSL_DISABLE_DEPRECATED_CIPHER_SUITE_NAMES -DNSS_X86_OR_X64 -DNSS_X64 -I/home/ffortier/code/perso/nss/../nspr/dist/include/nspr -I../../../dist/Linux6.6_x86_64_cc_glibc_PTH_64_OPT.OBJ/include -I../../../dist/public/nss -I../../../dist/private/nss  jar.c
cc -o Linux6.6_x86_64_cc_glibc_PTH_64_OPT.OBJ/jar-ds.o -c -std=c99 -O2 -fPIC  -m64 -pipe -ffunction-sections -fdata-sections -DHAVE_STRERROR -DLINUX -Dlinux -Wall -Wshadow -Werror -DXP_UNIX -DXP_UNIX -DMOZILLA_CLIENT=1 -UDEBUG -DNDEBUG -D_DEFAULT_SOURCE -D_BSD_SOURCE -D_POSIX_SOURCE -DSDB_MEASURE_USE_TEMP_DIR -D_REENTRANT -UDEBUG -DNDEBUG -D_DEFAULT_SOURCE -D_BSD_SOURCE -D_POSIX_SOURCE -DSDB_MEASURE_USE_TEMP_DIR -D_REENTRANT -DNSS_DISABLE_SSE3 -DNSS_NO_INIT_SUPPORT -DUSE_UTIL_DIRECTLY -DNO_NSPR_10_SUPPORT -DSSL_DISABLE_DEPRECATED_CIPHER_SUITE_NAMES -DNSS_X86_OR_X64 -DNSS_X64 -I/home/ffortier/code/perso/nss/../nspr/dist/include/nspr -I../../../dist/Linux6.6_x86_64_cc_glibc_PTH_64_OPT.OBJ/include -I../../../dist/public/nss -I../../../dist/private/nss  jar-ds.c
cc -o Linux6.6_x86_64_cc_glibc_PTH_64_OPT.OBJ/jarfile.o -c -std=c99 -O2 -fPIC  -m64 -pipe -ffunction-sections -fdata-sections -DHAVE_STRERROR -DLINUX -Dlinux -Wall -Wshadow -Werror -DXP_UNIX -DXP_UNIX -DMOZILLA_CLIENT=1 -UDEBUG -DNDEBUG -D_DEFAULT_SOURCE -D_BSD_SOURCE -D_POSIX_SOURCE -DSDB_MEASURE_USE_TEMP_DIR -D_REENTRANT -UDEBUG -DNDEBUG -D_DEFAULT_SOURCE -D_BSD_SOURCE -D_POSIX_SOURCE -DSDB_MEASURE_USE_TEMP_DIR -D_REENTRANT -DNSS_DISABLE_SSE3 -DNSS_NO_INIT_SUPPORT -DUSE_UTIL_DIRECTLY -DNO_NSPR_10_SUPPORT -DSSL_DISABLE_DEPRECATED_CIPHER_SUITE_NAMES -DNSS_X86_OR_X64 -DNSS_X64 -I/home/ffortier/code/perso/nss/../nspr/dist/include/nspr -I../../../dist/Linux6.6_x86_64_cc_glibc_PTH_64_OPT.OBJ/include -I../../../dist/public/nss -I../../../dist/private/nss  jarfile.c
cc -o Linux6.6_x86_64_cc_glibc_PTH_64_OPT.OBJ/jarint.o -c -std=c99 -O2 -fPIC  -m64 -pipe -ffunction-sections -fdata-sections -DHAVE_STRERROR -DLINUX -Dlinux -Wall -Wshadow -Werror -DXP_UNIX -DXP_UNIX -DMOZILLA_CLIENT=1 -UDEBUG -DNDEBUG -D_DEFAULT_SOURCE -D_BSD_SOURCE -D_POSIX_SOURCE -DSDB_MEASURE_USE_TEMP_DIR -D_REENTRANT -UDEBUG -DNDEBUG -D_DEFAULT_SOURCE -D_BSD_SOURCE -D_POSIX_SOURCE -DSDB_MEASURE_USE_TEMP_DIR -D_REENTRANT -DNSS_DISABLE_SSE3 -DNSS_NO_INIT_SUPPORT -DUSE_UTIL_DIRECTLY -DNO_NSPR_10_SUPPORT -DSSL_DISABLE_DEPRECATED_CIPHER_SUITE_NAMES -DNSS_X86_OR_X64 -DNSS_X64 -I/home/ffortier/code/perso/nss/../nspr/dist/include/nspr -I../../../dist/Linux6.6_x86_64_cc_glibc_PTH_64_OPT.OBJ/include -I../../../dist/public/nss -I../../../dist/private/nss  jarint.c
rm -f Linux6.6_x86_64_cc_glibc_PTH_64_OPT.OBJ/libjar.a
ar cr Linux6.6_x86_64_cc_glibc_PTH_64_OPT.OBJ/libjar.a Linux6.6_x86_64_cc_glibc_PTH_64_OPT.OBJ/jarver.o Linux6.6_x86_64_cc_glibc_PTH_64_OPT.OBJ/jarsign.o Linux6.6_x86_64_cc_glibc_PTH_64_OPT.OBJ/jar.o Linux6.6_x86_64_cc_glibc_PTH_64_OPT.OBJ/jar-ds.o Linux6.6_x86_64_cc_glibc_PTH_64_OPT.OBJ/jarfile.o Linux6.6_x86_64_cc_glibc_PTH_64_OPT.OBJ/jarint.o
echo Linux6.6_x86_64_cc_glibc_PTH_64_OPT.OBJ/libjar.a
Linux6.6_x86_64_cc_glibc_PTH_64_OPT.OBJ/libjar.a
../../coreconf/nsinstall/Linux6.6_x86_64_cc_glibc_PTH_64_OPT.OBJ/nsinstall -R -m 664 Linux6.6_x86_64_cc_glibc_PTH_64_OPT.OBJ/libjar.a ../../../dist/Linux6.6_x86_64_cc_glibc_PTH_64_OPT.OBJ/lib
make[3]: Leaving directory '/home/ffortier/code/perso/nss/lib/jar'
make[3]: Entering directory '/home/ffortier/code/perso/nss/lib/pkcs12'
cc -o Linux6.6_x86_64_cc_glibc_PTH_64_OPT.OBJ/p12local.o -c -std=c99 -O2 -fPIC  -m64 -pipe -ffunction-sections -fdata-sections -DHAVE_STRERROR -DLINUX -Dlinux -Wall -Wshadow -Werror -DXP_UNIX -DXP_UNIX -UDEBUG -DNDEBUG -D_DEFAULT_SOURCE -D_BSD_SOURCE -D_POSIX_SOURCE -DSDB_MEASURE_USE_TEMP_DIR -D_REENTRANT -UDEBUG -DNDEBUG -D_DEFAULT_SOURCE -D_BSD_SOURCE -D_POSIX_SOURCE -DSDB_MEASURE_USE_TEMP_DIR -D_REENTRANT -DNSS_DISABLE_SSE3 -DNSS_NO_INIT_SUPPORT -DUSE_UTIL_DIRECTLY -DNO_NSPR_10_SUPPORT -DSSL_DISABLE_DEPRECATED_CIPHER_SUITE_NAMES -I/home/ffortier/code/perso/nss/../nspr/dist/include/nspr -I../../../dist/Linux6.6_x86_64_cc_glibc_PTH_64_OPT.OBJ/include -I../../../dist/public/nss -I../../../dist/private/nss  p12local.c
cc -o Linux6.6_x86_64_cc_glibc_PTH_64_OPT.OBJ/p12creat.o -c -std=c99 -O2 -fPIC  -m64 -pipe -ffunction-sections -fdata-sections -DHAVE_STRERROR -DLINUX -Dlinux -Wall -Wshadow -Werror -DXP_UNIX -DXP_UNIX -UDEBUG -DNDEBUG -D_DEFAULT_SOURCE -D_BSD_SOURCE -D_POSIX_SOURCE -DSDB_MEASURE_USE_TEMP_DIR -D_REENTRANT -UDEBUG -DNDEBUG -D_DEFAULT_SOURCE -D_BSD_SOURCE -D_POSIX_SOURCE -DSDB_MEASURE_USE_TEMP_DIR -D_REENTRANT -DNSS_DISABLE_SSE3 -DNSS_NO_INIT_SUPPORT -DUSE_UTIL_DIRECTLY -DNO_NSPR_10_SUPPORT -DSSL_DISABLE_DEPRECATED_CIPHER_SUITE_NAMES -I/home/ffortier/code/perso/nss/../nspr/dist/include/nspr -I../../../dist/Linux6.6_x86_64_cc_glibc_PTH_64_OPT.OBJ/include -I../../../dist/public/nss -I../../../dist/private/nss  p12creat.c
cc -o Linux6.6_x86_64_cc_glibc_PTH_64_OPT.OBJ/p12dec.o -c -std=c99 -O2 -fPIC  -m64 -pipe -ffunction-sections -fdata-sections -DHAVE_STRERROR -DLINUX -Dlinux -Wall -Wshadow -Werror -DXP_UNIX -DXP_UNIX -UDEBUG -DNDEBUG -D_DEFAULT_SOURCE -D_BSD_SOURCE -D_POSIX_SOURCE -DSDB_MEASURE_USE_TEMP_DIR -D_REENTRANT -UDEBUG -DNDEBUG -D_DEFAULT_SOURCE -D_BSD_SOURCE -D_POSIX_SOURCE -DSDB_MEASURE_USE_TEMP_DIR -D_REENTRANT -DNSS_DISABLE_SSE3 -DNSS_NO_INIT_SUPPORT -DUSE_UTIL_DIRECTLY -DNO_NSPR_10_SUPPORT -DSSL_DISABLE_DEPRECATED_CIPHER_SUITE_NAMES -I/home/ffortier/code/perso/nss/../nspr/dist/include/nspr -I../../../dist/Linux6.6_x86_64_cc_glibc_PTH_64_OPT.OBJ/include -I../../../dist/public/nss -I../../../dist/private/nss  p12dec.c
cc -o Linux6.6_x86_64_cc_glibc_PTH_64_OPT.OBJ/p12plcy.o -c -std=c99 -O2 -fPIC  -m64 -pipe -ffunction-sections -fdata-sections -DHAVE_STRERROR -DLINUX -Dlinux -Wall -Wshadow -Werror -DXP_UNIX -DXP_UNIX -UDEBUG -DNDEBUG -D_DEFAULT_SOURCE -D_BSD_SOURCE -D_POSIX_SOURCE -DSDB_MEASURE_USE_TEMP_DIR -D_REENTRANT -UDEBUG -DNDEBUG -D_DEFAULT_SOURCE -D_BSD_SOURCE -D_POSIX_SOURCE -DSDB_MEASURE_USE_TEMP_DIR -D_REENTRANT -DNSS_DISABLE_SSE3 -DNSS_NO_INIT_SUPPORT -DUSE_UTIL_DIRECTLY -DNO_NSPR_10_SUPPORT -DSSL_DISABLE_DEPRECATED_CIPHER_SUITE_NAMES -I/home/ffortier/code/perso/nss/../nspr/dist/include/nspr -I../../../dist/Linux6.6_x86_64_cc_glibc_PTH_64_OPT.OBJ/include -I../../../dist/public/nss -I../../../dist/private/nss  p12plcy.c
cc -o Linux6.6_x86_64_cc_glibc_PTH_64_OPT.OBJ/p12tmpl.o -c -std=c99 -O2 -fPIC  -m64 -pipe -ffunction-sections -fdata-sections -DHAVE_STRERROR -DLINUX -Dlinux -Wall -Wshadow -Werror -DXP_UNIX -DXP_UNIX -UDEBUG -DNDEBUG -D_DEFAULT_SOURCE -D_BSD_SOURCE -D_POSIX_SOURCE -DSDB_MEASURE_USE_TEMP_DIR -D_REENTRANT -UDEBUG -DNDEBUG -D_DEFAULT_SOURCE -D_BSD_SOURCE -D_POSIX_SOURCE -DSDB_MEASURE_USE_TEMP_DIR -D_REENTRANT -DNSS_DISABLE_SSE3 -DNSS_NO_INIT_SUPPORT -DUSE_UTIL_DIRECTLY -DNO_NSPR_10_SUPPORT -DSSL_DISABLE_DEPRECATED_CIPHER_SUITE_NAMES -I/home/ffortier/code/perso/nss/../nspr/dist/include/nspr -I../../../dist/Linux6.6_x86_64_cc_glibc_PTH_64_OPT.OBJ/include -I../../../dist/public/nss -I../../../dist/private/nss  p12tmpl.c
cc -o Linux6.6_x86_64_cc_glibc_PTH_64_OPT.OBJ/p12e.o -c -std=c99 -O2 -fPIC  -m64 -pipe -ffunction-sections -fdata-sections -DHAVE_STRERROR -DLINUX -Dlinux -Wall -Wshadow -Werror -DXP_UNIX -DXP_UNIX -UDEBUG -DNDEBUG -D_DEFAULT_SOURCE -D_BSD_SOURCE -D_POSIX_SOURCE -DSDB_MEASURE_USE_TEMP_DIR -D_REENTRANT -UDEBUG -DNDEBUG -D_DEFAULT_SOURCE -D_BSD_SOURCE -D_POSIX_SOURCE -DSDB_MEASURE_USE_TEMP_DIR -D_REENTRANT -DNSS_DISABLE_SSE3 -DNSS_NO_INIT_SUPPORT -DUSE_UTIL_DIRECTLY -DNO_NSPR_10_SUPPORT -DSSL_DISABLE_DEPRECATED_CIPHER_SUITE_NAMES -I/home/ffortier/code/perso/nss/../nspr/dist/include/nspr -I../../../dist/Linux6.6_x86_64_cc_glibc_PTH_64_OPT.OBJ/include -I../../../dist/public/nss -I../../../dist/private/nss  p12e.c
cc -o Linux6.6_x86_64_cc_glibc_PTH_64_OPT.OBJ/p12d.o -c -std=c99 -O2 -fPIC  -m64 -pipe -ffunction-sections -fdata-sections -DHAVE_STRERROR -DLINUX -Dlinux -Wall -Wshadow -Werror -DXP_UNIX -DXP_UNIX -UDEBUG -DNDEBUG -D_DEFAULT_SOURCE -D_BSD_SOURCE -D_POSIX_SOURCE -DSDB_MEASURE_USE_TEMP_DIR -D_REENTRANT -UDEBUG -DNDEBUG -D_DEFAULT_SOURCE -D_BSD_SOURCE -D_POSIX_SOURCE -DSDB_MEASURE_USE_TEMP_DIR -D_REENTRANT -DNSS_DISABLE_SSE3 -DNSS_NO_INIT_SUPPORT -DUSE_UTIL_DIRECTLY -DNO_NSPR_10_SUPPORT -DSSL_DISABLE_DEPRECATED_CIPHER_SUITE_NAMES -I/home/ffortier/code/perso/nss/../nspr/dist/include/nspr -I../../../dist/Linux6.6_x86_64_cc_glibc_PTH_64_OPT.OBJ/include -I../../../dist/public/nss -I../../../dist/private/nss  p12d.c
rm -f Linux6.6_x86_64_cc_glibc_PTH_64_OPT.OBJ/libpkcs12.a
ar cr Linux6.6_x86_64_cc_glibc_PTH_64_OPT.OBJ/libpkcs12.a Linux6.6_x86_64_cc_glibc_PTH_64_OPT.OBJ/p12local.o Linux6.6_x86_64_cc_glibc_PTH_64_OPT.OBJ/p12creat.o Linux6.6_x86_64_cc_glibc_PTH_64_OPT.OBJ/p12dec.o Linux6.6_x86_64_cc_glibc_PTH_64_OPT.OBJ/p12plcy.o Linux6.6_x86_64_cc_glibc_PTH_64_OPT.OBJ/p12tmpl.o Linux6.6_x86_64_cc_glibc_PTH_64_OPT.OBJ/p12e.o Linux6.6_x86_64_cc_glibc_PTH_64_OPT.OBJ/p12d.o
echo Linux6.6_x86_64_cc_glibc_PTH_64_OPT.OBJ/libpkcs12.a
Linux6.6_x86_64_cc_glibc_PTH_64_OPT.OBJ/libpkcs12.a
../../coreconf/nsinstall/Linux6.6_x86_64_cc_glibc_PTH_64_OPT.OBJ/nsinstall -R -m 664 Linux6.6_x86_64_cc_glibc_PTH_64_OPT.OBJ/libpkcs12.a ../../../dist/Linux6.6_x86_64_cc_glibc_PTH_64_OPT.OBJ/lib
make[3]: Leaving directory '/home/ffortier/code/perso/nss/lib/pkcs12'
make[3]: Entering directory '/home/ffortier/code/perso/nss/lib/pkcs7'
cc -o Linux6.6_x86_64_cc_glibc_PTH_64_OPT.OBJ/certread.o -c -std=c99 -O2 -fPIC  -m64 -pipe -ffunction-sections -fdata-sections -DHAVE_STRERROR -DLINUX -Dlinux -Wall -Wshadow -Werror -DXP_UNIX -DXP_UNIX -UDEBUG -DNDEBUG -D_DEFAULT_SOURCE -D_BSD_SOURCE -D_POSIX_SOURCE -DSDB_MEASURE_USE_TEMP_DIR -D_REENTRANT -UDEBUG -DNDEBUG -D_DEFAULT_SOURCE -D_BSD_SOURCE -D_POSIX_SOURCE -DSDB_MEASURE_USE_TEMP_DIR -D_REENTRANT -DNSS_DISABLE_SSE3 -DNSS_NO_INIT_SUPPORT -DUSE_UTIL_DIRECTLY -DNO_NSPR_10_SUPPORT -DSSL_DISABLE_DEPRECATED_CIPHER_SUITE_NAMES -I/home/ffortier/code/perso/nss/../nspr/dist/include/nspr -I../../../dist/Linux6.6_x86_64_cc_glibc_PTH_64_OPT.OBJ/include -I../../../dist/public/nss -I../../../dist/private/nss  certread.c
cc -o Linux6.6_x86_64_cc_glibc_PTH_64_OPT.OBJ/p7common.o -c -std=c99 -O2 -fPIC  -m64 -pipe -ffunction-sections -fdata-sections -DHAVE_STRERROR -DLINUX -Dlinux -Wall -Wshadow -Werror -DXP_UNIX -DXP_UNIX -UDEBUG -DNDEBUG -D_DEFAULT_SOURCE -D_BSD_SOURCE -D_POSIX_SOURCE -DSDB_MEASURE_USE_TEMP_DIR -D_REENTRANT -UDEBUG -DNDEBUG -D_DEFAULT_SOURCE -D_BSD_SOURCE -D_POSIX_SOURCE -DSDB_MEASURE_USE_TEMP_DIR -D_REENTRANT -DNSS_DISABLE_SSE3 -DNSS_NO_INIT_SUPPORT -DUSE_UTIL_DIRECTLY -DNO_NSPR_10_SUPPORT -DSSL_DISABLE_DEPRECATED_CIPHER_SUITE_NAMES -I/home/ffortier/code/perso/nss/../nspr/dist/include/nspr -I../../../dist/Linux6.6_x86_64_cc_glibc_PTH_64_OPT.OBJ/include -I../../../dist/public/nss -I../../../dist/private/nss  p7common.c
cc -o Linux6.6_x86_64_cc_glibc_PTH_64_OPT.OBJ/p7create.o -c -std=c99 -O2 -fPIC  -m64 -pipe -ffunction-sections -fdata-sections -DHAVE_STRERROR -DLINUX -Dlinux -Wall -Wshadow -Werror -DXP_UNIX -DXP_UNIX -UDEBUG -DNDEBUG -D_DEFAULT_SOURCE -D_BSD_SOURCE -D_POSIX_SOURCE -DSDB_MEASURE_USE_TEMP_DIR -D_REENTRANT -UDEBUG -DNDEBUG -D_DEFAULT_SOURCE -D_BSD_SOURCE -D_POSIX_SOURCE -DSDB_MEASURE_USE_TEMP_DIR -D_REENTRANT -DNSS_DISABLE_SSE3 -DNSS_NO_INIT_SUPPORT -DUSE_UTIL_DIRECTLY -DNO_NSPR_10_SUPPORT -DSSL_DISABLE_DEPRECATED_CIPHER_SUITE_NAMES -I/home/ffortier/code/perso/nss/../nspr/dist/include/nspr -I../../../dist/Linux6.6_x86_64_cc_glibc_PTH_64_OPT.OBJ/include -I../../../dist/public/nss -I../../../dist/private/nss  p7create.c
cc -o Linux6.6_x86_64_cc_glibc_PTH_64_OPT.OBJ/p7decode.o -c -std=c99 -O2 -fPIC  -m64 -pipe -ffunction-sections -fdata-sections -DHAVE_STRERROR -DLINUX -Dlinux -Wall -Wshadow -Werror -DXP_UNIX -DXP_UNIX -UDEBUG -DNDEBUG -D_DEFAULT_SOURCE -D_BSD_SOURCE -D_POSIX_SOURCE -DSDB_MEASURE_USE_TEMP_DIR -D_REENTRANT -UDEBUG -DNDEBUG -D_DEFAULT_SOURCE -D_BSD_SOURCE -D_POSIX_SOURCE -DSDB_MEASURE_USE_TEMP_DIR -D_REENTRANT -DNSS_DISABLE_SSE3 -DNSS_NO_INIT_SUPPORT -DUSE_UTIL_DIRECTLY -DNO_NSPR_10_SUPPORT -DSSL_DISABLE_DEPRECATED_CIPHER_SUITE_NAMES -I/home/ffortier/code/perso/nss/../nspr/dist/include/nspr -I../../../dist/Linux6.6_x86_64_cc_glibc_PTH_64_OPT.OBJ/include -I../../../dist/public/nss -I../../../dist/private/nss  p7decode.c
cc -o Linux6.6_x86_64_cc_glibc_PTH_64_OPT.OBJ/p7encode.o -c -std=c99 -O2 -fPIC  -m64 -pipe -ffunction-sections -fdata-sections -DHAVE_STRERROR -DLINUX -Dlinux -Wall -Wshadow -Werror -DXP_UNIX -DXP_UNIX -UDEBUG -DNDEBUG -D_DEFAULT_SOURCE -D_BSD_SOURCE -D_POSIX_SOURCE -DSDB_MEASURE_USE_TEMP_DIR -D_REENTRANT -UDEBUG -DNDEBUG -D_DEFAULT_SOURCE -D_BSD_SOURCE -D_POSIX_SOURCE -DSDB_MEASURE_USE_TEMP_DIR -D_REENTRANT -DNSS_DISABLE_SSE3 -DNSS_NO_INIT_SUPPORT -DUSE_UTIL_DIRECTLY -DNO_NSPR_10_SUPPORT -DSSL_DISABLE_DEPRECATED_CIPHER_SUITE_NAMES -I/home/ffortier/code/perso/nss/../nspr/dist/include/nspr -I../../../dist/Linux6.6_x86_64_cc_glibc_PTH_64_OPT.OBJ/include -I../../../dist/public/nss -I../../../dist/private/nss  p7encode.c
cc -o Linux6.6_x86_64_cc_glibc_PTH_64_OPT.OBJ/p7local.o -c -std=c99 -O2 -fPIC  -m64 -pipe -ffunction-sections -fdata-sections -DHAVE_STRERROR -DLINUX -Dlinux -Wall -Wshadow -Werror -DXP_UNIX -DXP_UNIX -UDEBUG -DNDEBUG -D_DEFAULT_SOURCE -D_BSD_SOURCE -D_POSIX_SOURCE -DSDB_MEASURE_USE_TEMP_DIR -D_REENTRANT -UDEBUG -DNDEBUG -D_DEFAULT_SOURCE -D_BSD_SOURCE -D_POSIX_SOURCE -DSDB_MEASURE_USE_TEMP_DIR -D_REENTRANT -DNSS_DISABLE_SSE3 -DNSS_NO_INIT_SUPPORT -DUSE_UTIL_DIRECTLY -DNO_NSPR_10_SUPPORT -DSSL_DISABLE_DEPRECATED_CIPHER_SUITE_NAMES -I/home/ffortier/code/perso/nss/../nspr/dist/include/nspr -I../../../dist/Linux6.6_x86_64_cc_glibc_PTH_64_OPT.OBJ/include -I../../../dist/public/nss -I../../../dist/private/nss  p7local.c
cc -o Linux6.6_x86_64_cc_glibc_PTH_64_OPT.OBJ/secmime.o -c -std=c99 -O2 -fPIC  -m64 -pipe -ffunction-sections -fdata-sections -DHAVE_STRERROR -DLINUX -Dlinux -Wall -Wshadow -Werror -DXP_UNIX -DXP_UNIX -UDEBUG -DNDEBUG -D_DEFAULT_SOURCE -D_BSD_SOURCE -D_POSIX_SOURCE -DSDB_MEASURE_USE_TEMP_DIR -D_REENTRANT -UDEBUG -DNDEBUG -D_DEFAULT_SOURCE -D_BSD_SOURCE -D_POSIX_SOURCE -DSDB_MEASURE_USE_TEMP_DIR -D_REENTRANT -DNSS_DISABLE_SSE3 -DNSS_NO_INIT_SUPPORT -DUSE_UTIL_DIRECTLY -DNO_NSPR_10_SUPPORT -DSSL_DISABLE_DEPRECATED_CIPHER_SUITE_NAMES -I/home/ffortier/code/perso/nss/../nspr/dist/include/nspr -I../../../dist/Linux6.6_x86_64_cc_glibc_PTH_64_OPT.OBJ/include -I../../../dist/public/nss -I../../../dist/private/nss  secmime.c
rm -f Linux6.6_x86_64_cc_glibc_PTH_64_OPT.OBJ/libpkcs7.a
ar cr Linux6.6_x86_64_cc_glibc_PTH_64_OPT.OBJ/libpkcs7.a Linux6.6_x86_64_cc_glibc_PTH_64_OPT.OBJ/certread.o Linux6.6_x86_64_cc_glibc_PTH_64_OPT.OBJ/p7common.o Linux6.6_x86_64_cc_glibc_PTH_64_OPT.OBJ/p7create.o Linux6.6_x86_64_cc_glibc_PTH_64_OPT.OBJ/p7decode.o Linux6.6_x86_64_cc_glibc_PTH_64_OPT.OBJ/p7encode.o Linux6.6_x86_64_cc_glibc_PTH_64_OPT.OBJ/p7local.o Linux6.6_x86_64_cc_glibc_PTH_64_OPT.OBJ/secmime.o
echo Linux6.6_x86_64_cc_glibc_PTH_64_OPT.OBJ/libpkcs7.a
Linux6.6_x86_64_cc_glibc_PTH_64_OPT.OBJ/libpkcs7.a
../../coreconf/nsinstall/Linux6.6_x86_64_cc_glibc_PTH_64_OPT.OBJ/nsinstall -R -m 664 Linux6.6_x86_64_cc_glibc_PTH_64_OPT.OBJ/libpkcs7.a ../../../dist/Linux6.6_x86_64_cc_glibc_PTH_64_OPT.OBJ/lib
make[3]: Leaving directory '/home/ffortier/code/perso/nss/lib/pkcs7'
make[3]: Entering directory '/home/ffortier/code/perso/nss/lib/smime'
cc -o Linux6.6_x86_64_cc_glibc_PTH_64_OPT.OBJ/cmsarray.o -c -std=c99 -O2 -fPIC  -m64 -pipe -ffunction-sections -fdata-sections -DHAVE_STRERROR -DLINUX -Dlinux -Wall -Wshadow -Werror -DXP_UNIX -DXP_UNIX -UDEBUG -DNDEBUG -D_DEFAULT_SOURCE -D_BSD_SOURCE -D_POSIX_SOURCE -DSDB_MEASURE_USE_TEMP_DIR -D_REENTRANT -UDEBUG -DNDEBUG -D_DEFAULT_SOURCE -D_BSD_SOURCE -D_POSIX_SOURCE -DSDB_MEASURE_USE_TEMP_DIR -D_REENTRANT -DNSS_DISABLE_SSE3 -DNSS_NO_INIT_SUPPORT -DUSE_UTIL_DIRECTLY -DNO_NSPR_10_SUPPORT -DSSL_DISABLE_DEPRECATED_CIPHER_SUITE_NAMES -I/home/ffortier/code/perso/nss/../nspr/dist/include/nspr -I../../../dist/Linux6.6_x86_64_cc_glibc_PTH_64_OPT.OBJ/include -I../../../dist/public/nss -I../../../dist/private/nss  cmsarray.c
cc -o Linux6.6_x86_64_cc_glibc_PTH_64_OPT.OBJ/cmsasn1.o -c -std=c99 -O2 -fPIC  -m64 -pipe -ffunction-sections -fdata-sections -DHAVE_STRERROR -DLINUX -Dlinux -Wall -Wshadow -Werror -DXP_UNIX -DXP_UNIX -UDEBUG -DNDEBUG -D_DEFAULT_SOURCE -D_BSD_SOURCE -D_POSIX_SOURCE -DSDB_MEASURE_USE_TEMP_DIR -D_REENTRANT -UDEBUG -DNDEBUG -D_DEFAULT_SOURCE -D_BSD_SOURCE -D_POSIX_SOURCE -DSDB_MEASURE_USE_TEMP_DIR -D_REENTRANT -DNSS_DISABLE_SSE3 -DNSS_NO_INIT_SUPPORT -DUSE_UTIL_DIRECTLY -DNO_NSPR_10_SUPPORT -DSSL_DISABLE_DEPRECATED_CIPHER_SUITE_NAMES -I/home/ffortier/code/perso/nss/../nspr/dist/include/nspr -I../../../dist/Linux6.6_x86_64_cc_glibc_PTH_64_OPT.OBJ/include -I../../../dist/public/nss -I../../../dist/private/nss  cmsasn1.c
cc -o Linux6.6_x86_64_cc_glibc_PTH_64_OPT.OBJ/cmsattr.o -c -std=c99 -O2 -fPIC  -m64 -pipe -ffunction-sections -fdata-sections -DHAVE_STRERROR -DLINUX -Dlinux -Wall -Wshadow -Werror -DXP_UNIX -DXP_UNIX -UDEBUG -DNDEBUG -D_DEFAULT_SOURCE -D_BSD_SOURCE -D_POSIX_SOURCE -DSDB_MEASURE_USE_TEMP_DIR -D_REENTRANT -UDEBUG -DNDEBUG -D_DEFAULT_SOURCE -D_BSD_SOURCE -D_POSIX_SOURCE -DSDB_MEASURE_USE_TEMP_DIR -D_REENTRANT -DNSS_DISABLE_SSE3 -DNSS_NO_INIT_SUPPORT -DUSE_UTIL_DIRECTLY -DNO_NSPR_10_SUPPORT -DSSL_DISABLE_DEPRECATED_CIPHER_SUITE_NAMES -I/home/ffortier/code/perso/nss/../nspr/dist/include/nspr -I../../../dist/Linux6.6_x86_64_cc_glibc_PTH_64_OPT.OBJ/include -I../../../dist/public/nss -I../../../dist/private/nss  cmsattr.c
cc -o Linux6.6_x86_64_cc_glibc_PTH_64_OPT.OBJ/cmscinfo.o -c -std=c99 -O2 -fPIC  -m64 -pipe -ffunction-sections -fdata-sections -DHAVE_STRERROR -DLINUX -Dlinux -Wall -Wshadow -Werror -DXP_UNIX -DXP_UNIX -UDEBUG -DNDEBUG -D_DEFAULT_SOURCE -D_BSD_SOURCE -D_POSIX_SOURCE -DSDB_MEASURE_USE_TEMP_DIR -D_REENTRANT -UDEBUG -DNDEBUG -D_DEFAULT_SOURCE -D_BSD_SOURCE -D_POSIX_SOURCE -DSDB_MEASURE_USE_TEMP_DIR -D_REENTRANT -DNSS_DISABLE_SSE3 -DNSS_NO_INIT_SUPPORT -DUSE_UTIL_DIRECTLY -DNO_NSPR_10_SUPPORT -DSSL_DISABLE_DEPRECATED_CIPHER_SUITE_NAMES -I/home/ffortier/code/perso/nss/../nspr/dist/include/nspr -I../../../dist/Linux6.6_x86_64_cc_glibc_PTH_64_OPT.OBJ/include -I../../../dist/public/nss -I../../../dist/private/nss  cmscinfo.c
cc -o Linux6.6_x86_64_cc_glibc_PTH_64_OPT.OBJ/cmscipher.o -c -std=c99 -O2 -fPIC  -m64 -pipe -ffunction-sections -fdata-sections -DHAVE_STRERROR -DLINUX -Dlinux -Wall -Wshadow -Werror -DXP_UNIX -DXP_UNIX -UDEBUG -DNDEBUG -D_DEFAULT_SOURCE -D_BSD_SOURCE -D_POSIX_SOURCE -DSDB_MEASURE_USE_TEMP_DIR -D_REENTRANT -UDEBUG -DNDEBUG -D_DEFAULT_SOURCE -D_BSD_SOURCE -D_POSIX_SOURCE -DSDB_MEASURE_USE_TEMP_DIR -D_REENTRANT -DNSS_DISABLE_SSE3 -DNSS_NO_INIT_SUPPORT -DUSE_UTIL_DIRECTLY -DNO_NSPR_10_SUPPORT -DSSL_DISABLE_DEPRECATED_CIPHER_SUITE_NAMES -I/home/ffortier/code/perso/nss/../nspr/dist/include/nspr -I../../../dist/Linux6.6_x86_64_cc_glibc_PTH_64_OPT.OBJ/include -I../../../dist/public/nss -I../../../dist/private/nss  cmscipher.c
cc -o Linux6.6_x86_64_cc_glibc_PTH_64_OPT.OBJ/cmsdecode.o -c -std=c99 -O2 -fPIC  -m64 -pipe -ffunction-sections -fdata-sections -DHAVE_STRERROR -DLINUX -Dlinux -Wall -Wshadow -Werror -DXP_UNIX -DXP_UNIX -UDEBUG -DNDEBUG -D_DEFAULT_SOURCE -D_BSD_SOURCE -D_POSIX_SOURCE -DSDB_MEASURE_USE_TEMP_DIR -D_REENTRANT -UDEBUG -DNDEBUG -D_DEFAULT_SOURCE -D_BSD_SOURCE -D_POSIX_SOURCE -DSDB_MEASURE_USE_TEMP_DIR -D_REENTRANT -DNSS_DISABLE_SSE3 -DNSS_NO_INIT_SUPPORT -DUSE_UTIL_DIRECTLY -DNO_NSPR_10_SUPPORT -DSSL_DISABLE_DEPRECATED_CIPHER_SUITE_NAMES -I/home/ffortier/code/perso/nss/../nspr/dist/include/nspr -I../../../dist/Linux6.6_x86_64_cc_glibc_PTH_64_OPT.OBJ/include -I../../../dist/public/nss -I../../../dist/private/nss  cmsdecode.c
cc -o Linux6.6_x86_64_cc_glibc_PTH_64_OPT.OBJ/cmsdigdata.o -c -std=c99 -O2 -fPIC  -m64 -pipe -ffunction-sections -fdata-sections -DHAVE_STRERROR -DLINUX -Dlinux -Wall -Wshadow -Werror -DXP_UNIX -DXP_UNIX -UDEBUG -DNDEBUG -D_DEFAULT_SOURCE -D_BSD_SOURCE -D_POSIX_SOURCE -DSDB_MEASURE_USE_TEMP_DIR -D_REENTRANT -UDEBUG -DNDEBUG -D_DEFAULT_SOURCE -D_BSD_SOURCE -D_POSIX_SOURCE -DSDB_MEASURE_USE_TEMP_DIR -D_REENTRANT -DNSS_DISABLE_SSE3 -DNSS_NO_INIT_SUPPORT -DUSE_UTIL_DIRECTLY -DNO_NSPR_10_SUPPORT -DSSL_DISABLE_DEPRECATED_CIPHER_SUITE_NAMES -I/home/ffortier/code/perso/nss/../nspr/dist/include/nspr -I../../../dist/Linux6.6_x86_64_cc_glibc_PTH_64_OPT.OBJ/include -I../../../dist/public/nss -I../../../dist/private/nss  cmsdigdata.c
cc -o Linux6.6_x86_64_cc_glibc_PTH_64_OPT.OBJ/cmsdigest.o -c -std=c99 -O2 -fPIC  -m64 -pipe -ffunction-sections -fdata-sections -DHAVE_STRERROR -DLINUX -Dlinux -Wall -Wshadow -Werror -DXP_UNIX -DXP_UNIX -UDEBUG -DNDEBUG -D_DEFAULT_SOURCE -D_BSD_SOURCE -D_POSIX_SOURCE -DSDB_MEASURE_USE_TEMP_DIR -D_REENTRANT -UDEBUG -DNDEBUG -D_DEFAULT_SOURCE -D_BSD_SOURCE -D_POSIX_SOURCE -DSDB_MEASURE_USE_TEMP_DIR -D_REENTRANT -DNSS_DISABLE_SSE3 -DNSS_NO_INIT_SUPPORT -DUSE_UTIL_DIRECTLY -DNO_NSPR_10_SUPPORT -DSSL_DISABLE_DEPRECATED_CIPHER_SUITE_NAMES -I/home/ffortier/code/perso/nss/../nspr/dist/include/nspr -I../../../dist/Linux6.6_x86_64_cc_glibc_PTH_64_OPT.OBJ/include -I../../../dist/public/nss -I../../../dist/private/nss  cmsdigest.c
cc -o Linux6.6_x86_64_cc_glibc_PTH_64_OPT.OBJ/cmsencdata.o -c -std=c99 -O2 -fPIC  -m64 -pipe -ffunction-sections -fdata-sections -DHAVE_STRERROR -DLINUX -Dlinux -Wall -Wshadow -Werror -DXP_UNIX -DXP_UNIX -UDEBUG -DNDEBUG -D_DEFAULT_SOURCE -D_BSD_SOURCE -D_POSIX_SOURCE -DSDB_MEASURE_USE_TEMP_DIR -D_REENTRANT -UDEBUG -DNDEBUG -D_DEFAULT_SOURCE -D_BSD_SOURCE -D_POSIX_SOURCE -DSDB_MEASURE_USE_TEMP_DIR -D_REENTRANT -DNSS_DISABLE_SSE3 -DNSS_NO_INIT_SUPPORT -DUSE_UTIL_DIRECTLY -DNO_NSPR_10_SUPPORT -DSSL_DISABLE_DEPRECATED_CIPHER_SUITE_NAMES -I/home/ffortier/code/perso/nss/../nspr/dist/include/nspr -I../../../dist/Linux6.6_x86_64_cc_glibc_PTH_64_OPT.OBJ/include -I../../../dist/public/nss -I../../../dist/private/nss  cmsencdata.c
cc -o Linux6.6_x86_64_cc_glibc_PTH_64_OPT.OBJ/cmsencode.o -c -std=c99 -O2 -fPIC  -m64 -pipe -ffunction-sections -fdata-sections -DHAVE_STRERROR -DLINUX -Dlinux -Wall -Wshadow -Werror -DXP_UNIX -DXP_UNIX -UDEBUG -DNDEBUG -D_DEFAULT_SOURCE -D_BSD_SOURCE -D_POSIX_SOURCE -DSDB_MEASURE_USE_TEMP_DIR -D_REENTRANT -UDEBUG -DNDEBUG -D_DEFAULT_SOURCE -D_BSD_SOURCE -D_POSIX_SOURCE -DSDB_MEASURE_USE_TEMP_DIR -D_REENTRANT -DNSS_DISABLE_SSE3 -DNSS_NO_INIT_SUPPORT -DUSE_UTIL_DIRECTLY -DNO_NSPR_10_SUPPORT -DSSL_DISABLE_DEPRECATED_CIPHER_SUITE_NAMES -I/home/ffortier/code/perso/nss/../nspr/dist/include/nspr -I../../../dist/Linux6.6_x86_64_cc_glibc_PTH_64_OPT.OBJ/include -I../../../dist/public/nss -I../../../dist/private/nss  cmsencode.c
cc -o Linux6.6_x86_64_cc_glibc_PTH_64_OPT.OBJ/cmsenvdata.o -c -std=c99 -O2 -fPIC  -m64 -pipe -ffunction-sections -fdata-sections -DHAVE_STRERROR -DLINUX -Dlinux -Wall -Wshadow -Werror -DXP_UNIX -DXP_UNIX -UDEBUG -DNDEBUG -D_DEFAULT_SOURCE -D_BSD_SOURCE -D_POSIX_SOURCE -DSDB_MEASURE_USE_TEMP_DIR -D_REENTRANT -UDEBUG -DNDEBUG -D_DEFAULT_SOURCE -D_BSD_SOURCE -D_POSIX_SOURCE -DSDB_MEASURE_USE_TEMP_DIR -D_REENTRANT -DNSS_DISABLE_SSE3 -DNSS_NO_INIT_SUPPORT -DUSE_UTIL_DIRECTLY -DNO_NSPR_10_SUPPORT -DSSL_DISABLE_DEPRECATED_CIPHER_SUITE_NAMES -I/home/ffortier/code/perso/nss/../nspr/dist/include/nspr -I../../../dist/Linux6.6_x86_64_cc_glibc_PTH_64_OPT.OBJ/include -I../../../dist/public/nss -I../../../dist/private/nss  cmsenvdata.c
cc -o Linux6.6_x86_64_cc_glibc_PTH_64_OPT.OBJ/cmsmessage.o -c -std=c99 -O2 -fPIC  -m64 -pipe -ffunction-sections -fdata-sections -DHAVE_STRERROR -DLINUX -Dlinux -Wall -Wshadow -Werror -DXP_UNIX -DXP_UNIX -UDEBUG -DNDEBUG -D_DEFAULT_SOURCE -D_BSD_SOURCE -D_POSIX_SOURCE -DSDB_MEASURE_USE_TEMP_DIR -D_REENTRANT -UDEBUG -DNDEBUG -D_DEFAULT_SOURCE -D_BSD_SOURCE -D_POSIX_SOURCE -DSDB_MEASURE_USE_TEMP_DIR -D_REENTRANT -DNSS_DISABLE_SSE3 -DNSS_NO_INIT_SUPPORT -DUSE_UTIL_DIRECTLY -DNO_NSPR_10_SUPPORT -DSSL_DISABLE_DEPRECATED_CIPHER_SUITE_NAMES -I/home/ffortier/code/perso/nss/../nspr/dist/include/nspr -I../../../dist/Linux6.6_x86_64_cc_glibc_PTH_64_OPT.OBJ/include -I../../../dist/public/nss -I../../../dist/private/nss  cmsmessage.c
cc -o Linux6.6_x86_64_cc_glibc_PTH_64_OPT.OBJ/cmspubkey.o -c -std=c99 -O2 -fPIC  -m64 -pipe -ffunction-sections -fdata-sections -DHAVE_STRERROR -DLINUX -Dlinux -Wall -Wshadow -Werror -DXP_UNIX -DXP_UNIX -UDEBUG -DNDEBUG -D_DEFAULT_SOURCE -D_BSD_SOURCE -D_POSIX_SOURCE -DSDB_MEASURE_USE_TEMP_DIR -D_REENTRANT -UDEBUG -DNDEBUG -D_DEFAULT_SOURCE -D_BSD_SOURCE -D_POSIX_SOURCE -DSDB_MEASURE_USE_TEMP_DIR -D_REENTRANT -DNSS_DISABLE_SSE3 -DNSS_NO_INIT_SUPPORT -DUSE_UTIL_DIRECTLY -DNO_NSPR_10_SUPPORT -DSSL_DISABLE_DEPRECATED_CIPHER_SUITE_NAMES -I/home/ffortier/code/perso/nss/../nspr/dist/include/nspr -I../../../dist/Linux6.6_x86_64_cc_glibc_PTH_64_OPT.OBJ/include -I../../../dist/public/nss -I../../../dist/private/nss  cmspubkey.c
cc -o Linux6.6_x86_64_cc_glibc_PTH_64_OPT.OBJ/cmsrecinfo.o -c -std=c99 -O2 -fPIC  -m64 -pipe -ffunction-sections -fdata-sections -DHAVE_STRERROR -DLINUX -Dlinux -Wall -Wshadow -Werror -DXP_UNIX -DXP_UNIX -UDEBUG -DNDEBUG -D_DEFAULT_SOURCE -D_BSD_SOURCE -D_POSIX_SOURCE -DSDB_MEASURE_USE_TEMP_DIR -D_REENTRANT -UDEBUG -DNDEBUG -D_DEFAULT_SOURCE -D_BSD_SOURCE -D_POSIX_SOURCE -DSDB_MEASURE_USE_TEMP_DIR -D_REENTRANT -DNSS_DISABLE_SSE3 -DNSS_NO_INIT_SUPPORT -DUSE_UTIL_DIRECTLY -DNO_NSPR_10_SUPPORT -DSSL_DISABLE_DEPRECATED_CIPHER_SUITE_NAMES -I/home/ffortier/code/perso/nss/../nspr/dist/include/nspr -I../../../dist/Linux6.6_x86_64_cc_glibc_PTH_64_OPT.OBJ/include -I../../../dist/public/nss -I../../../dist/private/nss  cmsrecinfo.c
cc -o Linux6.6_x86_64_cc_glibc_PTH_64_OPT.OBJ/cmsreclist.o -c -std=c99 -O2 -fPIC  -m64 -pipe -ffunction-sections -fdata-sections -DHAVE_STRERROR -DLINUX -Dlinux -Wall -Wshadow -Werror -DXP_UNIX -DXP_UNIX -UDEBUG -DNDEBUG -D_DEFAULT_SOURCE -D_BSD_SOURCE -D_POSIX_SOURCE -DSDB_MEASURE_USE_TEMP_DIR -D_REENTRANT -UDEBUG -DNDEBUG -D_DEFAULT_SOURCE -D_BSD_SOURCE -D_POSIX_SOURCE -DSDB_MEASURE_USE_TEMP_DIR -D_REENTRANT -DNSS_DISABLE_SSE3 -DNSS_NO_INIT_SUPPORT -DUSE_UTIL_DIRECTLY -DNO_NSPR_10_SUPPORT -DSSL_DISABLE_DEPRECATED_CIPHER_SUITE_NAMES -I/home/ffortier/code/perso/nss/../nspr/dist/include/nspr -I../../../dist/Linux6.6_x86_64_cc_glibc_PTH_64_OPT.OBJ/include -I../../../dist/public/nss -I../../../dist/private/nss  cmsreclist.c
cc -o Linux6.6_x86_64_cc_glibc_PTH_64_OPT.OBJ/cmssigdata.o -c -std=c99 -O2 -fPIC  -m64 -pipe -ffunction-sections -fdata-sections -DHAVE_STRERROR -DLINUX -Dlinux -Wall -Wshadow -Werror -DXP_UNIX -DXP_UNIX -UDEBUG -DNDEBUG -D_DEFAULT_SOURCE -D_BSD_SOURCE -D_POSIX_SOURCE -DSDB_MEASURE_USE_TEMP_DIR -D_REENTRANT -UDEBUG -DNDEBUG -D_DEFAULT_SOURCE -D_BSD_SOURCE -D_POSIX_SOURCE -DSDB_MEASURE_USE_TEMP_DIR -D_REENTRANT -DNSS_DISABLE_SSE3 -DNSS_NO_INIT_SUPPORT -DUSE_UTIL_DIRECTLY -DNO_NSPR_10_SUPPORT -DSSL_DISABLE_DEPRECATED_CIPHER_SUITE_NAMES -I/home/ffortier/code/perso/nss/../nspr/dist/include/nspr -I../../../dist/Linux6.6_x86_64_cc_glibc_PTH_64_OPT.OBJ/include -I../../../dist/public/nss -I../../../dist/private/nss  cmssigdata.c
cc -o Linux6.6_x86_64_cc_glibc_PTH_64_OPT.OBJ/cmssiginfo.o -c -std=c99 -O2 -fPIC  -m64 -pipe -ffunction-sections -fdata-sections -DHAVE_STRERROR -DLINUX -Dlinux -Wall -Wshadow -Werror -DXP_UNIX -DXP_UNIX -UDEBUG -DNDEBUG -D_DEFAULT_SOURCE -D_BSD_SOURCE -D_POSIX_SOURCE -DSDB_MEASURE_USE_TEMP_DIR -D_REENTRANT -UDEBUG -DNDEBUG -D_DEFAULT_SOURCE -D_BSD_SOURCE -D_POSIX_SOURCE -DSDB_MEASURE_USE_TEMP_DIR -D_REENTRANT -DNSS_DISABLE_SSE3 -DNSS_NO_INIT_SUPPORT -DUSE_UTIL_DIRECTLY -DNO_NSPR_10_SUPPORT -DSSL_DISABLE_DEPRECATED_CIPHER_SUITE_NAMES -I/home/ffortier/code/perso/nss/../nspr/dist/include/nspr -I../../../dist/Linux6.6_x86_64_cc_glibc_PTH_64_OPT.OBJ/include -I../../../dist/public/nss -I../../../dist/private/nss  cmssiginfo.c
cc -o Linux6.6_x86_64_cc_glibc_PTH_64_OPT.OBJ/cmsudf.o -c -std=c99 -O2 -fPIC  -m64 -pipe -ffunction-sections -fdata-sections -DHAVE_STRERROR -DLINUX -Dlinux -Wall -Wshadow -Werror -DXP_UNIX -DXP_UNIX -UDEBUG -DNDEBUG -D_DEFAULT_SOURCE -D_BSD_SOURCE -D_POSIX_SOURCE -DSDB_MEASURE_USE_TEMP_DIR -D_REENTRANT -UDEBUG -DNDEBUG -D_DEFAULT_SOURCE -D_BSD_SOURCE -D_POSIX_SOURCE -DSDB_MEASURE_USE_TEMP_DIR -D_REENTRANT -DNSS_DISABLE_SSE3 -DNSS_NO_INIT_SUPPORT -DUSE_UTIL_DIRECTLY -DNO_NSPR_10_SUPPORT -DSSL_DISABLE_DEPRECATED_CIPHER_SUITE_NAMES -I/home/ffortier/code/perso/nss/../nspr/dist/include/nspr -I../../../dist/Linux6.6_x86_64_cc_glibc_PTH_64_OPT.OBJ/include -I../../../dist/public/nss -I../../../dist/private/nss  cmsudf.c
cc -o Linux6.6_x86_64_cc_glibc_PTH_64_OPT.OBJ/cmsutil.o -c -std=c99 -O2 -fPIC  -m64 -pipe -ffunction-sections -fdata-sections -DHAVE_STRERROR -DLINUX -Dlinux -Wall -Wshadow -Werror -DXP_UNIX -DXP_UNIX -UDEBUG -DNDEBUG -D_DEFAULT_SOURCE -D_BSD_SOURCE -D_POSIX_SOURCE -DSDB_MEASURE_USE_TEMP_DIR -D_REENTRANT -UDEBUG -DNDEBUG -D_DEFAULT_SOURCE -D_BSD_SOURCE -D_POSIX_SOURCE -DSDB_MEASURE_USE_TEMP_DIR -D_REENTRANT -DNSS_DISABLE_SSE3 -DNSS_NO_INIT_SUPPORT -DUSE_UTIL_DIRECTLY -DNO_NSPR_10_SUPPORT -DSSL_DISABLE_DEPRECATED_CIPHER_SUITE_NAMES -I/home/ffortier/code/perso/nss/../nspr/dist/include/nspr -I../../../dist/Linux6.6_x86_64_cc_glibc_PTH_64_OPT.OBJ/include -I../../../dist/public/nss -I../../../dist/private/nss  cmsutil.c
cc -o Linux6.6_x86_64_cc_glibc_PTH_64_OPT.OBJ/smimemessage.o -c -std=c99 -O2 -fPIC  -m64 -pipe -ffunction-sections -fdata-sections -DHAVE_STRERROR -DLINUX -Dlinux -Wall -Wshadow -Werror -DXP_UNIX -DXP_UNIX -UDEBUG -DNDEBUG -D_DEFAULT_SOURCE -D_BSD_SOURCE -D_POSIX_SOURCE -DSDB_MEASURE_USE_TEMP_DIR -D_REENTRANT -UDEBUG -DNDEBUG -D_DEFAULT_SOURCE -D_BSD_SOURCE -D_POSIX_SOURCE -DSDB_MEASURE_USE_TEMP_DIR -D_REENTRANT -DNSS_DISABLE_SSE3 -DNSS_NO_INIT_SUPPORT -DUSE_UTIL_DIRECTLY -DNO_NSPR_10_SUPPORT -DSSL_DISABLE_DEPRECATED_CIPHER_SUITE_NAMES -I/home/ffortier/code/perso/nss/../nspr/dist/include/nspr -I../../../dist/Linux6.6_x86_64_cc_glibc_PTH_64_OPT.OBJ/include -I../../../dist/public/nss -I../../../dist/private/nss  smimemessage.c
cc -o Linux6.6_x86_64_cc_glibc_PTH_64_OPT.OBJ/smimeutil.o -c -std=c99 -O2 -fPIC  -m64 -pipe -ffunction-sections -fdata-sections -DHAVE_STRERROR -DLINUX -Dlinux -Wall -Wshadow -Werror -DXP_UNIX -DXP_UNIX -UDEBUG -DNDEBUG -D_DEFAULT_SOURCE -D_BSD_SOURCE -D_POSIX_SOURCE -DSDB_MEASURE_USE_TEMP_DIR -D_REENTRANT -UDEBUG -DNDEBUG -D_DEFAULT_SOURCE -D_BSD_SOURCE -D_POSIX_SOURCE -DSDB_MEASURE_USE_TEMP_DIR -D_REENTRANT -DNSS_DISABLE_SSE3 -DNSS_NO_INIT_SUPPORT -DUSE_UTIL_DIRECTLY -DNO_NSPR_10_SUPPORT -DSSL_DISABLE_DEPRECATED_CIPHER_SUITE_NAMES -I/home/ffortier/code/perso/nss/../nspr/dist/include/nspr -I../../../dist/Linux6.6_x86_64_cc_glibc_PTH_64_OPT.OBJ/include -I../../../dist/public/nss -I../../../dist/private/nss  smimeutil.c
cc -o Linux6.6_x86_64_cc_glibc_PTH_64_OPT.OBJ/smimever.o -c -std=c99 -O2 -fPIC  -m64 -pipe -ffunction-sections -fdata-sections -DHAVE_STRERROR -DLINUX -Dlinux -Wall -Wshadow -Werror -DXP_UNIX -DXP_UNIX -UDEBUG -DNDEBUG -D_DEFAULT_SOURCE -D_BSD_SOURCE -D_POSIX_SOURCE -DSDB_MEASURE_USE_TEMP_DIR -D_REENTRANT -UDEBUG -DNDEBUG -D_DEFAULT_SOURCE -D_BSD_SOURCE -D_POSIX_SOURCE -DSDB_MEASURE_USE_TEMP_DIR -D_REENTRANT -DNSS_DISABLE_SSE3 -DNSS_NO_INIT_SUPPORT -DUSE_UTIL_DIRECTLY -DNO_NSPR_10_SUPPORT -DSSL_DISABLE_DEPRECATED_CIPHER_SUITE_NAMES -I/home/ffortier/code/perso/nss/../nspr/dist/include/nspr -I../../../dist/Linux6.6_x86_64_cc_glibc_PTH_64_OPT.OBJ/include -I../../../dist/public/nss -I../../../dist/private/nss  smimever.c
rm -f Linux6.6_x86_64_cc_glibc_PTH_64_OPT.OBJ/libsmime.a
ar cr Linux6.6_x86_64_cc_glibc_PTH_64_OPT.OBJ/libsmime.a Linux6.6_x86_64_cc_glibc_PTH_64_OPT.OBJ/cmsarray.o Linux6.6_x86_64_cc_glibc_PTH_64_OPT.OBJ/cmsasn1.o Linux6.6_x86_64_cc_glibc_PTH_64_OPT.OBJ/cmsattr.o Linux6.6_x86_64_cc_glibc_PTH_64_OPT.OBJ/cmscinfo.o Linux6.6_x86_64_cc_glibc_PTH_64_OPT.OBJ/cmscipher.o Linux6.6_x86_64_cc_glibc_PTH_64_OPT.OBJ/cmsdecode.o Linux6.6_x86_64_cc_glibc_PTH_64_OPT.OBJ/cmsdigdata.o Linux6.6_x86_64_cc_glibc_PTH_64_OPT.OBJ/cmsdigest.o Linux6.6_x86_64_cc_glibc_PTH_64_OPT.OBJ/cmsencdata.o Linux6.6_x86_64_cc_glibc_PTH_64_OPT.OBJ/cmsencode.o Linux6.6_x86_64_cc_glibc_PTH_64_OPT.OBJ/cmsenvdata.o Linux6.6_x86_64_cc_glibc_PTH_64_OPT.OBJ/cmsmessage.o Linux6.6_x86_64_cc_glibc_PTH_64_OPT.OBJ/cmspubkey.o Linux6.6_x86_64_cc_glibc_PTH_64_OPT.OBJ/cmsrecinfo.o Linux6.6_x86_64_cc_glibc_PTH_64_OPT.OBJ/cmsreclist.o Linux6.6_x86_64_cc_glibc_PTH_64_OPT.OBJ/cmssigdata.o Linux6.6_x86_64_cc_glibc_PTH_64_OPT.OBJ/cmssiginfo.o Linux6.6_x86_64_cc_glibc_PTH_64_OPT.OBJ/cmsudf.o Linux6.6_x86_64_cc_glibc_PTH_64_OPT.OBJ/cmsutil.o Linux6.6_x86_64_cc_glibc_PTH_64_OPT.OBJ/smimemessage.o Linux6.6_x86_64_cc_glibc_PTH_64_OPT.OBJ/smimeutil.o Linux6.6_x86_64_cc_glibc_PTH_64_OPT.OBJ/smimever.o
echo Linux6.6_x86_64_cc_glibc_PTH_64_OPT.OBJ/libsmime.a
Linux6.6_x86_64_cc_glibc_PTH_64_OPT.OBJ/libsmime.a
grep -v ';-' smime.def | sed -e 's,;+,,' -e 's; DATA ;;' -e 's,;;,,' -e 's,;.*,;,' > Linux6.6_x86_64_cc_glibc_PTH_64_OPT.OBJ/smime.def
rm -f Linux6.6_x86_64_cc_glibc_PTH_64_OPT.OBJ/libsmime3.so
cc -shared -m64 -Wl,--gc-sections -Wl,-z,defs -Wl,-soname -Wl,libsmime3.so  -Wl,--version-script,Linux6.6_x86_64_cc_glibc_PTH_64_OPT.OBJ/smime.def -o Linux6.6_x86_64_cc_glibc_PTH_64_OPT.OBJ/libsmime3.so Linux6.6_x86_64_cc_glibc_PTH_64_OPT.OBJ/cmsarray.o Linux6.6_x86_64_cc_glibc_PTH_64_OPT.OBJ/cmsasn1.o Linux6.6_x86_64_cc_glibc_PTH_64_OPT.OBJ/cmsattr.o Linux6.6_x86_64_cc_glibc_PTH_64_OPT.OBJ/cmscinfo.o Linux6.6_x86_64_cc_glibc_PTH_64_OPT.OBJ/cmscipher.o Linux6.6_x86_64_cc_glibc_PTH_64_OPT.OBJ/cmsdecode.o Linux6.6_x86_64_cc_glibc_PTH_64_OPT.OBJ/cmsdigdata.o Linux6.6_x86_64_cc_glibc_PTH_64_OPT.OBJ/cmsdigest.o Linux6.6_x86_64_cc_glibc_PTH_64_OPT.OBJ/cmsencdata.o Linux6.6_x86_64_cc_glibc_PTH_64_OPT.OBJ/cmsencode.o Linux6.6_x86_64_cc_glibc_PTH_64_OPT.OBJ/cmsenvdata.o Linux6.6_x86_64_cc_glibc_PTH_64_OPT.OBJ/cmsmessage.o Linux6.6_x86_64_cc_glibc_PTH_64_OPT.OBJ/cmspubkey.o Linux6.6_x86_64_cc_glibc_PTH_64_OPT.OBJ/cmsrecinfo.o Linux6.6_x86_64_cc_glibc_PTH_64_OPT.OBJ/cmsreclist.o Linux6.6_x86_64_cc_glibc_PTH_64_OPT.OBJ/cmssigdata.o Linux6.6_x86_64_cc_glibc_PTH_64_OPT.OBJ/cmssiginfo.o Linux6.6_x86_64_cc_glibc_PTH_64_OPT.OBJ/cmsudf.o Linux6.6_x86_64_cc_glibc_PTH_64_OPT.OBJ/cmsutil.o Linux6.6_x86_64_cc_glibc_PTH_64_OPT.OBJ/smimemessage.o Linux6.6_x86_64_cc_glibc_PTH_64_OPT.OBJ/smimeutil.o Linux6.6_x86_64_cc_glibc_PTH_64_OPT.OBJ/smimever.o ../pkcs12/Linux6.6_x86_64_cc_glibc_PTH_64_OPT.OBJ/p12local.o ../pkcs12/Linux6.6_x86_64_cc_glibc_PTH_64_OPT.OBJ/p12creat.o ../pkcs12/Linux6.6_x86_64_cc_glibc_PTH_64_OPT.OBJ/p12dec.o ../pkcs12/Linux6.6_x86_64_cc_glibc_PTH_64_OPT.OBJ/p12plcy.o ../pkcs12/Linux6.6_x86_64_cc_glibc_PTH_64_OPT.OBJ/p12tmpl.o ../pkcs12/Linux6.6_x86_64_cc_glibc_PTH_64_OPT.OBJ/p12e.o ../pkcs12/Linux6.6_x86_64_cc_glibc_PTH_64_OPT.OBJ/p12d.o ../pkcs7/Linux6.6_x86_64_cc_glibc_PTH_64_OPT.OBJ/certread.o ../pkcs7/Linux6.6_x86_64_cc_glibc_PTH_64_OPT.OBJ/p7common.o ../pkcs7/Linux6.6_x86_64_cc_glibc_PTH_64_OPT.OBJ/p7create.o ../pkcs7/Linux6.6_x86_64_cc_glibc_PTH_64_OPT.OBJ/p7decode.o ../pkcs7/Linux6.6_x86_64_cc_glibc_PTH_64_OPT.OBJ/p7encode.o ../pkcs7/Linux6.6_x86_64_cc_glibc_PTH_64_OPT.OBJ/p7local.o ../pkcs7/Linux6.6_x86_64_cc_glibc_PTH_64_OPT.OBJ/secmime.o   -L../../../dist/Linux6.6_x86_64_cc_glibc_PTH_64_OPT.OBJ/lib -lnss3 -L../../../dist/Linux6.6_x86_64_cc_glibc_PTH_64_OPT.OBJ/lib -lnssutil3 -L/home/ffortier/code/perso/nss/../nspr/dist -lplc4 -lplds4 -lnspr4  -lpthread  -ldl -lc
chmod +x Linux6.6_x86_64_cc_glibc_PTH_64_OPT.OBJ/libsmime3.so
../../coreconf/nsinstall/Linux6.6_x86_64_cc_glibc_PTH_64_OPT.OBJ/nsinstall -R -m 664 Linux6.6_x86_64_cc_glibc_PTH_64_OPT.OBJ/libsmime.a ../../../dist/Linux6.6_x86_64_cc_glibc_PTH_64_OPT.OBJ/lib
../../coreconf/nsinstall/Linux6.6_x86_64_cc_glibc_PTH_64_OPT.OBJ/nsinstall -R -m 775 Linux6.6_x86_64_cc_glibc_PTH_64_OPT.OBJ/libsmime3.so ../../../dist/Linux6.6_x86_64_cc_glibc_PTH_64_OPT.OBJ/lib
make[3]: Leaving directory '/home/ffortier/code/perso/nss/lib/smime'
make[3]: Entering directory '/home/ffortier/code/perso/nss/lib/ssl'
cc -o Linux6.6_x86_64_cc_glibc_PTH_64_OPT.OBJ/authcert.o -c -std=c99 -O2 -fPIC  -m64 -pipe -ffunction-sections -fdata-sections -DHAVE_STRERROR -DLINUX -Dlinux -Wall -Wshadow -Werror -DXP_UNIX -DXP_UNIX -UDEBUG -DNDEBUG -D_DEFAULT_SOURCE -D_BSD_SOURCE -D_POSIX_SOURCE -DSDB_MEASURE_USE_TEMP_DIR -D_REENTRANT -UDEBUG -DNDEBUG -D_DEFAULT_SOURCE -D_BSD_SOURCE -D_POSIX_SOURCE -DSDB_MEASURE_USE_TEMP_DIR -D_REENTRANT -DNSS_DISABLE_SSE3 -DNSS_NO_INIT_SUPPORT -DUSE_UTIL_DIRECTLY -DNO_NSPR_10_SUPPORT -DSSL_DISABLE_DEPRECATED_CIPHER_SUITE_NAMES -I/home/ffortier/code/perso/nss/../nspr/dist/include/nspr -I../../../dist/Linux6.6_x86_64_cc_glibc_PTH_64_OPT.OBJ/include -I../../../dist/public/nss -I../../../dist/private/nss  authcert.c
cc -o Linux6.6_x86_64_cc_glibc_PTH_64_OPT.OBJ/cmpcert.o -c -std=c99 -O2 -fPIC  -m64 -pipe -ffunction-sections -fdata-sections -DHAVE_STRERROR -DLINUX -Dlinux -Wall -Wshadow -Werror -DXP_UNIX -DXP_UNIX -UDEBUG -DNDEBUG -D_DEFAULT_SOURCE -D_BSD_SOURCE -D_POSIX_SOURCE -DSDB_MEASURE_USE_TEMP_DIR -D_REENTRANT -UDEBUG -DNDEBUG -D_DEFAULT_SOURCE -D_BSD_SOURCE -D_POSIX_SOURCE -DSDB_MEASURE_USE_TEMP_DIR -D_REENTRANT -DNSS_DISABLE_SSE3 -DNSS_NO_INIT_SUPPORT -DUSE_UTIL_DIRECTLY -DNO_NSPR_10_SUPPORT -DSSL_DISABLE_DEPRECATED_CIPHER_SUITE_NAMES -I/home/ffortier/code/perso/nss/../nspr/dist/include/nspr -I../../../dist/Linux6.6_x86_64_cc_glibc_PTH_64_OPT.OBJ/include -I../../../dist/public/nss -I../../../dist/private/nss  cmpcert.c
cc -o Linux6.6_x86_64_cc_glibc_PTH_64_OPT.OBJ/dtls13con.o -c -std=c99 -O2 -fPIC  -m64 -pipe -ffunction-sections -fdata-sections -DHAVE_STRERROR -DLINUX -Dlinux -Wall -Wshadow -Werror -DXP_UNIX -DXP_UNIX -UDEBUG -DNDEBUG -D_DEFAULT_SOURCE -D_BSD_SOURCE -D_POSIX_SOURCE -DSDB_MEASURE_USE_TEMP_DIR -D_REENTRANT -UDEBUG -DNDEBUG -D_DEFAULT_SOURCE -D_BSD_SOURCE -D_POSIX_SOURCE -DSDB_MEASURE_USE_TEMP_DIR -D_REENTRANT -DNSS_DISABLE_SSE3 -DNSS_NO_INIT_SUPPORT -DUSE_UTIL_DIRECTLY -DNO_NSPR_10_SUPPORT -DSSL_DISABLE_DEPRECATED_CIPHER_SUITE_NAMES -I/home/ffortier/code/perso/nss/../nspr/dist/include/nspr -I../../../dist/Linux6.6_x86_64_cc_glibc_PTH_64_OPT.OBJ/include -I../../../dist/public/nss -I../../../dist/private/nss  dtls13con.c
cc -o Linux6.6_x86_64_cc_glibc_PTH_64_OPT.OBJ/dtlscon.o -c -std=c99 -O2 -fPIC  -m64 -pipe -ffunction-sections -fdata-sections -DHAVE_STRERROR -DLINUX -Dlinux -Wall -Wshadow -Werror -DXP_UNIX -DXP_UNIX -UDEBUG -DNDEBUG -D_DEFAULT_SOURCE -D_BSD_SOURCE -D_POSIX_SOURCE -DSDB_MEASURE_USE_TEMP_DIR -D_REENTRANT -UDEBUG -DNDEBUG -D_DEFAULT_SOURCE -D_BSD_SOURCE -D_POSIX_SOURCE -DSDB_MEASURE_USE_TEMP_DIR -D_REENTRANT -DNSS_DISABLE_SSE3 -DNSS_NO_INIT_SUPPORT -DUSE_UTIL_DIRECTLY -DNO_NSPR_10_SUPPORT -DSSL_DISABLE_DEPRECATED_CIPHER_SUITE_NAMES -I/home/ffortier/code/perso/nss/../nspr/dist/include/nspr -I../../../dist/Linux6.6_x86_64_cc_glibc_PTH_64_OPT.OBJ/include -I../../../dist/public/nss -I../../../dist/private/nss  dtlscon.c
cc -o Linux6.6_x86_64_cc_glibc_PTH_64_OPT.OBJ/prelib.o -c -std=c99 -O2 -fPIC  -m64 -pipe -ffunction-sections -fdata-sections -DHAVE_STRERROR -DLINUX -Dlinux -Wall -Wshadow -Werror -DXP_UNIX -DXP_UNIX -UDEBUG -DNDEBUG -D_DEFAULT_SOURCE -D_BSD_SOURCE -D_POSIX_SOURCE -DSDB_MEASURE_USE_TEMP_DIR -D_REENTRANT -UDEBUG -DNDEBUG -D_DEFAULT_SOURCE -D_BSD_SOURCE -D_POSIX_SOURCE -DSDB_MEASURE_USE_TEMP_DIR -D_REENTRANT -DNSS_DISABLE_SSE3 -DNSS_NO_INIT_SUPPORT -DUSE_UTIL_DIRECTLY -DNO_NSPR_10_SUPPORT -DSSL_DISABLE_DEPRECATED_CIPHER_SUITE_NAMES -I/home/ffortier/code/perso/nss/../nspr/dist/include/nspr -I../../../dist/Linux6.6_x86_64_cc_glibc_PTH_64_OPT.OBJ/include -I../../../dist/public/nss -I../../../dist/private/nss  prelib.c
cc -o Linux6.6_x86_64_cc_glibc_PTH_64_OPT.OBJ/selfencrypt.o -c -std=c99 -O2 -fPIC  -m64 -pipe -ffunction-sections -fdata-sections -DHAVE_STRERROR -DLINUX -Dlinux -Wall -Wshadow -Werror -DXP_UNIX -DXP_UNIX -UDEBUG -DNDEBUG -D_DEFAULT_SOURCE -D_BSD_SOURCE -D_POSIX_SOURCE -DSDB_MEASURE_USE_TEMP_DIR -D_REENTRANT -UDEBUG -DNDEBUG -D_DEFAULT_SOURCE -D_BSD_SOURCE -D_POSIX_SOURCE -DSDB_MEASURE_USE_TEMP_DIR -D_REENTRANT -DNSS_DISABLE_SSE3 -DNSS_NO_INIT_SUPPORT -DUSE_UTIL_DIRECTLY -DNO_NSPR_10_SUPPORT -DSSL_DISABLE_DEPRECATED_CIPHER_SUITE_NAMES -I/home/ffortier/code/perso/nss/../nspr/dist/include/nspr -I../../../dist/Linux6.6_x86_64_cc_glibc_PTH_64_OPT.OBJ/include -I../../../dist/public/nss -I../../../dist/private/nss  selfencrypt.c
cc -o Linux6.6_x86_64_cc_glibc_PTH_64_OPT.OBJ/ssl3con.o -c -std=c99 -O2 -fPIC  -m64 -pipe -ffunction-sections -fdata-sections -DHAVE_STRERROR -DLINUX -Dlinux -Wall -Wshadow -Werror -DXP_UNIX -DXP_UNIX -UDEBUG -DNDEBUG -D_DEFAULT_SOURCE -D_BSD_SOURCE -D_POSIX_SOURCE -DSDB_MEASURE_USE_TEMP_DIR -D_REENTRANT -UDEBUG -DNDEBUG -D_DEFAULT_SOURCE -D_BSD_SOURCE -D_POSIX_SOURCE -DSDB_MEASURE_USE_TEMP_DIR -D_REENTRANT -DNSS_DISABLE_SSE3 -DNSS_NO_INIT_SUPPORT -DUSE_UTIL_DIRECTLY -DNO_NSPR_10_SUPPORT -DSSL_DISABLE_DEPRECATED_CIPHER_SUITE_NAMES -I/home/ffortier/code/perso/nss/../nspr/dist/include/nspr -I../../../dist/Linux6.6_x86_64_cc_glibc_PTH_64_OPT.OBJ/include -I../../../dist/public/nss -I../../../dist/private/nss  ssl3con.c
cc -o Linux6.6_x86_64_cc_glibc_PTH_64_OPT.OBJ/ssl3ecc.o -c -std=c99 -O2 -fPIC  -m64 -pipe -ffunction-sections -fdata-sections -DHAVE_STRERROR -DLINUX -Dlinux -Wall -Wshadow -Werror -DXP_UNIX -DXP_UNIX -UDEBUG -DNDEBUG -D_DEFAULT_SOURCE -D_BSD_SOURCE -D_POSIX_SOURCE -DSDB_MEASURE_USE_TEMP_DIR -D_REENTRANT -UDEBUG -DNDEBUG -D_DEFAULT_SOURCE -D_BSD_SOURCE -D_POSIX_SOURCE -DSDB_MEASURE_USE_TEMP_DIR -D_REENTRANT -DNSS_DISABLE_SSE3 -DNSS_NO_INIT_SUPPORT -DUSE_UTIL_DIRECTLY -DNO_NSPR_10_SUPPORT -DSSL_DISABLE_DEPRECATED_CIPHER_SUITE_NAMES -I/home/ffortier/code/perso/nss/../nspr/dist/include/nspr -I../../../dist/Linux6.6_x86_64_cc_glibc_PTH_64_OPT.OBJ/include -I../../../dist/public/nss -I../../../dist/private/nss  ssl3ecc.c
cc -o Linux6.6_x86_64_cc_glibc_PTH_64_OPT.OBJ/ssl3ext.o -c -std=c99 -O2 -fPIC  -m64 -pipe -ffunction-sections -fdata-sections -DHAVE_STRERROR -DLINUX -Dlinux -Wall -Wshadow -Werror -DXP_UNIX -DXP_UNIX -UDEBUG -DNDEBUG -D_DEFAULT_SOURCE -D_BSD_SOURCE -D_POSIX_SOURCE -DSDB_MEASURE_USE_TEMP_DIR -D_REENTRANT -UDEBUG -DNDEBUG -D_DEFAULT_SOURCE -D_BSD_SOURCE -D_POSIX_SOURCE -DSDB_MEASURE_USE_TEMP_DIR -D_REENTRANT -DNSS_DISABLE_SSE3 -DNSS_NO_INIT_SUPPORT -DUSE_UTIL_DIRECTLY -DNO_NSPR_10_SUPPORT -DSSL_DISABLE_DEPRECATED_CIPHER_SUITE_NAMES -I/home/ffortier/code/perso/nss/../nspr/dist/include/nspr -I../../../dist/Linux6.6_x86_64_cc_glibc_PTH_64_OPT.OBJ/include -I../../../dist/public/nss -I../../../dist/private/nss  ssl3ext.c
cc -o Linux6.6_x86_64_cc_glibc_PTH_64_OPT.OBJ/ssl3exthandle.o -c -std=c99 -O2 -fPIC  -m64 -pipe -ffunction-sections -fdata-sections -DHAVE_STRERROR -DLINUX -Dlinux -Wall -Wshadow -Werror -DXP_UNIX -DXP_UNIX -UDEBUG -DNDEBUG -D_DEFAULT_SOURCE -D_BSD_SOURCE -D_POSIX_SOURCE -DSDB_MEASURE_USE_TEMP_DIR -D_REENTRANT -UDEBUG -DNDEBUG -D_DEFAULT_SOURCE -D_BSD_SOURCE -D_POSIX_SOURCE -DSDB_MEASURE_USE_TEMP_DIR -D_REENTRANT -DNSS_DISABLE_SSE3 -DNSS_NO_INIT_SUPPORT -DUSE_UTIL_DIRECTLY -DNO_NSPR_10_SUPPORT -DSSL_DISABLE_DEPRECATED_CIPHER_SUITE_NAMES -I/home/ffortier/code/perso/nss/../nspr/dist/include/nspr -I../../../dist/Linux6.6_x86_64_cc_glibc_PTH_64_OPT.OBJ/include -I../../../dist/public/nss -I../../../dist/private/nss  ssl3exthandle.c
cc -o Linux6.6_x86_64_cc_glibc_PTH_64_OPT.OBJ/ssl3gthr.o -c -std=c99 -O2 -fPIC  -m64 -pipe -ffunction-sections -fdata-sections -DHAVE_STRERROR -DLINUX -Dlinux -Wall -Wshadow -Werror -DXP_UNIX -DXP_UNIX -UDEBUG -DNDEBUG -D_DEFAULT_SOURCE -D_BSD_SOURCE -D_POSIX_SOURCE -DSDB_MEASURE_USE_TEMP_DIR -D_REENTRANT -UDEBUG -DNDEBUG -D_DEFAULT_SOURCE -D_BSD_SOURCE -D_POSIX_SOURCE -DSDB_MEASURE_USE_TEMP_DIR -D_REENTRANT -DNSS_DISABLE_SSE3 -DNSS_NO_INIT_SUPPORT -DUSE_UTIL_DIRECTLY -DNO_NSPR_10_SUPPORT -DSSL_DISABLE_DEPRECATED_CIPHER_SUITE_NAMES -I/home/ffortier/code/perso/nss/../nspr/dist/include/nspr -I../../../dist/Linux6.6_x86_64_cc_glibc_PTH_64_OPT.OBJ/include -I../../../dist/public/nss -I../../../dist/private/nss  ssl3gthr.c
cc -o Linux6.6_x86_64_cc_glibc_PTH_64_OPT.OBJ/sslauth.o -c -std=c99 -O2 -fPIC  -m64 -pipe -ffunction-sections -fdata-sections -DHAVE_STRERROR -DLINUX -Dlinux -Wall -Wshadow -Werror -DXP_UNIX -DXP_UNIX -UDEBUG -DNDEBUG -D_DEFAULT_SOURCE -D_BSD_SOURCE -D_POSIX_SOURCE -DSDB_MEASURE_USE_TEMP_DIR -D_REENTRANT -UDEBUG -DNDEBUG -D_DEFAULT_SOURCE -D_BSD_SOURCE -D_POSIX_SOURCE -DSDB_MEASURE_USE_TEMP_DIR -D_REENTRANT -DNSS_DISABLE_SSE3 -DNSS_NO_INIT_SUPPORT -DUSE_UTIL_DIRECTLY -DNO_NSPR_10_SUPPORT -DSSL_DISABLE_DEPRECATED_CIPHER_SUITE_NAMES -I/home/ffortier/code/perso/nss/../nspr/dist/include/nspr -I../../../dist/Linux6.6_x86_64_cc_glibc_PTH_64_OPT.OBJ/include -I../../../dist/public/nss -I../../../dist/private/nss  sslauth.c
cc -o Linux6.6_x86_64_cc_glibc_PTH_64_OPT.OBJ/sslbloom.o -c -std=c99 -O2 -fPIC  -m64 -pipe -ffunction-sections -fdata-sections -DHAVE_STRERROR -DLINUX -Dlinux -Wall -Wshadow -Werror -DXP_UNIX -DXP_UNIX -UDEBUG -DNDEBUG -D_DEFAULT_SOURCE -D_BSD_SOURCE -D_POSIX_SOURCE -DSDB_MEASURE_USE_TEMP_DIR -D_REENTRANT -UDEBUG -DNDEBUG -D_DEFAULT_SOURCE -D_BSD_SOURCE -D_POSIX_SOURCE -DSDB_MEASURE_USE_TEMP_DIR -D_REENTRANT -DNSS_DISABLE_SSE3 -DNSS_NO_INIT_SUPPORT -DUSE_UTIL_DIRECTLY -DNO_NSPR_10_SUPPORT -DSSL_DISABLE_DEPRECATED_CIPHER_SUITE_NAMES -I/home/ffortier/code/perso/nss/../nspr/dist/include/nspr -I../../../dist/Linux6.6_x86_64_cc_glibc_PTH_64_OPT.OBJ/include -I../../../dist/public/nss -I../../../dist/private/nss  sslbloom.c
cc -o Linux6.6_x86_64_cc_glibc_PTH_64_OPT.OBJ/sslcert.o -c -std=c99 -O2 -fPIC  -m64 -pipe -ffunction-sections -fdata-sections -DHAVE_STRERROR -DLINUX -Dlinux -Wall -Wshadow -Werror -DXP_UNIX -DXP_UNIX -UDEBUG -DNDEBUG -D_DEFAULT_SOURCE -D_BSD_SOURCE -D_POSIX_SOURCE -DSDB_MEASURE_USE_TEMP_DIR -D_REENTRANT -UDEBUG -DNDEBUG -D_DEFAULT_SOURCE -D_BSD_SOURCE -D_POSIX_SOURCE -DSDB_MEASURE_USE_TEMP_DIR -D_REENTRANT -DNSS_DISABLE_SSE3 -DNSS_NO_INIT_SUPPORT -DUSE_UTIL_DIRECTLY -DNO_NSPR_10_SUPPORT -DSSL_DISABLE_DEPRECATED_CIPHER_SUITE_NAMES -I/home/ffortier/code/perso/nss/../nspr/dist/include/nspr -I../../../dist/Linux6.6_x86_64_cc_glibc_PTH_64_OPT.OBJ/include -I../../../dist/public/nss -I../../../dist/private/nss  sslcert.c
cc -o Linux6.6_x86_64_cc_glibc_PTH_64_OPT.OBJ/sslcon.o -c -std=c99 -O2 -fPIC  -m64 -pipe -ffunction-sections -fdata-sections -DHAVE_STRERROR -DLINUX -Dlinux -Wall -Wshadow -Werror -DXP_UNIX -DXP_UNIX -UDEBUG -DNDEBUG -D_DEFAULT_SOURCE -D_BSD_SOURCE -D_POSIX_SOURCE -DSDB_MEASURE_USE_TEMP_DIR -D_REENTRANT -UDEBUG -DNDEBUG -D_DEFAULT_SOURCE -D_BSD_SOURCE -D_POSIX_SOURCE -DSDB_MEASURE_USE_TEMP_DIR -D_REENTRANT -DNSS_DISABLE_SSE3 -DNSS_NO_INIT_SUPPORT -DUSE_UTIL_DIRECTLY -DNO_NSPR_10_SUPPORT -DSSL_DISABLE_DEPRECATED_CIPHER_SUITE_NAMES -I/home/ffortier/code/perso/nss/../nspr/dist/include/nspr -I../../../dist/Linux6.6_x86_64_cc_glibc_PTH_64_OPT.OBJ/include -I../../../dist/public/nss -I../../../dist/private/nss  sslcon.c
cc -o Linux6.6_x86_64_cc_glibc_PTH_64_OPT.OBJ/ssldef.o -c -std=c99 -O2 -fPIC  -m64 -pipe -ffunction-sections -fdata-sections -DHAVE_STRERROR -DLINUX -Dlinux -Wall -Wshadow -Werror -DXP_UNIX -DXP_UNIX -UDEBUG -DNDEBUG -D_DEFAULT_SOURCE -D_BSD_SOURCE -D_POSIX_SOURCE -DSDB_MEASURE_USE_TEMP_DIR -D_REENTRANT -UDEBUG -DNDEBUG -D_DEFAULT_SOURCE -D_BSD_SOURCE -D_POSIX_SOURCE -DSDB_MEASURE_USE_TEMP_DIR -D_REENTRANT -DNSS_DISABLE_SSE3 -DNSS_NO_INIT_SUPPORT -DUSE_UTIL_DIRECTLY -DNO_NSPR_10_SUPPORT -DSSL_DISABLE_DEPRECATED_CIPHER_SUITE_NAMES -I/home/ffortier/code/perso/nss/../nspr/dist/include/nspr -I../../../dist/Linux6.6_x86_64_cc_glibc_PTH_64_OPT.OBJ/include -I../../../dist/public/nss -I../../../dist/private/nss  ssldef.c
cc -o Linux6.6_x86_64_cc_glibc_PTH_64_OPT.OBJ/sslencode.o -c -std=c99 -O2 -fPIC  -m64 -pipe -ffunction-sections -fdata-sections -DHAVE_STRERROR -DLINUX -Dlinux -Wall -Wshadow -Werror -DXP_UNIX -DXP_UNIX -UDEBUG -DNDEBUG -D_DEFAULT_SOURCE -D_BSD_SOURCE -D_POSIX_SOURCE -DSDB_MEASURE_USE_TEMP_DIR -D_REENTRANT -UDEBUG -DNDEBUG -D_DEFAULT_SOURCE -D_BSD_SOURCE -D_POSIX_SOURCE -DSDB_MEASURE_USE_TEMP_DIR -D_REENTRANT -DNSS_DISABLE_SSE3 -DNSS_NO_INIT_SUPPORT -DUSE_UTIL_DIRECTLY -DNO_NSPR_10_SUPPORT -DSSL_DISABLE_DEPRECATED_CIPHER_SUITE_NAMES -I/home/ffortier/code/perso/nss/../nspr/dist/include/nspr -I../../../dist/Linux6.6_x86_64_cc_glibc_PTH_64_OPT.OBJ/include -I../../../dist/public/nss -I../../../dist/private/nss  sslencode.c
cc -o Linux6.6_x86_64_cc_glibc_PTH_64_OPT.OBJ/sslenum.o -c -std=c99 -O2 -fPIC  -m64 -pipe -ffunction-sections -fdata-sections -DHAVE_STRERROR -DLINUX -Dlinux -Wall -Wshadow -Werror -DXP_UNIX -DXP_UNIX -UDEBUG -DNDEBUG -D_DEFAULT_SOURCE -D_BSD_SOURCE -D_POSIX_SOURCE -DSDB_MEASURE_USE_TEMP_DIR -D_REENTRANT -UDEBUG -DNDEBUG -D_DEFAULT_SOURCE -D_BSD_SOURCE -D_POSIX_SOURCE -DSDB_MEASURE_USE_TEMP_DIR -D_REENTRANT -DNSS_DISABLE_SSE3 -DNSS_NO_INIT_SUPPORT -DUSE_UTIL_DIRECTLY -DNO_NSPR_10_SUPPORT -DSSL_DISABLE_DEPRECATED_CIPHER_SUITE_NAMES -I/home/ffortier/code/perso/nss/../nspr/dist/include/nspr -I../../../dist/Linux6.6_x86_64_cc_glibc_PTH_64_OPT.OBJ/include -I../../../dist/public/nss -I../../../dist/private/nss  sslenum.c
cc -o Linux6.6_x86_64_cc_glibc_PTH_64_OPT.OBJ/sslerr.o -c -std=c99 -O2 -fPIC  -m64 -pipe -ffunction-sections -fdata-sections -DHAVE_STRERROR -DLINUX -Dlinux -Wall -Wshadow -Werror -DXP_UNIX -DXP_UNIX -UDEBUG -DNDEBUG -D_DEFAULT_SOURCE -D_BSD_SOURCE -D_POSIX_SOURCE -DSDB_MEASURE_USE_TEMP_DIR -D_REENTRANT -UDEBUG -DNDEBUG -D_DEFAULT_SOURCE -D_BSD_SOURCE -D_POSIX_SOURCE -DSDB_MEASURE_USE_TEMP_DIR -D_REENTRANT -DNSS_DISABLE_SSE3 -DNSS_NO_INIT_SUPPORT -DUSE_UTIL_DIRECTLY -DNO_NSPR_10_SUPPORT -DSSL_DISABLE_DEPRECATED_CIPHER_SUITE_NAMES -I/home/ffortier/code/perso/nss/../nspr/dist/include/nspr -I../../../dist/Linux6.6_x86_64_cc_glibc_PTH_64_OPT.OBJ/include -I../../../dist/public/nss -I../../../dist/private/nss  sslerr.c
cc -o Linux6.6_x86_64_cc_glibc_PTH_64_OPT.OBJ/sslerrstrs.o -c -std=c99 -O2 -fPIC  -m64 -pipe -ffunction-sections -fdata-sections -DHAVE_STRERROR -DLINUX -Dlinux -Wall -Wshadow -Werror -DXP_UNIX -DXP_UNIX -UDEBUG -DNDEBUG -D_DEFAULT_SOURCE -D_BSD_SOURCE -D_POSIX_SOURCE -DSDB_MEASURE_USE_TEMP_DIR -D_REENTRANT -UDEBUG -DNDEBUG -D_DEFAULT_SOURCE -D_BSD_SOURCE -D_POSIX_SOURCE -DSDB_MEASURE_USE_TEMP_DIR -D_REENTRANT -DNSS_DISABLE_SSE3 -DNSS_NO_INIT_SUPPORT -DUSE_UTIL_DIRECTLY -DNO_NSPR_10_SUPPORT -DSSL_DISABLE_DEPRECATED_CIPHER_SUITE_NAMES -I/home/ffortier/code/perso/nss/../nspr/dist/include/nspr -I../../../dist/Linux6.6_x86_64_cc_glibc_PTH_64_OPT.OBJ/include -I../../../dist/public/nss -I../../../dist/private/nss  sslerrstrs.c
cc -o Linux6.6_x86_64_cc_glibc_PTH_64_OPT.OBJ/sslgrp.o -c -std=c99 -O2 -fPIC  -m64 -pipe -ffunction-sections -fdata-sections -DHAVE_STRERROR -DLINUX -Dlinux -Wall -Wshadow -Werror -DXP_UNIX -DXP_UNIX -UDEBUG -DNDEBUG -D_DEFAULT_SOURCE -D_BSD_SOURCE -D_POSIX_SOURCE -DSDB_MEASURE_USE_TEMP_DIR -D_REENTRANT -UDEBUG -DNDEBUG -D_DEFAULT_SOURCE -D_BSD_SOURCE -D_POSIX_SOURCE -DSDB_MEASURE_USE_TEMP_DIR -D_REENTRANT -DNSS_DISABLE_SSE3 -DNSS_NO_INIT_SUPPORT -DUSE_UTIL_DIRECTLY -DNO_NSPR_10_SUPPORT -DSSL_DISABLE_DEPRECATED_CIPHER_SUITE_NAMES -I/home/ffortier/code/perso/nss/../nspr/dist/include/nspr -I../../../dist/Linux6.6_x86_64_cc_glibc_PTH_64_OPT.OBJ/include -I../../../dist/public/nss -I../../../dist/private/nss  sslgrp.c
cc -o Linux6.6_x86_64_cc_glibc_PTH_64_OPT.OBJ/sslinfo.o -c -std=c99 -O2 -fPIC  -m64 -pipe -ffunction-sections -fdata-sections -DHAVE_STRERROR -DLINUX -Dlinux -Wall -Wshadow -Werror -DXP_UNIX -DXP_UNIX -UDEBUG -DNDEBUG -D_DEFAULT_SOURCE -D_BSD_SOURCE -D_POSIX_SOURCE -DSDB_MEASURE_USE_TEMP_DIR -D_REENTRANT -UDEBUG -DNDEBUG -D_DEFAULT_SOURCE -D_BSD_SOURCE -D_POSIX_SOURCE -DSDB_MEASURE_USE_TEMP_DIR -D_REENTRANT -DNSS_DISABLE_SSE3 -DNSS_NO_INIT_SUPPORT -DUSE_UTIL_DIRECTLY -DNO_NSPR_10_SUPPORT -DSSL_DISABLE_DEPRECATED_CIPHER_SUITE_NAMES -I/home/ffortier/code/perso/nss/../nspr/dist/include/nspr -I../../../dist/Linux6.6_x86_64_cc_glibc_PTH_64_OPT.OBJ/include -I../../../dist/public/nss -I../../../dist/private/nss  sslinfo.c
cc -o Linux6.6_x86_64_cc_glibc_PTH_64_OPT.OBJ/sslinit.o -c -std=c99 -O2 -fPIC  -m64 -pipe -ffunction-sections -fdata-sections -DHAVE_STRERROR -DLINUX -Dlinux -Wall -Wshadow -Werror -DXP_UNIX -DXP_UNIX -UDEBUG -DNDEBUG -D_DEFAULT_SOURCE -D_BSD_SOURCE -D_POSIX_SOURCE -DSDB_MEASURE_USE_TEMP_DIR -D_REENTRANT -UDEBUG -DNDEBUG -D_DEFAULT_SOURCE -D_BSD_SOURCE -D_POSIX_SOURCE -DSDB_MEASURE_USE_TEMP_DIR -D_REENTRANT -DNSS_DISABLE_SSE3 -DNSS_NO_INIT_SUPPORT -DUSE_UTIL_DIRECTLY -DNO_NSPR_10_SUPPORT -DSSL_DISABLE_DEPRECATED_CIPHER_SUITE_NAMES -I/home/ffortier/code/perso/nss/../nspr/dist/include/nspr -I../../../dist/Linux6.6_x86_64_cc_glibc_PTH_64_OPT.OBJ/include -I../../../dist/public/nss -I../../../dist/private/nss  sslinit.c
cc -o Linux6.6_x86_64_cc_glibc_PTH_64_OPT.OBJ/sslmutex.o -c -std=c99 -O2 -fPIC  -m64 -pipe -ffunction-sections -fdata-sections -DHAVE_STRERROR -DLINUX -Dlinux -Wall -Wshadow -Werror -DXP_UNIX -DXP_UNIX -UDEBUG -DNDEBUG -D_DEFAULT_SOURCE -D_BSD_SOURCE -D_POSIX_SOURCE -DSDB_MEASURE_USE_TEMP_DIR -D_REENTRANT -UDEBUG -DNDEBUG -D_DEFAULT_SOURCE -D_BSD_SOURCE -D_POSIX_SOURCE -DSDB_MEASURE_USE_TEMP_DIR -D_REENTRANT -DNSS_DISABLE_SSE3 -DNSS_NO_INIT_SUPPORT -DUSE_UTIL_DIRECTLY -DNO_NSPR_10_SUPPORT -DSSL_DISABLE_DEPRECATED_CIPHER_SUITE_NAMES -I/home/ffortier/code/perso/nss/../nspr/dist/include/nspr -I../../../dist/Linux6.6_x86_64_cc_glibc_PTH_64_OPT.OBJ/include -I../../../dist/public/nss -I../../../dist/private/nss  sslmutex.c
cc -o Linux6.6_x86_64_cc_glibc_PTH_64_OPT.OBJ/sslnonce.o -c -std=c99 -O2 -fPIC  -m64 -pipe -ffunction-sections -fdata-sections -DHAVE_STRERROR -DLINUX -Dlinux -Wall -Wshadow -Werror -DXP_UNIX -DXP_UNIX -UDEBUG -DNDEBUG -D_DEFAULT_SOURCE -D_BSD_SOURCE -D_POSIX_SOURCE -DSDB_MEASURE_USE_TEMP_DIR -D_REENTRANT -UDEBUG -DNDEBUG -D_DEFAULT_SOURCE -D_BSD_SOURCE -D_POSIX_SOURCE -DSDB_MEASURE_USE_TEMP_DIR -D_REENTRANT -DNSS_DISABLE_SSE3 -DNSS_NO_INIT_SUPPORT -DUSE_UTIL_DIRECTLY -DNO_NSPR_10_SUPPORT -DSSL_DISABLE_DEPRECATED_CIPHER_SUITE_NAMES -I/home/ffortier/code/perso/nss/../nspr/dist/include/nspr -I../../../dist/Linux6.6_x86_64_cc_glibc_PTH_64_OPT.OBJ/include -I../../../dist/public/nss -I../../../dist/private/nss  sslnonce.c
cc -o Linux6.6_x86_64_cc_glibc_PTH_64_OPT.OBJ/sslprimitive.o -c -std=c99 -O2 -fPIC  -m64 -pipe -ffunction-sections -fdata-sections -DHAVE_STRERROR -DLINUX -Dlinux -Wall -Wshadow -Werror -DXP_UNIX -DXP_UNIX -UDEBUG -DNDEBUG -D_DEFAULT_SOURCE -D_BSD_SOURCE -D_POSIX_SOURCE -DSDB_MEASURE_USE_TEMP_DIR -D_REENTRANT -UDEBUG -DNDEBUG -D_DEFAULT_SOURCE -D_BSD_SOURCE -D_POSIX_SOURCE -DSDB_MEASURE_USE_TEMP_DIR -D_REENTRANT -DNSS_DISABLE_SSE3 -DNSS_NO_INIT_SUPPORT -DUSE_UTIL_DIRECTLY -DNO_NSPR_10_SUPPORT -DSSL_DISABLE_DEPRECATED_CIPHER_SUITE_NAMES -I/home/ffortier/code/perso/nss/../nspr/dist/include/nspr -I../../../dist/Linux6.6_x86_64_cc_glibc_PTH_64_OPT.OBJ/include -I../../../dist/public/nss -I../../../dist/private/nss  sslprimitive.c
cc -o Linux6.6_x86_64_cc_glibc_PTH_64_OPT.OBJ/sslreveal.o -c -std=c99 -O2 -fPIC  -m64 -pipe -ffunction-sections -fdata-sections -DHAVE_STRERROR -DLINUX -Dlinux -Wall -Wshadow -Werror -DXP_UNIX -DXP_UNIX -UDEBUG -DNDEBUG -D_DEFAULT_SOURCE -D_BSD_SOURCE -D_POSIX_SOURCE -DSDB_MEASURE_USE_TEMP_DIR -D_REENTRANT -UDEBUG -DNDEBUG -D_DEFAULT_SOURCE -D_BSD_SOURCE -D_POSIX_SOURCE -DSDB_MEASURE_USE_TEMP_DIR -D_REENTRANT -DNSS_DISABLE_SSE3 -DNSS_NO_INIT_SUPPORT -DUSE_UTIL_DIRECTLY -DNO_NSPR_10_SUPPORT -DSSL_DISABLE_DEPRECATED_CIPHER_SUITE_NAMES -I/home/ffortier/code/perso/nss/../nspr/dist/include/nspr -I../../../dist/Linux6.6_x86_64_cc_glibc_PTH_64_OPT.OBJ/include -I../../../dist/public/nss -I../../../dist/private/nss  sslreveal.c
cc -o Linux6.6_x86_64_cc_glibc_PTH_64_OPT.OBJ/sslsecur.o -c -std=c99 -O2 -fPIC  -m64 -pipe -ffunction-sections -fdata-sections -DHAVE_STRERROR -DLINUX -Dlinux -Wall -Wshadow -Werror -DXP_UNIX -DXP_UNIX -UDEBUG -DNDEBUG -D_DEFAULT_SOURCE -D_BSD_SOURCE -D_POSIX_SOURCE -DSDB_MEASURE_USE_TEMP_DIR -D_REENTRANT -UDEBUG -DNDEBUG -D_DEFAULT_SOURCE -D_BSD_SOURCE -D_POSIX_SOURCE -DSDB_MEASURE_USE_TEMP_DIR -D_REENTRANT -DNSS_DISABLE_SSE3 -DNSS_NO_INIT_SUPPORT -DUSE_UTIL_DIRECTLY -DNO_NSPR_10_SUPPORT -DSSL_DISABLE_DEPRECATED_CIPHER_SUITE_NAMES -I/home/ffortier/code/perso/nss/../nspr/dist/include/nspr -I../../../dist/Linux6.6_x86_64_cc_glibc_PTH_64_OPT.OBJ/include -I../../../dist/public/nss -I../../../dist/private/nss  sslsecur.c
cc -o Linux6.6_x86_64_cc_glibc_PTH_64_OPT.OBJ/sslsnce.o -c -std=c99 -O2 -fPIC  -m64 -pipe -ffunction-sections -fdata-sections -DHAVE_STRERROR -DLINUX -Dlinux -Wall -Wshadow -Werror -DXP_UNIX -DXP_UNIX -UDEBUG -DNDEBUG -D_DEFAULT_SOURCE -D_BSD_SOURCE -D_POSIX_SOURCE -DSDB_MEASURE_USE_TEMP_DIR -D_REENTRANT -UDEBUG -DNDEBUG -D_DEFAULT_SOURCE -D_BSD_SOURCE -D_POSIX_SOURCE -DSDB_MEASURE_USE_TEMP_DIR -D_REENTRANT -DNSS_DISABLE_SSE3 -DNSS_NO_INIT_SUPPORT -DUSE_UTIL_DIRECTLY -DNO_NSPR_10_SUPPORT -DSSL_DISABLE_DEPRECATED_CIPHER_SUITE_NAMES -I/home/ffortier/code/perso/nss/../nspr/dist/include/nspr -I../../../dist/Linux6.6_x86_64_cc_glibc_PTH_64_OPT.OBJ/include -I../../../dist/public/nss -I../../../dist/private/nss  sslsnce.c
cc -o Linux6.6_x86_64_cc_glibc_PTH_64_OPT.OBJ/sslsock.o -c -std=c99 -O2 -fPIC  -m64 -pipe -ffunction-sections -fdata-sections -DHAVE_STRERROR -DLINUX -Dlinux -Wall -Wshadow -Werror -DXP_UNIX -DXP_UNIX -UDEBUG -DNDEBUG -D_DEFAULT_SOURCE -D_BSD_SOURCE -D_POSIX_SOURCE -DSDB_MEASURE_USE_TEMP_DIR -D_REENTRANT -UDEBUG -DNDEBUG -D_DEFAULT_SOURCE -D_BSD_SOURCE -D_POSIX_SOURCE -DSDB_MEASURE_USE_TEMP_DIR -D_REENTRANT -DNSS_DISABLE_SSE3 -DNSS_NO_INIT_SUPPORT -DUSE_UTIL_DIRECTLY -DNO_NSPR_10_SUPPORT -DSSL_DISABLE_DEPRECATED_CIPHER_SUITE_NAMES -I/home/ffortier/code/perso/nss/../nspr/dist/include/nspr -I../../../dist/Linux6.6_x86_64_cc_glibc_PTH_64_OPT.OBJ/include -I../../../dist/public/nss -I../../../dist/private/nss  sslsock.c
cc -o Linux6.6_x86_64_cc_glibc_PTH_64_OPT.OBJ/sslspec.o -c -std=c99 -O2 -fPIC  -m64 -pipe -ffunction-sections -fdata-sections -DHAVE_STRERROR -DLINUX -Dlinux -Wall -Wshadow -Werror -DXP_UNIX -DXP_UNIX -UDEBUG -DNDEBUG -D_DEFAULT_SOURCE -D_BSD_SOURCE -D_POSIX_SOURCE -DSDB_MEASURE_USE_TEMP_DIR -D_REENTRANT -UDEBUG -DNDEBUG -D_DEFAULT_SOURCE -D_BSD_SOURCE -D_POSIX_SOURCE -DSDB_MEASURE_USE_TEMP_DIR -D_REENTRANT -DNSS_DISABLE_SSE3 -DNSS_NO_INIT_SUPPORT -DUSE_UTIL_DIRECTLY -DNO_NSPR_10_SUPPORT -DSSL_DISABLE_DEPRECATED_CIPHER_SUITE_NAMES -I/home/ffortier/code/perso/nss/../nspr/dist/include/nspr -I../../../dist/Linux6.6_x86_64_cc_glibc_PTH_64_OPT.OBJ/include -I../../../dist/public/nss -I../../../dist/private/nss  sslspec.c
cc -o Linux6.6_x86_64_cc_glibc_PTH_64_OPT.OBJ/ssltrace.o -c -std=c99 -O2 -fPIC  -m64 -pipe -ffunction-sections -fdata-sections -DHAVE_STRERROR -DLINUX -Dlinux -Wall -Wshadow -Werror -DXP_UNIX -DXP_UNIX -UDEBUG -DNDEBUG -D_DEFAULT_SOURCE -D_BSD_SOURCE -D_POSIX_SOURCE -DSDB_MEASURE_USE_TEMP_DIR -D_REENTRANT -UDEBUG -DNDEBUG -D_DEFAULT_SOURCE -D_BSD_SOURCE -D_POSIX_SOURCE -DSDB_MEASURE_USE_TEMP_DIR -D_REENTRANT -DNSS_DISABLE_SSE3 -DNSS_NO_INIT_SUPPORT -DUSE_UTIL_DIRECTLY -DNO_NSPR_10_SUPPORT -DSSL_DISABLE_DEPRECATED_CIPHER_SUITE_NAMES -I/home/ffortier/code/perso/nss/../nspr/dist/include/nspr -I../../../dist/Linux6.6_x86_64_cc_glibc_PTH_64_OPT.OBJ/include -I../../../dist/public/nss -I../../../dist/private/nss  ssltrace.c
cc -o Linux6.6_x86_64_cc_glibc_PTH_64_OPT.OBJ/sslver.o -c -std=c99 -O2 -fPIC  -m64 -pipe -ffunction-sections -fdata-sections -DHAVE_STRERROR -DLINUX -Dlinux -Wall -Wshadow -Werror -DXP_UNIX -DXP_UNIX -UDEBUG -DNDEBUG -D_DEFAULT_SOURCE -D_BSD_SOURCE -D_POSIX_SOURCE -DSDB_MEASURE_USE_TEMP_DIR -D_REENTRANT -UDEBUG -DNDEBUG -D_DEFAULT_SOURCE -D_BSD_SOURCE -D_POSIX_SOURCE -DSDB_MEASURE_USE_TEMP_DIR -D_REENTRANT -DNSS_DISABLE_SSE3 -DNSS_NO_INIT_SUPPORT -DUSE_UTIL_DIRECTLY -DNO_NSPR_10_SUPPORT -DSSL_DISABLE_DEPRECATED_CIPHER_SUITE_NAMES -I/home/ffortier/code/perso/nss/../nspr/dist/include/nspr -I../../../dist/Linux6.6_x86_64_cc_glibc_PTH_64_OPT.OBJ/include -I../../../dist/public/nss -I../../../dist/private/nss  sslver.c
cc -o Linux6.6_x86_64_cc_glibc_PTH_64_OPT.OBJ/tls13con.o -c -std=c99 -O2 -fPIC  -m64 -pipe -ffunction-sections -fdata-sections -DHAVE_STRERROR -DLINUX -Dlinux -Wall -Wshadow -Werror -DXP_UNIX -DXP_UNIX -UDEBUG -DNDEBUG -D_DEFAULT_SOURCE -D_BSD_SOURCE -D_POSIX_SOURCE -DSDB_MEASURE_USE_TEMP_DIR -D_REENTRANT -UDEBUG -DNDEBUG -D_DEFAULT_SOURCE -D_BSD_SOURCE -D_POSIX_SOURCE -DSDB_MEASURE_USE_TEMP_DIR -D_REENTRANT -DNSS_DISABLE_SSE3 -DNSS_NO_INIT_SUPPORT -DUSE_UTIL_DIRECTLY -DNO_NSPR_10_SUPPORT -DSSL_DISABLE_DEPRECATED_CIPHER_SUITE_NAMES -I/home/ffortier/code/perso/nss/../nspr/dist/include/nspr -I../../../dist/Linux6.6_x86_64_cc_glibc_PTH_64_OPT.OBJ/include -I../../../dist/public/nss -I../../../dist/private/nss  tls13con.c
cc -o Linux6.6_x86_64_cc_glibc_PTH_64_OPT.OBJ/tls13ech.o -c -std=c99 -O2 -fPIC  -m64 -pipe -ffunction-sections -fdata-sections -DHAVE_STRERROR -DLINUX -Dlinux -Wall -Wshadow -Werror -DXP_UNIX -DXP_UNIX -UDEBUG -DNDEBUG -D_DEFAULT_SOURCE -D_BSD_SOURCE -D_POSIX_SOURCE -DSDB_MEASURE_USE_TEMP_DIR -D_REENTRANT -UDEBUG -DNDEBUG -D_DEFAULT_SOURCE -D_BSD_SOURCE -D_POSIX_SOURCE -DSDB_MEASURE_USE_TEMP_DIR -D_REENTRANT -DNSS_DISABLE_SSE3 -DNSS_NO_INIT_SUPPORT -DUSE_UTIL_DIRECTLY -DNO_NSPR_10_SUPPORT -DSSL_DISABLE_DEPRECATED_CIPHER_SUITE_NAMES -I/home/ffortier/code/perso/nss/../nspr/dist/include/nspr -I../../../dist/Linux6.6_x86_64_cc_glibc_PTH_64_OPT.OBJ/include -I../../../dist/public/nss -I../../../dist/private/nss  tls13ech.c
cc -o Linux6.6_x86_64_cc_glibc_PTH_64_OPT.OBJ/tls13echv.o -c -std=c99 -O2 -fPIC  -m64 -pipe -ffunction-sections -fdata-sections -DHAVE_STRERROR -DLINUX -Dlinux -Wall -Wshadow -Werror -DXP_UNIX -DXP_UNIX -UDEBUG -DNDEBUG -D_DEFAULT_SOURCE -D_BSD_SOURCE -D_POSIX_SOURCE -DSDB_MEASURE_USE_TEMP_DIR -D_REENTRANT -UDEBUG -DNDEBUG -D_DEFAULT_SOURCE -D_BSD_SOURCE -D_POSIX_SOURCE -DSDB_MEASURE_USE_TEMP_DIR -D_REENTRANT -DNSS_DISABLE_SSE3 -DNSS_NO_INIT_SUPPORT -DUSE_UTIL_DIRECTLY -DNO_NSPR_10_SUPPORT -DSSL_DISABLE_DEPRECATED_CIPHER_SUITE_NAMES -I/home/ffortier/code/perso/nss/../nspr/dist/include/nspr -I../../../dist/Linux6.6_x86_64_cc_glibc_PTH_64_OPT.OBJ/include -I../../../dist/public/nss -I../../../dist/private/nss  tls13echv.c
cc -o Linux6.6_x86_64_cc_glibc_PTH_64_OPT.OBJ/tls13exthandle.o -c -std=c99 -O2 -fPIC  -m64 -pipe -ffunction-sections -fdata-sections -DHAVE_STRERROR -DLINUX -Dlinux -Wall -Wshadow -Werror -DXP_UNIX -DXP_UNIX -UDEBUG -DNDEBUG -D_DEFAULT_SOURCE -D_BSD_SOURCE -D_POSIX_SOURCE -DSDB_MEASURE_USE_TEMP_DIR -D_REENTRANT -UDEBUG -DNDEBUG -D_DEFAULT_SOURCE -D_BSD_SOURCE -D_POSIX_SOURCE -DSDB_MEASURE_USE_TEMP_DIR -D_REENTRANT -DNSS_DISABLE_SSE3 -DNSS_NO_INIT_SUPPORT -DUSE_UTIL_DIRECTLY -DNO_NSPR_10_SUPPORT -DSSL_DISABLE_DEPRECATED_CIPHER_SUITE_NAMES -I/home/ffortier/code/perso/nss/../nspr/dist/include/nspr -I../../../dist/Linux6.6_x86_64_cc_glibc_PTH_64_OPT.OBJ/include -I../../../dist/public/nss -I../../../dist/private/nss  tls13exthandle.c
cc -o Linux6.6_x86_64_cc_glibc_PTH_64_OPT.OBJ/tls13hashstate.o -c -std=c99 -O2 -fPIC  -m64 -pipe -ffunction-sections -fdata-sections -DHAVE_STRERROR -DLINUX -Dlinux -Wall -Wshadow -Werror -DXP_UNIX -DXP_UNIX -UDEBUG -DNDEBUG -D_DEFAULT_SOURCE -D_BSD_SOURCE -D_POSIX_SOURCE -DSDB_MEASURE_USE_TEMP_DIR -D_REENTRANT -UDEBUG -DNDEBUG -D_DEFAULT_SOURCE -D_BSD_SOURCE -D_POSIX_SOURCE -DSDB_MEASURE_USE_TEMP_DIR -D_REENTRANT -DNSS_DISABLE_SSE3 -DNSS_NO_INIT_SUPPORT -DUSE_UTIL_DIRECTLY -DNO_NSPR_10_SUPPORT -DSSL_DISABLE_DEPRECATED_CIPHER_SUITE_NAMES -I/home/ffortier/code/perso/nss/../nspr/dist/include/nspr -I../../../dist/Linux6.6_x86_64_cc_glibc_PTH_64_OPT.OBJ/include -I../../../dist/public/nss -I../../../dist/private/nss  tls13hashstate.c
cc -o Linux6.6_x86_64_cc_glibc_PTH_64_OPT.OBJ/tls13hkdf.o -c -std=c99 -O2 -fPIC  -m64 -pipe -ffunction-sections -fdata-sections -DHAVE_STRERROR -DLINUX -Dlinux -Wall -Wshadow -Werror -DXP_UNIX -DXP_UNIX -UDEBUG -DNDEBUG -D_DEFAULT_SOURCE -D_BSD_SOURCE -D_POSIX_SOURCE -DSDB_MEASURE_USE_TEMP_DIR -D_REENTRANT -UDEBUG -DNDEBUG -D_DEFAULT_SOURCE -D_BSD_SOURCE -D_POSIX_SOURCE -DSDB_MEASURE_USE_TEMP_DIR -D_REENTRANT -DNSS_DISABLE_SSE3 -DNSS_NO_INIT_SUPPORT -DUSE_UTIL_DIRECTLY -DNO_NSPR_10_SUPPORT -DSSL_DISABLE_DEPRECATED_CIPHER_SUITE_NAMES -I/home/ffortier/code/perso/nss/../nspr/dist/include/nspr -I../../../dist/Linux6.6_x86_64_cc_glibc_PTH_64_OPT.OBJ/include -I../../../dist/public/nss -I../../../dist/private/nss  tls13hkdf.c
cc -o Linux6.6_x86_64_cc_glibc_PTH_64_OPT.OBJ/tls13psk.o -c -std=c99 -O2 -fPIC  -m64 -pipe -ffunction-sections -fdata-sections -DHAVE_STRERROR -DLINUX -Dlinux -Wall -Wshadow -Werror -DXP_UNIX -DXP_UNIX -UDEBUG -DNDEBUG -D_DEFAULT_SOURCE -D_BSD_SOURCE -D_POSIX_SOURCE -DSDB_MEASURE_USE_TEMP_DIR -D_REENTRANT -UDEBUG -DNDEBUG -D_DEFAULT_SOURCE -D_BSD_SOURCE -D_POSIX_SOURCE -DSDB_MEASURE_USE_TEMP_DIR -D_REENTRANT -DNSS_DISABLE_SSE3 -DNSS_NO_INIT_SUPPORT -DUSE_UTIL_DIRECTLY -DNO_NSPR_10_SUPPORT -DSSL_DISABLE_DEPRECATED_CIPHER_SUITE_NAMES -I/home/ffortier/code/perso/nss/../nspr/dist/include/nspr -I../../../dist/Linux6.6_x86_64_cc_glibc_PTH_64_OPT.OBJ/include -I../../../dist/public/nss -I../../../dist/private/nss  tls13psk.c
cc -o Linux6.6_x86_64_cc_glibc_PTH_64_OPT.OBJ/tls13replay.o -c -std=c99 -O2 -fPIC  -m64 -pipe -ffunction-sections -fdata-sections -DHAVE_STRERROR -DLINUX -Dlinux -Wall -Wshadow -Werror -DXP_UNIX -DXP_UNIX -UDEBUG -DNDEBUG -D_DEFAULT_SOURCE -D_BSD_SOURCE -D_POSIX_SOURCE -DSDB_MEASURE_USE_TEMP_DIR -D_REENTRANT -UDEBUG -DNDEBUG -D_DEFAULT_SOURCE -D_BSD_SOURCE -D_POSIX_SOURCE -DSDB_MEASURE_USE_TEMP_DIR -D_REENTRANT -DNSS_DISABLE_SSE3 -DNSS_NO_INIT_SUPPORT -DUSE_UTIL_DIRECTLY -DNO_NSPR_10_SUPPORT -DSSL_DISABLE_DEPRECATED_CIPHER_SUITE_NAMES -I/home/ffortier/code/perso/nss/../nspr/dist/include/nspr -I../../../dist/Linux6.6_x86_64_cc_glibc_PTH_64_OPT.OBJ/include -I../../../dist/public/nss -I../../../dist/private/nss  tls13replay.c
cc -o Linux6.6_x86_64_cc_glibc_PTH_64_OPT.OBJ/tls13signature.o -c -std=c99 -O2 -fPIC  -m64 -pipe -ffunction-sections -fdata-sections -DHAVE_STRERROR -DLINUX -Dlinux -Wall -Wshadow -Werror -DXP_UNIX -DXP_UNIX -UDEBUG -DNDEBUG -D_DEFAULT_SOURCE -D_BSD_SOURCE -D_POSIX_SOURCE -DSDB_MEASURE_USE_TEMP_DIR -D_REENTRANT -UDEBUG -DNDEBUG -D_DEFAULT_SOURCE -D_BSD_SOURCE -D_POSIX_SOURCE -DSDB_MEASURE_USE_TEMP_DIR -D_REENTRANT -DNSS_DISABLE_SSE3 -DNSS_NO_INIT_SUPPORT -DUSE_UTIL_DIRECTLY -DNO_NSPR_10_SUPPORT -DSSL_DISABLE_DEPRECATED_CIPHER_SUITE_NAMES -I/home/ffortier/code/perso/nss/../nspr/dist/include/nspr -I../../../dist/Linux6.6_x86_64_cc_glibc_PTH_64_OPT.OBJ/include -I../../../dist/public/nss -I../../../dist/private/nss  tls13signature.c
cc -o Linux6.6_x86_64_cc_glibc_PTH_64_OPT.OBJ/tls13subcerts.o -c -std=c99 -O2 -fPIC  -m64 -pipe -ffunction-sections -fdata-sections -DHAVE_STRERROR -DLINUX -Dlinux -Wall -Wshadow -Werror -DXP_UNIX -DXP_UNIX -UDEBUG -DNDEBUG -D_DEFAULT_SOURCE -D_BSD_SOURCE -D_POSIX_SOURCE -DSDB_MEASURE_USE_TEMP_DIR -D_REENTRANT -UDEBUG -DNDEBUG -D_DEFAULT_SOURCE -D_BSD_SOURCE -D_POSIX_SOURCE -DSDB_MEASURE_USE_TEMP_DIR -D_REENTRANT -DNSS_DISABLE_SSE3 -DNSS_NO_INIT_SUPPORT -DUSE_UTIL_DIRECTLY -DNO_NSPR_10_SUPPORT -DSSL_DISABLE_DEPRECATED_CIPHER_SUITE_NAMES -I/home/ffortier/code/perso/nss/../nspr/dist/include/nspr -I../../../dist/Linux6.6_x86_64_cc_glibc_PTH_64_OPT.OBJ/include -I../../../dist/public/nss -I../../../dist/private/nss  tls13subcerts.c
cc -o Linux6.6_x86_64_cc_glibc_PTH_64_OPT.OBJ/unix_err.o -c -std=c99 -O2 -fPIC  -m64 -pipe -ffunction-sections -fdata-sections -DHAVE_STRERROR -DLINUX -Dlinux -Wall -Wshadow -Werror -DXP_UNIX -DXP_UNIX -UDEBUG -DNDEBUG -D_DEFAULT_SOURCE -D_BSD_SOURCE -D_POSIX_SOURCE -DSDB_MEASURE_USE_TEMP_DIR -D_REENTRANT -UDEBUG -DNDEBUG -D_DEFAULT_SOURCE -D_BSD_SOURCE -D_POSIX_SOURCE -DSDB_MEASURE_USE_TEMP_DIR -D_REENTRANT -DNSS_DISABLE_SSE3 -DNSS_NO_INIT_SUPPORT -DUSE_UTIL_DIRECTLY -DNO_NSPR_10_SUPPORT -DSSL_DISABLE_DEPRECATED_CIPHER_SUITE_NAMES -I/home/ffortier/code/perso/nss/../nspr/dist/include/nspr -I../../../dist/Linux6.6_x86_64_cc_glibc_PTH_64_OPT.OBJ/include -I../../../dist/public/nss -I../../../dist/private/nss  unix_err.c
rm -f Linux6.6_x86_64_cc_glibc_PTH_64_OPT.OBJ/libssl.a
ar cr Linux6.6_x86_64_cc_glibc_PTH_64_OPT.OBJ/libssl.a Linux6.6_x86_64_cc_glibc_PTH_64_OPT.OBJ/authcert.o Linux6.6_x86_64_cc_glibc_PTH_64_OPT.OBJ/cmpcert.o Linux6.6_x86_64_cc_glibc_PTH_64_OPT.OBJ/dtls13con.o Linux6.6_x86_64_cc_glibc_PTH_64_OPT.OBJ/dtlscon.o Linux6.6_x86_64_cc_glibc_PTH_64_OPT.OBJ/prelib.o Linux6.6_x86_64_cc_glibc_PTH_64_OPT.OBJ/selfencrypt.o Linux6.6_x86_64_cc_glibc_PTH_64_OPT.OBJ/ssl3con.o Linux6.6_x86_64_cc_glibc_PTH_64_OPT.OBJ/ssl3ecc.o Linux6.6_x86_64_cc_glibc_PTH_64_OPT.OBJ/ssl3ext.o Linux6.6_x86_64_cc_glibc_PTH_64_OPT.OBJ/ssl3exthandle.o Linux6.6_x86_64_cc_glibc_PTH_64_OPT.OBJ/ssl3gthr.o Linux6.6_x86_64_cc_glibc_PTH_64_OPT.OBJ/sslauth.o Linux6.6_x86_64_cc_glibc_PTH_64_OPT.OBJ/sslbloom.o Linux6.6_x86_64_cc_glibc_PTH_64_OPT.OBJ/sslcert.o Linux6.6_x86_64_cc_glibc_PTH_64_OPT.OBJ/sslcon.o Linux6.6_x86_64_cc_glibc_PTH_64_OPT.OBJ/ssldef.o Linux6.6_x86_64_cc_glibc_PTH_64_OPT.OBJ/sslencode.o Linux6.6_x86_64_cc_glibc_PTH_64_OPT.OBJ/sslenum.o Linux6.6_x86_64_cc_glibc_PTH_64_OPT.OBJ/sslerr.o Linux6.6_x86_64_cc_glibc_PTH_64_OPT.OBJ/sslerrstrs.o Linux6.6_x86_64_cc_glibc_PTH_64_OPT.OBJ/sslgrp.o Linux6.6_x86_64_cc_glibc_PTH_64_OPT.OBJ/sslinfo.o Linux6.6_x86_64_cc_glibc_PTH_64_OPT.OBJ/sslinit.o Linux6.6_x86_64_cc_glibc_PTH_64_OPT.OBJ/sslmutex.o Linux6.6_x86_64_cc_glibc_PTH_64_OPT.OBJ/sslnonce.o Linux6.6_x86_64_cc_glibc_PTH_64_OPT.OBJ/sslprimitive.o Linux6.6_x86_64_cc_glibc_PTH_64_OPT.OBJ/sslreveal.o Linux6.6_x86_64_cc_glibc_PTH_64_OPT.OBJ/sslsecur.o Linux6.6_x86_64_cc_glibc_PTH_64_OPT.OBJ/sslsnce.o Linux6.6_x86_64_cc_glibc_PTH_64_OPT.OBJ/sslsock.o Linux6.6_x86_64_cc_glibc_PTH_64_OPT.OBJ/sslspec.o Linux6.6_x86_64_cc_glibc_PTH_64_OPT.OBJ/ssltrace.o Linux6.6_x86_64_cc_glibc_PTH_64_OPT.OBJ/sslver.o Linux6.6_x86_64_cc_glibc_PTH_64_OPT.OBJ/tls13con.o Linux6.6_x86_64_cc_glibc_PTH_64_OPT.OBJ/tls13ech.o Linux6.6_x86_64_cc_glibc_PTH_64_OPT.OBJ/tls13echv.o Linux6.6_x86_64_cc_glibc_PTH_64_OPT.OBJ/tls13exthandle.o Linux6.6_x86_64_cc_glibc_PTH_64_OPT.OBJ/tls13hashstate.o Linux6.6_x86_64_cc_glibc_PTH_64_OPT.OBJ/tls13hkdf.o Linux6.6_x86_64_cc_glibc_PTH_64_OPT.OBJ/tls13psk.o Linux6.6_x86_64_cc_glibc_PTH_64_OPT.OBJ/tls13replay.o Linux6.6_x86_64_cc_glibc_PTH_64_OPT.OBJ/tls13signature.o Linux6.6_x86_64_cc_glibc_PTH_64_OPT.OBJ/tls13subcerts.o Linux6.6_x86_64_cc_glibc_PTH_64_OPT.OBJ/unix_err.o
echo Linux6.6_x86_64_cc_glibc_PTH_64_OPT.OBJ/libssl.a
Linux6.6_x86_64_cc_glibc_PTH_64_OPT.OBJ/libssl.a
grep -v ';-' ssl.def | sed -e 's,;+,,' -e 's; DATA ;;' -e 's,;;,,' -e 's,;.*,;,' > Linux6.6_x86_64_cc_glibc_PTH_64_OPT.OBJ/ssl.def
rm -f Linux6.6_x86_64_cc_glibc_PTH_64_OPT.OBJ/libssl3.so
cc -shared -m64 -Wl,--gc-sections -Wl,-z,defs -Wl,-soname -Wl,libssl3.so  -Wl,--version-script,Linux6.6_x86_64_cc_glibc_PTH_64_OPT.OBJ/ssl.def -o Linux6.6_x86_64_cc_glibc_PTH_64_OPT.OBJ/libssl3.so Linux6.6_x86_64_cc_glibc_PTH_64_OPT.OBJ/authcert.o Linux6.6_x86_64_cc_glibc_PTH_64_OPT.OBJ/cmpcert.o Linux6.6_x86_64_cc_glibc_PTH_64_OPT.OBJ/dtls13con.o Linux6.6_x86_64_cc_glibc_PTH_64_OPT.OBJ/dtlscon.o Linux6.6_x86_64_cc_glibc_PTH_64_OPT.OBJ/prelib.o Linux6.6_x86_64_cc_glibc_PTH_64_OPT.OBJ/selfencrypt.o Linux6.6_x86_64_cc_glibc_PTH_64_OPT.OBJ/ssl3con.o Linux6.6_x86_64_cc_glibc_PTH_64_OPT.OBJ/ssl3ecc.o Linux6.6_x86_64_cc_glibc_PTH_64_OPT.OBJ/ssl3ext.o Linux6.6_x86_64_cc_glibc_PTH_64_OPT.OBJ/ssl3exthandle.o Linux6.6_x86_64_cc_glibc_PTH_64_OPT.OBJ/ssl3gthr.o Linux6.6_x86_64_cc_glibc_PTH_64_OPT.OBJ/sslauth.o Linux6.6_x86_64_cc_glibc_PTH_64_OPT.OBJ/sslbloom.o Linux6.6_x86_64_cc_glibc_PTH_64_OPT.OBJ/sslcert.o Linux6.6_x86_64_cc_glibc_PTH_64_OPT.OBJ/sslcon.o Linux6.6_x86_64_cc_glibc_PTH_64_OPT.OBJ/ssldef.o Linux6.6_x86_64_cc_glibc_PTH_64_OPT.OBJ/sslencode.o Linux6.6_x86_64_cc_glibc_PTH_64_OPT.OBJ/sslenum.o Linux6.6_x86_64_cc_glibc_PTH_64_OPT.OBJ/sslerr.o Linux6.6_x86_64_cc_glibc_PTH_64_OPT.OBJ/sslerrstrs.o Linux6.6_x86_64_cc_glibc_PTH_64_OPT.OBJ/sslgrp.o Linux6.6_x86_64_cc_glibc_PTH_64_OPT.OBJ/sslinfo.o Linux6.6_x86_64_cc_glibc_PTH_64_OPT.OBJ/sslinit.o Linux6.6_x86_64_cc_glibc_PTH_64_OPT.OBJ/sslmutex.o Linux6.6_x86_64_cc_glibc_PTH_64_OPT.OBJ/sslnonce.o Linux6.6_x86_64_cc_glibc_PTH_64_OPT.OBJ/sslprimitive.o Linux6.6_x86_64_cc_glibc_PTH_64_OPT.OBJ/sslreveal.o Linux6.6_x86_64_cc_glibc_PTH_64_OPT.OBJ/sslsecur.o Linux6.6_x86_64_cc_glibc_PTH_64_OPT.OBJ/sslsnce.o Linux6.6_x86_64_cc_glibc_PTH_64_OPT.OBJ/sslsock.o Linux6.6_x86_64_cc_glibc_PTH_64_OPT.OBJ/sslspec.o Linux6.6_x86_64_cc_glibc_PTH_64_OPT.OBJ/ssltrace.o Linux6.6_x86_64_cc_glibc_PTH_64_OPT.OBJ/sslver.o Linux6.6_x86_64_cc_glibc_PTH_64_OPT.OBJ/tls13con.o Linux6.6_x86_64_cc_glibc_PTH_64_OPT.OBJ/tls13ech.o Linux6.6_x86_64_cc_glibc_PTH_64_OPT.OBJ/tls13echv.o Linux6.6_x86_64_cc_glibc_PTH_64_OPT.OBJ/tls13exthandle.o Linux6.6_x86_64_cc_glibc_PTH_64_OPT.OBJ/tls13hashstate.o Linux6.6_x86_64_cc_glibc_PTH_64_OPT.OBJ/tls13hkdf.o Linux6.6_x86_64_cc_glibc_PTH_64_OPT.OBJ/tls13psk.o Linux6.6_x86_64_cc_glibc_PTH_64_OPT.OBJ/tls13replay.o Linux6.6_x86_64_cc_glibc_PTH_64_OPT.OBJ/tls13signature.o Linux6.6_x86_64_cc_glibc_PTH_64_OPT.OBJ/tls13subcerts.o Linux6.6_x86_64_cc_glibc_PTH_64_OPT.OBJ/unix_err.o    -L../../../dist/Linux6.6_x86_64_cc_glibc_PTH_64_OPT.OBJ/lib -lnss3 -L../../../dist/Linux6.6_x86_64_cc_glibc_PTH_64_OPT.OBJ/lib -lnssutil3 -L/home/ffortier/code/perso/nss/../nspr/dist -lplc4 -lplds4 -lnspr4  -lpthread  -ldl -lc
chmod +x Linux6.6_x86_64_cc_glibc_PTH_64_OPT.OBJ/libssl3.so
../../coreconf/nsinstall/Linux6.6_x86_64_cc_glibc_PTH_64_OPT.OBJ/nsinstall -R -m 664 Linux6.6_x86_64_cc_glibc_PTH_64_OPT.OBJ/libssl.a ../../../dist/Linux6.6_x86_64_cc_glibc_PTH_64_OPT.OBJ/lib
../../coreconf/nsinstall/Linux6.6_x86_64_cc_glibc_PTH_64_OPT.OBJ/nsinstall -R -m 775 Linux6.6_x86_64_cc_glibc_PTH_64_OPT.OBJ/libssl3.so ../../../dist/Linux6.6_x86_64_cc_glibc_PTH_64_OPT.OBJ/lib
make[3]: Leaving directory '/home/ffortier/code/perso/nss/lib/ssl'
make[3]: Entering directory '/home/ffortier/code/perso/nss/lib/sysinit'
cc -o Linux6.6_x86_64_cc_glibc_PTH_64_OPT.OBJ/nsssysinit.o -c -std=c99 -O2 -fPIC  -m64 -pipe -ffunction-sections -fdata-sections -DHAVE_STRERROR -DLINUX -Dlinux -Wall -Wshadow -Werror -DXP_UNIX -DXP_UNIX -UDEBUG -DNDEBUG -D_DEFAULT_SOURCE -D_BSD_SOURCE -D_POSIX_SOURCE -DSDB_MEASURE_USE_TEMP_DIR -D_REENTRANT -UDEBUG -DNDEBUG -D_DEFAULT_SOURCE -D_BSD_SOURCE -D_POSIX_SOURCE -DSDB_MEASURE_USE_TEMP_DIR -D_REENTRANT -DNSS_DISABLE_SSE3 -DNSS_NO_INIT_SUPPORT -DUSE_UTIL_DIRECTLY -DNO_NSPR_10_SUPPORT -DSSL_DISABLE_DEPRECATED_CIPHER_SUITE_NAMES -I/home/ffortier/code/perso/nss/../nspr/dist/include/nspr -I../../../dist/Linux6.6_x86_64_cc_glibc_PTH_64_OPT.OBJ/include -I../../../dist/public/nss  -I../../../dist/private/nss   nsssysinit.c
rm -f Linux6.6_x86_64_cc_glibc_PTH_64_OPT.OBJ/libnsssysinit.a
ar cr Linux6.6_x86_64_cc_glibc_PTH_64_OPT.OBJ/libnsssysinit.a Linux6.6_x86_64_cc_glibc_PTH_64_OPT.OBJ/nsssysinit.o
echo Linux6.6_x86_64_cc_glibc_PTH_64_OPT.OBJ/libnsssysinit.a
Linux6.6_x86_64_cc_glibc_PTH_64_OPT.OBJ/libnsssysinit.a
grep -v ';-' nsssysinit.def | sed -e 's,;+,,' -e 's; DATA ;;' -e 's,;;,,' -e 's,;.*,;,' > Linux6.6_x86_64_cc_glibc_PTH_64_OPT.OBJ/nsssysinit.def
rm -f Linux6.6_x86_64_cc_glibc_PTH_64_OPT.OBJ/libnsssysinit.so
cc -shared -m64 -Wl,--gc-sections -Wl,-z,defs -Wl,-soname -Wl,libnsssysinit.so  -Wl,--version-script,Linux6.6_x86_64_cc_glibc_PTH_64_OPT.OBJ/nsssysinit.def -o Linux6.6_x86_64_cc_glibc_PTH_64_OPT.OBJ/libnsssysinit.so Linux6.6_x86_64_cc_glibc_PTH_64_OPT.OBJ/nsssysinit.o    -L../../../dist/Linux6.6_x86_64_cc_glibc_PTH_64_OPT.OBJ/lib -L../../../dist/Linux6.6_x86_64_cc_glibc_PTH_64_OPT.OBJ/lib -lnssutil3 -L/home/ffortier/code/perso/nss/../nspr/dist -lplc4 -lplds4 -lnspr4  -lpthread  -ldl -lc
chmod +x Linux6.6_x86_64_cc_glibc_PTH_64_OPT.OBJ/libnsssysinit.so
../../coreconf/nsinstall/Linux6.6_x86_64_cc_glibc_PTH_64_OPT.OBJ/nsinstall -R -m 664 Linux6.6_x86_64_cc_glibc_PTH_64_OPT.OBJ/libnsssysinit.a ../../../dist/Linux6.6_x86_64_cc_glibc_PTH_64_OPT.OBJ/lib
../../coreconf/nsinstall/Linux6.6_x86_64_cc_glibc_PTH_64_OPT.OBJ/nsinstall -R -m 775 Linux6.6_x86_64_cc_glibc_PTH_64_OPT.OBJ/libnsssysinit.so ../../../dist/Linux6.6_x86_64_cc_glibc_PTH_64_OPT.OBJ/lib
make[3]: Leaving directory '/home/ffortier/code/perso/nss/lib/sysinit'
make[3]: Entering directory '/home/ffortier/code/perso/nss/lib/dbm'
make[4]: Entering directory '/home/ffortier/code/perso/nss/lib/dbm/include'
make[4]: Nothing to be done for 'libs'.
make[4]: Leaving directory '/home/ffortier/code/perso/nss/lib/dbm/include'
make[4]: Entering directory '/home/ffortier/code/perso/nss/lib/dbm/src'
cc -o Linux6.6_x86_64_cc_glibc_PTH_64_OPT.OBJ/db.o -c -std=c99 -O2 -fPIC  -m64 -pipe -ffunction-sections -fdata-sections -DHAVE_STRERROR -DLINUX -Dlinux -Wall -Wshadow -Werror -DXP_UNIX -DXP_UNIX -UDEBUG -DNDEBUG -D_DEFAULT_SOURCE -D_BSD_SOURCE -D_POSIX_SOURCE -DSDB_MEASURE_USE_TEMP_DIR -D_REENTRANT -UDEBUG -DNDEBUG -D_DEFAULT_SOURCE -D_BSD_SOURCE -D_POSIX_SOURCE -DSDB_MEASURE_USE_TEMP_DIR -D_REENTRANT -DNSS_DISABLE_SSE3 -DNSS_NO_INIT_SUPPORT -DUSE_UTIL_DIRECTLY -DNO_NSPR_10_SUPPORT -DSSL_DISABLE_DEPRECATED_CIPHER_SUITE_NAMES -DSTDC_HEADERS -DHAVE_STRERROR -DHAVE_SNPRINTF -DMEMMOVE -D__DBINTERFACE_PRIVATE -I/home/ffortier/code/perso/nss/../nspr/dist/include/nspr -I../../../../dist/Linux6.6_x86_64_cc_glibc_PTH_64_OPT.OBJ/include -I../../../../dist/public/dbm -I../../../../dist/private/dbm  db.c
cc -o Linux6.6_x86_64_cc_glibc_PTH_64_OPT.OBJ/h_bigkey.o -c -std=c99 -O2 -fPIC  -m64 -pipe -ffunction-sections -fdata-sections -DHAVE_STRERROR -DLINUX -Dlinux -Wall -Wshadow -Werror -DXP_UNIX -DXP_UNIX -UDEBUG -DNDEBUG -D_DEFAULT_SOURCE -D_BSD_SOURCE -D_POSIX_SOURCE -DSDB_MEASURE_USE_TEMP_DIR -D_REENTRANT -UDEBUG -DNDEBUG -D_DEFAULT_SOURCE -D_BSD_SOURCE -D_POSIX_SOURCE -DSDB_MEASURE_USE_TEMP_DIR -D_REENTRANT -DNSS_DISABLE_SSE3 -DNSS_NO_INIT_SUPPORT -DUSE_UTIL_DIRECTLY -DNO_NSPR_10_SUPPORT -DSSL_DISABLE_DEPRECATED_CIPHER_SUITE_NAMES -DSTDC_HEADERS -DHAVE_STRERROR -DHAVE_SNPRINTF -DMEMMOVE -D__DBINTERFACE_PRIVATE -I/home/ffortier/code/perso/nss/../nspr/dist/include/nspr -I../../../../dist/Linux6.6_x86_64_cc_glibc_PTH_64_OPT.OBJ/include -I../../../../dist/public/dbm -I../../../../dist/private/dbm  h_bigkey.c
cc -o Linux6.6_x86_64_cc_glibc_PTH_64_OPT.OBJ/h_func.o -c -std=c99 -O2 -fPIC  -m64 -pipe -ffunction-sections -fdata-sections -DHAVE_STRERROR -DLINUX -Dlinux -Wall -Wshadow -Werror -DXP_UNIX -DXP_UNIX -UDEBUG -DNDEBUG -D_DEFAULT_SOURCE -D_BSD_SOURCE -D_POSIX_SOURCE -DSDB_MEASURE_USE_TEMP_DIR -D_REENTRANT -UDEBUG -DNDEBUG -D_DEFAULT_SOURCE -D_BSD_SOURCE -D_POSIX_SOURCE -DSDB_MEASURE_USE_TEMP_DIR -D_REENTRANT -DNSS_DISABLE_SSE3 -DNSS_NO_INIT_SUPPORT -DUSE_UTIL_DIRECTLY -DNO_NSPR_10_SUPPORT -DSSL_DISABLE_DEPRECATED_CIPHER_SUITE_NAMES -DSTDC_HEADERS -DHAVE_STRERROR -DHAVE_SNPRINTF -DMEMMOVE -D__DBINTERFACE_PRIVATE -I/home/ffortier/code/perso/nss/../nspr/dist/include/nspr -I../../../../dist/Linux6.6_x86_64_cc_glibc_PTH_64_OPT.OBJ/include -I../../../../dist/public/dbm -I../../../../dist/private/dbm  h_func.c
cc -o Linux6.6_x86_64_cc_glibc_PTH_64_OPT.OBJ/h_log2.o -c -std=c99 -O2 -fPIC  -m64 -pipe -ffunction-sections -fdata-sections -DHAVE_STRERROR -DLINUX -Dlinux -Wall -Wshadow -Werror -DXP_UNIX -DXP_UNIX -UDEBUG -DNDEBUG -D_DEFAULT_SOURCE -D_BSD_SOURCE -D_POSIX_SOURCE -DSDB_MEASURE_USE_TEMP_DIR -D_REENTRANT -UDEBUG -DNDEBUG -D_DEFAULT_SOURCE -D_BSD_SOURCE -D_POSIX_SOURCE -DSDB_MEASURE_USE_TEMP_DIR -D_REENTRANT -DNSS_DISABLE_SSE3 -DNSS_NO_INIT_SUPPORT -DUSE_UTIL_DIRECTLY -DNO_NSPR_10_SUPPORT -DSSL_DISABLE_DEPRECATED_CIPHER_SUITE_NAMES -DSTDC_HEADERS -DHAVE_STRERROR -DHAVE_SNPRINTF -DMEMMOVE -D__DBINTERFACE_PRIVATE -I/home/ffortier/code/perso/nss/../nspr/dist/include/nspr -I../../../../dist/Linux6.6_x86_64_cc_glibc_PTH_64_OPT.OBJ/include -I../../../../dist/public/dbm -I../../../../dist/private/dbm  h_log2.c
cc -o Linux6.6_x86_64_cc_glibc_PTH_64_OPT.OBJ/h_page.o -c -std=c99 -O2 -fPIC  -m64 -pipe -ffunction-sections -fdata-sections -DHAVE_STRERROR -DLINUX -Dlinux -Wall -Wshadow -Werror -DXP_UNIX -DXP_UNIX -UDEBUG -DNDEBUG -D_DEFAULT_SOURCE -D_BSD_SOURCE -D_POSIX_SOURCE -DSDB_MEASURE_USE_TEMP_DIR -D_REENTRANT -UDEBUG -DNDEBUG -D_DEFAULT_SOURCE -D_BSD_SOURCE -D_POSIX_SOURCE -DSDB_MEASURE_USE_TEMP_DIR -D_REENTRANT -DNSS_DISABLE_SSE3 -DNSS_NO_INIT_SUPPORT -DUSE_UTIL_DIRECTLY -DNO_NSPR_10_SUPPORT -DSSL_DISABLE_DEPRECATED_CIPHER_SUITE_NAMES -DSTDC_HEADERS -DHAVE_STRERROR -DHAVE_SNPRINTF -DMEMMOVE -D__DBINTERFACE_PRIVATE -I/home/ffortier/code/perso/nss/../nspr/dist/include/nspr -I../../../../dist/Linux6.6_x86_64_cc_glibc_PTH_64_OPT.OBJ/include -I../../../../dist/public/dbm -I../../../../dist/private/dbm  h_page.c
cc -o Linux6.6_x86_64_cc_glibc_PTH_64_OPT.OBJ/hash.o -c -std=c99 -O2 -fPIC  -m64 -pipe -ffunction-sections -fdata-sections -DHAVE_STRERROR -DLINUX -Dlinux -Wall -Wshadow -Werror -DXP_UNIX -DXP_UNIX -UDEBUG -DNDEBUG -D_DEFAULT_SOURCE -D_BSD_SOURCE -D_POSIX_SOURCE -DSDB_MEASURE_USE_TEMP_DIR -D_REENTRANT -UDEBUG -DNDEBUG -D_DEFAULT_SOURCE -D_BSD_SOURCE -D_POSIX_SOURCE -DSDB_MEASURE_USE_TEMP_DIR -D_REENTRANT -DNSS_DISABLE_SSE3 -DNSS_NO_INIT_SUPPORT -DUSE_UTIL_DIRECTLY -DNO_NSPR_10_SUPPORT -DSSL_DISABLE_DEPRECATED_CIPHER_SUITE_NAMES -DSTDC_HEADERS -DHAVE_STRERROR -DHAVE_SNPRINTF -DMEMMOVE -D__DBINTERFACE_PRIVATE -I/home/ffortier/code/perso/nss/../nspr/dist/include/nspr -I../../../../dist/Linux6.6_x86_64_cc_glibc_PTH_64_OPT.OBJ/include -I../../../../dist/public/dbm -I../../../../dist/private/dbm  hash.c
cc -o Linux6.6_x86_64_cc_glibc_PTH_64_OPT.OBJ/hash_buf.o -c -std=c99 -O2 -fPIC  -m64 -pipe -ffunction-sections -fdata-sections -DHAVE_STRERROR -DLINUX -Dlinux -Wall -Wshadow -Werror -DXP_UNIX -DXP_UNIX -UDEBUG -DNDEBUG -D_DEFAULT_SOURCE -D_BSD_SOURCE -D_POSIX_SOURCE -DSDB_MEASURE_USE_TEMP_DIR -D_REENTRANT -UDEBUG -DNDEBUG -D_DEFAULT_SOURCE -D_BSD_SOURCE -D_POSIX_SOURCE -DSDB_MEASURE_USE_TEMP_DIR -D_REENTRANT -DNSS_DISABLE_SSE3 -DNSS_NO_INIT_SUPPORT -DUSE_UTIL_DIRECTLY -DNO_NSPR_10_SUPPORT -DSSL_DISABLE_DEPRECATED_CIPHER_SUITE_NAMES -DSTDC_HEADERS -DHAVE_STRERROR -DHAVE_SNPRINTF -DMEMMOVE -D__DBINTERFACE_PRIVATE -I/home/ffortier/code/perso/nss/../nspr/dist/include/nspr -I../../../../dist/Linux6.6_x86_64_cc_glibc_PTH_64_OPT.OBJ/include -I../../../../dist/public/dbm -I../../../../dist/private/dbm  hash_buf.c
cc -o Linux6.6_x86_64_cc_glibc_PTH_64_OPT.OBJ/mktemp.o -c -std=c99 -O2 -fPIC  -m64 -pipe -ffunction-sections -fdata-sections -DHAVE_STRERROR -DLINUX -Dlinux -Wall -Wshadow -Werror -DXP_UNIX -DXP_UNIX -UDEBUG -DNDEBUG -D_DEFAULT_SOURCE -D_BSD_SOURCE -D_POSIX_SOURCE -DSDB_MEASURE_USE_TEMP_DIR -D_REENTRANT -UDEBUG -DNDEBUG -D_DEFAULT_SOURCE -D_BSD_SOURCE -D_POSIX_SOURCE -DSDB_MEASURE_USE_TEMP_DIR -D_REENTRANT -DNSS_DISABLE_SSE3 -DNSS_NO_INIT_SUPPORT -DUSE_UTIL_DIRECTLY -DNO_NSPR_10_SUPPORT -DSSL_DISABLE_DEPRECATED_CIPHER_SUITE_NAMES -DSTDC_HEADERS -DHAVE_STRERROR -DHAVE_SNPRINTF -DMEMMOVE -D__DBINTERFACE_PRIVATE -I/home/ffortier/code/perso/nss/../nspr/dist/include/nspr -I../../../../dist/Linux6.6_x86_64_cc_glibc_PTH_64_OPT.OBJ/include -I../../../../dist/public/dbm -I../../../../dist/private/dbm  mktemp.c
rm -f Linux6.6_x86_64_cc_glibc_PTH_64_OPT.OBJ/libdbm.a
ar cr Linux6.6_x86_64_cc_glibc_PTH_64_OPT.OBJ/libdbm.a Linux6.6_x86_64_cc_glibc_PTH_64_OPT.OBJ/db.o Linux6.6_x86_64_cc_glibc_PTH_64_OPT.OBJ/h_bigkey.o Linux6.6_x86_64_cc_glibc_PTH_64_OPT.OBJ/h_func.o Linux6.6_x86_64_cc_glibc_PTH_64_OPT.OBJ/h_log2.o Linux6.6_x86_64_cc_glibc_PTH_64_OPT.OBJ/h_page.o Linux6.6_x86_64_cc_glibc_PTH_64_OPT.OBJ/hash.o Linux6.6_x86_64_cc_glibc_PTH_64_OPT.OBJ/hash_buf.o Linux6.6_x86_64_cc_glibc_PTH_64_OPT.OBJ/mktemp.o
echo Linux6.6_x86_64_cc_glibc_PTH_64_OPT.OBJ/libdbm.a
Linux6.6_x86_64_cc_glibc_PTH_64_OPT.OBJ/libdbm.a
../../../coreconf/nsinstall/Linux6.6_x86_64_cc_glibc_PTH_64_OPT.OBJ/nsinstall -R -m 664 Linux6.6_x86_64_cc_glibc_PTH_64_OPT.OBJ/libdbm.a ../../../../dist/Linux6.6_x86_64_cc_glibc_PTH_64_OPT.OBJ/lib
make[4]: Leaving directory '/home/ffortier/code/perso/nss/lib/dbm/src'
make[3]: Leaving directory '/home/ffortier/code/perso/nss/lib/dbm'
make[3]: Entering directory '/home/ffortier/code/perso/nss/lib/freebl'
cc -o Linux6.6_x86_64_cc_glibc_PTH_64_OPT.OBJ/loader.o -c -std=c99 -O2 -fPIC  -m64 -pipe -ffunction-sections -fdata-sections -DHAVE_STRERROR -DLINUX -Dlinux -Wall -Wshadow -Werror -DXP_UNIX -DXP_UNIX -UDEBUG -DNDEBUG -D_DEFAULT_SOURCE -D_BSD_SOURCE -D_POSIX_SOURCE -DSDB_MEASURE_USE_TEMP_DIR -D_REENTRANT -DSHLIB_SUFFIX=\"so\" -DSHLIB_PREFIX=\"lib\" -DSHLIB_VERSION=\"3\" -DSOFTOKEN_SHLIB_VERSION=\"3\" -DKYBER_K=3 -DRIJNDAEL_INCLUDE_TABLES -UDEBUG -DNDEBUG -D_DEFAULT_SOURCE -D_BSD_SOURCE -D_POSIX_SOURCE -DSDB_MEASURE_USE_TEMP_DIR -D_REENTRANT -DNSS_DISABLE_SSE3 -DNSS_NO_INIT_SUPPORT -DUSE_UTIL_DIRECTLY -DNO_NSPR_10_SUPPORT -DSSL_DISABLE_DEPRECATED_CIPHER_SUITE_NAMES -DNSS_USE_64 -DFREEBL_NO_DEPEND -DFREEBL_LOWHASH -DNSS_X86_OR_X64 -DNSS_X64 -DUSE_HW_SHA2 -DNSS_BEVAND_ARCFOUR -DMPI_AMD64 -DMP_ASSEMBLY_MULTIPLY -DNSS_USE_COMBA -DUSE_HW_AES -DINTEL_GCM -DHAVE_INT128_SUPPORT -DHACL_CAN_COMPILE_VEC256 -DKRML_MUSTINLINE=inline -DMP_API_COMPATIBLE -I/home/ffortier/code/perso/nss/../nspr/dist/include/nspr -I../../../dist/Linux6.6_x86_64_cc_glibc_PTH_64_OPT.OBJ/include -I../../../dist/public/nss -I../../../dist/private/nss -Impi -Iecl -Iverified -Iverified/internal -Iverified/karamel/include -Iverified/karamel/krmllib/dist/minimal -Iverified/eurydice -Ideprecated  loader.c
rm -f Linux6.6_x86_64_cc_glibc_PTH_64_OPT.OBJ/libfreebl.a
ar cr Linux6.6_x86_64_cc_glibc_PTH_64_OPT.OBJ/libfreebl.a Linux6.6_x86_64_cc_glibc_PTH_64_OPT.OBJ/loader.o
echo Linux6.6_x86_64_cc_glibc_PTH_64_OPT.OBJ/libfreebl.a
Linux6.6_x86_64_cc_glibc_PTH_64_OPT.OBJ/libfreebl.a
make FREEBL_CHILD_BUILD=1 NEEDED_DUMMY=1 OBJDIR=Linux6.6_x86_64_cc_glibc_PTH_64_OPT.OBJ/Linux_SINGLE_SHLIB libs
make[4]: Entering directory '/home/ffortier/code/perso/nss/lib/freebl'
cc -o Linux6.6_x86_64_cc_glibc_PTH_64_OPT.OBJ/Linux_SINGLE_SHLIB/freeblver.o -c -std=c99 -O2 -fPIC  -m64 -pipe -ffunction-sections -fdata-sections -DHAVE_STRERROR -DLINUX -Dlinux -Wall -Wshadow -Werror -DXP_UNIX -DXP_UNIX -UDEBUG -DNDEBUG -D_DEFAULT_SOURCE -D_BSD_SOURCE -D_POSIX_SOURCE -DSDB_MEASURE_USE_TEMP_DIR -D_REENTRANT -DSHLIB_SUFFIX=\"so\" -DSHLIB_PREFIX=\"lib\" -DSHLIB_VERSION=\"3\" -DSOFTOKEN_SHLIB_VERSION=\"3\" -DKYBER_K=3 -DRIJNDAEL_INCLUDE_TABLES -UDEBUG -DNDEBUG -D_DEFAULT_SOURCE -D_BSD_SOURCE -D_POSIX_SOURCE -DSDB_MEASURE_USE_TEMP_DIR -D_REENTRANT -DNSS_DISABLE_SSE3 -DNSS_NO_INIT_SUPPORT -DUSE_UTIL_DIRECTLY -DNO_NSPR_10_SUPPORT -DSSL_DISABLE_DEPRECATED_CIPHER_SUITE_NAMES -DNSS_USE_64 -DFREEBL_NO_DEPEND -DFREEBL_LOWHASH -DNSS_X86_OR_X64 -DNSS_X64 -DUSE_HW_SHA2 -DNSS_BEVAND_ARCFOUR -DMPI_AMD64 -DMP_ASSEMBLY_MULTIPLY -DNSS_USE_COMBA -DUSE_HW_AES -DINTEL_GCM -DHAVE_INT128_SUPPORT -DHACL_CAN_COMPILE_VEC256 -DKRML_MUSTINLINE=inline -DMP_API_COMPATIBLE -I/home/ffortier/code/perso/nss/../nspr/dist/include/nspr -I../../../dist/Linux6.6_x86_64_cc_glibc_PTH_64_OPT.OBJ/include -I../../../dist/public/nss -I../../../dist/private/nss -Impi -Iecl -Iverified -Iverified/internal -Iverified/karamel/include -Iverified/karamel/krmllib/dist/minimal -Iverified/eurydice -Ideprecated  freeblver.c
cc -o Linux6.6_x86_64_cc_glibc_PTH_64_OPT.OBJ/Linux_SINGLE_SHLIB/ldvector.o -c -std=c99 -O2 -fPIC  -m64 -pipe -ffunction-sections -fdata-sections -DHAVE_STRERROR -DLINUX -Dlinux -Wall -Wshadow -Werror -DXP_UNIX -DXP_UNIX -UDEBUG -DNDEBUG -D_DEFAULT_SOURCE -D_BSD_SOURCE -D_POSIX_SOURCE -DSDB_MEASURE_USE_TEMP_DIR -D_REENTRANT -DSHLIB_SUFFIX=\"so\" -DSHLIB_PREFIX=\"lib\" -DSHLIB_VERSION=\"3\" -DSOFTOKEN_SHLIB_VERSION=\"3\" -DKYBER_K=3 -DRIJNDAEL_INCLUDE_TABLES -UDEBUG -DNDEBUG -D_DEFAULT_SOURCE -D_BSD_SOURCE -D_POSIX_SOURCE -DSDB_MEASURE_USE_TEMP_DIR -D_REENTRANT -DNSS_DISABLE_SSE3 -DNSS_NO_INIT_SUPPORT -DUSE_UTIL_DIRECTLY -DNO_NSPR_10_SUPPORT -DSSL_DISABLE_DEPRECATED_CIPHER_SUITE_NAMES -DNSS_USE_64 -DFREEBL_NO_DEPEND -DFREEBL_LOWHASH -DNSS_X86_OR_X64 -DNSS_X64 -DUSE_HW_SHA2 -DNSS_BEVAND_ARCFOUR -DMPI_AMD64 -DMP_ASSEMBLY_MULTIPLY -DNSS_USE_COMBA -DUSE_HW_AES -DINTEL_GCM -DHAVE_INT128_SUPPORT -DHACL_CAN_COMPILE_VEC256 -DKRML_MUSTINLINE=inline -DMP_API_COMPATIBLE -I/home/ffortier/code/perso/nss/../nspr/dist/include/nspr -I../../../dist/Linux6.6_x86_64_cc_glibc_PTH_64_OPT.OBJ/include -I../../../dist/public/nss -I../../../dist/private/nss -Impi -Iecl -Iverified -Iverified/internal -Iverified/karamel/include -Iverified/karamel/krmllib/dist/minimal -Iverified/eurydice -Ideprecated  ldvector.c
cc -o Linux6.6_x86_64_cc_glibc_PTH_64_OPT.OBJ/Linux_SINGLE_SHLIB/sysrand.o -c -std=c99 -O2 -fPIC  -m64 -pipe -ffunction-sections -fdata-sections -DHAVE_STRERROR -DLINUX -Dlinux -Wall -Wshadow -Werror -DXP_UNIX -DXP_UNIX -UDEBUG -DNDEBUG -D_DEFAULT_SOURCE -D_BSD_SOURCE -D_POSIX_SOURCE -DSDB_MEASURE_USE_TEMP_DIR -D_REENTRANT -DSHLIB_SUFFIX=\"so\" -DSHLIB_PREFIX=\"lib\" -DSHLIB_VERSION=\"3\" -DSOFTOKEN_SHLIB_VERSION=\"3\" -DKYBER_K=3 -DRIJNDAEL_INCLUDE_TABLES -UDEBUG -DNDEBUG -D_DEFAULT_SOURCE -D_BSD_SOURCE -D_POSIX_SOURCE -DSDB_MEASURE_USE_TEMP_DIR -D_REENTRANT -DNSS_DISABLE_SSE3 -DNSS_NO_INIT_SUPPORT -DUSE_UTIL_DIRECTLY -DNO_NSPR_10_SUPPORT -DSSL_DISABLE_DEPRECATED_CIPHER_SUITE_NAMES -DNSS_USE_64 -DFREEBL_NO_DEPEND -DFREEBL_LOWHASH -DNSS_X86_OR_X64 -DNSS_X64 -DUSE_HW_SHA2 -DNSS_BEVAND_ARCFOUR -DMPI_AMD64 -DMP_ASSEMBLY_MULTIPLY -DNSS_USE_COMBA -DUSE_HW_AES -DINTEL_GCM -DHAVE_INT128_SUPPORT -DHACL_CAN_COMPILE_VEC256 -DKRML_MUSTINLINE=inline -DMP_API_COMPATIBLE -I/home/ffortier/code/perso/nss/../nspr/dist/include/nspr -I../../../dist/Linux6.6_x86_64_cc_glibc_PTH_64_OPT.OBJ/include -I../../../dist/public/nss -I../../../dist/private/nss -Impi -Iecl -Iverified -Iverified/internal -Iverified/karamel/include -Iverified/karamel/krmllib/dist/minimal -Iverified/eurydice -Ideprecated  sysrand.c
cc -o Linux6.6_x86_64_cc_glibc_PTH_64_OPT.OBJ/Linux_SINGLE_SHLIB/sha_fast.o -c -std=c99 -O2 -fPIC  -m64 -pipe -ffunction-sections -fdata-sections -DHAVE_STRERROR -DLINUX -Dlinux -Wall -Wshadow -Werror -DXP_UNIX -DXP_UNIX -UDEBUG -DNDEBUG -D_DEFAULT_SOURCE -D_BSD_SOURCE -D_POSIX_SOURCE -DSDB_MEASURE_USE_TEMP_DIR -D_REENTRANT -DSHLIB_SUFFIX=\"so\" -DSHLIB_PREFIX=\"lib\" -DSHLIB_VERSION=\"3\" -DSOFTOKEN_SHLIB_VERSION=\"3\" -DKYBER_K=3 -DRIJNDAEL_INCLUDE_TABLES -UDEBUG -DNDEBUG -D_DEFAULT_SOURCE -D_BSD_SOURCE -D_POSIX_SOURCE -DSDB_MEASURE_USE_TEMP_DIR -D_REENTRANT -DNSS_DISABLE_SSE3 -DNSS_NO_INIT_SUPPORT -DUSE_UTIL_DIRECTLY -DNO_NSPR_10_SUPPORT -DSSL_DISABLE_DEPRECATED_CIPHER_SUITE_NAMES -DNSS_USE_64 -DFREEBL_NO_DEPEND -DFREEBL_LOWHASH -DNSS_X86_OR_X64 -DNSS_X64 -DUSE_HW_SHA2 -DNSS_BEVAND_ARCFOUR -DMPI_AMD64 -DMP_ASSEMBLY_MULTIPLY -DNSS_USE_COMBA -DUSE_HW_AES -DINTEL_GCM -DHAVE_INT128_SUPPORT -DHACL_CAN_COMPILE_VEC256 -DKRML_MUSTINLINE=inline -DMP_API_COMPATIBLE -I/home/ffortier/code/perso/nss/../nspr/dist/include/nspr -I../../../dist/Linux6.6_x86_64_cc_glibc_PTH_64_OPT.OBJ/include -I../../../dist/public/nss -I../../../dist/private/nss -Impi -Iecl -Iverified -Iverified/internal -Iverified/karamel/include -Iverified/karamel/krmllib/dist/minimal -Iverified/eurydice -Ideprecated  sha_fast.c
cc -o Linux6.6_x86_64_cc_glibc_PTH_64_OPT.OBJ/Linux_SINGLE_SHLIB/md2.o -c -std=c99 -O2 -fPIC  -m64 -pipe -ffunction-sections -fdata-sections -DHAVE_STRERROR -DLINUX -Dlinux -Wall -Wshadow -Werror -DXP_UNIX -DXP_UNIX -UDEBUG -DNDEBUG -D_DEFAULT_SOURCE -D_BSD_SOURCE -D_POSIX_SOURCE -DSDB_MEASURE_USE_TEMP_DIR -D_REENTRANT -DSHLIB_SUFFIX=\"so\" -DSHLIB_PREFIX=\"lib\" -DSHLIB_VERSION=\"3\" -DSOFTOKEN_SHLIB_VERSION=\"3\" -DKYBER_K=3 -DRIJNDAEL_INCLUDE_TABLES -UDEBUG -DNDEBUG -D_DEFAULT_SOURCE -D_BSD_SOURCE -D_POSIX_SOURCE -DSDB_MEASURE_USE_TEMP_DIR -D_REENTRANT -DNSS_DISABLE_SSE3 -DNSS_NO_INIT_SUPPORT -DUSE_UTIL_DIRECTLY -DNO_NSPR_10_SUPPORT -DSSL_DISABLE_DEPRECATED_CIPHER_SUITE_NAMES -DNSS_USE_64 -DFREEBL_NO_DEPEND -DFREEBL_LOWHASH -DNSS_X86_OR_X64 -DNSS_X64 -DUSE_HW_SHA2 -DNSS_BEVAND_ARCFOUR -DMPI_AMD64 -DMP_ASSEMBLY_MULTIPLY -DNSS_USE_COMBA -DUSE_HW_AES -DINTEL_GCM -DHAVE_INT128_SUPPORT -DHACL_CAN_COMPILE_VEC256 -DKRML_MUSTINLINE=inline -DMP_API_COMPATIBLE -I/home/ffortier/code/perso/nss/../nspr/dist/include/nspr -I../../../dist/Linux6.6_x86_64_cc_glibc_PTH_64_OPT.OBJ/include -I../../../dist/public/nss -I../../../dist/private/nss -Impi -Iecl -Iverified -Iverified/internal -Iverified/karamel/include -Iverified/karamel/krmllib/dist/minimal -Iverified/eurydice -Ideprecated  md2.c
cc -o Linux6.6_x86_64_cc_glibc_PTH_64_OPT.OBJ/Linux_SINGLE_SHLIB/md5.o -c -std=c99 -O2 -fPIC  -m64 -pipe -ffunction-sections -fdata-sections -DHAVE_STRERROR -DLINUX -Dlinux -Wall -Wshadow -Werror -DXP_UNIX -DXP_UNIX -UDEBUG -DNDEBUG -D_DEFAULT_SOURCE -D_BSD_SOURCE -D_POSIX_SOURCE -DSDB_MEASURE_USE_TEMP_DIR -D_REENTRANT -DSHLIB_SUFFIX=\"so\" -DSHLIB_PREFIX=\"lib\" -DSHLIB_VERSION=\"3\" -DSOFTOKEN_SHLIB_VERSION=\"3\" -DKYBER_K=3 -DRIJNDAEL_INCLUDE_TABLES -UDEBUG -DNDEBUG -D_DEFAULT_SOURCE -D_BSD_SOURCE -D_POSIX_SOURCE -DSDB_MEASURE_USE_TEMP_DIR -D_REENTRANT -DNSS_DISABLE_SSE3 -DNSS_NO_INIT_SUPPORT -DUSE_UTIL_DIRECTLY -DNO_NSPR_10_SUPPORT -DSSL_DISABLE_DEPRECATED_CIPHER_SUITE_NAMES -DNSS_USE_64 -DFREEBL_NO_DEPEND -DFREEBL_LOWHASH -DNSS_X86_OR_X64 -DNSS_X64 -DUSE_HW_SHA2 -DNSS_BEVAND_ARCFOUR -DMPI_AMD64 -DMP_ASSEMBLY_MULTIPLY -DNSS_USE_COMBA -DUSE_HW_AES -DINTEL_GCM -DHAVE_INT128_SUPPORT -DHACL_CAN_COMPILE_VEC256 -DKRML_MUSTINLINE=inline -DMP_API_COMPATIBLE -I/home/ffortier/code/perso/nss/../nspr/dist/include/nspr -I../../../dist/Linux6.6_x86_64_cc_glibc_PTH_64_OPT.OBJ/include -I../../../dist/public/nss -I../../../dist/private/nss -Impi -Iecl -Iverified -Iverified/internal -Iverified/karamel/include -Iverified/karamel/krmllib/dist/minimal -Iverified/eurydice -Ideprecated  md5.c
cc -o Linux6.6_x86_64_cc_glibc_PTH_64_OPT.OBJ/Linux_SINGLE_SHLIB/sha512.o -c -std=c99 -O2 -fPIC  -m64 -pipe -ffunction-sections -fdata-sections -DHAVE_STRERROR -DLINUX -Dlinux -Wall -Wshadow -Werror -DXP_UNIX -DXP_UNIX -UDEBUG -DNDEBUG -D_DEFAULT_SOURCE -D_BSD_SOURCE -D_POSIX_SOURCE -DSDB_MEASURE_USE_TEMP_DIR -D_REENTRANT -DSHLIB_SUFFIX=\"so\" -DSHLIB_PREFIX=\"lib\" -DSHLIB_VERSION=\"3\" -DSOFTOKEN_SHLIB_VERSION=\"3\" -DKYBER_K=3 -DRIJNDAEL_INCLUDE_TABLES -UDEBUG -DNDEBUG -D_DEFAULT_SOURCE -D_BSD_SOURCE -D_POSIX_SOURCE -DSDB_MEASURE_USE_TEMP_DIR -D_REENTRANT -DNSS_DISABLE_SSE3 -DNSS_NO_INIT_SUPPORT -DUSE_UTIL_DIRECTLY -DNO_NSPR_10_SUPPORT -DSSL_DISABLE_DEPRECATED_CIPHER_SUITE_NAMES -DNSS_USE_64 -DFREEBL_NO_DEPEND -DFREEBL_LOWHASH -DNSS_X86_OR_X64 -DNSS_X64 -DUSE_HW_SHA2 -DNSS_BEVAND_ARCFOUR -DMPI_AMD64 -DMP_ASSEMBLY_MULTIPLY -DNSS_USE_COMBA -DUSE_HW_AES -DINTEL_GCM -DHAVE_INT128_SUPPORT -DHACL_CAN_COMPILE_VEC256 -DKRML_MUSTINLINE=inline -DMP_API_COMPATIBLE -I/home/ffortier/code/perso/nss/../nspr/dist/include/nspr -I../../../dist/Linux6.6_x86_64_cc_glibc_PTH_64_OPT.OBJ/include -I../../../dist/public/nss -I../../../dist/private/nss -Impi -Iecl -Iverified -Iverified/internal -Iverified/karamel/include -Iverified/karamel/krmllib/dist/minimal -Iverified/eurydice -Ideprecated  sha512.c
cc -o Linux6.6_x86_64_cc_glibc_PTH_64_OPT.OBJ/Linux_SINGLE_SHLIB/sha3.o -c -std=c99 -O2 -fPIC  -m64 -pipe -ffunction-sections -fdata-sections -DHAVE_STRERROR -DLINUX -Dlinux -Wall -Wshadow -Werror -DXP_UNIX -DXP_UNIX -UDEBUG -DNDEBUG -D_DEFAULT_SOURCE -D_BSD_SOURCE -D_POSIX_SOURCE -DSDB_MEASURE_USE_TEMP_DIR -D_REENTRANT -DSHLIB_SUFFIX=\"so\" -DSHLIB_PREFIX=\"lib\" -DSHLIB_VERSION=\"3\" -DSOFTOKEN_SHLIB_VERSION=\"3\" -DKYBER_K=3 -DRIJNDAEL_INCLUDE_TABLES -UDEBUG -DNDEBUG -D_DEFAULT_SOURCE -D_BSD_SOURCE -D_POSIX_SOURCE -DSDB_MEASURE_USE_TEMP_DIR -D_REENTRANT -DNSS_DISABLE_SSE3 -DNSS_NO_INIT_SUPPORT -DUSE_UTIL_DIRECTLY -DNO_NSPR_10_SUPPORT -DSSL_DISABLE_DEPRECATED_CIPHER_SUITE_NAMES -DNSS_USE_64 -DFREEBL_NO_DEPEND -DFREEBL_LOWHASH -DNSS_X86_OR_X64 -DNSS_X64 -DUSE_HW_SHA2 -DNSS_BEVAND_ARCFOUR -DMPI_AMD64 -DMP_ASSEMBLY_MULTIPLY -DNSS_USE_COMBA -DUSE_HW_AES -DINTEL_GCM -DHAVE_INT128_SUPPORT -DHACL_CAN_COMPILE_VEC256 -DKRML_MUSTINLINE=inline -DMP_API_COMPATIBLE -I/home/ffortier/code/perso/nss/../nspr/dist/include/nspr -I../../../dist/Linux6.6_x86_64_cc_glibc_PTH_64_OPT.OBJ/include -I../../../dist/public/nss -I../../../dist/private/nss -Impi -Iecl -Iverified -Iverified/internal -Iverified/karamel/include -Iverified/karamel/krmllib/dist/minimal -Iverified/eurydice -Ideprecated  sha3.c
cc -o Linux6.6_x86_64_cc_glibc_PTH_64_OPT.OBJ/Linux_SINGLE_SHLIB/shake.o -c -std=c99 -O2 -fPIC  -m64 -pipe -ffunction-sections -fdata-sections -DHAVE_STRERROR -DLINUX -Dlinux -Wall -Wshadow -Werror -DXP_UNIX -DXP_UNIX -UDEBUG -DNDEBUG -D_DEFAULT_SOURCE -D_BSD_SOURCE -D_POSIX_SOURCE -DSDB_MEASURE_USE_TEMP_DIR -D_REENTRANT -DSHLIB_SUFFIX=\"so\" -DSHLIB_PREFIX=\"lib\" -DSHLIB_VERSION=\"3\" -DSOFTOKEN_SHLIB_VERSION=\"3\" -DKYBER_K=3 -DRIJNDAEL_INCLUDE_TABLES -UDEBUG -DNDEBUG -D_DEFAULT_SOURCE -D_BSD_SOURCE -D_POSIX_SOURCE -DSDB_MEASURE_USE_TEMP_DIR -D_REENTRANT -DNSS_DISABLE_SSE3 -DNSS_NO_INIT_SUPPORT -DUSE_UTIL_DIRECTLY -DNO_NSPR_10_SUPPORT -DSSL_DISABLE_DEPRECATED_CIPHER_SUITE_NAMES -DNSS_USE_64 -DFREEBL_NO_DEPEND -DFREEBL_LOWHASH -DNSS_X86_OR_X64 -DNSS_X64 -DUSE_HW_SHA2 -DNSS_BEVAND_ARCFOUR -DMPI_AMD64 -DMP_ASSEMBLY_MULTIPLY -DNSS_USE_COMBA -DUSE_HW_AES -DINTEL_GCM -DHAVE_INT128_SUPPORT -DHACL_CAN_COMPILE_VEC256 -DKRML_MUSTINLINE=inline -DMP_API_COMPATIBLE -I/home/ffortier/code/perso/nss/../nspr/dist/include/nspr -I../../../dist/Linux6.6_x86_64_cc_glibc_PTH_64_OPT.OBJ/include -I../../../dist/public/nss -I../../../dist/private/nss -Impi -Iecl -Iverified -Iverified/internal -Iverified/karamel/include -Iverified/karamel/krmllib/dist/minimal -Iverified/eurydice -Ideprecated  shake.c
cc -o Linux6.6_x86_64_cc_glibc_PTH_64_OPT.OBJ/Linux_SINGLE_SHLIB/cmac.o -c -std=c99 -O2 -fPIC  -m64 -pipe -ffunction-sections -fdata-sections -DHAVE_STRERROR -DLINUX -Dlinux -Wall -Wshadow -Werror -DXP_UNIX -DXP_UNIX -UDEBUG -DNDEBUG -D_DEFAULT_SOURCE -D_BSD_SOURCE -D_POSIX_SOURCE -DSDB_MEASURE_USE_TEMP_DIR -D_REENTRANT -DSHLIB_SUFFIX=\"so\" -DSHLIB_PREFIX=\"lib\" -DSHLIB_VERSION=\"3\" -DSOFTOKEN_SHLIB_VERSION=\"3\" -DKYBER_K=3 -DRIJNDAEL_INCLUDE_TABLES -UDEBUG -DNDEBUG -D_DEFAULT_SOURCE -D_BSD_SOURCE -D_POSIX_SOURCE -DSDB_MEASURE_USE_TEMP_DIR -D_REENTRANT -DNSS_DISABLE_SSE3 -DNSS_NO_INIT_SUPPORT -DUSE_UTIL_DIRECTLY -DNO_NSPR_10_SUPPORT -DSSL_DISABLE_DEPRECATED_CIPHER_SUITE_NAMES -DNSS_USE_64 -DFREEBL_NO_DEPEND -DFREEBL_LOWHASH -DNSS_X86_OR_X64 -DNSS_X64 -DUSE_HW_SHA2 -DNSS_BEVAND_ARCFOUR -DMPI_AMD64 -DMP_ASSEMBLY_MULTIPLY -DNSS_USE_COMBA -DUSE_HW_AES -DINTEL_GCM -DHAVE_INT128_SUPPORT -DHACL_CAN_COMPILE_VEC256 -DKRML_MUSTINLINE=inline -DMP_API_COMPATIBLE -I/home/ffortier/code/perso/nss/../nspr/dist/include/nspr -I../../../dist/Linux6.6_x86_64_cc_glibc_PTH_64_OPT.OBJ/include -I../../../dist/public/nss -I../../../dist/private/nss -Impi -Iecl -Iverified -Iverified/internal -Iverified/karamel/include -Iverified/karamel/krmllib/dist/minimal -Iverified/eurydice -Ideprecated  cmac.c
cc -o Linux6.6_x86_64_cc_glibc_PTH_64_OPT.OBJ/Linux_SINGLE_SHLIB/alghmac.o -c -std=c99 -O2 -fPIC  -m64 -pipe -ffunction-sections -fdata-sections -DHAVE_STRERROR -DLINUX -Dlinux -Wall -Wshadow -Werror -DXP_UNIX -DXP_UNIX -UDEBUG -DNDEBUG -D_DEFAULT_SOURCE -D_BSD_SOURCE -D_POSIX_SOURCE -DSDB_MEASURE_USE_TEMP_DIR -D_REENTRANT -DSHLIB_SUFFIX=\"so\" -DSHLIB_PREFIX=\"lib\" -DSHLIB_VERSION=\"3\" -DSOFTOKEN_SHLIB_VERSION=\"3\" -DKYBER_K=3 -DRIJNDAEL_INCLUDE_TABLES -UDEBUG -DNDEBUG -D_DEFAULT_SOURCE -D_BSD_SOURCE -D_POSIX_SOURCE -DSDB_MEASURE_USE_TEMP_DIR -D_REENTRANT -DNSS_DISABLE_SSE3 -DNSS_NO_INIT_SUPPORT -DUSE_UTIL_DIRECTLY -DNO_NSPR_10_SUPPORT -DSSL_DISABLE_DEPRECATED_CIPHER_SUITE_NAMES -DNSS_USE_64 -DFREEBL_NO_DEPEND -DFREEBL_LOWHASH -DNSS_X86_OR_X64 -DNSS_X64 -DUSE_HW_SHA2 -DNSS_BEVAND_ARCFOUR -DMPI_AMD64 -DMP_ASSEMBLY_MULTIPLY -DNSS_USE_COMBA -DUSE_HW_AES -DINTEL_GCM -DHAVE_INT128_SUPPORT -DHACL_CAN_COMPILE_VEC256 -DKRML_MUSTINLINE=inline -DMP_API_COMPATIBLE -I/home/ffortier/code/perso/nss/../nspr/dist/include/nspr -I../../../dist/Linux6.6_x86_64_cc_glibc_PTH_64_OPT.OBJ/include -I../../../dist/public/nss -I../../../dist/private/nss -Impi -Iecl -Iverified -Iverified/internal -Iverified/karamel/include -Iverified/karamel/krmllib/dist/minimal -Iverified/eurydice -Ideprecated  alghmac.c
cc -o Linux6.6_x86_64_cc_glibc_PTH_64_OPT.OBJ/Linux_SINGLE_SHLIB/rawhash.o -c -std=c99 -O2 -fPIC  -m64 -pipe -ffunction-sections -fdata-sections -DHAVE_STRERROR -DLINUX -Dlinux -Wall -Wshadow -Werror -DXP_UNIX -DXP_UNIX -UDEBUG -DNDEBUG -D_DEFAULT_SOURCE -D_BSD_SOURCE -D_POSIX_SOURCE -DSDB_MEASURE_USE_TEMP_DIR -D_REENTRANT -DSHLIB_SUFFIX=\"so\" -DSHLIB_PREFIX=\"lib\" -DSHLIB_VERSION=\"3\" -DSOFTOKEN_SHLIB_VERSION=\"3\" -DKYBER_K=3 -DRIJNDAEL_INCLUDE_TABLES -UDEBUG -DNDEBUG -D_DEFAULT_SOURCE -D_BSD_SOURCE -D_POSIX_SOURCE -DSDB_MEASURE_USE_TEMP_DIR -D_REENTRANT -DNSS_DISABLE_SSE3 -DNSS_NO_INIT_SUPPORT -DUSE_UTIL_DIRECTLY -DNO_NSPR_10_SUPPORT -DSSL_DISABLE_DEPRECATED_CIPHER_SUITE_NAMES -DNSS_USE_64 -DFREEBL_NO_DEPEND -DFREEBL_LOWHASH -DNSS_X86_OR_X64 -DNSS_X64 -DUSE_HW_SHA2 -DNSS_BEVAND_ARCFOUR -DMPI_AMD64 -DMP_ASSEMBLY_MULTIPLY -DNSS_USE_COMBA -DUSE_HW_AES -DINTEL_GCM -DHAVE_INT128_SUPPORT -DHACL_CAN_COMPILE_VEC256 -DKRML_MUSTINLINE=inline -DMP_API_COMPATIBLE -I/home/ffortier/code/perso/nss/../nspr/dist/include/nspr -I../../../dist/Linux6.6_x86_64_cc_glibc_PTH_64_OPT.OBJ/include -I../../../dist/public/nss -I../../../dist/private/nss -Impi -Iecl -Iverified -Iverified/internal -Iverified/karamel/include -Iverified/karamel/krmllib/dist/minimal -Iverified/eurydice -Ideprecated  rawhash.c
cc -o Linux6.6_x86_64_cc_glibc_PTH_64_OPT.OBJ/Linux_SINGLE_SHLIB/arcfour.o -c -std=c99 -O2 -fPIC  -m64 -pipe -ffunction-sections -fdata-sections -DHAVE_STRERROR -DLINUX -Dlinux -Wall -Wshadow -Werror -DXP_UNIX -DXP_UNIX -UDEBUG -DNDEBUG -D_DEFAULT_SOURCE -D_BSD_SOURCE -D_POSIX_SOURCE -DSDB_MEASURE_USE_TEMP_DIR -D_REENTRANT -DSHLIB_SUFFIX=\"so\" -DSHLIB_PREFIX=\"lib\" -DSHLIB_VERSION=\"3\" -DSOFTOKEN_SHLIB_VERSION=\"3\" -DKYBER_K=3 -DRIJNDAEL_INCLUDE_TABLES -UDEBUG -DNDEBUG -D_DEFAULT_SOURCE -D_BSD_SOURCE -D_POSIX_SOURCE -DSDB_MEASURE_USE_TEMP_DIR -D_REENTRANT -DNSS_DISABLE_SSE3 -DNSS_NO_INIT_SUPPORT -DUSE_UTIL_DIRECTLY -DNO_NSPR_10_SUPPORT -DSSL_DISABLE_DEPRECATED_CIPHER_SUITE_NAMES -DNSS_USE_64 -DFREEBL_NO_DEPEND -DFREEBL_LOWHASH -DNSS_X86_OR_X64 -DNSS_X64 -DUSE_HW_SHA2 -DNSS_BEVAND_ARCFOUR -DMPI_AMD64 -DMP_ASSEMBLY_MULTIPLY -DNSS_USE_COMBA -DUSE_HW_AES -DINTEL_GCM -DHAVE_INT128_SUPPORT -DHACL_CAN_COMPILE_VEC256 -DKRML_MUSTINLINE=inline -DMP_API_COMPATIBLE -I/home/ffortier/code/perso/nss/../nspr/dist/include/nspr -I../../../dist/Linux6.6_x86_64_cc_glibc_PTH_64_OPT.OBJ/include -I../../../dist/public/nss -I../../../dist/private/nss -Impi -Iecl -Iverified -Iverified/internal -Iverified/karamel/include -Iverified/karamel/krmllib/dist/minimal -Iverified/eurydice -Ideprecated  arcfour.c
cc -o Linux6.6_x86_64_cc_glibc_PTH_64_OPT.OBJ/Linux_SINGLE_SHLIB/arcfive.o -c -std=c99 -O2 -fPIC  -m64 -pipe -ffunction-sections -fdata-sections -DHAVE_STRERROR -DLINUX -Dlinux -Wall -Wshadow -Werror -DXP_UNIX -DXP_UNIX -UDEBUG -DNDEBUG -D_DEFAULT_SOURCE -D_BSD_SOURCE -D_POSIX_SOURCE -DSDB_MEASURE_USE_TEMP_DIR -D_REENTRANT -DSHLIB_SUFFIX=\"so\" -DSHLIB_PREFIX=\"lib\" -DSHLIB_VERSION=\"3\" -DSOFTOKEN_SHLIB_VERSION=\"3\" -DKYBER_K=3 -DRIJNDAEL_INCLUDE_TABLES -UDEBUG -DNDEBUG -D_DEFAULT_SOURCE -D_BSD_SOURCE -D_POSIX_SOURCE -DSDB_MEASURE_USE_TEMP_DIR -D_REENTRANT -DNSS_DISABLE_SSE3 -DNSS_NO_INIT_SUPPORT -DUSE_UTIL_DIRECTLY -DNO_NSPR_10_SUPPORT -DSSL_DISABLE_DEPRECATED_CIPHER_SUITE_NAMES -DNSS_USE_64 -DFREEBL_NO_DEPEND -DFREEBL_LOWHASH -DNSS_X86_OR_X64 -DNSS_X64 -DUSE_HW_SHA2 -DNSS_BEVAND_ARCFOUR -DMPI_AMD64 -DMP_ASSEMBLY_MULTIPLY -DNSS_USE_COMBA -DUSE_HW_AES -DINTEL_GCM -DHAVE_INT128_SUPPORT -DHACL_CAN_COMPILE_VEC256 -DKRML_MUSTINLINE=inline -DMP_API_COMPATIBLE -I/home/ffortier/code/perso/nss/../nspr/dist/include/nspr -I../../../dist/Linux6.6_x86_64_cc_glibc_PTH_64_OPT.OBJ/include -I../../../dist/public/nss -I../../../dist/private/nss -Impi -Iecl -Iverified -Iverified/internal -Iverified/karamel/include -Iverified/karamel/krmllib/dist/minimal -Iverified/eurydice -Ideprecated  arcfive.c
cc -o Linux6.6_x86_64_cc_glibc_PTH_64_OPT.OBJ/Linux_SINGLE_SHLIB/crypto_primitives.o -c -std=c99 -O2 -fPIC  -m64 -pipe -ffunction-sections -fdata-sections -DHAVE_STRERROR -DLINUX -Dlinux -Wall -Wshadow -Werror -DXP_UNIX -DXP_UNIX -UDEBUG -DNDEBUG -D_DEFAULT_SOURCE -D_BSD_SOURCE -D_POSIX_SOURCE -DSDB_MEASURE_USE_TEMP_DIR -D_REENTRANT -DSHLIB_SUFFIX=\"so\" -DSHLIB_PREFIX=\"lib\" -DSHLIB_VERSION=\"3\" -DSOFTOKEN_SHLIB_VERSION=\"3\" -DKYBER_K=3 -DRIJNDAEL_INCLUDE_TABLES -UDEBUG -DNDEBUG -D_DEFAULT_SOURCE -D_BSD_SOURCE -D_POSIX_SOURCE -DSDB_MEASURE_USE_TEMP_DIR -D_REENTRANT -DNSS_DISABLE_SSE3 -DNSS_NO_INIT_SUPPORT -DUSE_UTIL_DIRECTLY -DNO_NSPR_10_SUPPORT -DSSL_DISABLE_DEPRECATED_CIPHER_SUITE_NAMES -DNSS_USE_64 -DFREEBL_NO_DEPEND -DFREEBL_LOWHASH -DNSS_X86_OR_X64 -DNSS_X64 -DUSE_HW_SHA2 -DNSS_BEVAND_ARCFOUR -DMPI_AMD64 -DMP_ASSEMBLY_MULTIPLY -DNSS_USE_COMBA -DUSE_HW_AES -DINTEL_GCM -DHAVE_INT128_SUPPORT -DHACL_CAN_COMPILE_VEC256 -DKRML_MUSTINLINE=inline -DMP_API_COMPATIBLE -I/home/ffortier/code/perso/nss/../nspr/dist/include/nspr -I../../../dist/Linux6.6_x86_64_cc_glibc_PTH_64_OPT.OBJ/include -I../../../dist/public/nss -I../../../dist/private/nss -Impi -Iecl -Iverified -Iverified/internal -Iverified/karamel/include -Iverified/karamel/krmllib/dist/minimal -Iverified/eurydice -Ideprecated  crypto_primitives.c
cc -o Linux6.6_x86_64_cc_glibc_PTH_64_OPT.OBJ/Linux_SINGLE_SHLIB/blake2b.o -c -std=c99 -O2 -fPIC  -m64 -pipe -ffunction-sections -fdata-sections -DHAVE_STRERROR -DLINUX -Dlinux -Wall -Wshadow -Werror -DXP_UNIX -DXP_UNIX -UDEBUG -DNDEBUG -D_DEFAULT_SOURCE -D_BSD_SOURCE -D_POSIX_SOURCE -DSDB_MEASURE_USE_TEMP_DIR -D_REENTRANT -DSHLIB_SUFFIX=\"so\" -DSHLIB_PREFIX=\"lib\" -DSHLIB_VERSION=\"3\" -DSOFTOKEN_SHLIB_VERSION=\"3\" -DKYBER_K=3 -DRIJNDAEL_INCLUDE_TABLES -UDEBUG -DNDEBUG -D_DEFAULT_SOURCE -D_BSD_SOURCE -D_POSIX_SOURCE -DSDB_MEASURE_USE_TEMP_DIR -D_REENTRANT -DNSS_DISABLE_SSE3 -DNSS_NO_INIT_SUPPORT -DUSE_UTIL_DIRECTLY -DNO_NSPR_10_SUPPORT -DSSL_DISABLE_DEPRECATED_CIPHER_SUITE_NAMES -DNSS_USE_64 -DFREEBL_NO_DEPEND -DFREEBL_LOWHASH -DNSS_X86_OR_X64 -DNSS_X64 -DUSE_HW_SHA2 -DNSS_BEVAND_ARCFOUR -DMPI_AMD64 -DMP_ASSEMBLY_MULTIPLY -DNSS_USE_COMBA -DUSE_HW_AES -DINTEL_GCM -DHAVE_INT128_SUPPORT -DHACL_CAN_COMPILE_VEC256 -DKRML_MUSTINLINE=inline -DMP_API_COMPATIBLE -I/home/ffortier/code/perso/nss/../nspr/dist/include/nspr -I../../../dist/Linux6.6_x86_64_cc_glibc_PTH_64_OPT.OBJ/include -I../../../dist/public/nss -I../../../dist/private/nss -Impi -Iecl -Iverified -Iverified/internal -Iverified/karamel/include -Iverified/karamel/krmllib/dist/minimal -Iverified/eurydice -Ideprecated  blake2b.c
cc -o Linux6.6_x86_64_cc_glibc_PTH_64_OPT.OBJ/Linux_SINGLE_SHLIB/desblapi.o -c -O2 -fPIC  -m64 -pipe -ffunction-sections -fdata-sections -DHAVE_STRERROR -DLINUX -Dlinux -Wall -Wshadow -Werror -DXP_UNIX -DXP_UNIX -UDEBUG -DNDEBUG -D_DEFAULT_SOURCE -D_BSD_SOURCE -D_POSIX_SOURCE -DSDB_MEASURE_USE_TEMP_DIR -D_REENTRANT -DSHLIB_SUFFIX=\"so\" -DSHLIB_PREFIX=\"lib\" -DSHLIB_VERSION=\"3\" -DSOFTOKEN_SHLIB_VERSION=\"3\" -DKYBER_K=3 -DRIJNDAEL_INCLUDE_TABLES -UDEBUG -DNDEBUG -D_DEFAULT_SOURCE -D_BSD_SOURCE -D_POSIX_SOURCE -DSDB_MEASURE_USE_TEMP_DIR -D_REENTRANT -DNSS_DISABLE_SSE3 -DNSS_NO_INIT_SUPPORT -DUSE_UTIL_DIRECTLY -DNO_NSPR_10_SUPPORT -DSSL_DISABLE_DEPRECATED_CIPHER_SUITE_NAMES -DNSS_USE_64 -DFREEBL_NO_DEPEND -DFREEBL_LOWHASH -DNSS_X86_OR_X64 -DNSS_X64 -DUSE_HW_SHA2 -DNSS_BEVAND_ARCFOUR -DMPI_AMD64 -DMP_ASSEMBLY_MULTIPLY -DNSS_USE_COMBA -DUSE_HW_AES -DINTEL_GCM -DHAVE_INT128_SUPPORT -DHACL_CAN_COMPILE_VEC256 -DKRML_MUSTINLINE=inline -DMP_API_COMPATIBLE -I/home/ffortier/code/perso/nss/../nspr/dist/include/nspr -I../../../dist/Linux6.6_x86_64_cc_glibc_PTH_64_OPT.OBJ/include -I../../../dist/public/nss -I../../../dist/private/nss -Impi -Iecl -Iverified -Iverified/internal -Iverified/karamel/include -Iverified/karamel/krmllib/dist/minimal -Iverified/eurydice -Ideprecated  -fno-strict-aliasing desblapi.c
cc -o Linux6.6_x86_64_cc_glibc_PTH_64_OPT.OBJ/Linux_SINGLE_SHLIB/des.o -c -std=c99 -O2 -fPIC  -m64 -pipe -ffunction-sections -fdata-sections -DHAVE_STRERROR -DLINUX -Dlinux -Wall -Wshadow -Werror -DXP_UNIX -DXP_UNIX -UDEBUG -DNDEBUG -D_DEFAULT_SOURCE -D_BSD_SOURCE -D_POSIX_SOURCE -DSDB_MEASURE_USE_TEMP_DIR -D_REENTRANT -DSHLIB_SUFFIX=\"so\" -DSHLIB_PREFIX=\"lib\" -DSHLIB_VERSION=\"3\" -DSOFTOKEN_SHLIB_VERSION=\"3\" -DKYBER_K=3 -DRIJNDAEL_INCLUDE_TABLES -UDEBUG -DNDEBUG -D_DEFAULT_SOURCE -D_BSD_SOURCE -D_POSIX_SOURCE -DSDB_MEASURE_USE_TEMP_DIR -D_REENTRANT -DNSS_DISABLE_SSE3 -DNSS_NO_INIT_SUPPORT -DUSE_UTIL_DIRECTLY -DNO_NSPR_10_SUPPORT -DSSL_DISABLE_DEPRECATED_CIPHER_SUITE_NAMES -DNSS_USE_64 -DFREEBL_NO_DEPEND -DFREEBL_LOWHASH -DNSS_X86_OR_X64 -DNSS_X64 -DUSE_HW_SHA2 -DNSS_BEVAND_ARCFOUR -DMPI_AMD64 -DMP_ASSEMBLY_MULTIPLY -DNSS_USE_COMBA -DUSE_HW_AES -DINTEL_GCM -DHAVE_INT128_SUPPORT -DHACL_CAN_COMPILE_VEC256 -DKRML_MUSTINLINE=inline -DMP_API_COMPATIBLE -I/home/ffortier/code/perso/nss/../nspr/dist/include/nspr -I../../../dist/Linux6.6_x86_64_cc_glibc_PTH_64_OPT.OBJ/include -I../../../dist/public/nss -I../../../dist/private/nss -Impi -Iecl -Iverified -Iverified/internal -Iverified/karamel/include -Iverified/karamel/krmllib/dist/minimal -Iverified/eurydice -Ideprecated  des.c
cc -o Linux6.6_x86_64_cc_glibc_PTH_64_OPT.OBJ/Linux_SINGLE_SHLIB/drbg.o -c -std=c99 -O2 -fPIC  -m64 -pipe -ffunction-sections -fdata-sections -DHAVE_STRERROR -DLINUX -Dlinux -Wall -Wshadow -Werror -DXP_UNIX -DXP_UNIX -UDEBUG -DNDEBUG -D_DEFAULT_SOURCE -D_BSD_SOURCE -D_POSIX_SOURCE -DSDB_MEASURE_USE_TEMP_DIR -D_REENTRANT -DSHLIB_SUFFIX=\"so\" -DSHLIB_PREFIX=\"lib\" -DSHLIB_VERSION=\"3\" -DSOFTOKEN_SHLIB_VERSION=\"3\" -DKYBER_K=3 -DRIJNDAEL_INCLUDE_TABLES -UDEBUG -DNDEBUG -D_DEFAULT_SOURCE -D_BSD_SOURCE -D_POSIX_SOURCE -DSDB_MEASURE_USE_TEMP_DIR -D_REENTRANT -DNSS_DISABLE_SSE3 -DNSS_NO_INIT_SUPPORT -DUSE_UTIL_DIRECTLY -DNO_NSPR_10_SUPPORT -DSSL_DISABLE_DEPRECATED_CIPHER_SUITE_NAMES -DNSS_USE_64 -DFREEBL_NO_DEPEND -DFREEBL_LOWHASH -DNSS_X86_OR_X64 -DNSS_X64 -DUSE_HW_SHA2 -DNSS_BEVAND_ARCFOUR -DMPI_AMD64 -DMP_ASSEMBLY_MULTIPLY -DNSS_USE_COMBA -DUSE_HW_AES -DINTEL_GCM -DHAVE_INT128_SUPPORT -DHACL_CAN_COMPILE_VEC256 -DKRML_MUSTINLINE=inline -DMP_API_COMPATIBLE -I/home/ffortier/code/perso/nss/../nspr/dist/include/nspr -I../../../dist/Linux6.6_x86_64_cc_glibc_PTH_64_OPT.OBJ/include -I../../../dist/public/nss -I../../../dist/private/nss -Impi -Iecl -Iverified -Iverified/internal -Iverified/karamel/include -Iverified/karamel/krmllib/dist/minimal -Iverified/eurydice -Ideprecated  drbg.c
cc -o Linux6.6_x86_64_cc_glibc_PTH_64_OPT.OBJ/Linux_SINGLE_SHLIB/chacha20poly1305.o -c -std=c99 -O2 -fPIC  -m64 -pipe -ffunction-sections -fdata-sections -DHAVE_STRERROR -DLINUX -Dlinux -Wall -Wshadow -Werror -DXP_UNIX -DXP_UNIX -UDEBUG -DNDEBUG -D_DEFAULT_SOURCE -D_BSD_SOURCE -D_POSIX_SOURCE -DSDB_MEASURE_USE_TEMP_DIR -D_REENTRANT -DSHLIB_SUFFIX=\"so\" -DSHLIB_PREFIX=\"lib\" -DSHLIB_VERSION=\"3\" -DSOFTOKEN_SHLIB_VERSION=\"3\" -DKYBER_K=3 -DRIJNDAEL_INCLUDE_TABLES -UDEBUG -DNDEBUG -D_DEFAULT_SOURCE -D_BSD_SOURCE -D_POSIX_SOURCE -DSDB_MEASURE_USE_TEMP_DIR -D_REENTRANT -DNSS_DISABLE_SSE3 -DNSS_NO_INIT_SUPPORT -DUSE_UTIL_DIRECTLY -DNO_NSPR_10_SUPPORT -DSSL_DISABLE_DEPRECATED_CIPHER_SUITE_NAMES -DNSS_USE_64 -DFREEBL_NO_DEPEND -DFREEBL_LOWHASH -DNSS_X86_OR_X64 -DNSS_X64 -DUSE_HW_SHA2 -DNSS_BEVAND_ARCFOUR -DMPI_AMD64 -DMP_ASSEMBLY_MULTIPLY -DNSS_USE_COMBA -DUSE_HW_AES -DINTEL_GCM -DHAVE_INT128_SUPPORT -DHACL_CAN_COMPILE_VEC256 -DKRML_MUSTINLINE=inline -DMP_API_COMPATIBLE -I/home/ffortier/code/perso/nss/../nspr/dist/include/nspr -I../../../dist/Linux6.6_x86_64_cc_glibc_PTH_64_OPT.OBJ/include -I../../../dist/public/nss -I../../../dist/private/nss -Impi -Iecl -Iverified -Iverified/internal -Iverified/karamel/include -Iverified/karamel/krmllib/dist/minimal -Iverified/eurydice -Ideprecated  chacha20poly1305.c
cc -o Linux6.6_x86_64_cc_glibc_PTH_64_OPT.OBJ/Linux_SINGLE_SHLIB/cts.o -c -std=c99 -O2 -fPIC  -m64 -pipe -ffunction-sections -fdata-sections -DHAVE_STRERROR -DLINUX -Dlinux -Wall -Wshadow -Werror -DXP_UNIX -DXP_UNIX -UDEBUG -DNDEBUG -D_DEFAULT_SOURCE -D_BSD_SOURCE -D_POSIX_SOURCE -DSDB_MEASURE_USE_TEMP_DIR -D_REENTRANT -DSHLIB_SUFFIX=\"so\" -DSHLIB_PREFIX=\"lib\" -DSHLIB_VERSION=\"3\" -DSOFTOKEN_SHLIB_VERSION=\"3\" -DKYBER_K=3 -DRIJNDAEL_INCLUDE_TABLES -UDEBUG -DNDEBUG -D_DEFAULT_SOURCE -D_BSD_SOURCE -D_POSIX_SOURCE -DSDB_MEASURE_USE_TEMP_DIR -D_REENTRANT -DNSS_DISABLE_SSE3 -DNSS_NO_INIT_SUPPORT -DUSE_UTIL_DIRECTLY -DNO_NSPR_10_SUPPORT -DSSL_DISABLE_DEPRECATED_CIPHER_SUITE_NAMES -DNSS_USE_64 -DFREEBL_NO_DEPEND -DFREEBL_LOWHASH -DNSS_X86_OR_X64 -DNSS_X64 -DUSE_HW_SHA2 -DNSS_BEVAND_ARCFOUR -DMPI_AMD64 -DMP_ASSEMBLY_MULTIPLY -DNSS_USE_COMBA -DUSE_HW_AES -DINTEL_GCM -DHAVE_INT128_SUPPORT -DHACL_CAN_COMPILE_VEC256 -DKRML_MUSTINLINE=inline -DMP_API_COMPATIBLE -I/home/ffortier/code/perso/nss/../nspr/dist/include/nspr -I../../../dist/Linux6.6_x86_64_cc_glibc_PTH_64_OPT.OBJ/include -I../../../dist/public/nss -I../../../dist/private/nss -Impi -Iecl -Iverified -Iverified/internal -Iverified/karamel/include -Iverified/karamel/krmllib/dist/minimal -Iverified/eurydice -Ideprecated  cts.c
cc -o Linux6.6_x86_64_cc_glibc_PTH_64_OPT.OBJ/Linux_SINGLE_SHLIB/ctr.o -c -std=c99 -O2 -fPIC  -m64 -pipe -ffunction-sections -fdata-sections -DHAVE_STRERROR -DLINUX -Dlinux -Wall -Wshadow -Werror -DXP_UNIX -DXP_UNIX -UDEBUG -DNDEBUG -D_DEFAULT_SOURCE -D_BSD_SOURCE -D_POSIX_SOURCE -DSDB_MEASURE_USE_TEMP_DIR -D_REENTRANT -DSHLIB_SUFFIX=\"so\" -DSHLIB_PREFIX=\"lib\" -DSHLIB_VERSION=\"3\" -DSOFTOKEN_SHLIB_VERSION=\"3\" -DKYBER_K=3 -DRIJNDAEL_INCLUDE_TABLES -UDEBUG -DNDEBUG -D_DEFAULT_SOURCE -D_BSD_SOURCE -D_POSIX_SOURCE -DSDB_MEASURE_USE_TEMP_DIR -D_REENTRANT -DNSS_DISABLE_SSE3 -DNSS_NO_INIT_SUPPORT -DUSE_UTIL_DIRECTLY -DNO_NSPR_10_SUPPORT -DSSL_DISABLE_DEPRECATED_CIPHER_SUITE_NAMES -DNSS_USE_64 -DFREEBL_NO_DEPEND -DFREEBL_LOWHASH -DNSS_X86_OR_X64 -DNSS_X64 -DUSE_HW_SHA2 -DNSS_BEVAND_ARCFOUR -DMPI_AMD64 -DMP_ASSEMBLY_MULTIPLY -DNSS_USE_COMBA -DUSE_HW_AES -DINTEL_GCM -DHAVE_INT128_SUPPORT -DHACL_CAN_COMPILE_VEC256 -DKRML_MUSTINLINE=inline -DMP_API_COMPATIBLE -I/home/ffortier/code/perso/nss/../nspr/dist/include/nspr -I../../../dist/Linux6.6_x86_64_cc_glibc_PTH_64_OPT.OBJ/include -I../../../dist/public/nss -I../../../dist/private/nss -Impi -Iecl -Iverified -Iverified/internal -Iverified/karamel/include -Iverified/karamel/krmllib/dist/minimal -Iverified/eurydice -Ideprecated  ctr.c
cc -o Linux6.6_x86_64_cc_glibc_PTH_64_OPT.OBJ/Linux_SINGLE_SHLIB/blinit.o -c -std=c99 -O2 -fPIC  -m64 -pipe -ffunction-sections -fdata-sections -DHAVE_STRERROR -DLINUX -Dlinux -Wall -Wshadow -Werror -DXP_UNIX -DXP_UNIX -UDEBUG -DNDEBUG -D_DEFAULT_SOURCE -D_BSD_SOURCE -D_POSIX_SOURCE -DSDB_MEASURE_USE_TEMP_DIR -D_REENTRANT -DSHLIB_SUFFIX=\"so\" -DSHLIB_PREFIX=\"lib\" -DSHLIB_VERSION=\"3\" -DSOFTOKEN_SHLIB_VERSION=\"3\" -DKYBER_K=3 -DRIJNDAEL_INCLUDE_TABLES -UDEBUG -DNDEBUG -D_DEFAULT_SOURCE -D_BSD_SOURCE -D_POSIX_SOURCE -DSDB_MEASURE_USE_TEMP_DIR -D_REENTRANT -DNSS_DISABLE_SSE3 -DNSS_NO_INIT_SUPPORT -DUSE_UTIL_DIRECTLY -DNO_NSPR_10_SUPPORT -DSSL_DISABLE_DEPRECATED_CIPHER_SUITE_NAMES -DNSS_USE_64 -DFREEBL_NO_DEPEND -DFREEBL_LOWHASH -DNSS_X86_OR_X64 -DNSS_X64 -DUSE_HW_SHA2 -DNSS_BEVAND_ARCFOUR -DMPI_AMD64 -DMP_ASSEMBLY_MULTIPLY -DNSS_USE_COMBA -DUSE_HW_AES -DINTEL_GCM -DHAVE_INT128_SUPPORT -DHACL_CAN_COMPILE_VEC256 -DKRML_MUSTINLINE=inline -DMP_API_COMPATIBLE -I/home/ffortier/code/perso/nss/../nspr/dist/include/nspr -I../../../dist/Linux6.6_x86_64_cc_glibc_PTH_64_OPT.OBJ/include -I../../../dist/public/nss -I../../../dist/private/nss -Impi -Iecl -Iverified -Iverified/internal -Iverified/karamel/include -Iverified/karamel/krmllib/dist/minimal -Iverified/eurydice -Ideprecated  blinit.c
cc -o Linux6.6_x86_64_cc_glibc_PTH_64_OPT.OBJ/Linux_SINGLE_SHLIB/fipsfreebl.o -c -std=c99 -O2 -fPIC  -m64 -pipe -ffunction-sections -fdata-sections -DHAVE_STRERROR -DLINUX -Dlinux -Wall -Wshadow -Werror -DXP_UNIX -DXP_UNIX -UDEBUG -DNDEBUG -D_DEFAULT_SOURCE -D_BSD_SOURCE -D_POSIX_SOURCE -DSDB_MEASURE_USE_TEMP_DIR -D_REENTRANT -DSHLIB_SUFFIX=\"so\" -DSHLIB_PREFIX=\"lib\" -DSHLIB_VERSION=\"3\" -DSOFTOKEN_SHLIB_VERSION=\"3\" -DKYBER_K=3 -DRIJNDAEL_INCLUDE_TABLES -UDEBUG -DNDEBUG -D_DEFAULT_SOURCE -D_BSD_SOURCE -D_POSIX_SOURCE -DSDB_MEASURE_USE_TEMP_DIR -D_REENTRANT -DNSS_DISABLE_SSE3 -DNSS_NO_INIT_SUPPORT -DUSE_UTIL_DIRECTLY -DNO_NSPR_10_SUPPORT -DSSL_DISABLE_DEPRECATED_CIPHER_SUITE_NAMES -DNSS_USE_64 -DFREEBL_NO_DEPEND -DFREEBL_LOWHASH -DNSS_X86_OR_X64 -DNSS_X64 -DUSE_HW_SHA2 -DNSS_BEVAND_ARCFOUR -DMPI_AMD64 -DMP_ASSEMBLY_MULTIPLY -DNSS_USE_COMBA -DUSE_HW_AES -DINTEL_GCM -DHAVE_INT128_SUPPORT -DHACL_CAN_COMPILE_VEC256 -DKRML_MUSTINLINE=inline -DMP_API_COMPATIBLE -I/home/ffortier/code/perso/nss/../nspr/dist/include/nspr -I../../../dist/Linux6.6_x86_64_cc_glibc_PTH_64_OPT.OBJ/include -I../../../dist/public/nss -I../../../dist/private/nss -Impi -Iecl -Iverified -Iverified/internal -Iverified/karamel/include -Iverified/karamel/krmllib/dist/minimal -Iverified/eurydice -Ideprecated  fipsfreebl.c
cc -o Linux6.6_x86_64_cc_glibc_PTH_64_OPT.OBJ/Linux_SINGLE_SHLIB/gcm.o -c -std=c99 -O2 -fPIC  -m64 -pipe -ffunction-sections -fdata-sections -DHAVE_STRERROR -DLINUX -Dlinux -Wall -Wshadow -Werror -DXP_UNIX -DXP_UNIX -UDEBUG -DNDEBUG -D_DEFAULT_SOURCE -D_BSD_SOURCE -D_POSIX_SOURCE -DSDB_MEASURE_USE_TEMP_DIR -D_REENTRANT -DSHLIB_SUFFIX=\"so\" -DSHLIB_PREFIX=\"lib\" -DSHLIB_VERSION=\"3\" -DSOFTOKEN_SHLIB_VERSION=\"3\" -DKYBER_K=3 -DRIJNDAEL_INCLUDE_TABLES -UDEBUG -DNDEBUG -D_DEFAULT_SOURCE -D_BSD_SOURCE -D_POSIX_SOURCE -DSDB_MEASURE_USE_TEMP_DIR -D_REENTRANT -DNSS_DISABLE_SSE3 -DNSS_NO_INIT_SUPPORT -DUSE_UTIL_DIRECTLY -DNO_NSPR_10_SUPPORT -DSSL_DISABLE_DEPRECATED_CIPHER_SUITE_NAMES -DNSS_USE_64 -DFREEBL_NO_DEPEND -DFREEBL_LOWHASH -DNSS_X86_OR_X64 -DNSS_X64 -DUSE_HW_SHA2 -DNSS_BEVAND_ARCFOUR -DMPI_AMD64 -DMP_ASSEMBLY_MULTIPLY -DNSS_USE_COMBA -DUSE_HW_AES -DINTEL_GCM -DHAVE_INT128_SUPPORT -DHACL_CAN_COMPILE_VEC256 -DKRML_MUSTINLINE=inline -DMP_API_COMPATIBLE -I/home/ffortier/code/perso/nss/../nspr/dist/include/nspr -I../../../dist/Linux6.6_x86_64_cc_glibc_PTH_64_OPT.OBJ/include -I../../../dist/public/nss -I../../../dist/private/nss -Impi -Iecl -Iverified -Iverified/internal -Iverified/karamel/include -Iverified/karamel/krmllib/dist/minimal -Iverified/eurydice -Ideprecated  gcm.c
cc -o Linux6.6_x86_64_cc_glibc_PTH_64_OPT.OBJ/Linux_SINGLE_SHLIB/hmacct.o -c -std=c99 -O2 -fPIC  -m64 -pipe -ffunction-sections -fdata-sections -DHAVE_STRERROR -DLINUX -Dlinux -Wall -Wshadow -Werror -DXP_UNIX -DXP_UNIX -UDEBUG -DNDEBUG -D_DEFAULT_SOURCE -D_BSD_SOURCE -D_POSIX_SOURCE -DSDB_MEASURE_USE_TEMP_DIR -D_REENTRANT -DSHLIB_SUFFIX=\"so\" -DSHLIB_PREFIX=\"lib\" -DSHLIB_VERSION=\"3\" -DSOFTOKEN_SHLIB_VERSION=\"3\" -DKYBER_K=3 -DRIJNDAEL_INCLUDE_TABLES -UDEBUG -DNDEBUG -D_DEFAULT_SOURCE -D_BSD_SOURCE -D_POSIX_SOURCE -DSDB_MEASURE_USE_TEMP_DIR -D_REENTRANT -DNSS_DISABLE_SSE3 -DNSS_NO_INIT_SUPPORT -DUSE_UTIL_DIRECTLY -DNO_NSPR_10_SUPPORT -DSSL_DISABLE_DEPRECATED_CIPHER_SUITE_NAMES -DNSS_USE_64 -DFREEBL_NO_DEPEND -DFREEBL_LOWHASH -DNSS_X86_OR_X64 -DNSS_X64 -DUSE_HW_SHA2 -DNSS_BEVAND_ARCFOUR -DMPI_AMD64 -DMP_ASSEMBLY_MULTIPLY -DNSS_USE_COMBA -DUSE_HW_AES -DINTEL_GCM -DHAVE_INT128_SUPPORT -DHACL_CAN_COMPILE_VEC256 -DKRML_MUSTINLINE=inline -DMP_API_COMPATIBLE -I/home/ffortier/code/perso/nss/../nspr/dist/include/nspr -I../../../dist/Linux6.6_x86_64_cc_glibc_PTH_64_OPT.OBJ/include -I../../../dist/public/nss -I../../../dist/private/nss -Impi -Iecl -Iverified -Iverified/internal -Iverified/karamel/include -Iverified/karamel/krmllib/dist/minimal -Iverified/eurydice -Ideprecated  hmacct.c
cc -o Linux6.6_x86_64_cc_glibc_PTH_64_OPT.OBJ/Linux_SINGLE_SHLIB/rijndael.o -c -std=c99 -O2 -fPIC  -m64 -pipe -ffunction-sections -fdata-sections -DHAVE_STRERROR -DLINUX -Dlinux -Wall -Wshadow -Werror -DXP_UNIX -DXP_UNIX -UDEBUG -DNDEBUG -D_DEFAULT_SOURCE -D_BSD_SOURCE -D_POSIX_SOURCE -DSDB_MEASURE_USE_TEMP_DIR -D_REENTRANT -DSHLIB_SUFFIX=\"so\" -DSHLIB_PREFIX=\"lib\" -DSHLIB_VERSION=\"3\" -DSOFTOKEN_SHLIB_VERSION=\"3\" -DKYBER_K=3 -DRIJNDAEL_INCLUDE_TABLES -UDEBUG -DNDEBUG -D_DEFAULT_SOURCE -D_BSD_SOURCE -D_POSIX_SOURCE -DSDB_MEASURE_USE_TEMP_DIR -D_REENTRANT -DNSS_DISABLE_SSE3 -DNSS_NO_INIT_SUPPORT -DUSE_UTIL_DIRECTLY -DNO_NSPR_10_SUPPORT -DSSL_DISABLE_DEPRECATED_CIPHER_SUITE_NAMES -DNSS_USE_64 -DFREEBL_NO_DEPEND -DFREEBL_LOWHASH -DNSS_X86_OR_X64 -DNSS_X64 -DUSE_HW_SHA2 -DNSS_BEVAND_ARCFOUR -DMPI_AMD64 -DMP_ASSEMBLY_MULTIPLY -DNSS_USE_COMBA -DUSE_HW_AES -DINTEL_GCM -DHAVE_INT128_SUPPORT -DHACL_CAN_COMPILE_VEC256 -DKRML_MUSTINLINE=inline -DMP_API_COMPATIBLE -I/home/ffortier/code/perso/nss/../nspr/dist/include/nspr -I../../../dist/Linux6.6_x86_64_cc_glibc_PTH_64_OPT.OBJ/include -I../../../dist/public/nss -I../../../dist/private/nss -Impi -Iecl -Iverified -Iverified/internal -Iverified/karamel/include -Iverified/karamel/krmllib/dist/minimal -Iverified/eurydice -Ideprecated  rijndael.c
cc -o Linux6.6_x86_64_cc_glibc_PTH_64_OPT.OBJ/Linux_SINGLE_SHLIB/aeskeywrap.o -c -std=c99 -O2 -fPIC  -m64 -pipe -ffunction-sections -fdata-sections -DHAVE_STRERROR -DLINUX -Dlinux -Wall -Wshadow -Werror -DXP_UNIX -DXP_UNIX -UDEBUG -DNDEBUG -D_DEFAULT_SOURCE -D_BSD_SOURCE -D_POSIX_SOURCE -DSDB_MEASURE_USE_TEMP_DIR -D_REENTRANT -DSHLIB_SUFFIX=\"so\" -DSHLIB_PREFIX=\"lib\" -DSHLIB_VERSION=\"3\" -DSOFTOKEN_SHLIB_VERSION=\"3\" -DKYBER_K=3 -DRIJNDAEL_INCLUDE_TABLES -UDEBUG -DNDEBUG -D_DEFAULT_SOURCE -D_BSD_SOURCE -D_POSIX_SOURCE -DSDB_MEASURE_USE_TEMP_DIR -D_REENTRANT -DNSS_DISABLE_SSE3 -DNSS_NO_INIT_SUPPORT -DUSE_UTIL_DIRECTLY -DNO_NSPR_10_SUPPORT -DSSL_DISABLE_DEPRECATED_CIPHER_SUITE_NAMES -DNSS_USE_64 -DFREEBL_NO_DEPEND -DFREEBL_LOWHASH -DNSS_X86_OR_X64 -DNSS_X64 -DUSE_HW_SHA2 -DNSS_BEVAND_ARCFOUR -DMPI_AMD64 -DMP_ASSEMBLY_MULTIPLY -DNSS_USE_COMBA -DUSE_HW_AES -DINTEL_GCM -DHAVE_INT128_SUPPORT -DHACL_CAN_COMPILE_VEC256 -DKRML_MUSTINLINE=inline -DMP_API_COMPATIBLE -I/home/ffortier/code/perso/nss/../nspr/dist/include/nspr -I../../../dist/Linux6.6_x86_64_cc_glibc_PTH_64_OPT.OBJ/include -I../../../dist/public/nss -I../../../dist/private/nss -Impi -Iecl -Iverified -Iverified/internal -Iverified/karamel/include -Iverified/karamel/krmllib/dist/minimal -Iverified/eurydice -Ideprecated  aeskeywrap.c
cc -o Linux6.6_x86_64_cc_glibc_PTH_64_OPT.OBJ/Linux_SINGLE_SHLIB/camellia.o -c -std=c99 -O2 -fPIC  -m64 -pipe -ffunction-sections -fdata-sections -DHAVE_STRERROR -DLINUX -Dlinux -Wall -Wshadow -Werror -DXP_UNIX -DXP_UNIX -UDEBUG -DNDEBUG -D_DEFAULT_SOURCE -D_BSD_SOURCE -D_POSIX_SOURCE -DSDB_MEASURE_USE_TEMP_DIR -D_REENTRANT -DSHLIB_SUFFIX=\"so\" -DSHLIB_PREFIX=\"lib\" -DSHLIB_VERSION=\"3\" -DSOFTOKEN_SHLIB_VERSION=\"3\" -DKYBER_K=3 -DRIJNDAEL_INCLUDE_TABLES -UDEBUG -DNDEBUG -D_DEFAULT_SOURCE -D_BSD_SOURCE -D_POSIX_SOURCE -DSDB_MEASURE_USE_TEMP_DIR -D_REENTRANT -DNSS_DISABLE_SSE3 -DNSS_NO_INIT_SUPPORT -DUSE_UTIL_DIRECTLY -DNO_NSPR_10_SUPPORT -DSSL_DISABLE_DEPRECATED_CIPHER_SUITE_NAMES -DNSS_USE_64 -DFREEBL_NO_DEPEND -DFREEBL_LOWHASH -DNSS_X86_OR_X64 -DNSS_X64 -DUSE_HW_SHA2 -DNSS_BEVAND_ARCFOUR -DMPI_AMD64 -DMP_ASSEMBLY_MULTIPLY -DNSS_USE_COMBA -DUSE_HW_AES -DINTEL_GCM -DHAVE_INT128_SUPPORT -DHACL_CAN_COMPILE_VEC256 -DKRML_MUSTINLINE=inline -DMP_API_COMPATIBLE -I/home/ffortier/code/perso/nss/../nspr/dist/include/nspr -I../../../dist/Linux6.6_x86_64_cc_glibc_PTH_64_OPT.OBJ/include -I../../../dist/public/nss -I../../../dist/private/nss -Impi -Iecl -Iverified -Iverified/internal -Iverified/karamel/include -Iverified/karamel/krmllib/dist/minimal -Iverified/eurydice -Ideprecated  camellia.c
cc -o Linux6.6_x86_64_cc_glibc_PTH_64_OPT.OBJ/Linux_SINGLE_SHLIB/dh.o -c -std=c99 -O2 -fPIC  -m64 -pipe -ffunction-sections -fdata-sections -DHAVE_STRERROR -DLINUX -Dlinux -Wall -Wshadow -Werror -DXP_UNIX -DXP_UNIX -UDEBUG -DNDEBUG -D_DEFAULT_SOURCE -D_BSD_SOURCE -D_POSIX_SOURCE -DSDB_MEASURE_USE_TEMP_DIR -D_REENTRANT -DSHLIB_SUFFIX=\"so\" -DSHLIB_PREFIX=\"lib\" -DSHLIB_VERSION=\"3\" -DSOFTOKEN_SHLIB_VERSION=\"3\" -DKYBER_K=3 -DRIJNDAEL_INCLUDE_TABLES -UDEBUG -DNDEBUG -D_DEFAULT_SOURCE -D_BSD_SOURCE -D_POSIX_SOURCE -DSDB_MEASURE_USE_TEMP_DIR -D_REENTRANT -DNSS_DISABLE_SSE3 -DNSS_NO_INIT_SUPPORT -DUSE_UTIL_DIRECTLY -DNO_NSPR_10_SUPPORT -DSSL_DISABLE_DEPRECATED_CIPHER_SUITE_NAMES -DNSS_USE_64 -DFREEBL_NO_DEPEND -DFREEBL_LOWHASH -DNSS_X86_OR_X64 -DNSS_X64 -DUSE_HW_SHA2 -DNSS_BEVAND_ARCFOUR -DMPI_AMD64 -DMP_ASSEMBLY_MULTIPLY -DNSS_USE_COMBA -DUSE_HW_AES -DINTEL_GCM -DHAVE_INT128_SUPPORT -DHACL_CAN_COMPILE_VEC256 -DKRML_MUSTINLINE=inline -DMP_API_COMPATIBLE -I/home/ffortier/code/perso/nss/../nspr/dist/include/nspr -I../../../dist/Linux6.6_x86_64_cc_glibc_PTH_64_OPT.OBJ/include -I../../../dist/public/nss -I../../../dist/private/nss -Impi -Iecl -Iverified -Iverified/internal -Iverified/karamel/include -Iverified/karamel/krmllib/dist/minimal -Iverified/eurydice -Ideprecated  dh.c
cc -o Linux6.6_x86_64_cc_glibc_PTH_64_OPT.OBJ/Linux_SINGLE_SHLIB/ec.o -c -std=c99 -O2 -fPIC  -m64 -pipe -ffunction-sections -fdata-sections -DHAVE_STRERROR -DLINUX -Dlinux -Wall -Wshadow -Werror -DXP_UNIX -DXP_UNIX -UDEBUG -DNDEBUG -D_DEFAULT_SOURCE -D_BSD_SOURCE -D_POSIX_SOURCE -DSDB_MEASURE_USE_TEMP_DIR -D_REENTRANT -DSHLIB_SUFFIX=\"so\" -DSHLIB_PREFIX=\"lib\" -DSHLIB_VERSION=\"3\" -DSOFTOKEN_SHLIB_VERSION=\"3\" -DKYBER_K=3 -DRIJNDAEL_INCLUDE_TABLES -UDEBUG -DNDEBUG -D_DEFAULT_SOURCE -D_BSD_SOURCE -D_POSIX_SOURCE -DSDB_MEASURE_USE_TEMP_DIR -D_REENTRANT -DNSS_DISABLE_SSE3 -DNSS_NO_INIT_SUPPORT -DUSE_UTIL_DIRECTLY -DNO_NSPR_10_SUPPORT -DSSL_DISABLE_DEPRECATED_CIPHER_SUITE_NAMES -DNSS_USE_64 -DFREEBL_NO_DEPEND -DFREEBL_LOWHASH -DNSS_X86_OR_X64 -DNSS_X64 -DUSE_HW_SHA2 -DNSS_BEVAND_ARCFOUR -DMPI_AMD64 -DMP_ASSEMBLY_MULTIPLY -DNSS_USE_COMBA -DUSE_HW_AES -DINTEL_GCM -DHAVE_INT128_SUPPORT -DHACL_CAN_COMPILE_VEC256 -DKRML_MUSTINLINE=inline -DMP_API_COMPATIBLE -I/home/ffortier/code/perso/nss/../nspr/dist/include/nspr -I../../../dist/Linux6.6_x86_64_cc_glibc_PTH_64_OPT.OBJ/include -I../../../dist/public/nss -I../../../dist/private/nss -Impi -Iecl -Iverified -Iverified/internal -Iverified/karamel/include -Iverified/karamel/krmllib/dist/minimal -Iverified/eurydice -Ideprecated  ec.c
cc -o Linux6.6_x86_64_cc_glibc_PTH_64_OPT.OBJ/Linux_SINGLE_SHLIB/ecdecode.o -c -std=c99 -O2 -fPIC  -m64 -pipe -ffunction-sections -fdata-sections -DHAVE_STRERROR -DLINUX -Dlinux -Wall -Wshadow -Werror -DXP_UNIX -DXP_UNIX -UDEBUG -DNDEBUG -D_DEFAULT_SOURCE -D_BSD_SOURCE -D_POSIX_SOURCE -DSDB_MEASURE_USE_TEMP_DIR -D_REENTRANT -DSHLIB_SUFFIX=\"so\" -DSHLIB_PREFIX=\"lib\" -DSHLIB_VERSION=\"3\" -DSOFTOKEN_SHLIB_VERSION=\"3\" -DKYBER_K=3 -DRIJNDAEL_INCLUDE_TABLES -UDEBUG -DNDEBUG -D_DEFAULT_SOURCE -D_BSD_SOURCE -D_POSIX_SOURCE -DSDB_MEASURE_USE_TEMP_DIR -D_REENTRANT -DNSS_DISABLE_SSE3 -DNSS_NO_INIT_SUPPORT -DUSE_UTIL_DIRECTLY -DNO_NSPR_10_SUPPORT -DSSL_DISABLE_DEPRECATED_CIPHER_SUITE_NAMES -DNSS_USE_64 -DFREEBL_NO_DEPEND -DFREEBL_LOWHASH -DNSS_X86_OR_X64 -DNSS_X64 -DUSE_HW_SHA2 -DNSS_BEVAND_ARCFOUR -DMPI_AMD64 -DMP_ASSEMBLY_MULTIPLY -DNSS_USE_COMBA -DUSE_HW_AES -DINTEL_GCM -DHAVE_INT128_SUPPORT -DHACL_CAN_COMPILE_VEC256 -DKRML_MUSTINLINE=inline -DMP_API_COMPATIBLE -I/home/ffortier/code/perso/nss/../nspr/dist/include/nspr -I../../../dist/Linux6.6_x86_64_cc_glibc_PTH_64_OPT.OBJ/include -I../../../dist/public/nss -I../../../dist/private/nss -Impi -Iecl -Iverified -Iverified/internal -Iverified/karamel/include -Iverified/karamel/krmllib/dist/minimal -Iverified/eurydice -Ideprecated  ecdecode.c
cc -o Linux6.6_x86_64_cc_glibc_PTH_64_OPT.OBJ/Linux_SINGLE_SHLIB/pqg.o -c -std=c99 -O2 -fPIC  -m64 -pipe -ffunction-sections -fdata-sections -DHAVE_STRERROR -DLINUX -Dlinux -Wall -Wshadow -Werror -DXP_UNIX -DXP_UNIX -UDEBUG -DNDEBUG -D_DEFAULT_SOURCE -D_BSD_SOURCE -D_POSIX_SOURCE -DSDB_MEASURE_USE_TEMP_DIR -D_REENTRANT -DSHLIB_SUFFIX=\"so\" -DSHLIB_PREFIX=\"lib\" -DSHLIB_VERSION=\"3\" -DSOFTOKEN_SHLIB_VERSION=\"3\" -DKYBER_K=3 -DRIJNDAEL_INCLUDE_TABLES -UDEBUG -DNDEBUG -D_DEFAULT_SOURCE -D_BSD_SOURCE -D_POSIX_SOURCE -DSDB_MEASURE_USE_TEMP_DIR -D_REENTRANT -DNSS_DISABLE_SSE3 -DNSS_NO_INIT_SUPPORT -DUSE_UTIL_DIRECTLY -DNO_NSPR_10_SUPPORT -DSSL_DISABLE_DEPRECATED_CIPHER_SUITE_NAMES -DNSS_USE_64 -DFREEBL_NO_DEPEND -DFREEBL_LOWHASH -DNSS_X86_OR_X64 -DNSS_X64 -DUSE_HW_SHA2 -DNSS_BEVAND_ARCFOUR -DMPI_AMD64 -DMP_ASSEMBLY_MULTIPLY -DNSS_USE_COMBA -DUSE_HW_AES -DINTEL_GCM -DHAVE_INT128_SUPPORT -DHACL_CAN_COMPILE_VEC256 -DKRML_MUSTINLINE=inline -DMP_API_COMPATIBLE -I/home/ffortier/code/perso/nss/../nspr/dist/include/nspr -I../../../dist/Linux6.6_x86_64_cc_glibc_PTH_64_OPT.OBJ/include -I../../../dist/public/nss -I../../../dist/private/nss -Impi -Iecl -Iverified -Iverified/internal -Iverified/karamel/include -Iverified/karamel/krmllib/dist/minimal -Iverified/eurydice -Ideprecated  pqg.c
cc -o Linux6.6_x86_64_cc_glibc_PTH_64_OPT.OBJ/Linux_SINGLE_SHLIB/dsa.o -c -std=c99 -O2 -fPIC  -m64 -pipe -ffunction-sections -fdata-sections -DHAVE_STRERROR -DLINUX -Dlinux -Wall -Wshadow -Werror -DXP_UNIX -DXP_UNIX -UDEBUG -DNDEBUG -D_DEFAULT_SOURCE -D_BSD_SOURCE -D_POSIX_SOURCE -DSDB_MEASURE_USE_TEMP_DIR -D_REENTRANT -DSHLIB_SUFFIX=\"so\" -DSHLIB_PREFIX=\"lib\" -DSHLIB_VERSION=\"3\" -DSOFTOKEN_SHLIB_VERSION=\"3\" -DKYBER_K=3 -DRIJNDAEL_INCLUDE_TABLES -UDEBUG -DNDEBUG -D_DEFAULT_SOURCE -D_BSD_SOURCE -D_POSIX_SOURCE -DSDB_MEASURE_USE_TEMP_DIR -D_REENTRANT -DNSS_DISABLE_SSE3 -DNSS_NO_INIT_SUPPORT -DUSE_UTIL_DIRECTLY -DNO_NSPR_10_SUPPORT -DSSL_DISABLE_DEPRECATED_CIPHER_SUITE_NAMES -DNSS_USE_64 -DFREEBL_NO_DEPEND -DFREEBL_LOWHASH -DNSS_X86_OR_X64 -DNSS_X64 -DUSE_HW_SHA2 -DNSS_BEVAND_ARCFOUR -DMPI_AMD64 -DMP_ASSEMBLY_MULTIPLY -DNSS_USE_COMBA -DUSE_HW_AES -DINTEL_GCM -DHAVE_INT128_SUPPORT -DHACL_CAN_COMPILE_VEC256 -DKRML_MUSTINLINE=inline -DMP_API_COMPATIBLE -I/home/ffortier/code/perso/nss/../nspr/dist/include/nspr -I../../../dist/Linux6.6_x86_64_cc_glibc_PTH_64_OPT.OBJ/include -I../../../dist/public/nss -I../../../dist/private/nss -Impi -Iecl -Iverified -Iverified/internal -Iverified/karamel/include -Iverified/karamel/krmllib/dist/minimal -Iverified/eurydice -Ideprecated  dsa.c
cc -o Linux6.6_x86_64_cc_glibc_PTH_64_OPT.OBJ/Linux_SINGLE_SHLIB/rsa.o -c -std=c99 -O2 -fPIC  -m64 -pipe -ffunction-sections -fdata-sections -DHAVE_STRERROR -DLINUX -Dlinux -Wall -Wshadow -Werror -DXP_UNIX -DXP_UNIX -UDEBUG -DNDEBUG -D_DEFAULT_SOURCE -D_BSD_SOURCE -D_POSIX_SOURCE -DSDB_MEASURE_USE_TEMP_DIR -D_REENTRANT -DSHLIB_SUFFIX=\"so\" -DSHLIB_PREFIX=\"lib\" -DSHLIB_VERSION=\"3\" -DSOFTOKEN_SHLIB_VERSION=\"3\" -DKYBER_K=3 -DRIJNDAEL_INCLUDE_TABLES -UDEBUG -DNDEBUG -D_DEFAULT_SOURCE -D_BSD_SOURCE -D_POSIX_SOURCE -DSDB_MEASURE_USE_TEMP_DIR -D_REENTRANT -DNSS_DISABLE_SSE3 -DNSS_NO_INIT_SUPPORT -DUSE_UTIL_DIRECTLY -DNO_NSPR_10_SUPPORT -DSSL_DISABLE_DEPRECATED_CIPHER_SUITE_NAMES -DNSS_USE_64 -DFREEBL_NO_DEPEND -DFREEBL_LOWHASH -DNSS_X86_OR_X64 -DNSS_X64 -DUSE_HW_SHA2 -DNSS_BEVAND_ARCFOUR -DMPI_AMD64 -DMP_ASSEMBLY_MULTIPLY -DNSS_USE_COMBA -DUSE_HW_AES -DINTEL_GCM -DHAVE_INT128_SUPPORT -DHACL_CAN_COMPILE_VEC256 -DKRML_MUSTINLINE=inline -DMP_API_COMPATIBLE -I/home/ffortier/code/perso/nss/../nspr/dist/include/nspr -I../../../dist/Linux6.6_x86_64_cc_glibc_PTH_64_OPT.OBJ/include -I../../../dist/public/nss -I../../../dist/private/nss -Impi -Iecl -Iverified -Iverified/internal -Iverified/karamel/include -Iverified/karamel/krmllib/dist/minimal -Iverified/eurydice -Ideprecated  rsa.c
cc -o Linux6.6_x86_64_cc_glibc_PTH_64_OPT.OBJ/Linux_SINGLE_SHLIB/rsa_blind.o -c -std=c99 -O2 -fPIC  -m64 -pipe -ffunction-sections -fdata-sections -DHAVE_STRERROR -DLINUX -Dlinux -Wall -Wshadow -Werror -DXP_UNIX -DXP_UNIX -UDEBUG -DNDEBUG -D_DEFAULT_SOURCE -D_BSD_SOURCE -D_POSIX_SOURCE -DSDB_MEASURE_USE_TEMP_DIR -D_REENTRANT -DSHLIB_SUFFIX=\"so\" -DSHLIB_PREFIX=\"lib\" -DSHLIB_VERSION=\"3\" -DSOFTOKEN_SHLIB_VERSION=\"3\" -DKYBER_K=3 -DRIJNDAEL_INCLUDE_TABLES -UDEBUG -DNDEBUG -D_DEFAULT_SOURCE -D_BSD_SOURCE -D_POSIX_SOURCE -DSDB_MEASURE_USE_TEMP_DIR -D_REENTRANT -DNSS_DISABLE_SSE3 -DNSS_NO_INIT_SUPPORT -DUSE_UTIL_DIRECTLY -DNO_NSPR_10_SUPPORT -DSSL_DISABLE_DEPRECATED_CIPHER_SUITE_NAMES -DNSS_USE_64 -DFREEBL_NO_DEPEND -DFREEBL_LOWHASH -DNSS_X86_OR_X64 -DNSS_X64 -DUSE_HW_SHA2 -DNSS_BEVAND_ARCFOUR -DMPI_AMD64 -DMP_ASSEMBLY_MULTIPLY -DNSS_USE_COMBA -DUSE_HW_AES -DINTEL_GCM -DHAVE_INT128_SUPPORT -DHACL_CAN_COMPILE_VEC256 -DKRML_MUSTINLINE=inline -DMP_API_COMPATIBLE -I/home/ffortier/code/perso/nss/../nspr/dist/include/nspr -I../../../dist/Linux6.6_x86_64_cc_glibc_PTH_64_OPT.OBJ/include -I../../../dist/public/nss -I../../../dist/private/nss -Impi -Iecl -Iverified -Iverified/internal -Iverified/karamel/include -Iverified/karamel/krmllib/dist/minimal -Iverified/eurydice -Ideprecated  rsa_blind.c
cc -o Linux6.6_x86_64_cc_glibc_PTH_64_OPT.OBJ/Linux_SINGLE_SHLIB/rsapkcs.o -c -std=c99 -O2 -fPIC  -m64 -pipe -ffunction-sections -fdata-sections -DHAVE_STRERROR -DLINUX -Dlinux -Wall -Wshadow -Werror -DXP_UNIX -DXP_UNIX -UDEBUG -DNDEBUG -D_DEFAULT_SOURCE -D_BSD_SOURCE -D_POSIX_SOURCE -DSDB_MEASURE_USE_TEMP_DIR -D_REENTRANT -DSHLIB_SUFFIX=\"so\" -DSHLIB_PREFIX=\"lib\" -DSHLIB_VERSION=\"3\" -DSOFTOKEN_SHLIB_VERSION=\"3\" -DKYBER_K=3 -DRIJNDAEL_INCLUDE_TABLES -UDEBUG -DNDEBUG -D_DEFAULT_SOURCE -D_BSD_SOURCE -D_POSIX_SOURCE -DSDB_MEASURE_USE_TEMP_DIR -D_REENTRANT -DNSS_DISABLE_SSE3 -DNSS_NO_INIT_SUPPORT -DUSE_UTIL_DIRECTLY -DNO_NSPR_10_SUPPORT -DSSL_DISABLE_DEPRECATED_CIPHER_SUITE_NAMES -DNSS_USE_64 -DFREEBL_NO_DEPEND -DFREEBL_LOWHASH -DNSS_X86_OR_X64 -DNSS_X64 -DUSE_HW_SHA2 -DNSS_BEVAND_ARCFOUR -DMPI_AMD64 -DMP_ASSEMBLY_MULTIPLY -DNSS_USE_COMBA -DUSE_HW_AES -DINTEL_GCM -DHAVE_INT128_SUPPORT -DHACL_CAN_COMPILE_VEC256 -DKRML_MUSTINLINE=inline -DMP_API_COMPATIBLE -I/home/ffortier/code/perso/nss/../nspr/dist/include/nspr -I../../../dist/Linux6.6_x86_64_cc_glibc_PTH_64_OPT.OBJ/include -I../../../dist/public/nss -I../../../dist/private/nss -Impi -Iecl -Iverified -Iverified/internal -Iverified/karamel/include -Iverified/karamel/krmllib/dist/minimal -Iverified/eurydice -Ideprecated  rsapkcs.c
cc -o Linux6.6_x86_64_cc_glibc_PTH_64_OPT.OBJ/Linux_SINGLE_SHLIB/shvfy.o -c -std=c99 -O2 -fPIC  -m64 -pipe -ffunction-sections -fdata-sections -DHAVE_STRERROR -DLINUX -Dlinux -Wall -Wshadow -Werror -DXP_UNIX -DXP_UNIX -UDEBUG -DNDEBUG -D_DEFAULT_SOURCE -D_BSD_SOURCE -D_POSIX_SOURCE -DSDB_MEASURE_USE_TEMP_DIR -D_REENTRANT -DSHLIB_SUFFIX=\"so\" -DSHLIB_PREFIX=\"lib\" -DSHLIB_VERSION=\"3\" -DSOFTOKEN_SHLIB_VERSION=\"3\" -DKYBER_K=3 -DRIJNDAEL_INCLUDE_TABLES -UDEBUG -DNDEBUG -D_DEFAULT_SOURCE -D_BSD_SOURCE -D_POSIX_SOURCE -DSDB_MEASURE_USE_TEMP_DIR -D_REENTRANT -DNSS_DISABLE_SSE3 -DNSS_NO_INIT_SUPPORT -DUSE_UTIL_DIRECTLY -DNO_NSPR_10_SUPPORT -DSSL_DISABLE_DEPRECATED_CIPHER_SUITE_NAMES -DNSS_USE_64 -DFREEBL_NO_DEPEND -DFREEBL_LOWHASH -DNSS_X86_OR_X64 -DNSS_X64 -DUSE_HW_SHA2 -DNSS_BEVAND_ARCFOUR -DMPI_AMD64 -DMP_ASSEMBLY_MULTIPLY -DNSS_USE_COMBA -DUSE_HW_AES -DINTEL_GCM -DHAVE_INT128_SUPPORT -DHACL_CAN_COMPILE_VEC256 -DKRML_MUSTINLINE=inline -DMP_API_COMPATIBLE -I/home/ffortier/code/perso/nss/../nspr/dist/include/nspr -I../../../dist/Linux6.6_x86_64_cc_glibc_PTH_64_OPT.OBJ/include -I../../../dist/public/nss -I../../../dist/private/nss -Impi -Iecl -Iverified -Iverified/internal -Iverified/karamel/include -Iverified/karamel/krmllib/dist/minimal -Iverified/eurydice -Ideprecated  shvfy.c
cc -o Linux6.6_x86_64_cc_glibc_PTH_64_OPT.OBJ/Linux_SINGLE_SHLIB/tlsprfalg.o -c -std=c99 -O2 -fPIC  -m64 -pipe -ffunction-sections -fdata-sections -DHAVE_STRERROR -DLINUX -Dlinux -Wall -Wshadow -Werror -DXP_UNIX -DXP_UNIX -UDEBUG -DNDEBUG -D_DEFAULT_SOURCE -D_BSD_SOURCE -D_POSIX_SOURCE -DSDB_MEASURE_USE_TEMP_DIR -D_REENTRANT -DSHLIB_SUFFIX=\"so\" -DSHLIB_PREFIX=\"lib\" -DSHLIB_VERSION=\"3\" -DSOFTOKEN_SHLIB_VERSION=\"3\" -DKYBER_K=3 -DRIJNDAEL_INCLUDE_TABLES -UDEBUG -DNDEBUG -D_DEFAULT_SOURCE -D_BSD_SOURCE -D_POSIX_SOURCE -DSDB_MEASURE_USE_TEMP_DIR -D_REENTRANT -DNSS_DISABLE_SSE3 -DNSS_NO_INIT_SUPPORT -DUSE_UTIL_DIRECTLY -DNO_NSPR_10_SUPPORT -DSSL_DISABLE_DEPRECATED_CIPHER_SUITE_NAMES -DNSS_USE_64 -DFREEBL_NO_DEPEND -DFREEBL_LOWHASH -DNSS_X86_OR_X64 -DNSS_X64 -DUSE_HW_SHA2 -DNSS_BEVAND_ARCFOUR -DMPI_AMD64 -DMP_ASSEMBLY_MULTIPLY -DNSS_USE_COMBA -DUSE_HW_AES -DINTEL_GCM -DHAVE_INT128_SUPPORT -DHACL_CAN_COMPILE_VEC256 -DKRML_MUSTINLINE=inline -DMP_API_COMPATIBLE -I/home/ffortier/code/perso/nss/../nspr/dist/include/nspr -I../../../dist/Linux6.6_x86_64_cc_glibc_PTH_64_OPT.OBJ/include -I../../../dist/public/nss -I../../../dist/private/nss -Impi -Iecl -Iverified -Iverified/internal -Iverified/karamel/include -Iverified/karamel/krmllib/dist/minimal -Iverified/eurydice -Ideprecated  tlsprfalg.c
cc -o Linux6.6_x86_64_cc_glibc_PTH_64_OPT.OBJ/Linux_SINGLE_SHLIB/jpake.o -c -std=c99 -O2 -fPIC  -m64 -pipe -ffunction-sections -fdata-sections -DHAVE_STRERROR -DLINUX -Dlinux -Wall -Wshadow -Werror -DXP_UNIX -DXP_UNIX -UDEBUG -DNDEBUG -D_DEFAULT_SOURCE -D_BSD_SOURCE -D_POSIX_SOURCE -DSDB_MEASURE_USE_TEMP_DIR -D_REENTRANT -DSHLIB_SUFFIX=\"so\" -DSHLIB_PREFIX=\"lib\" -DSHLIB_VERSION=\"3\" -DSOFTOKEN_SHLIB_VERSION=\"3\" -DKYBER_K=3 -DRIJNDAEL_INCLUDE_TABLES -UDEBUG -DNDEBUG -D_DEFAULT_SOURCE -D_BSD_SOURCE -D_POSIX_SOURCE -DSDB_MEASURE_USE_TEMP_DIR -D_REENTRANT -DNSS_DISABLE_SSE3 -DNSS_NO_INIT_SUPPORT -DUSE_UTIL_DIRECTLY -DNO_NSPR_10_SUPPORT -DSSL_DISABLE_DEPRECATED_CIPHER_SUITE_NAMES -DNSS_USE_64 -DFREEBL_NO_DEPEND -DFREEBL_LOWHASH -DNSS_X86_OR_X64 -DNSS_X64 -DUSE_HW_SHA2 -DNSS_BEVAND_ARCFOUR -DMPI_AMD64 -DMP_ASSEMBLY_MULTIPLY -DNSS_USE_COMBA -DUSE_HW_AES -DINTEL_GCM -DHAVE_INT128_SUPPORT -DHACL_CAN_COMPILE_VEC256 -DKRML_MUSTINLINE=inline -DMP_API_COMPATIBLE -I/home/ffortier/code/perso/nss/../nspr/dist/include/nspr -I../../../dist/Linux6.6_x86_64_cc_glibc_PTH_64_OPT.OBJ/include -I../../../dist/public/nss -I../../../dist/private/nss -Impi -Iecl -Iverified -Iverified/internal -Iverified/karamel/include -Iverified/karamel/krmllib/dist/minimal -Iverified/eurydice -Ideprecated  jpake.c
cc -o Linux6.6_x86_64_cc_glibc_PTH_64_OPT.OBJ/Linux_SINGLE_SHLIB/secmpi.o -c -std=c99 -O2 -fPIC  -m64 -pipe -ffunction-sections -fdata-sections -DHAVE_STRERROR -DLINUX -Dlinux -Wall -Wshadow -Werror -DXP_UNIX -DXP_UNIX -UDEBUG -DNDEBUG -D_DEFAULT_SOURCE -D_BSD_SOURCE -D_POSIX_SOURCE -DSDB_MEASURE_USE_TEMP_DIR -D_REENTRANT -DSHLIB_SUFFIX=\"so\" -DSHLIB_PREFIX=\"lib\" -DSHLIB_VERSION=\"3\" -DSOFTOKEN_SHLIB_VERSION=\"3\" -DKYBER_K=3 -DRIJNDAEL_INCLUDE_TABLES -UDEBUG -DNDEBUG -D_DEFAULT_SOURCE -D_BSD_SOURCE -D_POSIX_SOURCE -DSDB_MEASURE_USE_TEMP_DIR -D_REENTRANT -DNSS_DISABLE_SSE3 -DNSS_NO_INIT_SUPPORT -DUSE_UTIL_DIRECTLY -DNO_NSPR_10_SUPPORT -DSSL_DISABLE_DEPRECATED_CIPHER_SUITE_NAMES -DNSS_USE_64 -DFREEBL_NO_DEPEND -DFREEBL_LOWHASH -DNSS_X86_OR_X64 -DNSS_X64 -DUSE_HW_SHA2 -DNSS_BEVAND_ARCFOUR -DMPI_AMD64 -DMP_ASSEMBLY_MULTIPLY -DNSS_USE_COMBA -DUSE_HW_AES -DINTEL_GCM -DHAVE_INT128_SUPPORT -DHACL_CAN_COMPILE_VEC256 -DKRML_MUSTINLINE=inline -DMP_API_COMPATIBLE -I/home/ffortier/code/perso/nss/../nspr/dist/include/nspr -I../../../dist/Linux6.6_x86_64_cc_glibc_PTH_64_OPT.OBJ/include -I../../../dist/public/nss -I../../../dist/private/nss -Impi -Iecl -Iverified -Iverified/internal -Iverified/karamel/include -Iverified/karamel/krmllib/dist/minimal -Iverified/eurydice -Ideprecated  secmpi.c
cc -o Linux6.6_x86_64_cc_glibc_PTH_64_OPT.OBJ/Linux_SINGLE_SHLIB/kyber.o -c -std=c99 -O2 -fPIC  -m64 -pipe -ffunction-sections -fdata-sections -DHAVE_STRERROR -DLINUX -Dlinux -Wall -Wshadow -Werror -DXP_UNIX -DXP_UNIX -UDEBUG -DNDEBUG -D_DEFAULT_SOURCE -D_BSD_SOURCE -D_POSIX_SOURCE -DSDB_MEASURE_USE_TEMP_DIR -D_REENTRANT -DSHLIB_SUFFIX=\"so\" -DSHLIB_PREFIX=\"lib\" -DSHLIB_VERSION=\"3\" -DSOFTOKEN_SHLIB_VERSION=\"3\" -DKYBER_K=3 -DRIJNDAEL_INCLUDE_TABLES -UDEBUG -DNDEBUG -D_DEFAULT_SOURCE -D_BSD_SOURCE -D_POSIX_SOURCE -DSDB_MEASURE_USE_TEMP_DIR -D_REENTRANT -DNSS_DISABLE_SSE3 -DNSS_NO_INIT_SUPPORT -DUSE_UTIL_DIRECTLY -DNO_NSPR_10_SUPPORT -DSSL_DISABLE_DEPRECATED_CIPHER_SUITE_NAMES -DNSS_USE_64 -DFREEBL_NO_DEPEND -DFREEBL_LOWHASH -DNSS_X86_OR_X64 -DNSS_X64 -DUSE_HW_SHA2 -DNSS_BEVAND_ARCFOUR -DMPI_AMD64 -DMP_ASSEMBLY_MULTIPLY -DNSS_USE_COMBA -DUSE_HW_AES -DINTEL_GCM -DHAVE_INT128_SUPPORT -DHACL_CAN_COMPILE_VEC256 -DKRML_MUSTINLINE=inline -DMP_API_COMPATIBLE -I/home/ffortier/code/perso/nss/../nspr/dist/include/nspr -I../../../dist/Linux6.6_x86_64_cc_glibc_PTH_64_OPT.OBJ/include -I../../../dist/public/nss -I../../../dist/private/nss -Impi -Iecl -Iverified -Iverified/internal -Iverified/karamel/include -Iverified/karamel/krmllib/dist/minimal -Iverified/eurydice -Ideprecated  kyber.c
cc -o Linux6.6_x86_64_cc_glibc_PTH_64_OPT.OBJ/Linux_SINGLE_SHLIB/ml_dsa.o -c -std=c99 -O2 -fPIC  -m64 -pipe -ffunction-sections -fdata-sections -DHAVE_STRERROR -DLINUX -Dlinux -Wall -Wshadow -Werror -DXP_UNIX -DXP_UNIX -UDEBUG -DNDEBUG -D_DEFAULT_SOURCE -D_BSD_SOURCE -D_POSIX_SOURCE -DSDB_MEASURE_USE_TEMP_DIR -D_REENTRANT -DSHLIB_SUFFIX=\"so\" -DSHLIB_PREFIX=\"lib\" -DSHLIB_VERSION=\"3\" -DSOFTOKEN_SHLIB_VERSION=\"3\" -DKYBER_K=3 -DRIJNDAEL_INCLUDE_TABLES -UDEBUG -DNDEBUG -D_DEFAULT_SOURCE -D_BSD_SOURCE -D_POSIX_SOURCE -DSDB_MEASURE_USE_TEMP_DIR -D_REENTRANT -DNSS_DISABLE_SSE3 -DNSS_NO_INIT_SUPPORT -DUSE_UTIL_DIRECTLY -DNO_NSPR_10_SUPPORT -DSSL_DISABLE_DEPRECATED_CIPHER_SUITE_NAMES -DNSS_USE_64 -DFREEBL_NO_DEPEND -DFREEBL_LOWHASH -DNSS_X86_OR_X64 -DNSS_X64 -DUSE_HW_SHA2 -DNSS_BEVAND_ARCFOUR -DMPI_AMD64 -DMP_ASSEMBLY_MULTIPLY -DNSS_USE_COMBA -DUSE_HW_AES -DINTEL_GCM -DHAVE_INT128_SUPPORT -DHACL_CAN_COMPILE_VEC256 -DKRML_MUSTINLINE=inline -DMP_API_COMPATIBLE -I/home/ffortier/code/perso/nss/../nspr/dist/include/nspr -I../../../dist/Linux6.6_x86_64_cc_glibc_PTH_64_OPT.OBJ/include -I../../../dist/public/nss -I../../../dist/private/nss -Impi -Iecl -Iverified -Iverified/internal -Iverified/karamel/include -Iverified/karamel/krmllib/dist/minimal -Iverified/eurydice -Ideprecated  ml_dsa.c
cc -o Linux6.6_x86_64_cc_glibc_PTH_64_OPT.OBJ/Linux_SINGLE_SHLIB/kyber-pqcrystals-ref.o -c -std=c99 -O2 -fPIC  -m64 -pipe -ffunction-sections -fdata-sections -DHAVE_STRERROR -DLINUX -Dlinux -Wall -Wshadow -Werror -DXP_UNIX -DXP_UNIX -UDEBUG -DNDEBUG -D_DEFAULT_SOURCE -D_BSD_SOURCE -D_POSIX_SOURCE -DSDB_MEASURE_USE_TEMP_DIR -D_REENTRANT -DSHLIB_SUFFIX=\"so\" -DSHLIB_PREFIX=\"lib\" -DSHLIB_VERSION=\"3\" -DSOFTOKEN_SHLIB_VERSION=\"3\" -DKYBER_K=3 -DRIJNDAEL_INCLUDE_TABLES -UDEBUG -DNDEBUG -D_DEFAULT_SOURCE -D_BSD_SOURCE -D_POSIX_SOURCE -DSDB_MEASURE_USE_TEMP_DIR -D_REENTRANT -DNSS_DISABLE_SSE3 -DNSS_NO_INIT_SUPPORT -DUSE_UTIL_DIRECTLY -DNO_NSPR_10_SUPPORT -DSSL_DISABLE_DEPRECATED_CIPHER_SUITE_NAMES -DNSS_USE_64 -DFREEBL_NO_DEPEND -DFREEBL_LOWHASH -DNSS_X86_OR_X64 -DNSS_X64 -DUSE_HW_SHA2 -DNSS_BEVAND_ARCFOUR -DMPI_AMD64 -DMP_ASSEMBLY_MULTIPLY -DNSS_USE_COMBA -DUSE_HW_AES -DINTEL_GCM -DHAVE_INT128_SUPPORT -DHACL_CAN_COMPILE_VEC256 -DKRML_MUSTINLINE=inline -DMP_API_COMPATIBLE -I/home/ffortier/code/perso/nss/../nspr/dist/include/nspr -I../../../dist/Linux6.6_x86_64_cc_glibc_PTH_64_OPT.OBJ/include -I../../../dist/public/nss -I../../../dist/private/nss -Impi -Iecl -Iverified -Iverified/internal -Iverified/karamel/include -Iverified/karamel/krmllib/dist/minimal -Iverified/eurydice -Ideprecated  kyber-pqcrystals-ref.c
cc -o Linux6.6_x86_64_cc_glibc_PTH_64_OPT.OBJ/Linux_SINGLE_SHLIB/mpprime.o -c -std=c99 -O2 -fPIC  -m64 -pipe -ffunction-sections -fdata-sections -DHAVE_STRERROR -DLINUX -Dlinux -Wall -Wshadow -Werror -DXP_UNIX -DXP_UNIX -UDEBUG -DNDEBUG -D_DEFAULT_SOURCE -D_BSD_SOURCE -D_POSIX_SOURCE -DSDB_MEASURE_USE_TEMP_DIR -D_REENTRANT -DSHLIB_SUFFIX=\"so\" -DSHLIB_PREFIX=\"lib\" -DSHLIB_VERSION=\"3\" -DSOFTOKEN_SHLIB_VERSION=\"3\" -DKYBER_K=3 -DRIJNDAEL_INCLUDE_TABLES -UDEBUG -DNDEBUG -D_DEFAULT_SOURCE -D_BSD_SOURCE -D_POSIX_SOURCE -DSDB_MEASURE_USE_TEMP_DIR -D_REENTRANT -DNSS_DISABLE_SSE3 -DNSS_NO_INIT_SUPPORT -DUSE_UTIL_DIRECTLY -DNO_NSPR_10_SUPPORT -DSSL_DISABLE_DEPRECATED_CIPHER_SUITE_NAMES -DNSS_USE_64 -DFREEBL_NO_DEPEND -DFREEBL_LOWHASH -DNSS_X86_OR_X64 -DNSS_X64 -DUSE_HW_SHA2 -DNSS_BEVAND_ARCFOUR -DMPI_AMD64 -DMP_ASSEMBLY_MULTIPLY -DNSS_USE_COMBA -DUSE_HW_AES -DINTEL_GCM -DHAVE_INT128_SUPPORT -DHACL_CAN_COMPILE_VEC256 -DKRML_MUSTINLINE=inline -DMP_API_COMPATIBLE -I/home/ffortier/code/perso/nss/../nspr/dist/include/nspr -I../../../dist/Linux6.6_x86_64_cc_glibc_PTH_64_OPT.OBJ/include -I../../../dist/public/nss -I../../../dist/private/nss -Impi -Iecl -Iverified -Iverified/internal -Iverified/karamel/include -Iverified/karamel/krmllib/dist/minimal -Iverified/eurydice -Ideprecated  mpi/mpprime.c
cc -o Linux6.6_x86_64_cc_glibc_PTH_64_OPT.OBJ/Linux_SINGLE_SHLIB/mpmontg.o -c -std=c99 -O2 -fPIC  -m64 -pipe -ffunction-sections -fdata-sections -DHAVE_STRERROR -DLINUX -Dlinux -Wall -Wshadow -Werror -DXP_UNIX -DXP_UNIX -UDEBUG -DNDEBUG -D_DEFAULT_SOURCE -D_BSD_SOURCE -D_POSIX_SOURCE -DSDB_MEASURE_USE_TEMP_DIR -D_REENTRANT -DSHLIB_SUFFIX=\"so\" -DSHLIB_PREFIX=\"lib\" -DSHLIB_VERSION=\"3\" -DSOFTOKEN_SHLIB_VERSION=\"3\" -DKYBER_K=3 -DRIJNDAEL_INCLUDE_TABLES -UDEBUG -DNDEBUG -D_DEFAULT_SOURCE -D_BSD_SOURCE -D_POSIX_SOURCE -DSDB_MEASURE_USE_TEMP_DIR -D_REENTRANT -DNSS_DISABLE_SSE3 -DNSS_NO_INIT_SUPPORT -DUSE_UTIL_DIRECTLY -DNO_NSPR_10_SUPPORT -DSSL_DISABLE_DEPRECATED_CIPHER_SUITE_NAMES -DNSS_USE_64 -DFREEBL_NO_DEPEND -DFREEBL_LOWHASH -DNSS_X86_OR_X64 -DNSS_X64 -DUSE_HW_SHA2 -DNSS_BEVAND_ARCFOUR -DMPI_AMD64 -DMP_ASSEMBLY_MULTIPLY -DNSS_USE_COMBA -DUSE_HW_AES -DINTEL_GCM -DHAVE_INT128_SUPPORT -DHACL_CAN_COMPILE_VEC256 -DKRML_MUSTINLINE=inline -DMP_API_COMPATIBLE -I/home/ffortier/code/perso/nss/../nspr/dist/include/nspr -I../../../dist/Linux6.6_x86_64_cc_glibc_PTH_64_OPT.OBJ/include -I../../../dist/public/nss -I../../../dist/private/nss -Impi -Iecl -Iverified -Iverified/internal -Iverified/karamel/include -Iverified/karamel/krmllib/dist/minimal -Iverified/eurydice -Ideprecated  mpi/mpmontg.c
cc -o Linux6.6_x86_64_cc_glibc_PTH_64_OPT.OBJ/Linux_SINGLE_SHLIB/mplogic.o -c -std=c99 -O2 -fPIC  -m64 -pipe -ffunction-sections -fdata-sections -DHAVE_STRERROR -DLINUX -Dlinux -Wall -Wshadow -Werror -DXP_UNIX -DXP_UNIX -UDEBUG -DNDEBUG -D_DEFAULT_SOURCE -D_BSD_SOURCE -D_POSIX_SOURCE -DSDB_MEASURE_USE_TEMP_DIR -D_REENTRANT -DSHLIB_SUFFIX=\"so\" -DSHLIB_PREFIX=\"lib\" -DSHLIB_VERSION=\"3\" -DSOFTOKEN_SHLIB_VERSION=\"3\" -DKYBER_K=3 -DRIJNDAEL_INCLUDE_TABLES -UDEBUG -DNDEBUG -D_DEFAULT_SOURCE -D_BSD_SOURCE -D_POSIX_SOURCE -DSDB_MEASURE_USE_TEMP_DIR -D_REENTRANT -DNSS_DISABLE_SSE3 -DNSS_NO_INIT_SUPPORT -DUSE_UTIL_DIRECTLY -DNO_NSPR_10_SUPPORT -DSSL_DISABLE_DEPRECATED_CIPHER_SUITE_NAMES -DNSS_USE_64 -DFREEBL_NO_DEPEND -DFREEBL_LOWHASH -DNSS_X86_OR_X64 -DNSS_X64 -DUSE_HW_SHA2 -DNSS_BEVAND_ARCFOUR -DMPI_AMD64 -DMP_ASSEMBLY_MULTIPLY -DNSS_USE_COMBA -DUSE_HW_AES -DINTEL_GCM -DHAVE_INT128_SUPPORT -DHACL_CAN_COMPILE_VEC256 -DKRML_MUSTINLINE=inline -DMP_API_COMPATIBLE -I/home/ffortier/code/perso/nss/../nspr/dist/include/nspr -I../../../dist/Linux6.6_x86_64_cc_glibc_PTH_64_OPT.OBJ/include -I../../../dist/public/nss -I../../../dist/private/nss -Impi -Iecl -Iverified -Iverified/internal -Iverified/karamel/include -Iverified/karamel/krmllib/dist/minimal -Iverified/eurydice -Ideprecated  mpi/mplogic.c
cc -o Linux6.6_x86_64_cc_glibc_PTH_64_OPT.OBJ/Linux_SINGLE_SHLIB/mpi.o -c -std=c99 -O2 -fPIC  -m64 -pipe -ffunction-sections -fdata-sections -DHAVE_STRERROR -DLINUX -Dlinux -Wall -Wshadow -Werror -DXP_UNIX -DXP_UNIX -UDEBUG -DNDEBUG -D_DEFAULT_SOURCE -D_BSD_SOURCE -D_POSIX_SOURCE -DSDB_MEASURE_USE_TEMP_DIR -D_REENTRANT -DSHLIB_SUFFIX=\"so\" -DSHLIB_PREFIX=\"lib\" -DSHLIB_VERSION=\"3\" -DSOFTOKEN_SHLIB_VERSION=\"3\" -DKYBER_K=3 -DRIJNDAEL_INCLUDE_TABLES -UDEBUG -DNDEBUG -D_DEFAULT_SOURCE -D_BSD_SOURCE -D_POSIX_SOURCE -DSDB_MEASURE_USE_TEMP_DIR -D_REENTRANT -DNSS_DISABLE_SSE3 -DNSS_NO_INIT_SUPPORT -DUSE_UTIL_DIRECTLY -DNO_NSPR_10_SUPPORT -DSSL_DISABLE_DEPRECATED_CIPHER_SUITE_NAMES -DNSS_USE_64 -DFREEBL_NO_DEPEND -DFREEBL_LOWHASH -DNSS_X86_OR_X64 -DNSS_X64 -DUSE_HW_SHA2 -DNSS_BEVAND_ARCFOUR -DMPI_AMD64 -DMP_ASSEMBLY_MULTIPLY -DNSS_USE_COMBA -DUSE_HW_AES -DINTEL_GCM -DHAVE_INT128_SUPPORT -DHACL_CAN_COMPILE_VEC256 -DKRML_MUSTINLINE=inline -DMP_API_COMPATIBLE -I/home/ffortier/code/perso/nss/../nspr/dist/include/nspr -I../../../dist/Linux6.6_x86_64_cc_glibc_PTH_64_OPT.OBJ/include -I../../../dist/public/nss -I../../../dist/private/nss -Impi -Iecl -Iverified -Iverified/internal -Iverified/karamel/include -Iverified/karamel/krmllib/dist/minimal -Iverified/eurydice -Ideprecated  mpi/mpi.c
cc -o Linux6.6_x86_64_cc_glibc_PTH_64_OPT.OBJ/Linux_SINGLE_SHLIB/mp_gf2m.o -c -std=c99 -O2 -fPIC  -m64 -pipe -ffunction-sections -fdata-sections -DHAVE_STRERROR -DLINUX -Dlinux -Wall -Wshadow -Werror -DXP_UNIX -DXP_UNIX -UDEBUG -DNDEBUG -D_DEFAULT_SOURCE -D_BSD_SOURCE -D_POSIX_SOURCE -DSDB_MEASURE_USE_TEMP_DIR -D_REENTRANT -DSHLIB_SUFFIX=\"so\" -DSHLIB_PREFIX=\"lib\" -DSHLIB_VERSION=\"3\" -DSOFTOKEN_SHLIB_VERSION=\"3\" -DKYBER_K=3 -DRIJNDAEL_INCLUDE_TABLES -UDEBUG -DNDEBUG -D_DEFAULT_SOURCE -D_BSD_SOURCE -D_POSIX_SOURCE -DSDB_MEASURE_USE_TEMP_DIR -D_REENTRANT -DNSS_DISABLE_SSE3 -DNSS_NO_INIT_SUPPORT -DUSE_UTIL_DIRECTLY -DNO_NSPR_10_SUPPORT -DSSL_DISABLE_DEPRECATED_CIPHER_SUITE_NAMES -DNSS_USE_64 -DFREEBL_NO_DEPEND -DFREEBL_LOWHASH -DNSS_X86_OR_X64 -DNSS_X64 -DUSE_HW_SHA2 -DNSS_BEVAND_ARCFOUR -DMPI_AMD64 -DMP_ASSEMBLY_MULTIPLY -DNSS_USE_COMBA -DUSE_HW_AES -DINTEL_GCM -DHAVE_INT128_SUPPORT -DHACL_CAN_COMPILE_VEC256 -DKRML_MUSTINLINE=inline -DMP_API_COMPATIBLE -I/home/ffortier/code/perso/nss/../nspr/dist/include/nspr -I../../../dist/Linux6.6_x86_64_cc_glibc_PTH_64_OPT.OBJ/include -I../../../dist/public/nss -I../../../dist/private/nss -Impi -Iecl -Iverified -Iverified/internal -Iverified/karamel/include -Iverified/karamel/krmllib/dist/minimal -Iverified/eurydice -Ideprecated  mpi/mp_gf2m.c
cc -o Linux6.6_x86_64_cc_glibc_PTH_64_OPT.OBJ/Linux_SINGLE_SHLIB/mpi_amd64.o -c -std=c99 -O2 -fPIC  -m64 -pipe -ffunction-sections -fdata-sections -DHAVE_STRERROR -DLINUX -Dlinux -Wall -Wshadow -Werror -DXP_UNIX -DXP_UNIX -UDEBUG -DNDEBUG -D_DEFAULT_SOURCE -D_BSD_SOURCE -D_POSIX_SOURCE -DSDB_MEASURE_USE_TEMP_DIR -D_REENTRANT -DSHLIB_SUFFIX=\"so\" -DSHLIB_PREFIX=\"lib\" -DSHLIB_VERSION=\"3\" -DSOFTOKEN_SHLIB_VERSION=\"3\" -DKYBER_K=3 -DRIJNDAEL_INCLUDE_TABLES -UDEBUG -DNDEBUG -D_DEFAULT_SOURCE -D_BSD_SOURCE -D_POSIX_SOURCE -DSDB_MEASURE_USE_TEMP_DIR -D_REENTRANT -DNSS_DISABLE_SSE3 -DNSS_NO_INIT_SUPPORT -DUSE_UTIL_DIRECTLY -DNO_NSPR_10_SUPPORT -DSSL_DISABLE_DEPRECATED_CIPHER_SUITE_NAMES -DNSS_USE_64 -DFREEBL_NO_DEPEND -DFREEBL_LOWHASH -DNSS_X86_OR_X64 -DNSS_X64 -DUSE_HW_SHA2 -DNSS_BEVAND_ARCFOUR -DMPI_AMD64 -DMP_ASSEMBLY_MULTIPLY -DNSS_USE_COMBA -DUSE_HW_AES -DINTEL_GCM -DHAVE_INT128_SUPPORT -DHACL_CAN_COMPILE_VEC256 -DKRML_MUSTINLINE=inline -DMP_API_COMPATIBLE -I/home/ffortier/code/perso/nss/../nspr/dist/include/nspr -I../../../dist/Linux6.6_x86_64_cc_glibc_PTH_64_OPT.OBJ/include -I../../../dist/public/nss -I../../../dist/private/nss -Impi -Iecl -Iverified -Iverified/internal -Iverified/karamel/include -Iverified/karamel/krmllib/dist/minimal -Iverified/eurydice -Ideprecated  mpi/mpi_amd64.c
cc -o Linux6.6_x86_64_cc_glibc_PTH_64_OPT.OBJ/Linux_SINGLE_SHLIB/mp_comba.o -c -std=c99 -O2 -fPIC  -m64 -pipe -ffunction-sections -fdata-sections -DHAVE_STRERROR -DLINUX -Dlinux -Wall -Wshadow -Werror -DXP_UNIX -DXP_UNIX -UDEBUG -DNDEBUG -D_DEFAULT_SOURCE -D_BSD_SOURCE -D_POSIX_SOURCE -DSDB_MEASURE_USE_TEMP_DIR -D_REENTRANT -DSHLIB_SUFFIX=\"so\" -DSHLIB_PREFIX=\"lib\" -DSHLIB_VERSION=\"3\" -DSOFTOKEN_SHLIB_VERSION=\"3\" -DKYBER_K=3 -DRIJNDAEL_INCLUDE_TABLES -UDEBUG -DNDEBUG -D_DEFAULT_SOURCE -D_BSD_SOURCE -D_POSIX_SOURCE -DSDB_MEASURE_USE_TEMP_DIR -D_REENTRANT -DNSS_DISABLE_SSE3 -DNSS_NO_INIT_SUPPORT -DUSE_UTIL_DIRECTLY -DNO_NSPR_10_SUPPORT -DSSL_DISABLE_DEPRECATED_CIPHER_SUITE_NAMES -DNSS_USE_64 -DFREEBL_NO_DEPEND -DFREEBL_LOWHASH -DNSS_X86_OR_X64 -DNSS_X64 -DUSE_HW_SHA2 -DNSS_BEVAND_ARCFOUR -DMPI_AMD64 -DMP_ASSEMBLY_MULTIPLY -DNSS_USE_COMBA -DUSE_HW_AES -DINTEL_GCM -DHAVE_INT128_SUPPORT -DHACL_CAN_COMPILE_VEC256 -DKRML_MUSTINLINE=inline -DMP_API_COMPATIBLE -I/home/ffortier/code/perso/nss/../nspr/dist/include/nspr -I../../../dist/Linux6.6_x86_64_cc_glibc_PTH_64_OPT.OBJ/include -I../../../dist/public/nss -I../../../dist/private/nss -Impi -Iecl -Iverified -Iverified/internal -Iverified/karamel/include -Iverified/karamel/krmllib/dist/minimal -Iverified/eurydice -Ideprecated  mpi/mp_comba.c
cc -o Linux6.6_x86_64_cc_glibc_PTH_64_OPT.OBJ/Linux_SINGLE_SHLIB/mpcpucache.o -c -std=c99 -O2 -fPIC  -m64 -pipe -ffunction-sections -fdata-sections -DHAVE_STRERROR -DLINUX -Dlinux -Wall -Wshadow -Werror -DXP_UNIX -DXP_UNIX -UDEBUG -DNDEBUG -D_DEFAULT_SOURCE -D_BSD_SOURCE -D_POSIX_SOURCE -DSDB_MEASURE_USE_TEMP_DIR -D_REENTRANT -DSHLIB_SUFFIX=\"so\" -DSHLIB_PREFIX=\"lib\" -DSHLIB_VERSION=\"3\" -DSOFTOKEN_SHLIB_VERSION=\"3\" -DKYBER_K=3 -DRIJNDAEL_INCLUDE_TABLES -UDEBUG -DNDEBUG -D_DEFAULT_SOURCE -D_BSD_SOURCE -D_POSIX_SOURCE -DSDB_MEASURE_USE_TEMP_DIR -D_REENTRANT -DNSS_DISABLE_SSE3 -DNSS_NO_INIT_SUPPORT -DUSE_UTIL_DIRECTLY -DNO_NSPR_10_SUPPORT -DSSL_DISABLE_DEPRECATED_CIPHER_SUITE_NAMES -DNSS_USE_64 -DFREEBL_NO_DEPEND -DFREEBL_LOWHASH -DNSS_X86_OR_X64 -DNSS_X64 -DUSE_HW_SHA2 -DNSS_BEVAND_ARCFOUR -DMPI_AMD64 -DMP_ASSEMBLY_MULTIPLY -DNSS_USE_COMBA -DUSE_HW_AES -DINTEL_GCM -DHAVE_INT128_SUPPORT -DHACL_CAN_COMPILE_VEC256 -DKRML_MUSTINLINE=inline -DMP_API_COMPATIBLE -I/home/ffortier/code/perso/nss/../nspr/dist/include/nspr -I../../../dist/Linux6.6_x86_64_cc_glibc_PTH_64_OPT.OBJ/include -I../../../dist/public/nss -I../../../dist/private/nss -Impi -Iecl -Iverified -Iverified/internal -Iverified/karamel/include -Iverified/karamel/krmllib/dist/minimal -Iverified/eurydice -Ideprecated  mpi/mpcpucache.c
cc -o Linux6.6_x86_64_cc_glibc_PTH_64_OPT.OBJ/Linux_SINGLE_SHLIB/ecp_25519.o -c -std=c99 -O2 -fPIC  -m64 -pipe -ffunction-sections -fdata-sections -DHAVE_STRERROR -DLINUX -Dlinux -Wall -Wshadow -Werror -DXP_UNIX -DXP_UNIX -UDEBUG -DNDEBUG -D_DEFAULT_SOURCE -D_BSD_SOURCE -D_POSIX_SOURCE -DSDB_MEASURE_USE_TEMP_DIR -D_REENTRANT -DSHLIB_SUFFIX=\"so\" -DSHLIB_PREFIX=\"lib\" -DSHLIB_VERSION=\"3\" -DSOFTOKEN_SHLIB_VERSION=\"3\" -DKYBER_K=3 -DRIJNDAEL_INCLUDE_TABLES -UDEBUG -DNDEBUG -D_DEFAULT_SOURCE -D_BSD_SOURCE -D_POSIX_SOURCE -DSDB_MEASURE_USE_TEMP_DIR -D_REENTRANT -DNSS_DISABLE_SSE3 -DNSS_NO_INIT_SUPPORT -DUSE_UTIL_DIRECTLY -DNO_NSPR_10_SUPPORT -DSSL_DISABLE_DEPRECATED_CIPHER_SUITE_NAMES -DNSS_USE_64 -DFREEBL_NO_DEPEND -DFREEBL_LOWHASH -DNSS_X86_OR_X64 -DNSS_X64 -DUSE_HW_SHA2 -DNSS_BEVAND_ARCFOUR -DMPI_AMD64 -DMP_ASSEMBLY_MULTIPLY -DNSS_USE_COMBA -DUSE_HW_AES -DINTEL_GCM -DHAVE_INT128_SUPPORT -DHACL_CAN_COMPILE_VEC256 -DKRML_MUSTINLINE=inline -DMP_API_COMPATIBLE -I/home/ffortier/code/perso/nss/../nspr/dist/include/nspr -I../../../dist/Linux6.6_x86_64_cc_glibc_PTH_64_OPT.OBJ/include -I../../../dist/public/nss -I../../../dist/private/nss -Impi -Iecl -Iverified -Iverified/internal -Iverified/karamel/include -Iverified/karamel/krmllib/dist/minimal -Iverified/eurydice -Ideprecated  ecl/ecp_25519.c
cc -o Linux6.6_x86_64_cc_glibc_PTH_64_OPT.OBJ/Linux_SINGLE_SHLIB/ecp_secp256r1.o -c -std=c99 -O2 -fPIC  -m64 -pipe -ffunction-sections -fdata-sections -DHAVE_STRERROR -DLINUX -Dlinux -Wall -Wshadow -Werror -DXP_UNIX -DXP_UNIX -UDEBUG -DNDEBUG -D_DEFAULT_SOURCE -D_BSD_SOURCE -D_POSIX_SOURCE -DSDB_MEASURE_USE_TEMP_DIR -D_REENTRANT -DSHLIB_SUFFIX=\"so\" -DSHLIB_PREFIX=\"lib\" -DSHLIB_VERSION=\"3\" -DSOFTOKEN_SHLIB_VERSION=\"3\" -DKYBER_K=3 -DRIJNDAEL_INCLUDE_TABLES -UDEBUG -DNDEBUG -D_DEFAULT_SOURCE -D_BSD_SOURCE -D_POSIX_SOURCE -DSDB_MEASURE_USE_TEMP_DIR -D_REENTRANT -DNSS_DISABLE_SSE3 -DNSS_NO_INIT_SUPPORT -DUSE_UTIL_DIRECTLY -DNO_NSPR_10_SUPPORT -DSSL_DISABLE_DEPRECATED_CIPHER_SUITE_NAMES -DNSS_USE_64 -DFREEBL_NO_DEPEND -DFREEBL_LOWHASH -DNSS_X86_OR_X64 -DNSS_X64 -DUSE_HW_SHA2 -DNSS_BEVAND_ARCFOUR -DMPI_AMD64 -DMP_ASSEMBLY_MULTIPLY -DNSS_USE_COMBA -DUSE_HW_AES -DINTEL_GCM -DHAVE_INT128_SUPPORT -DHACL_CAN_COMPILE_VEC256 -DKRML_MUSTINLINE=inline -DMP_API_COMPATIBLE -I/home/ffortier/code/perso/nss/../nspr/dist/include/nspr -I../../../dist/Linux6.6_x86_64_cc_glibc_PTH_64_OPT.OBJ/include -I../../../dist/public/nss -I../../../dist/private/nss -Impi -Iecl -Iverified -Iverified/internal -Iverified/karamel/include -Iverified/karamel/krmllib/dist/minimal -Iverified/eurydice -Ideprecated  ecl/ecp_secp256r1.c
cc -o Linux6.6_x86_64_cc_glibc_PTH_64_OPT.OBJ/Linux_SINGLE_SHLIB/ecp_secp384r1.o -c -std=c99 -O2 -fPIC  -m64 -pipe -ffunction-sections -fdata-sections -DHAVE_STRERROR -DLINUX -Dlinux -Wall -Wshadow -Werror -DXP_UNIX -DXP_UNIX -UDEBUG -DNDEBUG -D_DEFAULT_SOURCE -D_BSD_SOURCE -D_POSIX_SOURCE -DSDB_MEASURE_USE_TEMP_DIR -D_REENTRANT -DSHLIB_SUFFIX=\"so\" -DSHLIB_PREFIX=\"lib\" -DSHLIB_VERSION=\"3\" -DSOFTOKEN_SHLIB_VERSION=\"3\" -DKYBER_K=3 -DRIJNDAEL_INCLUDE_TABLES -UDEBUG -DNDEBUG -D_DEFAULT_SOURCE -D_BSD_SOURCE -D_POSIX_SOURCE -DSDB_MEASURE_USE_TEMP_DIR -D_REENTRANT -DNSS_DISABLE_SSE3 -DNSS_NO_INIT_SUPPORT -DUSE_UTIL_DIRECTLY -DNO_NSPR_10_SUPPORT -DSSL_DISABLE_DEPRECATED_CIPHER_SUITE_NAMES -DNSS_USE_64 -DFREEBL_NO_DEPEND -DFREEBL_LOWHASH -DNSS_X86_OR_X64 -DNSS_X64 -DUSE_HW_SHA2 -DNSS_BEVAND_ARCFOUR -DMPI_AMD64 -DMP_ASSEMBLY_MULTIPLY -DNSS_USE_COMBA -DUSE_HW_AES -DINTEL_GCM -DHAVE_INT128_SUPPORT -DHACL_CAN_COMPILE_VEC256 -DKRML_MUSTINLINE=inline -DMP_API_COMPATIBLE -I/home/ffortier/code/perso/nss/../nspr/dist/include/nspr -I../../../dist/Linux6.6_x86_64_cc_glibc_PTH_64_OPT.OBJ/include -I../../../dist/public/nss -I../../../dist/private/nss -Impi -Iecl -Iverified -Iverified/internal -Iverified/karamel/include -Iverified/karamel/krmllib/dist/minimal -Iverified/eurydice -Ideprecated  ecl/ecp_secp384r1.c
cc -o Linux6.6_x86_64_cc_glibc_PTH_64_OPT.OBJ/Linux_SINGLE_SHLIB/ecp_secp521r1.o -c -std=c99 -O2 -fPIC  -m64 -pipe -ffunction-sections -fdata-sections -DHAVE_STRERROR -DLINUX -Dlinux -Wall -Wshadow -Werror -DXP_UNIX -DXP_UNIX -UDEBUG -DNDEBUG -D_DEFAULT_SOURCE -D_BSD_SOURCE -D_POSIX_SOURCE -DSDB_MEASURE_USE_TEMP_DIR -D_REENTRANT -DSHLIB_SUFFIX=\"so\" -DSHLIB_PREFIX=\"lib\" -DSHLIB_VERSION=\"3\" -DSOFTOKEN_SHLIB_VERSION=\"3\" -DKYBER_K=3 -DRIJNDAEL_INCLUDE_TABLES -UDEBUG -DNDEBUG -D_DEFAULT_SOURCE -D_BSD_SOURCE -D_POSIX_SOURCE -DSDB_MEASURE_USE_TEMP_DIR -D_REENTRANT -DNSS_DISABLE_SSE3 -DNSS_NO_INIT_SUPPORT -DUSE_UTIL_DIRECTLY -DNO_NSPR_10_SUPPORT -DSSL_DISABLE_DEPRECATED_CIPHER_SUITE_NAMES -DNSS_USE_64 -DFREEBL_NO_DEPEND -DFREEBL_LOWHASH -DNSS_X86_OR_X64 -DNSS_X64 -DUSE_HW_SHA2 -DNSS_BEVAND_ARCFOUR -DMPI_AMD64 -DMP_ASSEMBLY_MULTIPLY -DNSS_USE_COMBA -DUSE_HW_AES -DINTEL_GCM -DHAVE_INT128_SUPPORT -DHACL_CAN_COMPILE_VEC256 -DKRML_MUSTINLINE=inline -DMP_API_COMPATIBLE -I/home/ffortier/code/perso/nss/../nspr/dist/include/nspr -I../../../dist/Linux6.6_x86_64_cc_glibc_PTH_64_OPT.OBJ/include -I../../../dist/public/nss -I../../../dist/private/nss -Impi -Iecl -Iverified -Iverified/internal -Iverified/karamel/include -Iverified/karamel/krmllib/dist/minimal -Iverified/eurydice -Ideprecated  ecl/ecp_secp521r1.c
cc -o Linux6.6_x86_64_cc_glibc_PTH_64_OPT.OBJ/Linux_SINGLE_SHLIB/curve25519_64.o -c -std=c99 -O2 -fPIC  -m64 -pipe -ffunction-sections -fdata-sections -DHAVE_STRERROR -DLINUX -Dlinux -Wall -Wshadow -Werror -DXP_UNIX -DXP_UNIX -UDEBUG -DNDEBUG -D_DEFAULT_SOURCE -D_BSD_SOURCE -D_POSIX_SOURCE -DSDB_MEASURE_USE_TEMP_DIR -D_REENTRANT -DSHLIB_SUFFIX=\"so\" -DSHLIB_PREFIX=\"lib\" -DSHLIB_VERSION=\"3\" -DSOFTOKEN_SHLIB_VERSION=\"3\" -DKYBER_K=3 -DRIJNDAEL_INCLUDE_TABLES -UDEBUG -DNDEBUG -D_DEFAULT_SOURCE -D_BSD_SOURCE -D_POSIX_SOURCE -DSDB_MEASURE_USE_TEMP_DIR -D_REENTRANT -DNSS_DISABLE_SSE3 -DNSS_NO_INIT_SUPPORT -DUSE_UTIL_DIRECTLY -DNO_NSPR_10_SUPPORT -DSSL_DISABLE_DEPRECATED_CIPHER_SUITE_NAMES -DNSS_USE_64 -DFREEBL_NO_DEPEND -DFREEBL_LOWHASH -DNSS_X86_OR_X64 -DNSS_X64 -DUSE_HW_SHA2 -DNSS_BEVAND_ARCFOUR -DMPI_AMD64 -DMP_ASSEMBLY_MULTIPLY -DNSS_USE_COMBA -DUSE_HW_AES -DINTEL_GCM -DHAVE_INT128_SUPPORT -DHACL_CAN_COMPILE_VEC256 -DKRML_MUSTINLINE=inline -DMP_API_COMPATIBLE -I/home/ffortier/code/perso/nss/../nspr/dist/include/nspr -I../../../dist/Linux6.6_x86_64_cc_glibc_PTH_64_OPT.OBJ/include -I../../../dist/public/nss -I../../../dist/private/nss -Impi -Iecl -Iverified -Iverified/internal -Iverified/karamel/include -Iverified/karamel/krmllib/dist/minimal -Iverified/eurydice -Ideprecated  ecl/curve25519_64.c
cc -o Linux6.6_x86_64_cc_glibc_PTH_64_OPT.OBJ/Linux_SINGLE_SHLIB/Hacl_Poly1305_32.o -c -std=c99 -O2 -fPIC  -m64 -pipe -ffunction-sections -fdata-sections -DHAVE_STRERROR -DLINUX -Dlinux -Wall -Wshadow -Werror -DXP_UNIX -DXP_UNIX -UDEBUG -DNDEBUG -D_DEFAULT_SOURCE -D_BSD_SOURCE -D_POSIX_SOURCE -DSDB_MEASURE_USE_TEMP_DIR -D_REENTRANT -DSHLIB_SUFFIX=\"so\" -DSHLIB_PREFIX=\"lib\" -DSHLIB_VERSION=\"3\" -DSOFTOKEN_SHLIB_VERSION=\"3\" -DKYBER_K=3 -DRIJNDAEL_INCLUDE_TABLES -UDEBUG -DNDEBUG -D_DEFAULT_SOURCE -D_BSD_SOURCE -D_POSIX_SOURCE -DSDB_MEASURE_USE_TEMP_DIR -D_REENTRANT -DNSS_DISABLE_SSE3 -DNSS_NO_INIT_SUPPORT -DUSE_UTIL_DIRECTLY -DNO_NSPR_10_SUPPORT -DSSL_DISABLE_DEPRECATED_CIPHER_SUITE_NAMES -DNSS_USE_64 -DFREEBL_NO_DEPEND -DFREEBL_LOWHASH -DNSS_X86_OR_X64 -DNSS_X64 -DUSE_HW_SHA2 -DNSS_BEVAND_ARCFOUR -DMPI_AMD64 -DMP_ASSEMBLY_MULTIPLY -DNSS_USE_COMBA -DUSE_HW_AES -DINTEL_GCM -DHAVE_INT128_SUPPORT -DHACL_CAN_COMPILE_VEC256 -DKRML_MUSTINLINE=inline -DMP_API_COMPATIBLE -I/home/ffortier/code/perso/nss/../nspr/dist/include/nspr -I../../../dist/Linux6.6_x86_64_cc_glibc_PTH_64_OPT.OBJ/include -I../../../dist/public/nss -I../../../dist/private/nss -Impi -Iecl -Iverified -Iverified/internal -Iverified/karamel/include -Iverified/karamel/krmllib/dist/minimal -Iverified/eurydice -Ideprecated  verified/Hacl_Poly1305_32.c
cc -o Linux6.6_x86_64_cc_glibc_PTH_64_OPT.OBJ/Linux_SINGLE_SHLIB/Hacl_Chacha20.o -c -std=c99 -O2 -fPIC  -m64 -pipe -ffunction-sections -fdata-sections -DHAVE_STRERROR -DLINUX -Dlinux -Wall -Wshadow -Werror -DXP_UNIX -DXP_UNIX -UDEBUG -DNDEBUG -D_DEFAULT_SOURCE -D_BSD_SOURCE -D_POSIX_SOURCE -DSDB_MEASURE_USE_TEMP_DIR -D_REENTRANT -DSHLIB_SUFFIX=\"so\" -DSHLIB_PREFIX=\"lib\" -DSHLIB_VERSION=\"3\" -DSOFTOKEN_SHLIB_VERSION=\"3\" -DKYBER_K=3 -DRIJNDAEL_INCLUDE_TABLES -UDEBUG -DNDEBUG -D_DEFAULT_SOURCE -D_BSD_SOURCE -D_POSIX_SOURCE -DSDB_MEASURE_USE_TEMP_DIR -D_REENTRANT -DNSS_DISABLE_SSE3 -DNSS_NO_INIT_SUPPORT -DUSE_UTIL_DIRECTLY -DNO_NSPR_10_SUPPORT -DSSL_DISABLE_DEPRECATED_CIPHER_SUITE_NAMES -DNSS_USE_64 -DFREEBL_NO_DEPEND -DFREEBL_LOWHASH -DNSS_X86_OR_X64 -DNSS_X64 -DUSE_HW_SHA2 -DNSS_BEVAND_ARCFOUR -DMPI_AMD64 -DMP_ASSEMBLY_MULTIPLY -DNSS_USE_COMBA -DUSE_HW_AES -DINTEL_GCM -DHAVE_INT128_SUPPORT -DHACL_CAN_COMPILE_VEC256 -DKRML_MUSTINLINE=inline -DMP_API_COMPATIBLE -I/home/ffortier/code/perso/nss/../nspr/dist/include/nspr -I../../../dist/Linux6.6_x86_64_cc_glibc_PTH_64_OPT.OBJ/include -I../../../dist/public/nss -I../../../dist/private/nss -Impi -Iecl -Iverified -Iverified/internal -Iverified/karamel/include -Iverified/karamel/krmllib/dist/minimal -Iverified/eurydice -Ideprecated  verified/Hacl_Chacha20.c
cc -o Linux6.6_x86_64_cc_glibc_PTH_64_OPT.OBJ/Linux_SINGLE_SHLIB/Hacl_Chacha20Poly1305_32.o -c -std=c99 -O2 -fPIC  -m64 -pipe -ffunction-sections -fdata-sections -DHAVE_STRERROR -DLINUX -Dlinux -Wall -Wshadow -Werror -DXP_UNIX -DXP_UNIX -UDEBUG -DNDEBUG -D_DEFAULT_SOURCE -D_BSD_SOURCE -D_POSIX_SOURCE -DSDB_MEASURE_USE_TEMP_DIR -D_REENTRANT -DSHLIB_SUFFIX=\"so\" -DSHLIB_PREFIX=\"lib\" -DSHLIB_VERSION=\"3\" -DSOFTOKEN_SHLIB_VERSION=\"3\" -DKYBER_K=3 -DRIJNDAEL_INCLUDE_TABLES -UDEBUG -DNDEBUG -D_DEFAULT_SOURCE -D_BSD_SOURCE -D_POSIX_SOURCE -DSDB_MEASURE_USE_TEMP_DIR -D_REENTRANT -DNSS_DISABLE_SSE3 -DNSS_NO_INIT_SUPPORT -DUSE_UTIL_DIRECTLY -DNO_NSPR_10_SUPPORT -DSSL_DISABLE_DEPRECATED_CIPHER_SUITE_NAMES -DNSS_USE_64 -DFREEBL_NO_DEPEND -DFREEBL_LOWHASH -DNSS_X86_OR_X64 -DNSS_X64 -DUSE_HW_SHA2 -DNSS_BEVAND_ARCFOUR -DMPI_AMD64 -DMP_ASSEMBLY_MULTIPLY -DNSS_USE_COMBA -DUSE_HW_AES -DINTEL_GCM -DHAVE_INT128_SUPPORT -DHACL_CAN_COMPILE_VEC256 -DKRML_MUSTINLINE=inline -DMP_API_COMPATIBLE -I/home/ffortier/code/perso/nss/../nspr/dist/include/nspr -I../../../dist/Linux6.6_x86_64_cc_glibc_PTH_64_OPT.OBJ/include -I../../../dist/public/nss -I../../../dist/private/nss -Impi -Iecl -Iverified -Iverified/internal -Iverified/karamel/include -Iverified/karamel/krmllib/dist/minimal -Iverified/eurydice -Ideprecated  verified/Hacl_Chacha20Poly1305_32.c
cc -o Linux6.6_x86_64_cc_glibc_PTH_64_OPT.OBJ/Linux_SINGLE_SHLIB/Hacl_Hash_SHA3.o -c -std=c99 -O2 -fPIC  -m64 -pipe -ffunction-sections -fdata-sections -DHAVE_STRERROR -DLINUX -Dlinux -Wall -Wshadow -Werror -DXP_UNIX -DXP_UNIX -UDEBUG -DNDEBUG -D_DEFAULT_SOURCE -D_BSD_SOURCE -D_POSIX_SOURCE -DSDB_MEASURE_USE_TEMP_DIR -D_REENTRANT -DSHLIB_SUFFIX=\"so\" -DSHLIB_PREFIX=\"lib\" -DSHLIB_VERSION=\"3\" -DSOFTOKEN_SHLIB_VERSION=\"3\" -DKYBER_K=3 -DRIJNDAEL_INCLUDE_TABLES -UDEBUG -DNDEBUG -D_DEFAULT_SOURCE -D_BSD_SOURCE -D_POSIX_SOURCE -DSDB_MEASURE_USE_TEMP_DIR -D_REENTRANT -DNSS_DISABLE_SSE3 -DNSS_NO_INIT_SUPPORT -DUSE_UTIL_DIRECTLY -DNO_NSPR_10_SUPPORT -DSSL_DISABLE_DEPRECATED_CIPHER_SUITE_NAMES -DNSS_USE_64 -DFREEBL_NO_DEPEND -DFREEBL_LOWHASH -DNSS_X86_OR_X64 -DNSS_X64 -DUSE_HW_SHA2 -DNSS_BEVAND_ARCFOUR -DMPI_AMD64 -DMP_ASSEMBLY_MULTIPLY -DNSS_USE_COMBA -DUSE_HW_AES -DINTEL_GCM -DHAVE_INT128_SUPPORT -DHACL_CAN_COMPILE_VEC256 -DKRML_MUSTINLINE=inline -DMP_API_COMPATIBLE -I/home/ffortier/code/perso/nss/../nspr/dist/include/nspr -I../../../dist/Linux6.6_x86_64_cc_glibc_PTH_64_OPT.OBJ/include -I../../../dist/public/nss -I../../../dist/private/nss -Impi -Iecl -Iverified -Iverified/internal -Iverified/karamel/include -Iverified/karamel/krmllib/dist/minimal -Iverified/eurydice -Ideprecated  verified/Hacl_Hash_SHA3.c
cc -o Linux6.6_x86_64_cc_glibc_PTH_64_OPT.OBJ/Linux_SINGLE_SHLIB/Hacl_P256.o -c -std=c99 -O2 -fPIC  -m64 -pipe -ffunction-sections -fdata-sections -DHAVE_STRERROR -DLINUX -Dlinux -Wall -Wshadow -Werror -DXP_UNIX -DXP_UNIX -UDEBUG -DNDEBUG -D_DEFAULT_SOURCE -D_BSD_SOURCE -D_POSIX_SOURCE -DSDB_MEASURE_USE_TEMP_DIR -D_REENTRANT -DSHLIB_SUFFIX=\"so\" -DSHLIB_PREFIX=\"lib\" -DSHLIB_VERSION=\"3\" -DSOFTOKEN_SHLIB_VERSION=\"3\" -DKYBER_K=3 -DRIJNDAEL_INCLUDE_TABLES -UDEBUG -DNDEBUG -D_DEFAULT_SOURCE -D_BSD_SOURCE -D_POSIX_SOURCE -DSDB_MEASURE_USE_TEMP_DIR -D_REENTRANT -DNSS_DISABLE_SSE3 -DNSS_NO_INIT_SUPPORT -DUSE_UTIL_DIRECTLY -DNO_NSPR_10_SUPPORT -DSSL_DISABLE_DEPRECATED_CIPHER_SUITE_NAMES -DNSS_USE_64 -DFREEBL_NO_DEPEND -DFREEBL_LOWHASH -DNSS_X86_OR_X64 -DNSS_X64 -DUSE_HW_SHA2 -DNSS_BEVAND_ARCFOUR -DMPI_AMD64 -DMP_ASSEMBLY_MULTIPLY -DNSS_USE_COMBA -DUSE_HW_AES -DINTEL_GCM -DHAVE_INT128_SUPPORT -DHACL_CAN_COMPILE_VEC256 -DKRML_MUSTINLINE=inline -DMP_API_COMPATIBLE -I/home/ffortier/code/perso/nss/../nspr/dist/include/nspr -I../../../dist/Linux6.6_x86_64_cc_glibc_PTH_64_OPT.OBJ/include -I../../../dist/public/nss -I../../../dist/private/nss -Impi -Iecl -Iverified -Iverified/internal -Iverified/karamel/include -Iverified/karamel/krmllib/dist/minimal -Iverified/eurydice -Ideprecated  verified/Hacl_P256.c
cc -o Linux6.6_x86_64_cc_glibc_PTH_64_OPT.OBJ/Linux_SINGLE_SHLIB/Hacl_P384.o -c -std=c99 -O2 -fPIC  -m64 -pipe -ffunction-sections -fdata-sections -DHAVE_STRERROR -DLINUX -Dlinux -Wall -Wshadow -Werror -DXP_UNIX -DXP_UNIX -UDEBUG -DNDEBUG -D_DEFAULT_SOURCE -D_BSD_SOURCE -D_POSIX_SOURCE -DSDB_MEASURE_USE_TEMP_DIR -D_REENTRANT -DSHLIB_SUFFIX=\"so\" -DSHLIB_PREFIX=\"lib\" -DSHLIB_VERSION=\"3\" -DSOFTOKEN_SHLIB_VERSION=\"3\" -DKYBER_K=3 -DRIJNDAEL_INCLUDE_TABLES -UDEBUG -DNDEBUG -D_DEFAULT_SOURCE -D_BSD_SOURCE -D_POSIX_SOURCE -DSDB_MEASURE_USE_TEMP_DIR -D_REENTRANT -DNSS_DISABLE_SSE3 -DNSS_NO_INIT_SUPPORT -DUSE_UTIL_DIRECTLY -DNO_NSPR_10_SUPPORT -DSSL_DISABLE_DEPRECATED_CIPHER_SUITE_NAMES -DNSS_USE_64 -DFREEBL_NO_DEPEND -DFREEBL_LOWHASH -DNSS_X86_OR_X64 -DNSS_X64 -DUSE_HW_SHA2 -DNSS_BEVAND_ARCFOUR -DMPI_AMD64 -DMP_ASSEMBLY_MULTIPLY -DNSS_USE_COMBA -DUSE_HW_AES -DINTEL_GCM -DHAVE_INT128_SUPPORT -DHACL_CAN_COMPILE_VEC256 -DKRML_MUSTINLINE=inline -DMP_API_COMPATIBLE -I/home/ffortier/code/perso/nss/../nspr/dist/include/nspr -I../../../dist/Linux6.6_x86_64_cc_glibc_PTH_64_OPT.OBJ/include -I../../../dist/public/nss -I../../../dist/private/nss -Impi -Iecl -Iverified -Iverified/internal -Iverified/karamel/include -Iverified/karamel/krmllib/dist/minimal -Iverified/eurydice -Ideprecated  verified/Hacl_P384.c
cc -o Linux6.6_x86_64_cc_glibc_PTH_64_OPT.OBJ/Linux_SINGLE_SHLIB/Hacl_P521.o -c -std=c99 -O2 -fPIC  -m64 -pipe -ffunction-sections -fdata-sections -DHAVE_STRERROR -DLINUX -Dlinux -Wall -Wshadow -Werror -DXP_UNIX -DXP_UNIX -UDEBUG -DNDEBUG -D_DEFAULT_SOURCE -D_BSD_SOURCE -D_POSIX_SOURCE -DSDB_MEASURE_USE_TEMP_DIR -D_REENTRANT -DSHLIB_SUFFIX=\"so\" -DSHLIB_PREFIX=\"lib\" -DSHLIB_VERSION=\"3\" -DSOFTOKEN_SHLIB_VERSION=\"3\" -DKYBER_K=3 -DRIJNDAEL_INCLUDE_TABLES -UDEBUG -DNDEBUG -D_DEFAULT_SOURCE -D_BSD_SOURCE -D_POSIX_SOURCE -DSDB_MEASURE_USE_TEMP_DIR -D_REENTRANT -DNSS_DISABLE_SSE3 -DNSS_NO_INIT_SUPPORT -DUSE_UTIL_DIRECTLY -DNO_NSPR_10_SUPPORT -DSSL_DISABLE_DEPRECATED_CIPHER_SUITE_NAMES -DNSS_USE_64 -DFREEBL_NO_DEPEND -DFREEBL_LOWHASH -DNSS_X86_OR_X64 -DNSS_X64 -DUSE_HW_SHA2 -DNSS_BEVAND_ARCFOUR -DMPI_AMD64 -DMP_ASSEMBLY_MULTIPLY -DNSS_USE_COMBA -DUSE_HW_AES -DINTEL_GCM -DHAVE_INT128_SUPPORT -DHACL_CAN_COMPILE_VEC256 -DKRML_MUSTINLINE=inline -DMP_API_COMPATIBLE -I/home/ffortier/code/perso/nss/../nspr/dist/include/nspr -I../../../dist/Linux6.6_x86_64_cc_glibc_PTH_64_OPT.OBJ/include -I../../../dist/public/nss -I../../../dist/private/nss -Impi -Iecl -Iverified -Iverified/internal -Iverified/karamel/include -Iverified/karamel/krmllib/dist/minimal -Iverified/eurydice -Ideprecated  verified/Hacl_P521.c
cc -o Linux6.6_x86_64_cc_glibc_PTH_64_OPT.OBJ/Linux_SINGLE_SHLIB/libcrux_sha3_portable.o -c -std=c99 -O2 -fPIC  -m64 -pipe -ffunction-sections -fdata-sections -DHAVE_STRERROR -DLINUX -Dlinux -Wall -Wshadow -Werror -DXP_UNIX -DXP_UNIX -UDEBUG -DNDEBUG -D_DEFAULT_SOURCE -D_BSD_SOURCE -D_POSIX_SOURCE -DSDB_MEASURE_USE_TEMP_DIR -D_REENTRANT -DSHLIB_SUFFIX=\"so\" -DSHLIB_PREFIX=\"lib\" -DSHLIB_VERSION=\"3\" -DSOFTOKEN_SHLIB_VERSION=\"3\" -DKYBER_K=3 -DRIJNDAEL_INCLUDE_TABLES -UDEBUG -DNDEBUG -D_DEFAULT_SOURCE -D_BSD_SOURCE -D_POSIX_SOURCE -DSDB_MEASURE_USE_TEMP_DIR -D_REENTRANT -DNSS_DISABLE_SSE3 -DNSS_NO_INIT_SUPPORT -DUSE_UTIL_DIRECTLY -DNO_NSPR_10_SUPPORT -DSSL_DISABLE_DEPRECATED_CIPHER_SUITE_NAMES -DNSS_USE_64 -DFREEBL_NO_DEPEND -DFREEBL_LOWHASH -DNSS_X86_OR_X64 -DNSS_X64 -DUSE_HW_SHA2 -DNSS_BEVAND_ARCFOUR -DMPI_AMD64 -DMP_ASSEMBLY_MULTIPLY -DNSS_USE_COMBA -DUSE_HW_AES -DINTEL_GCM -DHAVE_INT128_SUPPORT -DHACL_CAN_COMPILE_VEC256 -DKRML_MUSTINLINE=inline -DMP_API_COMPATIBLE -I/home/ffortier/code/perso/nss/../nspr/dist/include/nspr -I../../../dist/Linux6.6_x86_64_cc_glibc_PTH_64_OPT.OBJ/include -I../../../dist/public/nss -I../../../dist/private/nss -Impi -Iecl -Iverified -Iverified/internal -Iverified/karamel/include -Iverified/karamel/krmllib/dist/minimal -Iverified/eurydice -Ideprecated  verified/libcrux_sha3_portable.c
cc -o Linux6.6_x86_64_cc_glibc_PTH_64_OPT.OBJ/Linux_SINGLE_SHLIB/libcrux_mlkem768_portable.o -c -std=c99 -O2 -fPIC  -m64 -pipe -ffunction-sections -fdata-sections -DHAVE_STRERROR -DLINUX -Dlinux -Wall -Wshadow -Werror -DXP_UNIX -DXP_UNIX -UDEBUG -DNDEBUG -D_DEFAULT_SOURCE -D_BSD_SOURCE -D_POSIX_SOURCE -DSDB_MEASURE_USE_TEMP_DIR -D_REENTRANT -DSHLIB_SUFFIX=\"so\" -DSHLIB_PREFIX=\"lib\" -DSHLIB_VERSION=\"3\" -DSOFTOKEN_SHLIB_VERSION=\"3\" -DKYBER_K=3 -DRIJNDAEL_INCLUDE_TABLES -UDEBUG -DNDEBUG -D_DEFAULT_SOURCE -D_BSD_SOURCE -D_POSIX_SOURCE -DSDB_MEASURE_USE_TEMP_DIR -D_REENTRANT -DNSS_DISABLE_SSE3 -DNSS_NO_INIT_SUPPORT -DUSE_UTIL_DIRECTLY -DNO_NSPR_10_SUPPORT -DSSL_DISABLE_DEPRECATED_CIPHER_SUITE_NAMES -DNSS_USE_64 -DFREEBL_NO_DEPEND -DFREEBL_LOWHASH -DNSS_X86_OR_X64 -DNSS_X64 -DUSE_HW_SHA2 -DNSS_BEVAND_ARCFOUR -DMPI_AMD64 -DMP_ASSEMBLY_MULTIPLY -DNSS_USE_COMBA -DUSE_HW_AES -DINTEL_GCM -DHAVE_INT128_SUPPORT -DHACL_CAN_COMPILE_VEC256 -DKRML_MUSTINLINE=inline -DMP_API_COMPATIBLE -I/home/ffortier/code/perso/nss/../nspr/dist/include/nspr -I../../../dist/Linux6.6_x86_64_cc_glibc_PTH_64_OPT.OBJ/include -I../../../dist/public/nss -I../../../dist/private/nss -Impi -Iecl -Iverified -Iverified/internal -Iverified/karamel/include -Iverified/karamel/krmllib/dist/minimal -Iverified/eurydice -Ideprecated  verified/libcrux_mlkem768_portable.c
cc -o Linux6.6_x86_64_cc_glibc_PTH_64_OPT.OBJ/Linux_SINGLE_SHLIB/libcrux_mlkem1024_portable.o -c -std=c99 -O2 -fPIC  -m64 -pipe -ffunction-sections -fdata-sections -DHAVE_STRERROR -DLINUX -Dlinux -Wall -Wshadow -Werror -DXP_UNIX -DXP_UNIX -UDEBUG -DNDEBUG -D_DEFAULT_SOURCE -D_BSD_SOURCE -D_POSIX_SOURCE -DSDB_MEASURE_USE_TEMP_DIR -D_REENTRANT -DSHLIB_SUFFIX=\"so\" -DSHLIB_PREFIX=\"lib\" -DSHLIB_VERSION=\"3\" -DSOFTOKEN_SHLIB_VERSION=\"3\" -DKYBER_K=3 -DRIJNDAEL_INCLUDE_TABLES -UDEBUG -DNDEBUG -D_DEFAULT_SOURCE -D_BSD_SOURCE -D_POSIX_SOURCE -DSDB_MEASURE_USE_TEMP_DIR -D_REENTRANT -DNSS_DISABLE_SSE3 -DNSS_NO_INIT_SUPPORT -DUSE_UTIL_DIRECTLY -DNO_NSPR_10_SUPPORT -DSSL_DISABLE_DEPRECATED_CIPHER_SUITE_NAMES -DNSS_USE_64 -DFREEBL_NO_DEPEND -DFREEBL_LOWHASH -DNSS_X86_OR_X64 -DNSS_X64 -DUSE_HW_SHA2 -DNSS_BEVAND_ARCFOUR -DMPI_AMD64 -DMP_ASSEMBLY_MULTIPLY -DNSS_USE_COMBA -DUSE_HW_AES -DINTEL_GCM -DHAVE_INT128_SUPPORT -DHACL_CAN_COMPILE_VEC256 -DKRML_MUSTINLINE=inline -DMP_API_COMPATIBLE -I/home/ffortier/code/perso/nss/../nspr/dist/include/nspr -I../../../dist/Linux6.6_x86_64_cc_glibc_PTH_64_OPT.OBJ/include -I../../../dist/public/nss -I../../../dist/private/nss -Impi -Iecl -Iverified -Iverified/internal -Iverified/karamel/include -Iverified/karamel/krmllib/dist/minimal -Iverified/eurydice -Ideprecated  verified/libcrux_mlkem1024_portable.c
cc -o Linux6.6_x86_64_cc_glibc_PTH_64_OPT.OBJ/Linux_SINGLE_SHLIB/libcrux_mlkem_portable.o -c -std=c99 -O2 -fPIC  -m64 -pipe -ffunction-sections -fdata-sections -DHAVE_STRERROR -DLINUX -Dlinux -Wall -Wshadow -Werror -DXP_UNIX -DXP_UNIX -UDEBUG -DNDEBUG -D_DEFAULT_SOURCE -D_BSD_SOURCE -D_POSIX_SOURCE -DSDB_MEASURE_USE_TEMP_DIR -D_REENTRANT -DSHLIB_SUFFIX=\"so\" -DSHLIB_PREFIX=\"lib\" -DSHLIB_VERSION=\"3\" -DSOFTOKEN_SHLIB_VERSION=\"3\" -DKYBER_K=3 -DRIJNDAEL_INCLUDE_TABLES -UDEBUG -DNDEBUG -D_DEFAULT_SOURCE -D_BSD_SOURCE -D_POSIX_SOURCE -DSDB_MEASURE_USE_TEMP_DIR -D_REENTRANT -DNSS_DISABLE_SSE3 -DNSS_NO_INIT_SUPPORT -DUSE_UTIL_DIRECTLY -DNO_NSPR_10_SUPPORT -DSSL_DISABLE_DEPRECATED_CIPHER_SUITE_NAMES -DNSS_USE_64 -DFREEBL_NO_DEPEND -DFREEBL_LOWHASH -DNSS_X86_OR_X64 -DNSS_X64 -DUSE_HW_SHA2 -DNSS_BEVAND_ARCFOUR -DMPI_AMD64 -DMP_ASSEMBLY_MULTIPLY -DNSS_USE_COMBA -DUSE_HW_AES -DINTEL_GCM -DHAVE_INT128_SUPPORT -DHACL_CAN_COMPILE_VEC256 -DKRML_MUSTINLINE=inline -DMP_API_COMPATIBLE -I/home/ffortier/code/perso/nss/../nspr/dist/include/nspr -I../../../dist/Linux6.6_x86_64_cc_glibc_PTH_64_OPT.OBJ/include -I../../../dist/public/nss -I../../../dist/private/nss -Impi -Iecl -Iverified -Iverified/internal -Iverified/karamel/include -Iverified/karamel/krmllib/dist/minimal -Iverified/eurydice -Ideprecated  verified/libcrux_mlkem_portable.c
cc -o Linux6.6_x86_64_cc_glibc_PTH_64_OPT.OBJ/Linux_SINGLE_SHLIB/libcrux_core.o -c -std=c99 -O2 -fPIC  -m64 -pipe -ffunction-sections -fdata-sections -DHAVE_STRERROR -DLINUX -Dlinux -Wall -Wshadow -Werror -DXP_UNIX -DXP_UNIX -UDEBUG -DNDEBUG -D_DEFAULT_SOURCE -D_BSD_SOURCE -D_POSIX_SOURCE -DSDB_MEASURE_USE_TEMP_DIR -D_REENTRANT -DSHLIB_SUFFIX=\"so\" -DSHLIB_PREFIX=\"lib\" -DSHLIB_VERSION=\"3\" -DSOFTOKEN_SHLIB_VERSION=\"3\" -DKYBER_K=3 -DRIJNDAEL_INCLUDE_TABLES -UDEBUG -DNDEBUG -D_DEFAULT_SOURCE -D_BSD_SOURCE -D_POSIX_SOURCE -DSDB_MEASURE_USE_TEMP_DIR -D_REENTRANT -DNSS_DISABLE_SSE3 -DNSS_NO_INIT_SUPPORT -DUSE_UTIL_DIRECTLY -DNO_NSPR_10_SUPPORT -DSSL_DISABLE_DEPRECATED_CIPHER_SUITE_NAMES -DNSS_USE_64 -DFREEBL_NO_DEPEND -DFREEBL_LOWHASH -DNSS_X86_OR_X64 -DNSS_X64 -DUSE_HW_SHA2 -DNSS_BEVAND_ARCFOUR -DMPI_AMD64 -DMP_ASSEMBLY_MULTIPLY -DNSS_USE_COMBA -DUSE_HW_AES -DINTEL_GCM -DHAVE_INT128_SUPPORT -DHACL_CAN_COMPILE_VEC256 -DKRML_MUSTINLINE=inline -DMP_API_COMPATIBLE -I/home/ffortier/code/perso/nss/../nspr/dist/include/nspr -I../../../dist/Linux6.6_x86_64_cc_glibc_PTH_64_OPT.OBJ/include -I../../../dist/public/nss -I../../../dist/private/nss -Impi -Iecl -Iverified -Iverified/internal -Iverified/karamel/include -Iverified/karamel/krmllib/dist/minimal -Iverified/eurydice -Ideprecated  verified/libcrux_core.c
cc -o Linux6.6_x86_64_cc_glibc_PTH_64_OPT.OBJ/Linux_SINGLE_SHLIB/Hacl_Ed25519.o -c -std=c99 -O2 -fPIC  -m64 -pipe -ffunction-sections -fdata-sections -DHAVE_STRERROR -DLINUX -Dlinux -Wall -Wshadow -Werror -DXP_UNIX -DXP_UNIX -UDEBUG -DNDEBUG -D_DEFAULT_SOURCE -D_BSD_SOURCE -D_POSIX_SOURCE -DSDB_MEASURE_USE_TEMP_DIR -D_REENTRANT -DSHLIB_SUFFIX=\"so\" -DSHLIB_PREFIX=\"lib\" -DSHLIB_VERSION=\"3\" -DSOFTOKEN_SHLIB_VERSION=\"3\" -DKYBER_K=3 -DRIJNDAEL_INCLUDE_TABLES -UDEBUG -DNDEBUG -D_DEFAULT_SOURCE -D_BSD_SOURCE -D_POSIX_SOURCE -DSDB_MEASURE_USE_TEMP_DIR -D_REENTRANT -DNSS_DISABLE_SSE3 -DNSS_NO_INIT_SUPPORT -DUSE_UTIL_DIRECTLY -DNO_NSPR_10_SUPPORT -DSSL_DISABLE_DEPRECATED_CIPHER_SUITE_NAMES -DNSS_USE_64 -DFREEBL_NO_DEPEND -DFREEBL_LOWHASH -DNSS_X86_OR_X64 -DNSS_X64 -DUSE_HW_SHA2 -DNSS_BEVAND_ARCFOUR -DMPI_AMD64 -DMP_ASSEMBLY_MULTIPLY -DNSS_USE_COMBA -DUSE_HW_AES -DINTEL_GCM -DHAVE_INT128_SUPPORT -DHACL_CAN_COMPILE_VEC256 -DKRML_MUSTINLINE=inline -DMP_API_COMPATIBLE -I/home/ffortier/code/perso/nss/../nspr/dist/include/nspr -I../../../dist/Linux6.6_x86_64_cc_glibc_PTH_64_OPT.OBJ/include -I../../../dist/public/nss -I../../../dist/private/nss -Impi -Iecl -Iverified -Iverified/internal -Iverified/karamel/include -Iverified/karamel/krmllib/dist/minimal -Iverified/eurydice -Ideprecated  verified/Hacl_Ed25519.c
cc -o Linux6.6_x86_64_cc_glibc_PTH_64_OPT.OBJ/Linux_SINGLE_SHLIB/Hacl_Curve25519_51.o -c -std=c99 -O2 -fPIC  -m64 -pipe -ffunction-sections -fdata-sections -DHAVE_STRERROR -DLINUX -Dlinux -Wall -Wshadow -Werror -DXP_UNIX -DXP_UNIX -UDEBUG -DNDEBUG -D_DEFAULT_SOURCE -D_BSD_SOURCE -D_POSIX_SOURCE -DSDB_MEASURE_USE_TEMP_DIR -D_REENTRANT -DSHLIB_SUFFIX=\"so\" -DSHLIB_PREFIX=\"lib\" -DSHLIB_VERSION=\"3\" -DSOFTOKEN_SHLIB_VERSION=\"3\" -DKYBER_K=3 -DRIJNDAEL_INCLUDE_TABLES -UDEBUG -DNDEBUG -D_DEFAULT_SOURCE -D_BSD_SOURCE -D_POSIX_SOURCE -DSDB_MEASURE_USE_TEMP_DIR -D_REENTRANT -DNSS_DISABLE_SSE3 -DNSS_NO_INIT_SUPPORT -DUSE_UTIL_DIRECTLY -DNO_NSPR_10_SUPPORT -DSSL_DISABLE_DEPRECATED_CIPHER_SUITE_NAMES -DNSS_USE_64 -DFREEBL_NO_DEPEND -DFREEBL_LOWHASH -DNSS_X86_OR_X64 -DNSS_X64 -DUSE_HW_SHA2 -DNSS_BEVAND_ARCFOUR -DMPI_AMD64 -DMP_ASSEMBLY_MULTIPLY -DNSS_USE_COMBA -DUSE_HW_AES -DINTEL_GCM -DHAVE_INT128_SUPPORT -DHACL_CAN_COMPILE_VEC256 -DKRML_MUSTINLINE=inline -DMP_API_COMPATIBLE -I/home/ffortier/code/perso/nss/../nspr/dist/include/nspr -I../../../dist/Linux6.6_x86_64_cc_glibc_PTH_64_OPT.OBJ/include -I../../../dist/public/nss -I../../../dist/private/nss -Impi -Iecl -Iverified -Iverified/internal -Iverified/karamel/include -Iverified/karamel/krmllib/dist/minimal -Iverified/eurydice -Ideprecated  verified/Hacl_Curve25519_51.c
cc -o Linux6.6_x86_64_cc_glibc_PTH_64_OPT.OBJ/Linux_SINGLE_SHLIB/stubs.o -c -std=c99 -O2 -fPIC  -m64 -pipe -ffunction-sections -fdata-sections -DHAVE_STRERROR -DLINUX -Dlinux -Wall -Wshadow -Werror -DXP_UNIX -DXP_UNIX -UDEBUG -DNDEBUG -D_DEFAULT_SOURCE -D_BSD_SOURCE -D_POSIX_SOURCE -DSDB_MEASURE_USE_TEMP_DIR -D_REENTRANT -DSHLIB_SUFFIX=\"so\" -DSHLIB_PREFIX=\"lib\" -DSHLIB_VERSION=\"3\" -DSOFTOKEN_SHLIB_VERSION=\"3\" -DKYBER_K=3 -DRIJNDAEL_INCLUDE_TABLES -UDEBUG -DNDEBUG -D_DEFAULT_SOURCE -D_BSD_SOURCE -D_POSIX_SOURCE -DSDB_MEASURE_USE_TEMP_DIR -D_REENTRANT -DNSS_DISABLE_SSE3 -DNSS_NO_INIT_SUPPORT -DUSE_UTIL_DIRECTLY -DNO_NSPR_10_SUPPORT -DSSL_DISABLE_DEPRECATED_CIPHER_SUITE_NAMES -DNSS_USE_64 -DFREEBL_NO_DEPEND -DFREEBL_LOWHASH -DNSS_X86_OR_X64 -DNSS_X64 -DUSE_HW_SHA2 -DNSS_BEVAND_ARCFOUR -DMPI_AMD64 -DMP_ASSEMBLY_MULTIPLY -DNSS_USE_COMBA -DUSE_HW_AES -DINTEL_GCM -DHAVE_INT128_SUPPORT -DHACL_CAN_COMPILE_VEC256 -DKRML_MUSTINLINE=inline -DMP_API_COMPATIBLE -I/home/ffortier/code/perso/nss/../nspr/dist/include/nspr -I../../../dist/Linux6.6_x86_64_cc_glibc_PTH_64_OPT.OBJ/include -I../../../dist/public/nss -I../../../dist/private/nss -Impi -Iecl -Iverified -Iverified/internal -Iverified/karamel/include -Iverified/karamel/krmllib/dist/minimal -Iverified/eurydice -Ideprecated  stubs.c
cc -o Linux6.6_x86_64_cc_glibc_PTH_64_OPT.OBJ/Linux_SINGLE_SHLIB/nsslowhash.o -c -std=c99 -O2 -fPIC  -m64 -pipe -ffunction-sections -fdata-sections -DHAVE_STRERROR -DLINUX -Dlinux -Wall -Wshadow -Werror -DXP_UNIX -DXP_UNIX -UDEBUG -DNDEBUG -D_DEFAULT_SOURCE -D_BSD_SOURCE -D_POSIX_SOURCE -DSDB_MEASURE_USE_TEMP_DIR -D_REENTRANT -DSHLIB_SUFFIX=\"so\" -DSHLIB_PREFIX=\"lib\" -DSHLIB_VERSION=\"3\" -DSOFTOKEN_SHLIB_VERSION=\"3\" -DKYBER_K=3 -DRIJNDAEL_INCLUDE_TABLES -UDEBUG -DNDEBUG -D_DEFAULT_SOURCE -D_BSD_SOURCE -D_POSIX_SOURCE -DSDB_MEASURE_USE_TEMP_DIR -D_REENTRANT -DNSS_DISABLE_SSE3 -DNSS_NO_INIT_SUPPORT -DUSE_UTIL_DIRECTLY -DNO_NSPR_10_SUPPORT -DSSL_DISABLE_DEPRECATED_CIPHER_SUITE_NAMES -DNSS_USE_64 -DFREEBL_NO_DEPEND -DFREEBL_LOWHASH -DNSS_X86_OR_X64 -DNSS_X64 -DUSE_HW_SHA2 -DNSS_BEVAND_ARCFOUR -DMPI_AMD64 -DMP_ASSEMBLY_MULTIPLY -DNSS_USE_COMBA -DUSE_HW_AES -DINTEL_GCM -DHAVE_INT128_SUPPORT -DHACL_CAN_COMPILE_VEC256 -DKRML_MUSTINLINE=inline -DMP_API_COMPATIBLE -I/home/ffortier/code/perso/nss/../nspr/dist/include/nspr -I../../../dist/Linux6.6_x86_64_cc_glibc_PTH_64_OPT.OBJ/include -I../../../dist/public/nss -I../../../dist/private/nss -Impi -Iecl -Iverified -Iverified/internal -Iverified/karamel/include -Iverified/karamel/krmllib/dist/minimal -Iverified/eurydice -Ideprecated  nsslowhash.c
cc -o Linux6.6_x86_64_cc_glibc_PTH_64_OPT.OBJ/Linux_SINGLE_SHLIB/gcm-x86.o -c -std=c99 -O2 -fPIC  -m64 -pipe -ffunction-sections -fdata-sections -DHAVE_STRERROR -DLINUX -Dlinux -Wall -Wshadow -Werror -DXP_UNIX -DXP_UNIX -UDEBUG -DNDEBUG -D_DEFAULT_SOURCE -D_BSD_SOURCE -D_POSIX_SOURCE -DSDB_MEASURE_USE_TEMP_DIR -D_REENTRANT -DSHLIB_SUFFIX=\"so\" -DSHLIB_PREFIX=\"lib\" -DSHLIB_VERSION=\"3\" -DSOFTOKEN_SHLIB_VERSION=\"3\" -DKYBER_K=3 -DRIJNDAEL_INCLUDE_TABLES -UDEBUG -DNDEBUG -D_DEFAULT_SOURCE -D_BSD_SOURCE -D_POSIX_SOURCE -DSDB_MEASURE_USE_TEMP_DIR -D_REENTRANT -DNSS_DISABLE_SSE3 -DNSS_NO_INIT_SUPPORT -DUSE_UTIL_DIRECTLY -DNO_NSPR_10_SUPPORT -DSSL_DISABLE_DEPRECATED_CIPHER_SUITE_NAMES -DNSS_USE_64 -DFREEBL_NO_DEPEND -DFREEBL_LOWHASH -DNSS_X86_OR_X64 -DNSS_X64 -DUSE_HW_SHA2 -DNSS_BEVAND_ARCFOUR -DMPI_AMD64 -DMP_ASSEMBLY_MULTIPLY -DNSS_USE_COMBA -DUSE_HW_AES -DINTEL_GCM -DHAVE_INT128_SUPPORT -DHACL_CAN_COMPILE_VEC256 -DKRML_MUSTINLINE=inline -DMP_API_COMPATIBLE -I/home/ffortier/code/perso/nss/../nspr/dist/include/nspr -I../../../dist/Linux6.6_x86_64_cc_glibc_PTH_64_OPT.OBJ/include -I../../../dist/public/nss -I../../../dist/private/nss -Impi -Iecl -Iverified -Iverified/internal -Iverified/karamel/include -Iverified/karamel/krmllib/dist/minimal -Iverified/eurydice -Ideprecated  -mpclmul -maes gcm-x86.c
cc -o Linux6.6_x86_64_cc_glibc_PTH_64_OPT.OBJ/Linux_SINGLE_SHLIB/aes-x86.o -c -std=c99 -O2 -fPIC  -m64 -pipe -ffunction-sections -fdata-sections -DHAVE_STRERROR -DLINUX -Dlinux -Wall -Wshadow -Werror -DXP_UNIX -DXP_UNIX -UDEBUG -DNDEBUG -D_DEFAULT_SOURCE -D_BSD_SOURCE -D_POSIX_SOURCE -DSDB_MEASURE_USE_TEMP_DIR -D_REENTRANT -DSHLIB_SUFFIX=\"so\" -DSHLIB_PREFIX=\"lib\" -DSHLIB_VERSION=\"3\" -DSOFTOKEN_SHLIB_VERSION=\"3\" -DKYBER_K=3 -DRIJNDAEL_INCLUDE_TABLES -UDEBUG -DNDEBUG -D_DEFAULT_SOURCE -D_BSD_SOURCE -D_POSIX_SOURCE -DSDB_MEASURE_USE_TEMP_DIR -D_REENTRANT -DNSS_DISABLE_SSE3 -DNSS_NO_INIT_SUPPORT -DUSE_UTIL_DIRECTLY -DNO_NSPR_10_SUPPORT -DSSL_DISABLE_DEPRECATED_CIPHER_SUITE_NAMES -DNSS_USE_64 -DFREEBL_NO_DEPEND -DFREEBL_LOWHASH -DNSS_X86_OR_X64 -DNSS_X64 -DUSE_HW_SHA2 -DNSS_BEVAND_ARCFOUR -DMPI_AMD64 -DMP_ASSEMBLY_MULTIPLY -DNSS_USE_COMBA -DUSE_HW_AES -DINTEL_GCM -DHAVE_INT128_SUPPORT -DHACL_CAN_COMPILE_VEC256 -DKRML_MUSTINLINE=inline -DMP_API_COMPATIBLE -I/home/ffortier/code/perso/nss/../nspr/dist/include/nspr -I../../../dist/Linux6.6_x86_64_cc_glibc_PTH_64_OPT.OBJ/include -I../../../dist/public/nss -I../../../dist/private/nss -Impi -Iecl -Iverified -Iverified/internal -Iverified/karamel/include -Iverified/karamel/krmllib/dist/minimal -Iverified/eurydice -Ideprecated  -mpclmul -maes aes-x86.c
cc -o Linux6.6_x86_64_cc_glibc_PTH_64_OPT.OBJ/Linux_SINGLE_SHLIB/sha256-x86.o -c -std=c99 -O2 -fPIC  -m64 -pipe -ffunction-sections -fdata-sections -DHAVE_STRERROR -DLINUX -Dlinux -Wall -Wshadow -Werror -DXP_UNIX -DXP_UNIX -UDEBUG -DNDEBUG -D_DEFAULT_SOURCE -D_BSD_SOURCE -D_POSIX_SOURCE -DSDB_MEASURE_USE_TEMP_DIR -D_REENTRANT -DSHLIB_SUFFIX=\"so\" -DSHLIB_PREFIX=\"lib\" -DSHLIB_VERSION=\"3\" -DSOFTOKEN_SHLIB_VERSION=\"3\" -DKYBER_K=3 -DRIJNDAEL_INCLUDE_TABLES -UDEBUG -DNDEBUG -D_DEFAULT_SOURCE -D_BSD_SOURCE -D_POSIX_SOURCE -DSDB_MEASURE_USE_TEMP_DIR -D_REENTRANT -DNSS_DISABLE_SSE3 -DNSS_NO_INIT_SUPPORT -DUSE_UTIL_DIRECTLY -DNO_NSPR_10_SUPPORT -DSSL_DISABLE_DEPRECATED_CIPHER_SUITE_NAMES -DNSS_USE_64 -DFREEBL_NO_DEPEND -DFREEBL_LOWHASH -DNSS_X86_OR_X64 -DNSS_X64 -DUSE_HW_SHA2 -DNSS_BEVAND_ARCFOUR -DMPI_AMD64 -DMP_ASSEMBLY_MULTIPLY -DNSS_USE_COMBA -DUSE_HW_AES -DINTEL_GCM -DHAVE_INT128_SUPPORT -DHACL_CAN_COMPILE_VEC256 -DKRML_MUSTINLINE=inline -DMP_API_COMPATIBLE -I/home/ffortier/code/perso/nss/../nspr/dist/include/nspr -I../../../dist/Linux6.6_x86_64_cc_glibc_PTH_64_OPT.OBJ/include -I../../../dist/public/nss -I../../../dist/private/nss -Impi -Iecl -Iverified -Iverified/internal -Iverified/karamel/include -Iverified/karamel/krmllib/dist/minimal -Iverified/eurydice -Ideprecated  -msha -mssse3 -msse4.1 sha256-x86.c
cc -o Linux6.6_x86_64_cc_glibc_PTH_64_OPT.OBJ/Linux_SINGLE_SHLIB/intel-gcm-wrap.o -c -std=c99 -O2 -fPIC  -m64 -pipe -ffunction-sections -fdata-sections -DHAVE_STRERROR -DLINUX -Dlinux -Wall -Wshadow -Werror -DXP_UNIX -DXP_UNIX -UDEBUG -DNDEBUG -D_DEFAULT_SOURCE -D_BSD_SOURCE -D_POSIX_SOURCE -DSDB_MEASURE_USE_TEMP_DIR -D_REENTRANT -DSHLIB_SUFFIX=\"so\" -DSHLIB_PREFIX=\"lib\" -DSHLIB_VERSION=\"3\" -DSOFTOKEN_SHLIB_VERSION=\"3\" -DKYBER_K=3 -DRIJNDAEL_INCLUDE_TABLES -UDEBUG -DNDEBUG -D_DEFAULT_SOURCE -D_BSD_SOURCE -D_POSIX_SOURCE -DSDB_MEASURE_USE_TEMP_DIR -D_REENTRANT -DNSS_DISABLE_SSE3 -DNSS_NO_INIT_SUPPORT -DUSE_UTIL_DIRECTLY -DNO_NSPR_10_SUPPORT -DSSL_DISABLE_DEPRECATED_CIPHER_SUITE_NAMES -DNSS_USE_64 -DFREEBL_NO_DEPEND -DFREEBL_LOWHASH -DNSS_X86_OR_X64 -DNSS_X64 -DUSE_HW_SHA2 -DNSS_BEVAND_ARCFOUR -DMPI_AMD64 -DMP_ASSEMBLY_MULTIPLY -DNSS_USE_COMBA -DUSE_HW_AES -DINTEL_GCM -DHAVE_INT128_SUPPORT -DHACL_CAN_COMPILE_VEC256 -DKRML_MUSTINLINE=inline -DMP_API_COMPATIBLE -I/home/ffortier/code/perso/nss/../nspr/dist/include/nspr -I../../../dist/Linux6.6_x86_64_cc_glibc_PTH_64_OPT.OBJ/include -I../../../dist/public/nss -I../../../dist/private/nss -Impi -Iecl -Iverified -Iverified/internal -Iverified/karamel/include -Iverified/karamel/krmllib/dist/minimal -Iverified/eurydice -Ideprecated  -mssse3 intel-gcm-wrap.c
cc -o Linux6.6_x86_64_cc_glibc_PTH_64_OPT.OBJ/Linux_SINGLE_SHLIB/Hacl_Poly1305_256.o -c -std=c99 -O2 -fPIC  -m64 -pipe -ffunction-sections -fdata-sections -DHAVE_STRERROR -DLINUX -Dlinux -Wall -Wshadow -Werror -DXP_UNIX -DXP_UNIX -UDEBUG -DNDEBUG -D_DEFAULT_SOURCE -D_BSD_SOURCE -D_POSIX_SOURCE -DSDB_MEASURE_USE_TEMP_DIR -D_REENTRANT -DSHLIB_SUFFIX=\"so\" -DSHLIB_PREFIX=\"lib\" -DSHLIB_VERSION=\"3\" -DSOFTOKEN_SHLIB_VERSION=\"3\" -DKYBER_K=3 -DRIJNDAEL_INCLUDE_TABLES -UDEBUG -DNDEBUG -D_DEFAULT_SOURCE -D_BSD_SOURCE -D_POSIX_SOURCE -DSDB_MEASURE_USE_TEMP_DIR -D_REENTRANT -DNSS_DISABLE_SSE3 -DNSS_NO_INIT_SUPPORT -DUSE_UTIL_DIRECTLY -DNO_NSPR_10_SUPPORT -DSSL_DISABLE_DEPRECATED_CIPHER_SUITE_NAMES -DNSS_USE_64 -DFREEBL_NO_DEPEND -DFREEBL_LOWHASH -DNSS_X86_OR_X64 -DNSS_X64 -DUSE_HW_SHA2 -DNSS_BEVAND_ARCFOUR -DMPI_AMD64 -DMP_ASSEMBLY_MULTIPLY -DNSS_USE_COMBA -DUSE_HW_AES -DINTEL_GCM -DHAVE_INT128_SUPPORT -DHACL_CAN_COMPILE_VEC256 -DKRML_MUSTINLINE=inline -DMP_API_COMPATIBLE -I/home/ffortier/code/perso/nss/../nspr/dist/include/nspr -I../../../dist/Linux6.6_x86_64_cc_glibc_PTH_64_OPT.OBJ/include -I../../../dist/public/nss -I../../../dist/private/nss -Impi -Iecl -Iverified -Iverified/internal -Iverified/karamel/include -Iverified/karamel/krmllib/dist/minimal -Iverified/eurydice -Ideprecated  -mssse3 -msse4.1 -msse4.2 -mavx -mavx2 verified/Hacl_Poly1305_256.c
cc -o Linux6.6_x86_64_cc_glibc_PTH_64_OPT.OBJ/Linux_SINGLE_SHLIB/Hacl_Chacha20_Vec256.o -c -std=c99 -O2 -fPIC  -m64 -pipe -ffunction-sections -fdata-sections -DHAVE_STRERROR -DLINUX -Dlinux -Wall -Wshadow -Werror -DXP_UNIX -DXP_UNIX -UDEBUG -DNDEBUG -D_DEFAULT_SOURCE -D_BSD_SOURCE -D_POSIX_SOURCE -DSDB_MEASURE_USE_TEMP_DIR -D_REENTRANT -DSHLIB_SUFFIX=\"so\" -DSHLIB_PREFIX=\"lib\" -DSHLIB_VERSION=\"3\" -DSOFTOKEN_SHLIB_VERSION=\"3\" -DKYBER_K=3 -DRIJNDAEL_INCLUDE_TABLES -UDEBUG -DNDEBUG -D_DEFAULT_SOURCE -D_BSD_SOURCE -D_POSIX_SOURCE -DSDB_MEASURE_USE_TEMP_DIR -D_REENTRANT -DNSS_DISABLE_SSE3 -DNSS_NO_INIT_SUPPORT -DUSE_UTIL_DIRECTLY -DNO_NSPR_10_SUPPORT -DSSL_DISABLE_DEPRECATED_CIPHER_SUITE_NAMES -DNSS_USE_64 -DFREEBL_NO_DEPEND -DFREEBL_LOWHASH -DNSS_X86_OR_X64 -DNSS_X64 -DUSE_HW_SHA2 -DNSS_BEVAND_ARCFOUR -DMPI_AMD64 -DMP_ASSEMBLY_MULTIPLY -DNSS_USE_COMBA -DUSE_HW_AES -DINTEL_GCM -DHAVE_INT128_SUPPORT -DHACL_CAN_COMPILE_VEC256 -DKRML_MUSTINLINE=inline -DMP_API_COMPATIBLE -I/home/ffortier/code/perso/nss/../nspr/dist/include/nspr -I../../../dist/Linux6.6_x86_64_cc_glibc_PTH_64_OPT.OBJ/include -I../../../dist/public/nss -I../../../dist/private/nss -Impi -Iecl -Iverified -Iverified/internal -Iverified/karamel/include -Iverified/karamel/krmllib/dist/minimal -Iverified/eurydice -Ideprecated  -mssse3 -msse4.1 -msse4.2 -mavx -mavx2 verified/Hacl_Chacha20_Vec256.c
cc -o Linux6.6_x86_64_cc_glibc_PTH_64_OPT.OBJ/Linux_SINGLE_SHLIB/Hacl_Chacha20Poly1305_256.o -c -std=c99 -O2 -fPIC  -m64 -pipe -ffunction-sections -fdata-sections -DHAVE_STRERROR -DLINUX -Dlinux -Wall -Wshadow -Werror -DXP_UNIX -DXP_UNIX -UDEBUG -DNDEBUG -D_DEFAULT_SOURCE -D_BSD_SOURCE -D_POSIX_SOURCE -DSDB_MEASURE_USE_TEMP_DIR -D_REENTRANT -DSHLIB_SUFFIX=\"so\" -DSHLIB_PREFIX=\"lib\" -DSHLIB_VERSION=\"3\" -DSOFTOKEN_SHLIB_VERSION=\"3\" -DKYBER_K=3 -DRIJNDAEL_INCLUDE_TABLES -UDEBUG -DNDEBUG -D_DEFAULT_SOURCE -D_BSD_SOURCE -D_POSIX_SOURCE -DSDB_MEASURE_USE_TEMP_DIR -D_REENTRANT -DNSS_DISABLE_SSE3 -DNSS_NO_INIT_SUPPORT -DUSE_UTIL_DIRECTLY -DNO_NSPR_10_SUPPORT -DSSL_DISABLE_DEPRECATED_CIPHER_SUITE_NAMES -DNSS_USE_64 -DFREEBL_NO_DEPEND -DFREEBL_LOWHASH -DNSS_X86_OR_X64 -DNSS_X64 -DUSE_HW_SHA2 -DNSS_BEVAND_ARCFOUR -DMPI_AMD64 -DMP_ASSEMBLY_MULTIPLY -DNSS_USE_COMBA -DUSE_HW_AES -DINTEL_GCM -DHAVE_INT128_SUPPORT -DHACL_CAN_COMPILE_VEC256 -DKRML_MUSTINLINE=inline -DMP_API_COMPATIBLE -I/home/ffortier/code/perso/nss/../nspr/dist/include/nspr -I../../../dist/Linux6.6_x86_64_cc_glibc_PTH_64_OPT.OBJ/include -I../../../dist/public/nss -I../../../dist/private/nss -Impi -Iecl -Iverified -Iverified/internal -Iverified/karamel/include -Iverified/karamel/krmllib/dist/minimal -Iverified/eurydice -Ideprecated  -mssse3 -msse4.1 -msse4.2 -mavx2 verified/Hacl_Chacha20Poly1305_256.c
cc -o Linux6.6_x86_64_cc_glibc_PTH_64_OPT.OBJ/Linux_SINGLE_SHLIB/deprecated/seed.o -c -std=c99 -O2 -fPIC  -m64 -pipe -ffunction-sections -fdata-sections -DHAVE_STRERROR -DLINUX -Dlinux -Wall -Wshadow -Werror -DXP_UNIX -DXP_UNIX -UDEBUG -DNDEBUG -D_DEFAULT_SOURCE -D_BSD_SOURCE -D_POSIX_SOURCE -DSDB_MEASURE_USE_TEMP_DIR -D_REENTRANT -DSHLIB_SUFFIX=\"so\" -DSHLIB_PREFIX=\"lib\" -DSHLIB_VERSION=\"3\" -DSOFTOKEN_SHLIB_VERSION=\"3\" -DKYBER_K=3 -DRIJNDAEL_INCLUDE_TABLES -UDEBUG -DNDEBUG -D_DEFAULT_SOURCE -D_BSD_SOURCE -D_POSIX_SOURCE -DSDB_MEASURE_USE_TEMP_DIR -D_REENTRANT -DNSS_DISABLE_SSE3 -DNSS_NO_INIT_SUPPORT -DUSE_UTIL_DIRECTLY -DNO_NSPR_10_SUPPORT -DSSL_DISABLE_DEPRECATED_CIPHER_SUITE_NAMES -DNSS_USE_64 -DFREEBL_NO_DEPEND -DFREEBL_LOWHASH -DNSS_X86_OR_X64 -DNSS_X64 -DUSE_HW_SHA2 -DNSS_BEVAND_ARCFOUR -DMPI_AMD64 -DMP_ASSEMBLY_MULTIPLY -DNSS_USE_COMBA -DUSE_HW_AES -DINTEL_GCM -DHAVE_INT128_SUPPORT -DHACL_CAN_COMPILE_VEC256 -DKRML_MUSTINLINE=inline -DMP_API_COMPATIBLE -I/home/ffortier/code/perso/nss/../nspr/dist/include/nspr -I../../../dist/Linux6.6_x86_64_cc_glibc_PTH_64_OPT.OBJ/include -I../../../dist/public/nss -I../../../dist/private/nss -Impi -Iecl -Iverified -Iverified/internal -Iverified/karamel/include -Iverified/karamel/krmllib/dist/minimal -Iverified/eurydice -Ideprecated  deprecated/seed.c
cc -o Linux6.6_x86_64_cc_glibc_PTH_64_OPT.OBJ/Linux_SINGLE_SHLIB/deprecated/alg2268.o -c -std=c99 -O2 -fPIC  -m64 -pipe -ffunction-sections -fdata-sections -DHAVE_STRERROR -DLINUX -Dlinux -Wall -Wshadow -Werror -DXP_UNIX -DXP_UNIX -UDEBUG -DNDEBUG -D_DEFAULT_SOURCE -D_BSD_SOURCE -D_POSIX_SOURCE -DSDB_MEASURE_USE_TEMP_DIR -D_REENTRANT -DSHLIB_SUFFIX=\"so\" -DSHLIB_PREFIX=\"lib\" -DSHLIB_VERSION=\"3\" -DSOFTOKEN_SHLIB_VERSION=\"3\" -DKYBER_K=3 -DRIJNDAEL_INCLUDE_TABLES -UDEBUG -DNDEBUG -D_DEFAULT_SOURCE -D_BSD_SOURCE -D_POSIX_SOURCE -DSDB_MEASURE_USE_TEMP_DIR -D_REENTRANT -DNSS_DISABLE_SSE3 -DNSS_NO_INIT_SUPPORT -DUSE_UTIL_DIRECTLY -DNO_NSPR_10_SUPPORT -DSSL_DISABLE_DEPRECATED_CIPHER_SUITE_NAMES -DNSS_USE_64 -DFREEBL_NO_DEPEND -DFREEBL_LOWHASH -DNSS_X86_OR_X64 -DNSS_X64 -DUSE_HW_SHA2 -DNSS_BEVAND_ARCFOUR -DMPI_AMD64 -DMP_ASSEMBLY_MULTIPLY -DNSS_USE_COMBA -DUSE_HW_AES -DINTEL_GCM -DHAVE_INT128_SUPPORT -DHACL_CAN_COMPILE_VEC256 -DKRML_MUSTINLINE=inline -DMP_API_COMPATIBLE -I/home/ffortier/code/perso/nss/../nspr/dist/include/nspr -I../../../dist/Linux6.6_x86_64_cc_glibc_PTH_64_OPT.OBJ/include -I../../../dist/public/nss -I../../../dist/private/nss -Impi -Iecl -Iverified -Iverified/internal -Iverified/karamel/include -Iverified/karamel/krmllib/dist/minimal -Iverified/eurydice -Ideprecated  deprecated/alg2268.c
cc -o Linux6.6_x86_64_cc_glibc_PTH_64_OPT.OBJ/Linux_SINGLE_SHLIB/arcfour-amd64-gas.o -O2 -fPIC  -m64 -pipe -ffunction-sections -fdata-sections -DHAVE_STRERROR -DLINUX -Dlinux -Wall -Wshadow -Werror -DXP_UNIX -DXP_UNIX -UDEBUG -DNDEBUG -D_DEFAULT_SOURCE -D_BSD_SOURCE -D_POSIX_SOURCE -DSDB_MEASURE_USE_TEMP_DIR -D_REENTRANT -DSHLIB_SUFFIX=\"so\" -DSHLIB_PREFIX=\"lib\" -DSHLIB_VERSION=\"3\" -DSOFTOKEN_SHLIB_VERSION=\"3\" -DKYBER_K=3 -DRIJNDAEL_INCLUDE_TABLES -UDEBUG -DNDEBUG -D_DEFAULT_SOURCE -D_BSD_SOURCE -D_POSIX_SOURCE -DSDB_MEASURE_USE_TEMP_DIR -D_REENTRANT -DNSS_DISABLE_SSE3 -DNSS_NO_INIT_SUPPORT -DUSE_UTIL_DIRECTLY -DNO_NSPR_10_SUPPORT -DSSL_DISABLE_DEPRECATED_CIPHER_SUITE_NAMES -DNSS_USE_64 -DFREEBL_NO_DEPEND -DFREEBL_LOWHASH -DNSS_X86_OR_X64 -DNSS_X64 -DUSE_HW_SHA2 -DNSS_BEVAND_ARCFOUR -DMPI_AMD64 -DMP_ASSEMBLY_MULTIPLY -DNSS_USE_COMBA -DUSE_HW_AES -DINTEL_GCM -DHAVE_INT128_SUPPORT -DHACL_CAN_COMPILE_VEC256 -DKRML_MUSTINLINE=inline -DMP_API_COMPATIBLE -I/home/ffortier/code/perso/nss/../nspr/dist/include/nspr -I../../../dist/Linux6.6_x86_64_cc_glibc_PTH_64_OPT.OBJ/include -I../../../dist/public/nss -I../../../dist/private/nss -Impi -Iecl -Iverified -Iverified/internal -Iverified/karamel/include -Iverified/karamel/krmllib/dist/minimal -Iverified/eurydice -Ideprecated  -fPIC -Wa,--noexecstack -c arcfour-amd64-gas.s
cc -o Linux6.6_x86_64_cc_glibc_PTH_64_OPT.OBJ/Linux_SINGLE_SHLIB/mpi_amd64_common.o -O2 -fPIC  -m64 -pipe -ffunction-sections -fdata-sections -DHAVE_STRERROR -DLINUX -Dlinux -Wall -Wshadow -Werror -DXP_UNIX -DXP_UNIX -UDEBUG -DNDEBUG -D_DEFAULT_SOURCE -D_BSD_SOURCE -D_POSIX_SOURCE -DSDB_MEASURE_USE_TEMP_DIR -D_REENTRANT -DSHLIB_SUFFIX=\"so\" -DSHLIB_PREFIX=\"lib\" -DSHLIB_VERSION=\"3\" -DSOFTOKEN_SHLIB_VERSION=\"3\" -DKYBER_K=3 -DRIJNDAEL_INCLUDE_TABLES -UDEBUG -DNDEBUG -D_DEFAULT_SOURCE -D_BSD_SOURCE -D_POSIX_SOURCE -DSDB_MEASURE_USE_TEMP_DIR -D_REENTRANT -DNSS_DISABLE_SSE3 -DNSS_NO_INIT_SUPPORT -DUSE_UTIL_DIRECTLY -DNO_NSPR_10_SUPPORT -DSSL_DISABLE_DEPRECATED_CIPHER_SUITE_NAMES -DNSS_USE_64 -DFREEBL_NO_DEPEND -DFREEBL_LOWHASH -DNSS_X86_OR_X64 -DNSS_X64 -DUSE_HW_SHA2 -DNSS_BEVAND_ARCFOUR -DMPI_AMD64 -DMP_ASSEMBLY_MULTIPLY -DNSS_USE_COMBA -DUSE_HW_AES -DINTEL_GCM -DHAVE_INT128_SUPPORT -DHACL_CAN_COMPILE_VEC256 -DKRML_MUSTINLINE=inline -DMP_API_COMPATIBLE -I/home/ffortier/code/perso/nss/../nspr/dist/include/nspr -I../../../dist/Linux6.6_x86_64_cc_glibc_PTH_64_OPT.OBJ/include -I../../../dist/public/nss -I../../../dist/private/nss -Impi -Iecl -Iverified -Iverified/internal -Iverified/karamel/include -Iverified/karamel/krmllib/dist/minimal -Iverified/eurydice -Ideprecated  -fPIC -Wa,--noexecstack -c mpi/mpi_amd64_common.S
cc -o Linux6.6_x86_64_cc_glibc_PTH_64_OPT.OBJ/Linux_SINGLE_SHLIB/intel-aes.o -O2 -fPIC  -m64 -pipe -ffunction-sections -fdata-sections -DHAVE_STRERROR -DLINUX -Dlinux -Wall -Wshadow -Werror -DXP_UNIX -DXP_UNIX -UDEBUG -DNDEBUG -D_DEFAULT_SOURCE -D_BSD_SOURCE -D_POSIX_SOURCE -DSDB_MEASURE_USE_TEMP_DIR -D_REENTRANT -DSHLIB_SUFFIX=\"so\" -DSHLIB_PREFIX=\"lib\" -DSHLIB_VERSION=\"3\" -DSOFTOKEN_SHLIB_VERSION=\"3\" -DKYBER_K=3 -DRIJNDAEL_INCLUDE_TABLES -UDEBUG -DNDEBUG -D_DEFAULT_SOURCE -D_BSD_SOURCE -D_POSIX_SOURCE -DSDB_MEASURE_USE_TEMP_DIR -D_REENTRANT -DNSS_DISABLE_SSE3 -DNSS_NO_INIT_SUPPORT -DUSE_UTIL_DIRECTLY -DNO_NSPR_10_SUPPORT -DSSL_DISABLE_DEPRECATED_CIPHER_SUITE_NAMES -DNSS_USE_64 -DFREEBL_NO_DEPEND -DFREEBL_LOWHASH -DNSS_X86_OR_X64 -DNSS_X64 -DUSE_HW_SHA2 -DNSS_BEVAND_ARCFOUR -DMPI_AMD64 -DMP_ASSEMBLY_MULTIPLY -DNSS_USE_COMBA -DUSE_HW_AES -DINTEL_GCM -DHAVE_INT128_SUPPORT -DHACL_CAN_COMPILE_VEC256 -DKRML_MUSTINLINE=inline -DMP_API_COMPATIBLE -I/home/ffortier/code/perso/nss/../nspr/dist/include/nspr -I../../../dist/Linux6.6_x86_64_cc_glibc_PTH_64_OPT.OBJ/include -I../../../dist/public/nss -I../../../dist/private/nss -Impi -Iecl -Iverified -Iverified/internal -Iverified/karamel/include -Iverified/karamel/krmllib/dist/minimal -Iverified/eurydice -Ideprecated  -fPIC -Wa,--noexecstack -c intel-aes.s
cc -o Linux6.6_x86_64_cc_glibc_PTH_64_OPT.OBJ/Linux_SINGLE_SHLIB/intel-gcm.o -O2 -fPIC  -m64 -pipe -ffunction-sections -fdata-sections -DHAVE_STRERROR -DLINUX -Dlinux -Wall -Wshadow -Werror -DXP_UNIX -DXP_UNIX -UDEBUG -DNDEBUG -D_DEFAULT_SOURCE -D_BSD_SOURCE -D_POSIX_SOURCE -DSDB_MEASURE_USE_TEMP_DIR -D_REENTRANT -DSHLIB_SUFFIX=\"so\" -DSHLIB_PREFIX=\"lib\" -DSHLIB_VERSION=\"3\" -DSOFTOKEN_SHLIB_VERSION=\"3\" -DKYBER_K=3 -DRIJNDAEL_INCLUDE_TABLES -UDEBUG -DNDEBUG -D_DEFAULT_SOURCE -D_BSD_SOURCE -D_POSIX_SOURCE -DSDB_MEASURE_USE_TEMP_DIR -D_REENTRANT -DNSS_DISABLE_SSE3 -DNSS_NO_INIT_SUPPORT -DUSE_UTIL_DIRECTLY -DNO_NSPR_10_SUPPORT -DSSL_DISABLE_DEPRECATED_CIPHER_SUITE_NAMES -DNSS_USE_64 -DFREEBL_NO_DEPEND -DFREEBL_LOWHASH -DNSS_X86_OR_X64 -DNSS_X64 -DUSE_HW_SHA2 -DNSS_BEVAND_ARCFOUR -DMPI_AMD64 -DMP_ASSEMBLY_MULTIPLY -DNSS_USE_COMBA -DUSE_HW_AES -DINTEL_GCM -DHAVE_INT128_SUPPORT -DHACL_CAN_COMPILE_VEC256 -DKRML_MUSTINLINE=inline -DMP_API_COMPATIBLE -I/home/ffortier/code/perso/nss/../nspr/dist/include/nspr -I../../../dist/Linux6.6_x86_64_cc_glibc_PTH_64_OPT.OBJ/include -I../../../dist/public/nss -I../../../dist/private/nss -Impi -Iecl -Iverified -Iverified/internal -Iverified/karamel/include -Iverified/karamel/krmllib/dist/minimal -Iverified/eurydice -Ideprecated  -fPIC -Wa,--noexecstack -c intel-gcm.s
grep -v ';-' freebl_hash_vector.def | sed -e 's,;+,,' -e 's; DATA ;;' -e 's,;;,,' -e 's,;.*,;,' > Linux6.6_x86_64_cc_glibc_PTH_64_OPT.OBJ/Linux_SINGLE_SHLIB/freeblpriv.def
rm -f Linux6.6_x86_64_cc_glibc_PTH_64_OPT.OBJ/Linux_SINGLE_SHLIB/libfreeblpriv3.so
cc -shared -m64 -Wl,--gc-sections -Wl,-z,defs -Wl,-soname -Wl,libfreeblpriv3.so  -Wl,--version-script,Linux6.6_x86_64_cc_glibc_PTH_64_OPT.OBJ/Linux_SINGLE_SHLIB/freeblpriv.def -Wl,-Bsymbolic -o Linux6.6_x86_64_cc_glibc_PTH_64_OPT.OBJ/Linux_SINGLE_SHLIB/libfreeblpriv3.so Linux6.6_x86_64_cc_glibc_PTH_64_OPT.OBJ/Linux_SINGLE_SHLIB/freeblver.o Linux6.6_x86_64_cc_glibc_PTH_64_OPT.OBJ/Linux_SINGLE_SHLIB/ldvector.o Linux6.6_x86_64_cc_glibc_PTH_64_OPT.OBJ/Linux_SINGLE_SHLIB/sysrand.o Linux6.6_x86_64_cc_glibc_PTH_64_OPT.OBJ/Linux_SINGLE_SHLIB/sha_fast.o Linux6.6_x86_64_cc_glibc_PTH_64_OPT.OBJ/Linux_SINGLE_SHLIB/md2.o Linux6.6_x86_64_cc_glibc_PTH_64_OPT.OBJ/Linux_SINGLE_SHLIB/md5.o Linux6.6_x86_64_cc_glibc_PTH_64_OPT.OBJ/Linux_SINGLE_SHLIB/sha512.o Linux6.6_x86_64_cc_glibc_PTH_64_OPT.OBJ/Linux_SINGLE_SHLIB/sha3.o Linux6.6_x86_64_cc_glibc_PTH_64_OPT.OBJ/Linux_SINGLE_SHLIB/shake.o Linux6.6_x86_64_cc_glibc_PTH_64_OPT.OBJ/Linux_SINGLE_SHLIB/cmac.o Linux6.6_x86_64_cc_glibc_PTH_64_OPT.OBJ/Linux_SINGLE_SHLIB/alghmac.o Linux6.6_x86_64_cc_glibc_PTH_64_OPT.OBJ/Linux_SINGLE_SHLIB/rawhash.o Linux6.6_x86_64_cc_glibc_PTH_64_OPT.OBJ/Linux_SINGLE_SHLIB/arcfour.o Linux6.6_x86_64_cc_glibc_PTH_64_OPT.OBJ/Linux_SINGLE_SHLIB/arcfive.o Linux6.6_x86_64_cc_glibc_PTH_64_OPT.OBJ/Linux_SINGLE_SHLIB/crypto_primitives.o Linux6.6_x86_64_cc_glibc_PTH_64_OPT.OBJ/Linux_SINGLE_SHLIB/blake2b.o Linux6.6_x86_64_cc_glibc_PTH_64_OPT.OBJ/Linux_SINGLE_SHLIB/desblapi.o Linux6.6_x86_64_cc_glibc_PTH_64_OPT.OBJ/Linux_SINGLE_SHLIB/des.o Linux6.6_x86_64_cc_glibc_PTH_64_OPT.OBJ/Linux_SINGLE_SHLIB/drbg.o Linux6.6_x86_64_cc_glibc_PTH_64_OPT.OBJ/Linux_SINGLE_SHLIB/chacha20poly1305.o Linux6.6_x86_64_cc_glibc_PTH_64_OPT.OBJ/Linux_SINGLE_SHLIB/cts.o Linux6.6_x86_64_cc_glibc_PTH_64_OPT.OBJ/Linux_SINGLE_SHLIB/ctr.o Linux6.6_x86_64_cc_glibc_PTH_64_OPT.OBJ/Linux_SINGLE_SHLIB/blinit.o Linux6.6_x86_64_cc_glibc_PTH_64_OPT.OBJ/Linux_SINGLE_SHLIB/fipsfreebl.o Linux6.6_x86_64_cc_glibc_PTH_64_OPT.OBJ/Linux_SINGLE_SHLIB/gcm.o Linux6.6_x86_64_cc_glibc_PTH_64_OPT.OBJ/Linux_SINGLE_SHLIB/hmacct.o Linux6.6_x86_64_cc_glibc_PTH_64_OPT.OBJ/Linux_SINGLE_SHLIB/rijndael.o Linux6.6_x86_64_cc_glibc_PTH_64_OPT.OBJ/Linux_SINGLE_SHLIB/aeskeywrap.o Linux6.6_x86_64_cc_glibc_PTH_64_OPT.OBJ/Linux_SINGLE_SHLIB/camellia.o Linux6.6_x86_64_cc_glibc_PTH_64_OPT.OBJ/Linux_SINGLE_SHLIB/dh.o Linux6.6_x86_64_cc_glibc_PTH_64_OPT.OBJ/Linux_SINGLE_SHLIB/ec.o Linux6.6_x86_64_cc_glibc_PTH_64_OPT.OBJ/Linux_SINGLE_SHLIB/ecdecode.o Linux6.6_x86_64_cc_glibc_PTH_64_OPT.OBJ/Linux_SINGLE_SHLIB/pqg.o Linux6.6_x86_64_cc_glibc_PTH_64_OPT.OBJ/Linux_SINGLE_SHLIB/dsa.o Linux6.6_x86_64_cc_glibc_PTH_64_OPT.OBJ/Linux_SINGLE_SHLIB/rsa.o Linux6.6_x86_64_cc_glibc_PTH_64_OPT.OBJ/Linux_SINGLE_SHLIB/rsa_blind.o Linux6.6_x86_64_cc_glibc_PTH_64_OPT.OBJ/Linux_SINGLE_SHLIB/rsapkcs.o Linux6.6_x86_64_cc_glibc_PTH_64_OPT.OBJ/Linux_SINGLE_SHLIB/shvfy.o Linux6.6_x86_64_cc_glibc_PTH_64_OPT.OBJ/Linux_SINGLE_SHLIB/tlsprfalg.o Linux6.6_x86_64_cc_glibc_PTH_64_OPT.OBJ/Linux_SINGLE_SHLIB/jpake.o Linux6.6_x86_64_cc_glibc_PTH_64_OPT.OBJ/Linux_SINGLE_SHLIB/secmpi.o Linux6.6_x86_64_cc_glibc_PTH_64_OPT.OBJ/Linux_SINGLE_SHLIB/kyber.o Linux6.6_x86_64_cc_glibc_PTH_64_OPT.OBJ/Linux_SINGLE_SHLIB/ml_dsa.o Linux6.6_x86_64_cc_glibc_PTH_64_OPT.OBJ/Linux_SINGLE_SHLIB/kyber-pqcrystals-ref.o Linux6.6_x86_64_cc_glibc_PTH_64_OPT.OBJ/Linux_SINGLE_SHLIB/mpprime.o Linux6.6_x86_64_cc_glibc_PTH_64_OPT.OBJ/Linux_SINGLE_SHLIB/mpmontg.o Linux6.6_x86_64_cc_glibc_PTH_64_OPT.OBJ/Linux_SINGLE_SHLIB/mplogic.o Linux6.6_x86_64_cc_glibc_PTH_64_OPT.OBJ/Linux_SINGLE_SHLIB/mpi.o Linux6.6_x86_64_cc_glibc_PTH_64_OPT.OBJ/Linux_SINGLE_SHLIB/mp_gf2m.o Linux6.6_x86_64_cc_glibc_PTH_64_OPT.OBJ/Linux_SINGLE_SHLIB/mpi_amd64.o Linux6.6_x86_64_cc_glibc_PTH_64_OPT.OBJ/Linux_SINGLE_SHLIB/mp_comba.o Linux6.6_x86_64_cc_glibc_PTH_64_OPT.OBJ/Linux_SINGLE_SHLIB/mpcpucache.o Linux6.6_x86_64_cc_glibc_PTH_64_OPT.OBJ/Linux_SINGLE_SHLIB/ecp_25519.o Linux6.6_x86_64_cc_glibc_PTH_64_OPT.OBJ/Linux_SINGLE_SHLIB/ecp_secp256r1.o Linux6.6_x86_64_cc_glibc_PTH_64_OPT.OBJ/Linux_SINGLE_SHLIB/ecp_secp384r1.o Linux6.6_x86_64_cc_glibc_PTH_64_OPT.OBJ/Linux_SINGLE_SHLIB/ecp_secp521r1.o Linux6.6_x86_64_cc_glibc_PTH_64_OPT.OBJ/Linux_SINGLE_SHLIB/curve25519_64.o Linux6.6_x86_64_cc_glibc_PTH_64_OPT.OBJ/Linux_SINGLE_SHLIB/Hacl_Poly1305_32.o Linux6.6_x86_64_cc_glibc_PTH_64_OPT.OBJ/Linux_SINGLE_SHLIB/Hacl_Chacha20.o Linux6.6_x86_64_cc_glibc_PTH_64_OPT.OBJ/Linux_SINGLE_SHLIB/Hacl_Chacha20Poly1305_32.o Linux6.6_x86_64_cc_glibc_PTH_64_OPT.OBJ/Linux_SINGLE_SHLIB/Hacl_Hash_SHA3.o Linux6.6_x86_64_cc_glibc_PTH_64_OPT.OBJ/Linux_SINGLE_SHLIB/Hacl_P256.o Linux6.6_x86_64_cc_glibc_PTH_64_OPT.OBJ/Linux_SINGLE_SHLIB/Hacl_P384.o Linux6.6_x86_64_cc_glibc_PTH_64_OPT.OBJ/Linux_SINGLE_SHLIB/Hacl_P521.o Linux6.6_x86_64_cc_glibc_PTH_64_OPT.OBJ/Linux_SINGLE_SHLIB/libcrux_sha3_portable.o Linux6.6_x86_64_cc_glibc_PTH_64_OPT.OBJ/Linux_SINGLE_SHLIB/libcrux_mlkem768_portable.o Linux6.6_x86_64_cc_glibc_PTH_64_OPT.OBJ/Linux_SINGLE_SHLIB/libcrux_mlkem1024_portable.o Linux6.6_x86_64_cc_glibc_PTH_64_OPT.OBJ/Linux_SINGLE_SHLIB/libcrux_mlkem_portable.o Linux6.6_x86_64_cc_glibc_PTH_64_OPT.OBJ/Linux_SINGLE_SHLIB/libcrux_core.o Linux6.6_x86_64_cc_glibc_PTH_64_OPT.OBJ/Linux_SINGLE_SHLIB/Hacl_Ed25519.o Linux6.6_x86_64_cc_glibc_PTH_64_OPT.OBJ/Linux_SINGLE_SHLIB/Hacl_Curve25519_51.o Linux6.6_x86_64_cc_glibc_PTH_64_OPT.OBJ/Linux_SINGLE_SHLIB/stubs.o Linux6.6_x86_64_cc_glibc_PTH_64_OPT.OBJ/Linux_SINGLE_SHLIB/nsslowhash.o Linux6.6_x86_64_cc_glibc_PTH_64_OPT.OBJ/Linux_SINGLE_SHLIB/gcm-x86.o Linux6.6_x86_64_cc_glibc_PTH_64_OPT.OBJ/Linux_SINGLE_SHLIB/aes-x86.o Linux6.6_x86_64_cc_glibc_PTH_64_OPT.OBJ/Linux_SINGLE_SHLIB/sha256-x86.o Linux6.6_x86_64_cc_glibc_PTH_64_OPT.OBJ/Linux_SINGLE_SHLIB/intel-gcm-wrap.o Linux6.6_x86_64_cc_glibc_PTH_64_OPT.OBJ/Linux_SINGLE_SHLIB/Hacl_Poly1305_256.o Linux6.6_x86_64_cc_glibc_PTH_64_OPT.OBJ/Linux_SINGLE_SHLIB/Hacl_Chacha20_Vec256.o Linux6.6_x86_64_cc_glibc_PTH_64_OPT.OBJ/Linux_SINGLE_SHLIB/Hacl_Chacha20Poly1305_256.o Linux6.6_x86_64_cc_glibc_PTH_64_OPT.OBJ/Linux_SINGLE_SHLIB/deprecated/seed.o Linux6.6_x86_64_cc_glibc_PTH_64_OPT.OBJ/Linux_SINGLE_SHLIB/deprecated/alg2268.o Linux6.6_x86_64_cc_glibc_PTH_64_OPT.OBJ/Linux_SINGLE_SHLIB/arcfour-amd64-gas.o Linux6.6_x86_64_cc_glibc_PTH_64_OPT.OBJ/Linux_SINGLE_SHLIB/mpi_amd64_common.o Linux6.6_x86_64_cc_glibc_PTH_64_OPT.OBJ/Linux_SINGLE_SHLIB/intel-aes.o Linux6.6_x86_64_cc_glibc_PTH_64_OPT.OBJ/Linux_SINGLE_SHLIB/intel-gcm.o      -ldl -lc
chmod +x Linux6.6_x86_64_cc_glibc_PTH_64_OPT.OBJ/Linux_SINGLE_SHLIB/libfreeblpriv3.so
../../coreconf/nsinstall/Linux6.6_x86_64_cc_glibc_PTH_64_OPT.OBJ/nsinstall -R -m 775 Linux6.6_x86_64_cc_glibc_PTH_64_OPT.OBJ/Linux_SINGLE_SHLIB/libfreeblpriv3.so ../../../dist/Linux6.6_x86_64_cc_glibc_PTH_64_OPT.OBJ/lib
make[4]: Leaving directory '/home/ffortier/code/perso/nss/lib/freebl'
make FREEBL_CHILD_BUILD=1 USE_STUB_BUILD=1 OBJDIR=Linux6.6_x86_64_cc_glibc_PTH_64_OPT.OBJ/Linux_SINGLE_SHLIB libs
make[4]: Entering directory '/home/ffortier/code/perso/nss/lib/freebl'
cc -o Linux6.6_x86_64_cc_glibc_PTH_64_OPT.OBJ/Linux_SINGLE_SHLIB/lowhash_vector.o -c -std=c99 -O2 -fPIC  -m64 -pipe -ffunction-sections -fdata-sections -DHAVE_STRERROR -DLINUX -Dlinux -Wall -Wshadow -Werror -DXP_UNIX -DXP_UNIX -UDEBUG -DNDEBUG -D_DEFAULT_SOURCE -D_BSD_SOURCE -D_POSIX_SOURCE -DSDB_MEASURE_USE_TEMP_DIR -D_REENTRANT -DSHLIB_SUFFIX=\"so\" -DSHLIB_PREFIX=\"lib\" -DSHLIB_VERSION=\"3\" -DSOFTOKEN_SHLIB_VERSION=\"3\" -DKYBER_K=3 -DRIJNDAEL_INCLUDE_TABLES -UDEBUG -DNDEBUG -D_DEFAULT_SOURCE -D_BSD_SOURCE -D_POSIX_SOURCE -DSDB_MEASURE_USE_TEMP_DIR -D_REENTRANT -DNSS_DISABLE_SSE3 -DNSS_NO_INIT_SUPPORT -DUSE_UTIL_DIRECTLY -DNO_NSPR_10_SUPPORT -DSSL_DISABLE_DEPRECATED_CIPHER_SUITE_NAMES -DNSS_USE_64 -DFREEBL_NO_DEPEND -DFREEBL_LOWHASH -DNSS_X86_OR_X64 -DNSS_X64 -DUSE_HW_SHA2 -DNSS_BEVAND_ARCFOUR -DMPI_AMD64 -DMP_ASSEMBLY_MULTIPLY -DNSS_USE_COMBA -DUSE_HW_AES -DINTEL_GCM -DHAVE_INT128_SUPPORT -DHACL_CAN_COMPILE_VEC256 -DKRML_MUSTINLINE=inline -DMP_API_COMPATIBLE -I/home/ffortier/code/perso/nss/../nspr/dist/include/nspr -I../../../dist/Linux6.6_x86_64_cc_glibc_PTH_64_OPT.OBJ/include -I../../../dist/public/nss -I../../../dist/private/nss -Impi -Iecl -Iverified -Iverified/internal -Iverified/karamel/include -Iverified/karamel/krmllib/dist/minimal -Iverified/eurydice -Ideprecated  lowhash_vector.c
grep -v ';-' freebl_hash.def | sed -e 's,;+,,' -e 's; DATA ;;' -e 's,;;,,' -e 's,;.*,;,' > Linux6.6_x86_64_cc_glibc_PTH_64_OPT.OBJ/Linux_SINGLE_SHLIB/freebl.def
rm -f Linux6.6_x86_64_cc_glibc_PTH_64_OPT.OBJ/Linux_SINGLE_SHLIB/libfreebl3.so
cc -shared -m64 -Wl,--gc-sections -Wl,-z,defs -Wl,-soname -Wl,libfreebl3.so  -Wl,--version-script,Linux6.6_x86_64_cc_glibc_PTH_64_OPT.OBJ/Linux_SINGLE_SHLIB/freebl.def -Wl,-Bsymbolic -o Linux6.6_x86_64_cc_glibc_PTH_64_OPT.OBJ/Linux_SINGLE_SHLIB/libfreebl3.so Linux6.6_x86_64_cc_glibc_PTH_64_OPT.OBJ/Linux_SINGLE_SHLIB/lowhash_vector.o      -ldl -lc
chmod +x Linux6.6_x86_64_cc_glibc_PTH_64_OPT.OBJ/Linux_SINGLE_SHLIB/libfreebl3.so
../../coreconf/nsinstall/Linux6.6_x86_64_cc_glibc_PTH_64_OPT.OBJ/nsinstall -R -m 775 Linux6.6_x86_64_cc_glibc_PTH_64_OPT.OBJ/Linux_SINGLE_SHLIB/libfreebl3.so ../../../dist/Linux6.6_x86_64_cc_glibc_PTH_64_OPT.OBJ/lib
make[4]: Leaving directory '/home/ffortier/code/perso/nss/lib/freebl'
../../coreconf/nsinstall/Linux6.6_x86_64_cc_glibc_PTH_64_OPT.OBJ/nsinstall -R -m 664 Linux6.6_x86_64_cc_glibc_PTH_64_OPT.OBJ/libfreebl.a ../../../dist/Linux6.6_x86_64_cc_glibc_PTH_64_OPT.OBJ/lib
make[3]: Leaving directory '/home/ffortier/code/perso/nss/lib/freebl'
make[3]: Entering directory '/home/ffortier/code/perso/nss/lib/sqlite'
cc -o Linux6.6_x86_64_cc_glibc_PTH_64_OPT.OBJ/sqlite3.o -c -std=c99 -O2 -fPIC  -m64 -pipe -ffunction-sections -fdata-sections -DHAVE_STRERROR -DLINUX -Dlinux  -DXP_UNIX -DXP_UNIX -DSQLITE_THREADSAFE=1 -UDEBUG -DNDEBUG -D_DEFAULT_SOURCE -D_BSD_SOURCE -D_POSIX_SOURCE -DSDB_MEASURE_USE_TEMP_DIR -D_REENTRANT -UDEBUG -DNDEBUG -D_DEFAULT_SOURCE -D_BSD_SOURCE -D_POSIX_SOURCE -DSDB_MEASURE_USE_TEMP_DIR -D_REENTRANT -DNSS_DISABLE_SSE3 -DNSS_NO_INIT_SUPPORT -DUSE_UTIL_DIRECTLY -DNO_NSPR_10_SUPPORT -DSSL_DISABLE_DEPRECATED_CIPHER_SUITE_NAMES -I/home/ffortier/code/perso/nss/../nspr/dist/include/nspr -I../../../dist/Linux6.6_x86_64_cc_glibc_PTH_64_OPT.OBJ/include -I../../../dist/public/nss -I../../../dist/private/nss  sqlite3.c
rm -f Linux6.6_x86_64_cc_glibc_PTH_64_OPT.OBJ/libsqlite.a
ar cr Linux6.6_x86_64_cc_glibc_PTH_64_OPT.OBJ/libsqlite.a Linux6.6_x86_64_cc_glibc_PTH_64_OPT.OBJ/sqlite3.o
echo Linux6.6_x86_64_cc_glibc_PTH_64_OPT.OBJ/libsqlite.a
Linux6.6_x86_64_cc_glibc_PTH_64_OPT.OBJ/libsqlite.a
grep -v ';-' sqlite.def | sed -e 's,;+,,' -e 's; DATA ;;' -e 's,;;,,' -e 's,;.*,;,' > Linux6.6_x86_64_cc_glibc_PTH_64_OPT.OBJ/sqlite.def
rm -f Linux6.6_x86_64_cc_glibc_PTH_64_OPT.OBJ/libsqlite3.so
cc -shared -m64 -Wl,--gc-sections -Wl,-z,defs -Wl,-soname -Wl,libsqlite3.so  -Wl,--version-script,Linux6.6_x86_64_cc_glibc_PTH_64_OPT.OBJ/sqlite.def -o Linux6.6_x86_64_cc_glibc_PTH_64_OPT.OBJ/libsqlite3.so Linux6.6_x86_64_cc_glibc_PTH_64_OPT.OBJ/sqlite3.o     -lpthread  -ldl -lc
chmod +x Linux6.6_x86_64_cc_glibc_PTH_64_OPT.OBJ/libsqlite3.so
../../coreconf/nsinstall/Linux6.6_x86_64_cc_glibc_PTH_64_OPT.OBJ/nsinstall -R -m 664 Linux6.6_x86_64_cc_glibc_PTH_64_OPT.OBJ/libsqlite.a ../../../dist/Linux6.6_x86_64_cc_glibc_PTH_64_OPT.OBJ/lib
../../coreconf/nsinstall/Linux6.6_x86_64_cc_glibc_PTH_64_OPT.OBJ/nsinstall -R -m 775 Linux6.6_x86_64_cc_glibc_PTH_64_OPT.OBJ/libsqlite3.so ../../../dist/Linux6.6_x86_64_cc_glibc_PTH_64_OPT.OBJ/lib
make[3]: Leaving directory '/home/ffortier/code/perso/nss/lib/sqlite'
make[3]: Entering directory '/home/ffortier/code/perso/nss/lib/softoken'
make[4]: Entering directory '/home/ffortier/code/perso/nss/lib/softoken/legacydb'
cc -o Linux6.6_x86_64_cc_glibc_PTH_64_OPT.OBJ/dbmshim.o -c -std=c99 -O2 -fPIC  -m64 -pipe -ffunction-sections -fdata-sections -DHAVE_STRERROR -DLINUX -Dlinux -Wall -Wshadow -Werror -DXP_UNIX -DXP_UNIX -DSHLIB_SUFFIX=\"so\" -DSHLIB_PREFIX=\"lib\" -DLG_LIB_NAME=\"libnssdbm3.so\" -UDEBUG -DNDEBUG -D_DEFAULT_SOURCE -D_BSD_SOURCE -D_POSIX_SOURCE -DSDB_MEASURE_USE_TEMP_DIR -D_REENTRANT -UDEBUG -DNDEBUG -D_DEFAULT_SOURCE -D_BSD_SOURCE -D_POSIX_SOURCE -DSDB_MEASURE_USE_TEMP_DIR -D_REENTRANT -DNSS_DISABLE_SSE3 -DNSS_NO_INIT_SUPPORT -DUSE_UTIL_DIRECTLY -DNO_NSPR_10_SUPPORT -DSSL_DISABLE_DEPRECATED_CIPHER_SUITE_NAMES -I/home/ffortier/code/perso/nss/../nspr/dist/include/nspr -I../../../../dist/Linux6.6_x86_64_cc_glibc_PTH_64_OPT.OBJ/include -I../../../../dist/public/nss -I../../../../dist/private/nss -I../../../../dist/public/dbm  dbmshim.c
cc -o Linux6.6_x86_64_cc_glibc_PTH_64_OPT.OBJ/keydb.o -c -std=c99 -O2 -fPIC  -m64 -pipe -ffunction-sections -fdata-sections -DHAVE_STRERROR -DLINUX -Dlinux -Wall -Wshadow -Werror -DXP_UNIX -DXP_UNIX -DSHLIB_SUFFIX=\"so\" -DSHLIB_PREFIX=\"lib\" -DLG_LIB_NAME=\"libnssdbm3.so\" -UDEBUG -DNDEBUG -D_DEFAULT_SOURCE -D_BSD_SOURCE -D_POSIX_SOURCE -DSDB_MEASURE_USE_TEMP_DIR -D_REENTRANT -UDEBUG -DNDEBUG -D_DEFAULT_SOURCE -D_BSD_SOURCE -D_POSIX_SOURCE -DSDB_MEASURE_USE_TEMP_DIR -D_REENTRANT -DNSS_DISABLE_SSE3 -DNSS_NO_INIT_SUPPORT -DUSE_UTIL_DIRECTLY -DNO_NSPR_10_SUPPORT -DSSL_DISABLE_DEPRECATED_CIPHER_SUITE_NAMES -I/home/ffortier/code/perso/nss/../nspr/dist/include/nspr -I../../../../dist/Linux6.6_x86_64_cc_glibc_PTH_64_OPT.OBJ/include -I../../../../dist/public/nss -I../../../../dist/private/nss -I../../../../dist/public/dbm  keydb.c
cc -o Linux6.6_x86_64_cc_glibc_PTH_64_OPT.OBJ/lgattr.o -c -std=c99 -O2 -fPIC  -m64 -pipe -ffunction-sections -fdata-sections -DHAVE_STRERROR -DLINUX -Dlinux -Wall -Wshadow -Werror -DXP_UNIX -DXP_UNIX -DSHLIB_SUFFIX=\"so\" -DSHLIB_PREFIX=\"lib\" -DLG_LIB_NAME=\"libnssdbm3.so\" -UDEBUG -DNDEBUG -D_DEFAULT_SOURCE -D_BSD_SOURCE -D_POSIX_SOURCE -DSDB_MEASURE_USE_TEMP_DIR -D_REENTRANT -UDEBUG -DNDEBUG -D_DEFAULT_SOURCE -D_BSD_SOURCE -D_POSIX_SOURCE -DSDB_MEASURE_USE_TEMP_DIR -D_REENTRANT -DNSS_DISABLE_SSE3 -DNSS_NO_INIT_SUPPORT -DUSE_UTIL_DIRECTLY -DNO_NSPR_10_SUPPORT -DSSL_DISABLE_DEPRECATED_CIPHER_SUITE_NAMES -I/home/ffortier/code/perso/nss/../nspr/dist/include/nspr -I../../../../dist/Linux6.6_x86_64_cc_glibc_PTH_64_OPT.OBJ/include -I../../../../dist/public/nss -I../../../../dist/private/nss -I../../../../dist/public/dbm  lgattr.c
cc -o Linux6.6_x86_64_cc_glibc_PTH_64_OPT.OBJ/lgcreate.o -c -std=c99 -O2 -fPIC  -m64 -pipe -ffunction-sections -fdata-sections -DHAVE_STRERROR -DLINUX -Dlinux -Wall -Wshadow -Werror -DXP_UNIX -DXP_UNIX -DSHLIB_SUFFIX=\"so\" -DSHLIB_PREFIX=\"lib\" -DLG_LIB_NAME=\"libnssdbm3.so\" -UDEBUG -DNDEBUG -D_DEFAULT_SOURCE -D_BSD_SOURCE -D_POSIX_SOURCE -DSDB_MEASURE_USE_TEMP_DIR -D_REENTRANT -UDEBUG -DNDEBUG -D_DEFAULT_SOURCE -D_BSD_SOURCE -D_POSIX_SOURCE -DSDB_MEASURE_USE_TEMP_DIR -D_REENTRANT -DNSS_DISABLE_SSE3 -DNSS_NO_INIT_SUPPORT -DUSE_UTIL_DIRECTLY -DNO_NSPR_10_SUPPORT -DSSL_DISABLE_DEPRECATED_CIPHER_SUITE_NAMES -I/home/ffortier/code/perso/nss/../nspr/dist/include/nspr -I../../../../dist/Linux6.6_x86_64_cc_glibc_PTH_64_OPT.OBJ/include -I../../../../dist/public/nss -I../../../../dist/private/nss -I../../../../dist/public/dbm  lgcreate.c
cc -o Linux6.6_x86_64_cc_glibc_PTH_64_OPT.OBJ/lgdestroy.o -c -std=c99 -O2 -fPIC  -m64 -pipe -ffunction-sections -fdata-sections -DHAVE_STRERROR -DLINUX -Dlinux -Wall -Wshadow -Werror -DXP_UNIX -DXP_UNIX -DSHLIB_SUFFIX=\"so\" -DSHLIB_PREFIX=\"lib\" -DLG_LIB_NAME=\"libnssdbm3.so\" -UDEBUG -DNDEBUG -D_DEFAULT_SOURCE -D_BSD_SOURCE -D_POSIX_SOURCE -DSDB_MEASURE_USE_TEMP_DIR -D_REENTRANT -UDEBUG -DNDEBUG -D_DEFAULT_SOURCE -D_BSD_SOURCE -D_POSIX_SOURCE -DSDB_MEASURE_USE_TEMP_DIR -D_REENTRANT -DNSS_DISABLE_SSE3 -DNSS_NO_INIT_SUPPORT -DUSE_UTIL_DIRECTLY -DNO_NSPR_10_SUPPORT -DSSL_DISABLE_DEPRECATED_CIPHER_SUITE_NAMES -I/home/ffortier/code/perso/nss/../nspr/dist/include/nspr -I../../../../dist/Linux6.6_x86_64_cc_glibc_PTH_64_OPT.OBJ/include -I../../../../dist/public/nss -I../../../../dist/private/nss -I../../../../dist/public/dbm  lgdestroy.c
cc -o Linux6.6_x86_64_cc_glibc_PTH_64_OPT.OBJ/lgfind.o -c -std=c99 -O2 -fPIC  -m64 -pipe -ffunction-sections -fdata-sections -DHAVE_STRERROR -DLINUX -Dlinux -Wall -Wshadow -Werror -DXP_UNIX -DXP_UNIX -DSHLIB_SUFFIX=\"so\" -DSHLIB_PREFIX=\"lib\" -DLG_LIB_NAME=\"libnssdbm3.so\" -UDEBUG -DNDEBUG -D_DEFAULT_SOURCE -D_BSD_SOURCE -D_POSIX_SOURCE -DSDB_MEASURE_USE_TEMP_DIR -D_REENTRANT -UDEBUG -DNDEBUG -D_DEFAULT_SOURCE -D_BSD_SOURCE -D_POSIX_SOURCE -DSDB_MEASURE_USE_TEMP_DIR -D_REENTRANT -DNSS_DISABLE_SSE3 -DNSS_NO_INIT_SUPPORT -DUSE_UTIL_DIRECTLY -DNO_NSPR_10_SUPPORT -DSSL_DISABLE_DEPRECATED_CIPHER_SUITE_NAMES -I/home/ffortier/code/perso/nss/../nspr/dist/include/nspr -I../../../../dist/Linux6.6_x86_64_cc_glibc_PTH_64_OPT.OBJ/include -I../../../../dist/public/nss -I../../../../dist/private/nss -I../../../../dist/public/dbm  lgfind.c
cc -o Linux6.6_x86_64_cc_glibc_PTH_64_OPT.OBJ/lgfips.o -c -std=c99 -O2 -fPIC  -m64 -pipe -ffunction-sections -fdata-sections -DHAVE_STRERROR -DLINUX -Dlinux -Wall -Wshadow -Werror -DXP_UNIX -DXP_UNIX -DSHLIB_SUFFIX=\"so\" -DSHLIB_PREFIX=\"lib\" -DLG_LIB_NAME=\"libnssdbm3.so\" -UDEBUG -DNDEBUG -D_DEFAULT_SOURCE -D_BSD_SOURCE -D_POSIX_SOURCE -DSDB_MEASURE_USE_TEMP_DIR -D_REENTRANT -UDEBUG -DNDEBUG -D_DEFAULT_SOURCE -D_BSD_SOURCE -D_POSIX_SOURCE -DSDB_MEASURE_USE_TEMP_DIR -D_REENTRANT -DNSS_DISABLE_SSE3 -DNSS_NO_INIT_SUPPORT -DUSE_UTIL_DIRECTLY -DNO_NSPR_10_SUPPORT -DSSL_DISABLE_DEPRECATED_CIPHER_SUITE_NAMES -I/home/ffortier/code/perso/nss/../nspr/dist/include/nspr -I../../../../dist/Linux6.6_x86_64_cc_glibc_PTH_64_OPT.OBJ/include -I../../../../dist/public/nss -I../../../../dist/private/nss -I../../../../dist/public/dbm  lgfips.c
cc -o Linux6.6_x86_64_cc_glibc_PTH_64_OPT.OBJ/lginit.o -c -std=c99 -O2 -fPIC  -m64 -pipe -ffunction-sections -fdata-sections -DHAVE_STRERROR -DLINUX -Dlinux -Wall -Wshadow -Werror -DXP_UNIX -DXP_UNIX -DSHLIB_SUFFIX=\"so\" -DSHLIB_PREFIX=\"lib\" -DLG_LIB_NAME=\"libnssdbm3.so\" -UDEBUG -DNDEBUG -D_DEFAULT_SOURCE -D_BSD_SOURCE -D_POSIX_SOURCE -DSDB_MEASURE_USE_TEMP_DIR -D_REENTRANT -UDEBUG -DNDEBUG -D_DEFAULT_SOURCE -D_BSD_SOURCE -D_POSIX_SOURCE -DSDB_MEASURE_USE_TEMP_DIR -D_REENTRANT -DNSS_DISABLE_SSE3 -DNSS_NO_INIT_SUPPORT -DUSE_UTIL_DIRECTLY -DNO_NSPR_10_SUPPORT -DSSL_DISABLE_DEPRECATED_CIPHER_SUITE_NAMES -I/home/ffortier/code/perso/nss/../nspr/dist/include/nspr -I../../../../dist/Linux6.6_x86_64_cc_glibc_PTH_64_OPT.OBJ/include -I../../../../dist/public/nss -I../../../../dist/private/nss -I../../../../dist/public/dbm  lginit.c
cc -o Linux6.6_x86_64_cc_glibc_PTH_64_OPT.OBJ/lgutil.o -c -std=c99 -O2 -fPIC  -m64 -pipe -ffunction-sections -fdata-sections -DHAVE_STRERROR -DLINUX -Dlinux -Wall -Wshadow -Werror -DXP_UNIX -DXP_UNIX -DSHLIB_SUFFIX=\"so\" -DSHLIB_PREFIX=\"lib\" -DLG_LIB_NAME=\"libnssdbm3.so\" -UDEBUG -DNDEBUG -D_DEFAULT_SOURCE -D_BSD_SOURCE -D_POSIX_SOURCE -DSDB_MEASURE_USE_TEMP_DIR -D_REENTRANT -UDEBUG -DNDEBUG -D_DEFAULT_SOURCE -D_BSD_SOURCE -D_POSIX_SOURCE -DSDB_MEASURE_USE_TEMP_DIR -D_REENTRANT -DNSS_DISABLE_SSE3 -DNSS_NO_INIT_SUPPORT -DUSE_UTIL_DIRECTLY -DNO_NSPR_10_SUPPORT -DSSL_DISABLE_DEPRECATED_CIPHER_SUITE_NAMES -I/home/ffortier/code/perso/nss/../nspr/dist/include/nspr -I../../../../dist/Linux6.6_x86_64_cc_glibc_PTH_64_OPT.OBJ/include -I../../../../dist/public/nss -I../../../../dist/private/nss -I../../../../dist/public/dbm  lgutil.c
cc -o Linux6.6_x86_64_cc_glibc_PTH_64_OPT.OBJ/lowcert.o -c -std=c99 -O2 -fPIC  -m64 -pipe -ffunction-sections -fdata-sections -DHAVE_STRERROR -DLINUX -Dlinux -Wall -Wshadow -Werror -DXP_UNIX -DXP_UNIX -DSHLIB_SUFFIX=\"so\" -DSHLIB_PREFIX=\"lib\" -DLG_LIB_NAME=\"libnssdbm3.so\" -UDEBUG -DNDEBUG -D_DEFAULT_SOURCE -D_BSD_SOURCE -D_POSIX_SOURCE -DSDB_MEASURE_USE_TEMP_DIR -D_REENTRANT -UDEBUG -DNDEBUG -D_DEFAULT_SOURCE -D_BSD_SOURCE -D_POSIX_SOURCE -DSDB_MEASURE_USE_TEMP_DIR -D_REENTRANT -DNSS_DISABLE_SSE3 -DNSS_NO_INIT_SUPPORT -DUSE_UTIL_DIRECTLY -DNO_NSPR_10_SUPPORT -DSSL_DISABLE_DEPRECATED_CIPHER_SUITE_NAMES -I/home/ffortier/code/perso/nss/../nspr/dist/include/nspr -I../../../../dist/Linux6.6_x86_64_cc_glibc_PTH_64_OPT.OBJ/include -I../../../../dist/public/nss -I../../../../dist/private/nss -I../../../../dist/public/dbm  lowcert.c
cc -o Linux6.6_x86_64_cc_glibc_PTH_64_OPT.OBJ/lowkey.o -c -std=c99 -O2 -fPIC  -m64 -pipe -ffunction-sections -fdata-sections -DHAVE_STRERROR -DLINUX -Dlinux -Wall -Wshadow -Werror -DXP_UNIX -DXP_UNIX -DSHLIB_SUFFIX=\"so\" -DSHLIB_PREFIX=\"lib\" -DLG_LIB_NAME=\"libnssdbm3.so\" -UDEBUG -DNDEBUG -D_DEFAULT_SOURCE -D_BSD_SOURCE -D_POSIX_SOURCE -DSDB_MEASURE_USE_TEMP_DIR -D_REENTRANT -UDEBUG -DNDEBUG -D_DEFAULT_SOURCE -D_BSD_SOURCE -D_POSIX_SOURCE -DSDB_MEASURE_USE_TEMP_DIR -D_REENTRANT -DNSS_DISABLE_SSE3 -DNSS_NO_INIT_SUPPORT -DUSE_UTIL_DIRECTLY -DNO_NSPR_10_SUPPORT -DSSL_DISABLE_DEPRECATED_CIPHER_SUITE_NAMES -I/home/ffortier/code/perso/nss/../nspr/dist/include/nspr -I../../../../dist/Linux6.6_x86_64_cc_glibc_PTH_64_OPT.OBJ/include -I../../../../dist/public/nss -I../../../../dist/private/nss -I../../../../dist/public/dbm  lowkey.c
cc -o Linux6.6_x86_64_cc_glibc_PTH_64_OPT.OBJ/pcertdb.o -c -std=c99 -O2 -fPIC  -m64 -pipe -ffunction-sections -fdata-sections -DHAVE_STRERROR -DLINUX -Dlinux -Wall -Wshadow -Werror -DXP_UNIX -DXP_UNIX -DSHLIB_SUFFIX=\"so\" -DSHLIB_PREFIX=\"lib\" -DLG_LIB_NAME=\"libnssdbm3.so\" -UDEBUG -DNDEBUG -D_DEFAULT_SOURCE -D_BSD_SOURCE -D_POSIX_SOURCE -DSDB_MEASURE_USE_TEMP_DIR -D_REENTRANT -UDEBUG -DNDEBUG -D_DEFAULT_SOURCE -D_BSD_SOURCE -D_POSIX_SOURCE -DSDB_MEASURE_USE_TEMP_DIR -D_REENTRANT -DNSS_DISABLE_SSE3 -DNSS_NO_INIT_SUPPORT -DUSE_UTIL_DIRECTLY -DNO_NSPR_10_SUPPORT -DSSL_DISABLE_DEPRECATED_CIPHER_SUITE_NAMES -I/home/ffortier/code/perso/nss/../nspr/dist/include/nspr -I../../../../dist/Linux6.6_x86_64_cc_glibc_PTH_64_OPT.OBJ/include -I../../../../dist/public/nss -I../../../../dist/private/nss -I../../../../dist/public/dbm  pcertdb.c
cc -o Linux6.6_x86_64_cc_glibc_PTH_64_OPT.OBJ/pk11db.o -c -std=c99 -O2 -fPIC  -m64 -pipe -ffunction-sections -fdata-sections -DHAVE_STRERROR -DLINUX -Dlinux -Wall -Wshadow -Werror -DXP_UNIX -DXP_UNIX -DSHLIB_SUFFIX=\"so\" -DSHLIB_PREFIX=\"lib\" -DLG_LIB_NAME=\"libnssdbm3.so\" -UDEBUG -DNDEBUG -D_DEFAULT_SOURCE -D_BSD_SOURCE -D_POSIX_SOURCE -DSDB_MEASURE_USE_TEMP_DIR -D_REENTRANT -UDEBUG -DNDEBUG -D_DEFAULT_SOURCE -D_BSD_SOURCE -D_POSIX_SOURCE -DSDB_MEASURE_USE_TEMP_DIR -D_REENTRANT -DNSS_DISABLE_SSE3 -DNSS_NO_INIT_SUPPORT -DUSE_UTIL_DIRECTLY -DNO_NSPR_10_SUPPORT -DSSL_DISABLE_DEPRECATED_CIPHER_SUITE_NAMES -I/home/ffortier/code/perso/nss/../nspr/dist/include/nspr -I../../../../dist/Linux6.6_x86_64_cc_glibc_PTH_64_OPT.OBJ/include -I../../../../dist/public/nss -I../../../../dist/private/nss -I../../../../dist/public/dbm  pk11db.c
rm -f Linux6.6_x86_64_cc_glibc_PTH_64_OPT.OBJ/libnssdbm.a
ar cr Linux6.6_x86_64_cc_glibc_PTH_64_OPT.OBJ/libnssdbm.a Linux6.6_x86_64_cc_glibc_PTH_64_OPT.OBJ/dbmshim.o Linux6.6_x86_64_cc_glibc_PTH_64_OPT.OBJ/keydb.o Linux6.6_x86_64_cc_glibc_PTH_64_OPT.OBJ/lgattr.o Linux6.6_x86_64_cc_glibc_PTH_64_OPT.OBJ/lgcreate.o Linux6.6_x86_64_cc_glibc_PTH_64_OPT.OBJ/lgdestroy.o Linux6.6_x86_64_cc_glibc_PTH_64_OPT.OBJ/lgfind.o Linux6.6_x86_64_cc_glibc_PTH_64_OPT.OBJ/lgfips.o Linux6.6_x86_64_cc_glibc_PTH_64_OPT.OBJ/lginit.o Linux6.6_x86_64_cc_glibc_PTH_64_OPT.OBJ/lgutil.o Linux6.6_x86_64_cc_glibc_PTH_64_OPT.OBJ/lowcert.o Linux6.6_x86_64_cc_glibc_PTH_64_OPT.OBJ/lowkey.o Linux6.6_x86_64_cc_glibc_PTH_64_OPT.OBJ/pcertdb.o Linux6.6_x86_64_cc_glibc_PTH_64_OPT.OBJ/pk11db.o
echo Linux6.6_x86_64_cc_glibc_PTH_64_OPT.OBJ/libnssdbm.a
Linux6.6_x86_64_cc_glibc_PTH_64_OPT.OBJ/libnssdbm.a
grep -v ';-' nssdbm.def | sed -e 's,;+,,' -e 's; DATA ;;' -e 's,;;,,' -e 's,;.*,;,' > Linux6.6_x86_64_cc_glibc_PTH_64_OPT.OBJ/nssdbm.def
rm -f Linux6.6_x86_64_cc_glibc_PTH_64_OPT.OBJ/libnssdbm3.so
cc -shared -m64 -Wl,--gc-sections -Wl,-z,defs -Wl,-soname -Wl,libnssdbm3.so  -Wl,--version-script,Linux6.6_x86_64_cc_glibc_PTH_64_OPT.OBJ/nssdbm.def -o Linux6.6_x86_64_cc_glibc_PTH_64_OPT.OBJ/libnssdbm3.so Linux6.6_x86_64_cc_glibc_PTH_64_OPT.OBJ/dbmshim.o Linux6.6_x86_64_cc_glibc_PTH_64_OPT.OBJ/keydb.o Linux6.6_x86_64_cc_glibc_PTH_64_OPT.OBJ/lgattr.o Linux6.6_x86_64_cc_glibc_PTH_64_OPT.OBJ/lgcreate.o Linux6.6_x86_64_cc_glibc_PTH_64_OPT.OBJ/lgdestroy.o Linux6.6_x86_64_cc_glibc_PTH_64_OPT.OBJ/lgfind.o Linux6.6_x86_64_cc_glibc_PTH_64_OPT.OBJ/lgfips.o Linux6.6_x86_64_cc_glibc_PTH_64_OPT.OBJ/lginit.o Linux6.6_x86_64_cc_glibc_PTH_64_OPT.OBJ/lgutil.o Linux6.6_x86_64_cc_glibc_PTH_64_OPT.OBJ/lowcert.o Linux6.6_x86_64_cc_glibc_PTH_64_OPT.OBJ/lowkey.o Linux6.6_x86_64_cc_glibc_PTH_64_OPT.OBJ/pcertdb.o Linux6.6_x86_64_cc_glibc_PTH_64_OPT.OBJ/pk11db.o   ../../../../dist/Linux6.6_x86_64_cc_glibc_PTH_64_OPT.OBJ/lib/libfreebl.a ../../../../dist/Linux6.6_x86_64_cc_glibc_PTH_64_OPT.OBJ/lib/libdbm.a  -L../../../../dist/Linux6.6_x86_64_cc_glibc_PTH_64_OPT.OBJ/lib -L../../../../dist/Linux6.6_x86_64_cc_glibc_PTH_64_OPT.OBJ/lib -lnssutil3 -L/home/ffortier/code/perso/nss/../nspr/dist -lplc4 -lplds4 -lnspr4  -lpthread  -ldl -lc
chmod +x Linux6.6_x86_64_cc_glibc_PTH_64_OPT.OBJ/libnssdbm3.so
../../../coreconf/nsinstall/Linux6.6_x86_64_cc_glibc_PTH_64_OPT.OBJ/nsinstall -R -m 664 Linux6.6_x86_64_cc_glibc_PTH_64_OPT.OBJ/libnssdbm.a ../../../../dist/Linux6.6_x86_64_cc_glibc_PTH_64_OPT.OBJ/lib
../../../coreconf/nsinstall/Linux6.6_x86_64_cc_glibc_PTH_64_OPT.OBJ/nsinstall -R -m 775 Linux6.6_x86_64_cc_glibc_PTH_64_OPT.OBJ/libnssdbm3.so ../../../../dist/Linux6.6_x86_64_cc_glibc_PTH_64_OPT.OBJ/lib
make[4]: Leaving directory '/home/ffortier/code/perso/nss/lib/softoken/legacydb'
cc -o Linux6.6_x86_64_cc_glibc_PTH_64_OPT.OBJ/fipsaudt.o -c -std=c99 -O2 -fPIC  -m64 -pipe -ffunction-sections -fdata-sections -DHAVE_STRERROR -DLINUX -Dlinux -Wall -Wshadow -Werror -DXP_UNIX -DXP_UNIX -DSHLIB_SUFFIX=\"so\" -DSHLIB_PREFIX=\"lib\" -DSOFTOKEN_LIB_NAME=\"libsoftokn3.so\" -DSHLIB_VERSION=\"3\" -UDEBUG -DNDEBUG -D_DEFAULT_SOURCE -D_BSD_SOURCE -D_POSIX_SOURCE -DSDB_MEASURE_USE_TEMP_DIR -D_REENTRANT -UDEBUG -DNDEBUG -D_DEFAULT_SOURCE -D_BSD_SOURCE -D_POSIX_SOURCE -DSDB_MEASURE_USE_TEMP_DIR -D_REENTRANT -DNSS_DISABLE_SSE3 -DNSS_NO_INIT_SUPPORT -DUSE_UTIL_DIRECTLY -DNO_NSPR_10_SUPPORT -DSSL_DISABLE_DEPRECATED_CIPHER_SUITE_NAMES -I/home/ffortier/code/perso/nss/../nspr/dist/include/nspr -I../../../dist/Linux6.6_x86_64_cc_glibc_PTH_64_OPT.OBJ/include -I../../../dist/public/nss -I../../../dist/private/nss  fipsaudt.c
cc -o Linux6.6_x86_64_cc_glibc_PTH_64_OPT.OBJ/fipstest.o -c -std=c99 -O2 -fPIC  -m64 -pipe -ffunction-sections -fdata-sections -DHAVE_STRERROR -DLINUX -Dlinux -Wall -Wshadow -Werror -DXP_UNIX -DXP_UNIX -DSHLIB_SUFFIX=\"so\" -DSHLIB_PREFIX=\"lib\" -DSOFTOKEN_LIB_NAME=\"libsoftokn3.so\" -DSHLIB_VERSION=\"3\" -UDEBUG -DNDEBUG -D_DEFAULT_SOURCE -D_BSD_SOURCE -D_POSIX_SOURCE -DSDB_MEASURE_USE_TEMP_DIR -D_REENTRANT -UDEBUG -DNDEBUG -D_DEFAULT_SOURCE -D_BSD_SOURCE -D_POSIX_SOURCE -DSDB_MEASURE_USE_TEMP_DIR -D_REENTRANT -DNSS_DISABLE_SSE3 -DNSS_NO_INIT_SUPPORT -DUSE_UTIL_DIRECTLY -DNO_NSPR_10_SUPPORT -DSSL_DISABLE_DEPRECATED_CIPHER_SUITE_NAMES -I/home/ffortier/code/perso/nss/../nspr/dist/include/nspr -I../../../dist/Linux6.6_x86_64_cc_glibc_PTH_64_OPT.OBJ/include -I../../../dist/public/nss -I../../../dist/private/nss  fipstest.c
cc -o Linux6.6_x86_64_cc_glibc_PTH_64_OPT.OBJ/fipstokn.o -c -std=c99 -O2 -fPIC  -m64 -pipe -ffunction-sections -fdata-sections -DHAVE_STRERROR -DLINUX -Dlinux -Wall -Wshadow -Werror -DXP_UNIX -DXP_UNIX -DSHLIB_SUFFIX=\"so\" -DSHLIB_PREFIX=\"lib\" -DSOFTOKEN_LIB_NAME=\"libsoftokn3.so\" -DSHLIB_VERSION=\"3\" -UDEBUG -DNDEBUG -D_DEFAULT_SOURCE -D_BSD_SOURCE -D_POSIX_SOURCE -DSDB_MEASURE_USE_TEMP_DIR -D_REENTRANT -UDEBUG -DNDEBUG -D_DEFAULT_SOURCE -D_BSD_SOURCE -D_POSIX_SOURCE -DSDB_MEASURE_USE_TEMP_DIR -D_REENTRANT -DNSS_DISABLE_SSE3 -DNSS_NO_INIT_SUPPORT -DUSE_UTIL_DIRECTLY -DNO_NSPR_10_SUPPORT -DSSL_DISABLE_DEPRECATED_CIPHER_SUITE_NAMES -I/home/ffortier/code/perso/nss/../nspr/dist/include/nspr -I../../../dist/Linux6.6_x86_64_cc_glibc_PTH_64_OPT.OBJ/include -I../../../dist/public/nss -I../../../dist/private/nss  fipstokn.c
cc -o Linux6.6_x86_64_cc_glibc_PTH_64_OPT.OBJ/kbkdf.o -c -std=c99 -O2 -fPIC  -m64 -pipe -ffunction-sections -fdata-sections -DHAVE_STRERROR -DLINUX -Dlinux -Wall -Wshadow -Werror -DXP_UNIX -DXP_UNIX -DSHLIB_SUFFIX=\"so\" -DSHLIB_PREFIX=\"lib\" -DSOFTOKEN_LIB_NAME=\"libsoftokn3.so\" -DSHLIB_VERSION=\"3\" -UDEBUG -DNDEBUG -D_DEFAULT_SOURCE -D_BSD_SOURCE -D_POSIX_SOURCE -DSDB_MEASURE_USE_TEMP_DIR -D_REENTRANT -UDEBUG -DNDEBUG -D_DEFAULT_SOURCE -D_BSD_SOURCE -D_POSIX_SOURCE -DSDB_MEASURE_USE_TEMP_DIR -D_REENTRANT -DNSS_DISABLE_SSE3 -DNSS_NO_INIT_SUPPORT -DUSE_UTIL_DIRECTLY -DNO_NSPR_10_SUPPORT -DSSL_DISABLE_DEPRECATED_CIPHER_SUITE_NAMES -I/home/ffortier/code/perso/nss/../nspr/dist/include/nspr -I../../../dist/Linux6.6_x86_64_cc_glibc_PTH_64_OPT.OBJ/include -I../../../dist/public/nss -I../../../dist/private/nss  kbkdf.c
cc -o Linux6.6_x86_64_cc_glibc_PTH_64_OPT.OBJ/kem.o -c -std=c99 -O2 -fPIC  -m64 -pipe -ffunction-sections -fdata-sections -DHAVE_STRERROR -DLINUX -Dlinux -Wall -Wshadow -Werror -DXP_UNIX -DXP_UNIX -DSHLIB_SUFFIX=\"so\" -DSHLIB_PREFIX=\"lib\" -DSOFTOKEN_LIB_NAME=\"libsoftokn3.so\" -DSHLIB_VERSION=\"3\" -UDEBUG -DNDEBUG -D_DEFAULT_SOURCE -D_BSD_SOURCE -D_POSIX_SOURCE -DSDB_MEASURE_USE_TEMP_DIR -D_REENTRANT -UDEBUG -DNDEBUG -D_DEFAULT_SOURCE -D_BSD_SOURCE -D_POSIX_SOURCE -DSDB_MEASURE_USE_TEMP_DIR -D_REENTRANT -DNSS_DISABLE_SSE3 -DNSS_NO_INIT_SUPPORT -DUSE_UTIL_DIRECTLY -DNO_NSPR_10_SUPPORT -DSSL_DISABLE_DEPRECATED_CIPHER_SUITE_NAMES -I/home/ffortier/code/perso/nss/../nspr/dist/include/nspr -I../../../dist/Linux6.6_x86_64_cc_glibc_PTH_64_OPT.OBJ/include -I../../../dist/public/nss -I../../../dist/private/nss  kem.c
cc -o Linux6.6_x86_64_cc_glibc_PTH_64_OPT.OBJ/lowkey.o -c -std=c99 -O2 -fPIC  -m64 -pipe -ffunction-sections -fdata-sections -DHAVE_STRERROR -DLINUX -Dlinux -Wall -Wshadow -Werror -DXP_UNIX -DXP_UNIX -DSHLIB_SUFFIX=\"so\" -DSHLIB_PREFIX=\"lib\" -DSOFTOKEN_LIB_NAME=\"libsoftokn3.so\" -DSHLIB_VERSION=\"3\" -UDEBUG -DNDEBUG -D_DEFAULT_SOURCE -D_BSD_SOURCE -D_POSIX_SOURCE -DSDB_MEASURE_USE_TEMP_DIR -D_REENTRANT -UDEBUG -DNDEBUG -D_DEFAULT_SOURCE -D_BSD_SOURCE -D_POSIX_SOURCE -DSDB_MEASURE_USE_TEMP_DIR -D_REENTRANT -DNSS_DISABLE_SSE3 -DNSS_NO_INIT_SUPPORT -DUSE_UTIL_DIRECTLY -DNO_NSPR_10_SUPPORT -DSSL_DISABLE_DEPRECATED_CIPHER_SUITE_NAMES -I/home/ffortier/code/perso/nss/../nspr/dist/include/nspr -I../../../dist/Linux6.6_x86_64_cc_glibc_PTH_64_OPT.OBJ/include -I../../../dist/public/nss -I../../../dist/private/nss  lowkey.c
cc -o Linux6.6_x86_64_cc_glibc_PTH_64_OPT.OBJ/lowpbe.o -c -std=c99 -O2 -fPIC  -m64 -pipe -ffunction-sections -fdata-sections -DHAVE_STRERROR -DLINUX -Dlinux -Wall -Wshadow -Werror -DXP_UNIX -DXP_UNIX -DSHLIB_SUFFIX=\"so\" -DSHLIB_PREFIX=\"lib\" -DSOFTOKEN_LIB_NAME=\"libsoftokn3.so\" -DSHLIB_VERSION=\"3\" -UDEBUG -DNDEBUG -D_DEFAULT_SOURCE -D_BSD_SOURCE -D_POSIX_SOURCE -DSDB_MEASURE_USE_TEMP_DIR -D_REENTRANT -UDEBUG -DNDEBUG -D_DEFAULT_SOURCE -D_BSD_SOURCE -D_POSIX_SOURCE -DSDB_MEASURE_USE_TEMP_DIR -D_REENTRANT -DNSS_DISABLE_SSE3 -DNSS_NO_INIT_SUPPORT -DUSE_UTIL_DIRECTLY -DNO_NSPR_10_SUPPORT -DSSL_DISABLE_DEPRECATED_CIPHER_SUITE_NAMES -I/home/ffortier/code/perso/nss/../nspr/dist/include/nspr -I../../../dist/Linux6.6_x86_64_cc_glibc_PTH_64_OPT.OBJ/include -I../../../dist/public/nss -I../../../dist/private/nss  lowpbe.c
cc -o Linux6.6_x86_64_cc_glibc_PTH_64_OPT.OBJ/padbuf.o -c -std=c99 -O2 -fPIC  -m64 -pipe -ffunction-sections -fdata-sections -DHAVE_STRERROR -DLINUX -Dlinux -Wall -Wshadow -Werror -DXP_UNIX -DXP_UNIX -DSHLIB_SUFFIX=\"so\" -DSHLIB_PREFIX=\"lib\" -DSOFTOKEN_LIB_NAME=\"libsoftokn3.so\" -DSHLIB_VERSION=\"3\" -UDEBUG -DNDEBUG -D_DEFAULT_SOURCE -D_BSD_SOURCE -D_POSIX_SOURCE -DSDB_MEASURE_USE_TEMP_DIR -D_REENTRANT -UDEBUG -DNDEBUG -D_DEFAULT_SOURCE -D_BSD_SOURCE -D_POSIX_SOURCE -DSDB_MEASURE_USE_TEMP_DIR -D_REENTRANT -DNSS_DISABLE_SSE3 -DNSS_NO_INIT_SUPPORT -DUSE_UTIL_DIRECTLY -DNO_NSPR_10_SUPPORT -DSSL_DISABLE_DEPRECATED_CIPHER_SUITE_NAMES -I/home/ffortier/code/perso/nss/../nspr/dist/include/nspr -I../../../dist/Linux6.6_x86_64_cc_glibc_PTH_64_OPT.OBJ/include -I../../../dist/public/nss -I../../../dist/private/nss  padbuf.c
cc -o Linux6.6_x86_64_cc_glibc_PTH_64_OPT.OBJ/pkcs11.o -c -std=c99 -O2 -fPIC  -m64 -pipe -ffunction-sections -fdata-sections -DHAVE_STRERROR -DLINUX -Dlinux -Wall -Wshadow -Werror -DXP_UNIX -DXP_UNIX -DSHLIB_SUFFIX=\"so\" -DSHLIB_PREFIX=\"lib\" -DSOFTOKEN_LIB_NAME=\"libsoftokn3.so\" -DSHLIB_VERSION=\"3\" -UDEBUG -DNDEBUG -D_DEFAULT_SOURCE -D_BSD_SOURCE -D_POSIX_SOURCE -DSDB_MEASURE_USE_TEMP_DIR -D_REENTRANT -UDEBUG -DNDEBUG -D_DEFAULT_SOURCE -D_BSD_SOURCE -D_POSIX_SOURCE -DSDB_MEASURE_USE_TEMP_DIR -D_REENTRANT -DNSS_DISABLE_SSE3 -DNSS_NO_INIT_SUPPORT -DUSE_UTIL_DIRECTLY -DNO_NSPR_10_SUPPORT -DSSL_DISABLE_DEPRECATED_CIPHER_SUITE_NAMES -I/home/ffortier/code/perso/nss/../nspr/dist/include/nspr -I../../../dist/Linux6.6_x86_64_cc_glibc_PTH_64_OPT.OBJ/include -I../../../dist/public/nss -I../../../dist/private/nss  pkcs11.c
cc -o Linux6.6_x86_64_cc_glibc_PTH_64_OPT.OBJ/pkcs11c.o -c -std=c99 -O2 -fPIC  -m64 -pipe -ffunction-sections -fdata-sections -DHAVE_STRERROR -DLINUX -Dlinux -Wall -Wshadow -Werror -DXP_UNIX -DXP_UNIX -DSHLIB_SUFFIX=\"so\" -DSHLIB_PREFIX=\"lib\" -DSOFTOKEN_LIB_NAME=\"libsoftokn3.so\" -DSHLIB_VERSION=\"3\" -UDEBUG -DNDEBUG -D_DEFAULT_SOURCE -D_BSD_SOURCE -D_POSIX_SOURCE -DSDB_MEASURE_USE_TEMP_DIR -D_REENTRANT -UDEBUG -DNDEBUG -D_DEFAULT_SOURCE -D_BSD_SOURCE -D_POSIX_SOURCE -DSDB_MEASURE_USE_TEMP_DIR -D_REENTRANT -DNSS_DISABLE_SSE3 -DNSS_NO_INIT_SUPPORT -DUSE_UTIL_DIRECTLY -DNO_NSPR_10_SUPPORT -DSSL_DISABLE_DEPRECATED_CIPHER_SUITE_NAMES -I/home/ffortier/code/perso/nss/../nspr/dist/include/nspr -I../../../dist/Linux6.6_x86_64_cc_glibc_PTH_64_OPT.OBJ/include -I../../../dist/public/nss -I../../../dist/private/nss  pkcs11c.c
cc -o Linux6.6_x86_64_cc_glibc_PTH_64_OPT.OBJ/pkcs11u.o -c -std=c99 -O2 -fPIC  -m64 -pipe -ffunction-sections -fdata-sections -DHAVE_STRERROR -DLINUX -Dlinux -Wall -Wshadow -Werror -DXP_UNIX -DXP_UNIX -DSHLIB_SUFFIX=\"so\" -DSHLIB_PREFIX=\"lib\" -DSOFTOKEN_LIB_NAME=\"libsoftokn3.so\" -DSHLIB_VERSION=\"3\" -UDEBUG -DNDEBUG -D_DEFAULT_SOURCE -D_BSD_SOURCE -D_POSIX_SOURCE -DSDB_MEASURE_USE_TEMP_DIR -D_REENTRANT -UDEBUG -DNDEBUG -D_DEFAULT_SOURCE -D_BSD_SOURCE -D_POSIX_SOURCE -DSDB_MEASURE_USE_TEMP_DIR -D_REENTRANT -DNSS_DISABLE_SSE3 -DNSS_NO_INIT_SUPPORT -DUSE_UTIL_DIRECTLY -DNO_NSPR_10_SUPPORT -DSSL_DISABLE_DEPRECATED_CIPHER_SUITE_NAMES -I/home/ffortier/code/perso/nss/../nspr/dist/include/nspr -I../../../dist/Linux6.6_x86_64_cc_glibc_PTH_64_OPT.OBJ/include -I../../../dist/public/nss -I../../../dist/private/nss  pkcs11u.c
cc -o Linux6.6_x86_64_cc_glibc_PTH_64_OPT.OBJ/sdb.o -c -std=c99 -O2 -fPIC  -m64 -pipe -ffunction-sections -fdata-sections -DHAVE_STRERROR -DLINUX -Dlinux -Wall -Wshadow -Werror -DXP_UNIX -DXP_UNIX -DSHLIB_SUFFIX=\"so\" -DSHLIB_PREFIX=\"lib\" -DSOFTOKEN_LIB_NAME=\"libsoftokn3.so\" -DSHLIB_VERSION=\"3\" -UDEBUG -DNDEBUG -D_DEFAULT_SOURCE -D_BSD_SOURCE -D_POSIX_SOURCE -DSDB_MEASURE_USE_TEMP_DIR -D_REENTRANT -UDEBUG -DNDEBUG -D_DEFAULT_SOURCE -D_BSD_SOURCE -D_POSIX_SOURCE -DSDB_MEASURE_USE_TEMP_DIR -D_REENTRANT -DNSS_DISABLE_SSE3 -DNSS_NO_INIT_SUPPORT -DUSE_UTIL_DIRECTLY -DNO_NSPR_10_SUPPORT -DSSL_DISABLE_DEPRECATED_CIPHER_SUITE_NAMES -I/home/ffortier/code/perso/nss/../nspr/dist/include/nspr -I../../../dist/Linux6.6_x86_64_cc_glibc_PTH_64_OPT.OBJ/include -I../../../dist/public/nss -I../../../dist/private/nss  sdb.c
cc -o Linux6.6_x86_64_cc_glibc_PTH_64_OPT.OBJ/sftkdb.o -c -std=c99 -O2 -fPIC  -m64 -pipe -ffunction-sections -fdata-sections -DHAVE_STRERROR -DLINUX -Dlinux -Wall -Wshadow -Werror -DXP_UNIX -DXP_UNIX -DSHLIB_SUFFIX=\"so\" -DSHLIB_PREFIX=\"lib\" -DSOFTOKEN_LIB_NAME=\"libsoftokn3.so\" -DSHLIB_VERSION=\"3\" -UDEBUG -DNDEBUG -D_DEFAULT_SOURCE -D_BSD_SOURCE -D_POSIX_SOURCE -DSDB_MEASURE_USE_TEMP_DIR -D_REENTRANT -UDEBUG -DNDEBUG -D_DEFAULT_SOURCE -D_BSD_SOURCE -D_POSIX_SOURCE -DSDB_MEASURE_USE_TEMP_DIR -D_REENTRANT -DNSS_DISABLE_SSE3 -DNSS_NO_INIT_SUPPORT -DUSE_UTIL_DIRECTLY -DNO_NSPR_10_SUPPORT -DSSL_DISABLE_DEPRECATED_CIPHER_SUITE_NAMES -I/home/ffortier/code/perso/nss/../nspr/dist/include/nspr -I../../../dist/Linux6.6_x86_64_cc_glibc_PTH_64_OPT.OBJ/include -I../../../dist/public/nss -I../../../dist/private/nss  sftkdb.c
cc -o Linux6.6_x86_64_cc_glibc_PTH_64_OPT.OBJ/sftkdhverify.o -c -std=c99 -O2 -fPIC  -m64 -pipe -ffunction-sections -fdata-sections -DHAVE_STRERROR -DLINUX -Dlinux -Wall -Wshadow -Werror -DXP_UNIX -DXP_UNIX -DSHLIB_SUFFIX=\"so\" -DSHLIB_PREFIX=\"lib\" -DSOFTOKEN_LIB_NAME=\"libsoftokn3.so\" -DSHLIB_VERSION=\"3\" -UDEBUG -DNDEBUG -D_DEFAULT_SOURCE -D_BSD_SOURCE -D_POSIX_SOURCE -DSDB_MEASURE_USE_TEMP_DIR -D_REENTRANT -UDEBUG -DNDEBUG -D_DEFAULT_SOURCE -D_BSD_SOURCE -D_POSIX_SOURCE -DSDB_MEASURE_USE_TEMP_DIR -D_REENTRANT -DNSS_DISABLE_SSE3 -DNSS_NO_INIT_SUPPORT -DUSE_UTIL_DIRECTLY -DNO_NSPR_10_SUPPORT -DSSL_DISABLE_DEPRECATED_CIPHER_SUITE_NAMES -I/home/ffortier/code/perso/nss/../nspr/dist/include/nspr -I../../../dist/Linux6.6_x86_64_cc_glibc_PTH_64_OPT.OBJ/include -I../../../dist/public/nss -I../../../dist/private/nss  sftkdhverify.c
cc -o Linux6.6_x86_64_cc_glibc_PTH_64_OPT.OBJ/sftkhmac.o -c -std=c99 -O2 -fPIC  -m64 -pipe -ffunction-sections -fdata-sections -DHAVE_STRERROR -DLINUX -Dlinux -Wall -Wshadow -Werror -DXP_UNIX -DXP_UNIX -DSHLIB_SUFFIX=\"so\" -DSHLIB_PREFIX=\"lib\" -DSOFTOKEN_LIB_NAME=\"libsoftokn3.so\" -DSHLIB_VERSION=\"3\" -UDEBUG -DNDEBUG -D_DEFAULT_SOURCE -D_BSD_SOURCE -D_POSIX_SOURCE -DSDB_MEASURE_USE_TEMP_DIR -D_REENTRANT -UDEBUG -DNDEBUG -D_DEFAULT_SOURCE -D_BSD_SOURCE -D_POSIX_SOURCE -DSDB_MEASURE_USE_TEMP_DIR -D_REENTRANT -DNSS_DISABLE_SSE3 -DNSS_NO_INIT_SUPPORT -DUSE_UTIL_DIRECTLY -DNO_NSPR_10_SUPPORT -DSSL_DISABLE_DEPRECATED_CIPHER_SUITE_NAMES -I/home/ffortier/code/perso/nss/../nspr/dist/include/nspr -I../../../dist/Linux6.6_x86_64_cc_glibc_PTH_64_OPT.OBJ/include -I../../../dist/public/nss -I../../../dist/private/nss  sftkhmac.c
cc -o Linux6.6_x86_64_cc_glibc_PTH_64_OPT.OBJ/sftkike.o -c -std=c99 -O2 -fPIC  -m64 -pipe -ffunction-sections -fdata-sections -DHAVE_STRERROR -DLINUX -Dlinux -Wall -Wshadow -Werror -DXP_UNIX -DXP_UNIX -DSHLIB_SUFFIX=\"so\" -DSHLIB_PREFIX=\"lib\" -DSOFTOKEN_LIB_NAME=\"libsoftokn3.so\" -DSHLIB_VERSION=\"3\" -UDEBUG -DNDEBUG -D_DEFAULT_SOURCE -D_BSD_SOURCE -D_POSIX_SOURCE -DSDB_MEASURE_USE_TEMP_DIR -D_REENTRANT -UDEBUG -DNDEBUG -D_DEFAULT_SOURCE -D_BSD_SOURCE -D_POSIX_SOURCE -DSDB_MEASURE_USE_TEMP_DIR -D_REENTRANT -DNSS_DISABLE_SSE3 -DNSS_NO_INIT_SUPPORT -DUSE_UTIL_DIRECTLY -DNO_NSPR_10_SUPPORT -DSSL_DISABLE_DEPRECATED_CIPHER_SUITE_NAMES -I/home/ffortier/code/perso/nss/../nspr/dist/include/nspr -I../../../dist/Linux6.6_x86_64_cc_glibc_PTH_64_OPT.OBJ/include -I../../../dist/public/nss -I../../../dist/private/nss  sftkike.c
cc -o Linux6.6_x86_64_cc_glibc_PTH_64_OPT.OBJ/sftkmessage.o -c -std=c99 -O2 -fPIC  -m64 -pipe -ffunction-sections -fdata-sections -DHAVE_STRERROR -DLINUX -Dlinux -Wall -Wshadow -Werror -DXP_UNIX -DXP_UNIX -DSHLIB_SUFFIX=\"so\" -DSHLIB_PREFIX=\"lib\" -DSOFTOKEN_LIB_NAME=\"libsoftokn3.so\" -DSHLIB_VERSION=\"3\" -UDEBUG -DNDEBUG -D_DEFAULT_SOURCE -D_BSD_SOURCE -D_POSIX_SOURCE -DSDB_MEASURE_USE_TEMP_DIR -D_REENTRANT -UDEBUG -DNDEBUG -D_DEFAULT_SOURCE -D_BSD_SOURCE -D_POSIX_SOURCE -DSDB_MEASURE_USE_TEMP_DIR -D_REENTRANT -DNSS_DISABLE_SSE3 -DNSS_NO_INIT_SUPPORT -DUSE_UTIL_DIRECTLY -DNO_NSPR_10_SUPPORT -DSSL_DISABLE_DEPRECATED_CIPHER_SUITE_NAMES -I/home/ffortier/code/perso/nss/../nspr/dist/include/nspr -I../../../dist/Linux6.6_x86_64_cc_glibc_PTH_64_OPT.OBJ/include -I../../../dist/public/nss -I../../../dist/private/nss  sftkmessage.c
cc -o Linux6.6_x86_64_cc_glibc_PTH_64_OPT.OBJ/sftkpars.o -c -std=c99 -O2 -fPIC  -m64 -pipe -ffunction-sections -fdata-sections -DHAVE_STRERROR -DLINUX -Dlinux -Wall -Wshadow -Werror -DXP_UNIX -DXP_UNIX -DSHLIB_SUFFIX=\"so\" -DSHLIB_PREFIX=\"lib\" -DSOFTOKEN_LIB_NAME=\"libsoftokn3.so\" -DSHLIB_VERSION=\"3\" -UDEBUG -DNDEBUG -D_DEFAULT_SOURCE -D_BSD_SOURCE -D_POSIX_SOURCE -DSDB_MEASURE_USE_TEMP_DIR -D_REENTRANT -UDEBUG -DNDEBUG -D_DEFAULT_SOURCE -D_BSD_SOURCE -D_POSIX_SOURCE -DSDB_MEASURE_USE_TEMP_DIR -D_REENTRANT -DNSS_DISABLE_SSE3 -DNSS_NO_INIT_SUPPORT -DUSE_UTIL_DIRECTLY -DNO_NSPR_10_SUPPORT -DSSL_DISABLE_DEPRECATED_CIPHER_SUITE_NAMES -I/home/ffortier/code/perso/nss/../nspr/dist/include/nspr -I../../../dist/Linux6.6_x86_64_cc_glibc_PTH_64_OPT.OBJ/include -I../../../dist/public/nss -I../../../dist/private/nss  sftkpars.c
cc -o Linux6.6_x86_64_cc_glibc_PTH_64_OPT.OBJ/sftkpwd.o -c -std=c99 -O2 -fPIC  -m64 -pipe -ffunction-sections -fdata-sections -DHAVE_STRERROR -DLINUX -Dlinux -Wall -Wshadow -Werror -DXP_UNIX -DXP_UNIX -DSHLIB_SUFFIX=\"so\" -DSHLIB_PREFIX=\"lib\" -DSOFTOKEN_LIB_NAME=\"libsoftokn3.so\" -DSHLIB_VERSION=\"3\" -UDEBUG -DNDEBUG -D_DEFAULT_SOURCE -D_BSD_SOURCE -D_POSIX_SOURCE -DSDB_MEASURE_USE_TEMP_DIR -D_REENTRANT -UDEBUG -DNDEBUG -D_DEFAULT_SOURCE -D_BSD_SOURCE -D_POSIX_SOURCE -DSDB_MEASURE_USE_TEMP_DIR -D_REENTRANT -DNSS_DISABLE_SSE3 -DNSS_NO_INIT_SUPPORT -DUSE_UTIL_DIRECTLY -DNO_NSPR_10_SUPPORT -DSSL_DISABLE_DEPRECATED_CIPHER_SUITE_NAMES -I/home/ffortier/code/perso/nss/../nspr/dist/include/nspr -I../../../dist/Linux6.6_x86_64_cc_glibc_PTH_64_OPT.OBJ/include -I../../../dist/public/nss -I../../../dist/private/nss  sftkpwd.c
cc -o Linux6.6_x86_64_cc_glibc_PTH_64_OPT.OBJ/softkver.o -c -std=c99 -O2 -fPIC  -m64 -pipe -ffunction-sections -fdata-sections -DHAVE_STRERROR -DLINUX -Dlinux -Wall -Wshadow -Werror -DXP_UNIX -DXP_UNIX -DSHLIB_SUFFIX=\"so\" -DSHLIB_PREFIX=\"lib\" -DSOFTOKEN_LIB_NAME=\"libsoftokn3.so\" -DSHLIB_VERSION=\"3\" -UDEBUG -DNDEBUG -D_DEFAULT_SOURCE -D_BSD_SOURCE -D_POSIX_SOURCE -DSDB_MEASURE_USE_TEMP_DIR -D_REENTRANT -UDEBUG -DNDEBUG -D_DEFAULT_SOURCE -D_BSD_SOURCE -D_POSIX_SOURCE -DSDB_MEASURE_USE_TEMP_DIR -D_REENTRANT -DNSS_DISABLE_SSE3 -DNSS_NO_INIT_SUPPORT -DUSE_UTIL_DIRECTLY -DNO_NSPR_10_SUPPORT -DSSL_DISABLE_DEPRECATED_CIPHER_SUITE_NAMES -I/home/ffortier/code/perso/nss/../nspr/dist/include/nspr -I../../../dist/Linux6.6_x86_64_cc_glibc_PTH_64_OPT.OBJ/include -I../../../dist/public/nss -I../../../dist/private/nss  softkver.c
cc -o Linux6.6_x86_64_cc_glibc_PTH_64_OPT.OBJ/tlsprf.o -c -std=c99 -O2 -fPIC  -m64 -pipe -ffunction-sections -fdata-sections -DHAVE_STRERROR -DLINUX -Dlinux -Wall -Wshadow -Werror -DXP_UNIX -DXP_UNIX -DSHLIB_SUFFIX=\"so\" -DSHLIB_PREFIX=\"lib\" -DSOFTOKEN_LIB_NAME=\"libsoftokn3.so\" -DSHLIB_VERSION=\"3\" -UDEBUG -DNDEBUG -D_DEFAULT_SOURCE -D_BSD_SOURCE -D_POSIX_SOURCE -DSDB_MEASURE_USE_TEMP_DIR -D_REENTRANT -UDEBUG -DNDEBUG -D_DEFAULT_SOURCE -D_BSD_SOURCE -D_POSIX_SOURCE -DSDB_MEASURE_USE_TEMP_DIR -D_REENTRANT -DNSS_DISABLE_SSE3 -DNSS_NO_INIT_SUPPORT -DUSE_UTIL_DIRECTLY -DNO_NSPR_10_SUPPORT -DSSL_DISABLE_DEPRECATED_CIPHER_SUITE_NAMES -I/home/ffortier/code/perso/nss/../nspr/dist/include/nspr -I../../../dist/Linux6.6_x86_64_cc_glibc_PTH_64_OPT.OBJ/include -I../../../dist/public/nss -I../../../dist/private/nss  tlsprf.c
cc -o Linux6.6_x86_64_cc_glibc_PTH_64_OPT.OBJ/jpakesftk.o -c -std=c99 -O2 -fPIC  -m64 -pipe -ffunction-sections -fdata-sections -DHAVE_STRERROR -DLINUX -Dlinux -Wall -Wshadow -Werror -DXP_UNIX -DXP_UNIX -DSHLIB_SUFFIX=\"so\" -DSHLIB_PREFIX=\"lib\" -DSOFTOKEN_LIB_NAME=\"libsoftokn3.so\" -DSHLIB_VERSION=\"3\" -UDEBUG -DNDEBUG -D_DEFAULT_SOURCE -D_BSD_SOURCE -D_POSIX_SOURCE -DSDB_MEASURE_USE_TEMP_DIR -D_REENTRANT -UDEBUG -DNDEBUG -D_DEFAULT_SOURCE -D_BSD_SOURCE -D_POSIX_SOURCE -DSDB_MEASURE_USE_TEMP_DIR -D_REENTRANT -DNSS_DISABLE_SSE3 -DNSS_NO_INIT_SUPPORT -DUSE_UTIL_DIRECTLY -DNO_NSPR_10_SUPPORT -DSSL_DISABLE_DEPRECATED_CIPHER_SUITE_NAMES -I/home/ffortier/code/perso/nss/../nspr/dist/include/nspr -I../../../dist/Linux6.6_x86_64_cc_glibc_PTH_64_OPT.OBJ/include -I../../../dist/public/nss -I../../../dist/private/nss  jpakesftk.c
cc -o Linux6.6_x86_64_cc_glibc_PTH_64_OPT.OBJ/lgglue.o -c -std=c99 -O2 -fPIC  -m64 -pipe -ffunction-sections -fdata-sections -DHAVE_STRERROR -DLINUX -Dlinux -Wall -Wshadow -Werror -DXP_UNIX -DXP_UNIX -DSHLIB_SUFFIX=\"so\" -DSHLIB_PREFIX=\"lib\" -DSOFTOKEN_LIB_NAME=\"libsoftokn3.so\" -DSHLIB_VERSION=\"3\" -UDEBUG -DNDEBUG -D_DEFAULT_SOURCE -D_BSD_SOURCE -D_POSIX_SOURCE -DSDB_MEASURE_USE_TEMP_DIR -D_REENTRANT -UDEBUG -DNDEBUG -D_DEFAULT_SOURCE -D_BSD_SOURCE -D_POSIX_SOURCE -DSDB_MEASURE_USE_TEMP_DIR -D_REENTRANT -DNSS_DISABLE_SSE3 -DNSS_NO_INIT_SUPPORT -DUSE_UTIL_DIRECTLY -DNO_NSPR_10_SUPPORT -DSSL_DISABLE_DEPRECATED_CIPHER_SUITE_NAMES -I/home/ffortier/code/perso/nss/../nspr/dist/include/nspr -I../../../dist/Linux6.6_x86_64_cc_glibc_PTH_64_OPT.OBJ/include -I../../../dist/public/nss -I../../../dist/private/nss  lgglue.c
rm -f Linux6.6_x86_64_cc_glibc_PTH_64_OPT.OBJ/libsoftokn.a
ar cr Linux6.6_x86_64_cc_glibc_PTH_64_OPT.OBJ/libsoftokn.a Linux6.6_x86_64_cc_glibc_PTH_64_OPT.OBJ/fipsaudt.o Linux6.6_x86_64_cc_glibc_PTH_64_OPT.OBJ/fipstest.o Linux6.6_x86_64_cc_glibc_PTH_64_OPT.OBJ/fipstokn.o Linux6.6_x86_64_cc_glibc_PTH_64_OPT.OBJ/kbkdf.o Linux6.6_x86_64_cc_glibc_PTH_64_OPT.OBJ/kem.o Linux6.6_x86_64_cc_glibc_PTH_64_OPT.OBJ/lowkey.o Linux6.6_x86_64_cc_glibc_PTH_64_OPT.OBJ/lowpbe.o Linux6.6_x86_64_cc_glibc_PTH_64_OPT.OBJ/padbuf.o Linux6.6_x86_64_cc_glibc_PTH_64_OPT.OBJ/pkcs11.o Linux6.6_x86_64_cc_glibc_PTH_64_OPT.OBJ/pkcs11c.o Linux6.6_x86_64_cc_glibc_PTH_64_OPT.OBJ/pkcs11u.o Linux6.6_x86_64_cc_glibc_PTH_64_OPT.OBJ/sdb.o Linux6.6_x86_64_cc_glibc_PTH_64_OPT.OBJ/sftkdb.o Linux6.6_x86_64_cc_glibc_PTH_64_OPT.OBJ/sftkdhverify.o Linux6.6_x86_64_cc_glibc_PTH_64_OPT.OBJ/sftkhmac.o Linux6.6_x86_64_cc_glibc_PTH_64_OPT.OBJ/sftkike.o Linux6.6_x86_64_cc_glibc_PTH_64_OPT.OBJ/sftkmessage.o Linux6.6_x86_64_cc_glibc_PTH_64_OPT.OBJ/sftkpars.o Linux6.6_x86_64_cc_glibc_PTH_64_OPT.OBJ/sftkpwd.o Linux6.6_x86_64_cc_glibc_PTH_64_OPT.OBJ/softkver.o Linux6.6_x86_64_cc_glibc_PTH_64_OPT.OBJ/tlsprf.o Linux6.6_x86_64_cc_glibc_PTH_64_OPT.OBJ/jpakesftk.o Linux6.6_x86_64_cc_glibc_PTH_64_OPT.OBJ/lgglue.o
echo Linux6.6_x86_64_cc_glibc_PTH_64_OPT.OBJ/libsoftokn.a
Linux6.6_x86_64_cc_glibc_PTH_64_OPT.OBJ/libsoftokn.a
grep -v ';-' softokn.def | sed -e 's,;+,,' -e 's; DATA ;;' -e 's,;;,,' -e 's,;.*,;,' > Linux6.6_x86_64_cc_glibc_PTH_64_OPT.OBJ/softokn.def
rm -f Linux6.6_x86_64_cc_glibc_PTH_64_OPT.OBJ/libsoftokn3.so
cc -shared -m64 -Wl,--gc-sections -Wl,-z,defs -Wl,-soname -Wl,libsoftokn3.so  -Wl,--version-script,Linux6.6_x86_64_cc_glibc_PTH_64_OPT.OBJ/softokn.def -o Linux6.6_x86_64_cc_glibc_PTH_64_OPT.OBJ/libsoftokn3.so Linux6.6_x86_64_cc_glibc_PTH_64_OPT.OBJ/fipsaudt.o Linux6.6_x86_64_cc_glibc_PTH_64_OPT.OBJ/fipstest.o Linux6.6_x86_64_cc_glibc_PTH_64_OPT.OBJ/fipstokn.o Linux6.6_x86_64_cc_glibc_PTH_64_OPT.OBJ/kbkdf.o Linux6.6_x86_64_cc_glibc_PTH_64_OPT.OBJ/kem.o Linux6.6_x86_64_cc_glibc_PTH_64_OPT.OBJ/lowkey.o Linux6.6_x86_64_cc_glibc_PTH_64_OPT.OBJ/lowpbe.o Linux6.6_x86_64_cc_glibc_PTH_64_OPT.OBJ/padbuf.o Linux6.6_x86_64_cc_glibc_PTH_64_OPT.OBJ/pkcs11.o Linux6.6_x86_64_cc_glibc_PTH_64_OPT.OBJ/pkcs11c.o Linux6.6_x86_64_cc_glibc_PTH_64_OPT.OBJ/pkcs11u.o Linux6.6_x86_64_cc_glibc_PTH_64_OPT.OBJ/sdb.o Linux6.6_x86_64_cc_glibc_PTH_64_OPT.OBJ/sftkdb.o Linux6.6_x86_64_cc_glibc_PTH_64_OPT.OBJ/sftkdhverify.o Linux6.6_x86_64_cc_glibc_PTH_64_OPT.OBJ/sftkhmac.o Linux6.6_x86_64_cc_glibc_PTH_64_OPT.OBJ/sftkike.o Linux6.6_x86_64_cc_glibc_PTH_64_OPT.OBJ/sftkmessage.o Linux6.6_x86_64_cc_glibc_PTH_64_OPT.OBJ/sftkpars.o Linux6.6_x86_64_cc_glibc_PTH_64_OPT.OBJ/sftkpwd.o Linux6.6_x86_64_cc_glibc_PTH_64_OPT.OBJ/softkver.o Linux6.6_x86_64_cc_glibc_PTH_64_OPT.OBJ/tlsprf.o Linux6.6_x86_64_cc_glibc_PTH_64_OPT.OBJ/jpakesftk.o Linux6.6_x86_64_cc_glibc_PTH_64_OPT.OBJ/lgglue.o   ../../../dist/Linux6.6_x86_64_cc_glibc_PTH_64_OPT.OBJ/lib/libfreebl.a  -L../../../dist/Linux6.6_x86_64_cc_glibc_PTH_64_OPT.OBJ/lib -lsqlite3 -L../../../dist/Linux6.6_x86_64_cc_glibc_PTH_64_OPT.OBJ/lib -lnssutil3 -L/home/ffortier/code/perso/nss/../nspr/dist -lplc4 -lplds4 -lnspr4  -lpthread  -ldl -lc
chmod +x Linux6.6_x86_64_cc_glibc_PTH_64_OPT.OBJ/libsoftokn3.so
../../coreconf/nsinstall/Linux6.6_x86_64_cc_glibc_PTH_64_OPT.OBJ/nsinstall -R -m 664 Linux6.6_x86_64_cc_glibc_PTH_64_OPT.OBJ/libsoftokn.a ../../../dist/Linux6.6_x86_64_cc_glibc_PTH_64_OPT.OBJ/lib
../../coreconf/nsinstall/Linux6.6_x86_64_cc_glibc_PTH_64_OPT.OBJ/nsinstall -R -m 775 Linux6.6_x86_64_cc_glibc_PTH_64_OPT.OBJ/libsoftokn3.so ../../../dist/Linux6.6_x86_64_cc_glibc_PTH_64_OPT.OBJ/lib
make[3]: Leaving directory '/home/ffortier/code/perso/nss/lib/softoken'
make[2]: Leaving directory '/home/ffortier/code/perso/nss/lib'
make[2]: Entering directory '/home/ffortier/code/perso/nss/cmd'
make[3]: Entering directory '/home/ffortier/code/perso/nss/cmd/lib'
cc -o Linux6.6_x86_64_cc_glibc_PTH_64_OPT.OBJ/basicutil.o -c -std=c99 -O2 -fPIC  -m64 -pipe -ffunction-sections -fdata-sections -DHAVE_STRERROR -DLINUX -Dlinux -Wall -Wshadow -Werror -DXP_UNIX -DXP_UNIX -DNSPR20 -UDEBUG -DNDEBUG -D_DEFAULT_SOURCE -D_BSD_SOURCE -D_POSIX_SOURCE -DSDB_MEASURE_USE_TEMP_DIR -D_REENTRANT -UDEBUG -DNDEBUG -D_DEFAULT_SOURCE -D_BSD_SOURCE -D_POSIX_SOURCE -DSDB_MEASURE_USE_TEMP_DIR -D_REENTRANT -DNSS_DISABLE_SSE3 -DNSS_NO_INIT_SUPPORT -DUSE_UTIL_DIRECTLY -DNO_NSPR_10_SUPPORT -DSSL_DISABLE_DEPRECATED_CIPHER_SUITE_NAMES -DNSS_USE_STATIC_LIBS -I/home/ffortier/code/perso/nss/../nspr/dist/include/nspr -I../../../dist/Linux6.6_x86_64_cc_glibc_PTH_64_OPT.OBJ/include -I../../../dist/public/nss -I../../../dist/private/nss  basicutil.c
cc -o Linux6.6_x86_64_cc_glibc_PTH_64_OPT.OBJ/secutil.o -c -std=c99 -O2 -fPIC  -m64 -pipe -ffunction-sections -fdata-sections -DHAVE_STRERROR -DLINUX -Dlinux -Wall -Wshadow -Werror -DXP_UNIX -DXP_UNIX -DNSPR20 -UDEBUG -DNDEBUG -D_DEFAULT_SOURCE -D_BSD_SOURCE -D_POSIX_SOURCE -DSDB_MEASURE_USE_TEMP_DIR -D_REENTRANT -UDEBUG -DNDEBUG -D_DEFAULT_SOURCE -D_BSD_SOURCE -D_POSIX_SOURCE -DSDB_MEASURE_USE_TEMP_DIR -D_REENTRANT -DNSS_DISABLE_SSE3 -DNSS_NO_INIT_SUPPORT -DUSE_UTIL_DIRECTLY -DNO_NSPR_10_SUPPORT -DSSL_DISABLE_DEPRECATED_CIPHER_SUITE_NAMES -DNSS_USE_STATIC_LIBS -I/home/ffortier/code/perso/nss/../nspr/dist/include/nspr -I../../../dist/Linux6.6_x86_64_cc_glibc_PTH_64_OPT.OBJ/include -I../../../dist/public/nss -I../../../dist/private/nss  secutil.c
cc -o Linux6.6_x86_64_cc_glibc_PTH_64_OPT.OBJ/secpwd.o -c -std=c99 -O2 -fPIC  -m64 -pipe -ffunction-sections -fdata-sections -DHAVE_STRERROR -DLINUX -Dlinux -Wall -Wshadow -Werror -DXP_UNIX -DXP_UNIX -DNSPR20 -UDEBUG -DNDEBUG -D_DEFAULT_SOURCE -D_BSD_SOURCE -D_POSIX_SOURCE -DSDB_MEASURE_USE_TEMP_DIR -D_REENTRANT -UDEBUG -DNDEBUG -D_DEFAULT_SOURCE -D_BSD_SOURCE -D_POSIX_SOURCE -DSDB_MEASURE_USE_TEMP_DIR -D_REENTRANT -DNSS_DISABLE_SSE3 -DNSS_NO_INIT_SUPPORT -DUSE_UTIL_DIRECTLY -DNO_NSPR_10_SUPPORT -DSSL_DISABLE_DEPRECATED_CIPHER_SUITE_NAMES -DNSS_USE_STATIC_LIBS -I/home/ffortier/code/perso/nss/../nspr/dist/include/nspr -I../../../dist/Linux6.6_x86_64_cc_glibc_PTH_64_OPT.OBJ/include -I../../../dist/public/nss -I../../../dist/private/nss  secpwd.c
cc -o Linux6.6_x86_64_cc_glibc_PTH_64_OPT.OBJ/derprint.o -c -std=c99 -O2 -fPIC  -m64 -pipe -ffunction-sections -fdata-sections -DHAVE_STRERROR -DLINUX -Dlinux -Wall -Wshadow -Werror -DXP_UNIX -DXP_UNIX -DNSPR20 -UDEBUG -DNDEBUG -D_DEFAULT_SOURCE -D_BSD_SOURCE -D_POSIX_SOURCE -DSDB_MEASURE_USE_TEMP_DIR -D_REENTRANT -UDEBUG -DNDEBUG -D_DEFAULT_SOURCE -D_BSD_SOURCE -D_POSIX_SOURCE -DSDB_MEASURE_USE_TEMP_DIR -D_REENTRANT -DNSS_DISABLE_SSE3 -DNSS_NO_INIT_SUPPORT -DUSE_UTIL_DIRECTLY -DNO_NSPR_10_SUPPORT -DSSL_DISABLE_DEPRECATED_CIPHER_SUITE_NAMES -DNSS_USE_STATIC_LIBS -I/home/ffortier/code/perso/nss/../nspr/dist/include/nspr -I../../../dist/Linux6.6_x86_64_cc_glibc_PTH_64_OPT.OBJ/include -I../../../dist/public/nss -I../../../dist/private/nss  derprint.c
cc -o Linux6.6_x86_64_cc_glibc_PTH_64_OPT.OBJ/moreoids.o -c -std=c99 -O2 -fPIC  -m64 -pipe -ffunction-sections -fdata-sections -DHAVE_STRERROR -DLINUX -Dlinux -Wall -Wshadow -Werror -DXP_UNIX -DXP_UNIX -DNSPR20 -UDEBUG -DNDEBUG -D_DEFAULT_SOURCE -D_BSD_SOURCE -D_POSIX_SOURCE -DSDB_MEASURE_USE_TEMP_DIR -D_REENTRANT -UDEBUG -DNDEBUG -D_DEFAULT_SOURCE -D_BSD_SOURCE -D_POSIX_SOURCE -DSDB_MEASURE_USE_TEMP_DIR -D_REENTRANT -DNSS_DISABLE_SSE3 -DNSS_NO_INIT_SUPPORT -DUSE_UTIL_DIRECTLY -DNO_NSPR_10_SUPPORT -DSSL_DISABLE_DEPRECATED_CIPHER_SUITE_NAMES -DNSS_USE_STATIC_LIBS -I/home/ffortier/code/perso/nss/../nspr/dist/include/nspr -I../../../dist/Linux6.6_x86_64_cc_glibc_PTH_64_OPT.OBJ/include -I../../../dist/public/nss -I../../../dist/private/nss  moreoids.c
cc -o Linux6.6_x86_64_cc_glibc_PTH_64_OPT.OBJ/pppolicy.o -c -std=c99 -O2 -fPIC  -m64 -pipe -ffunction-sections -fdata-sections -DHAVE_STRERROR -DLINUX -Dlinux -Wall -Wshadow -Werror -DXP_UNIX -DXP_UNIX -DNSPR20 -UDEBUG -DNDEBUG -D_DEFAULT_SOURCE -D_BSD_SOURCE -D_POSIX_SOURCE -DSDB_MEASURE_USE_TEMP_DIR -D_REENTRANT -UDEBUG -DNDEBUG -D_DEFAULT_SOURCE -D_BSD_SOURCE -D_POSIX_SOURCE -DSDB_MEASURE_USE_TEMP_DIR -D_REENTRANT -DNSS_DISABLE_SSE3 -DNSS_NO_INIT_SUPPORT -DUSE_UTIL_DIRECTLY -DNO_NSPR_10_SUPPORT -DSSL_DISABLE_DEPRECATED_CIPHER_SUITE_NAMES -DNSS_USE_STATIC_LIBS -I/home/ffortier/code/perso/nss/../nspr/dist/include/nspr -I../../../dist/Linux6.6_x86_64_cc_glibc_PTH_64_OPT.OBJ/include -I../../../dist/public/nss -I../../../dist/private/nss  pppolicy.c
cc -o Linux6.6_x86_64_cc_glibc_PTH_64_OPT.OBJ/ffs.o -c -std=c99 -O2 -fPIC  -m64 -pipe -ffunction-sections -fdata-sections -DHAVE_STRERROR -DLINUX -Dlinux -Wall -Wshadow -Werror -DXP_UNIX -DXP_UNIX -DNSPR20 -UDEBUG -DNDEBUG -D_DEFAULT_SOURCE -D_BSD_SOURCE -D_POSIX_SOURCE -DSDB_MEASURE_USE_TEMP_DIR -D_REENTRANT -UDEBUG -DNDEBUG -D_DEFAULT_SOURCE -D_BSD_SOURCE -D_POSIX_SOURCE -DSDB_MEASURE_USE_TEMP_DIR -D_REENTRANT -DNSS_DISABLE_SSE3 -DNSS_NO_INIT_SUPPORT -DUSE_UTIL_DIRECTLY -DNO_NSPR_10_SUPPORT -DSSL_DISABLE_DEPRECATED_CIPHER_SUITE_NAMES -DNSS_USE_STATIC_LIBS -I/home/ffortier/code/perso/nss/../nspr/dist/include/nspr -I../../../dist/Linux6.6_x86_64_cc_glibc_PTH_64_OPT.OBJ/include -I../../../dist/public/nss -I../../../dist/private/nss  ffs.c
cc -o Linux6.6_x86_64_cc_glibc_PTH_64_OPT.OBJ/pk11table.o -c -std=c99 -O2 -fPIC  -m64 -pipe -ffunction-sections -fdata-sections -DHAVE_STRERROR -DLINUX -Dlinux -Wall -Wshadow -Werror -DXP_UNIX -DXP_UNIX -DNSPR20 -UDEBUG -DNDEBUG -D_DEFAULT_SOURCE -D_BSD_SOURCE -D_POSIX_SOURCE -DSDB_MEASURE_USE_TEMP_DIR -D_REENTRANT -UDEBUG -DNDEBUG -D_DEFAULT_SOURCE -D_BSD_SOURCE -D_POSIX_SOURCE -DSDB_MEASURE_USE_TEMP_DIR -D_REENTRANT -DNSS_DISABLE_SSE3 -DNSS_NO_INIT_SUPPORT -DUSE_UTIL_DIRECTLY -DNO_NSPR_10_SUPPORT -DSSL_DISABLE_DEPRECATED_CIPHER_SUITE_NAMES -DNSS_USE_STATIC_LIBS -I/home/ffortier/code/perso/nss/../nspr/dist/include/nspr -I../../../dist/Linux6.6_x86_64_cc_glibc_PTH_64_OPT.OBJ/include -I../../../dist/public/nss -I../../../dist/private/nss  pk11table.c
rm -f Linux6.6_x86_64_cc_glibc_PTH_64_OPT.OBJ/libsectool.a
ar cr Linux6.6_x86_64_cc_glibc_PTH_64_OPT.OBJ/libsectool.a Linux6.6_x86_64_cc_glibc_PTH_64_OPT.OBJ/basicutil.o Linux6.6_x86_64_cc_glibc_PTH_64_OPT.OBJ/secutil.o Linux6.6_x86_64_cc_glibc_PTH_64_OPT.OBJ/secpwd.o Linux6.6_x86_64_cc_glibc_PTH_64_OPT.OBJ/derprint.o Linux6.6_x86_64_cc_glibc_PTH_64_OPT.OBJ/moreoids.o Linux6.6_x86_64_cc_glibc_PTH_64_OPT.OBJ/pppolicy.o Linux6.6_x86_64_cc_glibc_PTH_64_OPT.OBJ/ffs.o Linux6.6_x86_64_cc_glibc_PTH_64_OPT.OBJ/pk11table.o
echo Linux6.6_x86_64_cc_glibc_PTH_64_OPT.OBJ/libsectool.a
Linux6.6_x86_64_cc_glibc_PTH_64_OPT.OBJ/libsectool.a
../../coreconf/nsinstall/Linux6.6_x86_64_cc_glibc_PTH_64_OPT.OBJ/nsinstall -R -m 664 Linux6.6_x86_64_cc_glibc_PTH_64_OPT.OBJ/libsectool.a ../../../dist/Linux6.6_x86_64_cc_glibc_PTH_64_OPT.OBJ/lib
make[3]: Leaving directory '/home/ffortier/code/perso/nss/cmd/lib'
make[3]: Entering directory '/home/ffortier/code/perso/nss/cmd/bltest'
cc -o Linux6.6_x86_64_cc_glibc_PTH_64_OPT.OBJ/blapitest.o -c -std=c99 -O2 -fPIC  -m64 -pipe -ffunction-sections -fdata-sections -DHAVE_STRERROR -DLINUX -Dlinux -Wall -Wshadow -Werror -DXP_UNIX -DXP_UNIX -UDEBUG -DNDEBUG -D_DEFAULT_SOURCE -D_BSD_SOURCE -D_POSIX_SOURCE -DSDB_MEASURE_USE_TEMP_DIR -D_REENTRANT -UDEBUG -DNDEBUG -D_DEFAULT_SOURCE -D_BSD_SOURCE -D_POSIX_SOURCE -DSDB_MEASURE_USE_TEMP_DIR -D_REENTRANT -DNSS_DISABLE_SSE3 -DNSS_NO_INIT_SUPPORT -DUSE_UTIL_DIRECTLY -DNO_NSPR_10_SUPPORT -DSSL_DISABLE_DEPRECATED_CIPHER_SUITE_NAMES -DNSS_USE_STATIC_LIBS -I../../nss/lib/softoken -I/home/ffortier/code/perso/nss/../nspr/dist/include/nspr -I../../../dist/Linux6.6_x86_64_cc_glibc_PTH_64_OPT.OBJ/include -I../../../dist/public/nss -I../../../dist/private/nss -I../../../dist/public/seccmd -I../../../dist/public/dbm -I../../../dist/public/softoken  blapitest.c
rm -f Linux6.6_x86_64_cc_glibc_PTH_64_OPT.OBJ/bltest
cc -o Linux6.6_x86_64_cc_glibc_PTH_64_OPT.OBJ/bltest -O2 -fPIC  -m64 -pipe -ffunction-sections -fdata-sections -DHAVE_STRERROR -DLINUX -Dlinux -Wall -Wshadow -Werror -DXP_UNIX -DXP_UNIX -UDEBUG -DNDEBUG -D_DEFAULT_SOURCE -D_BSD_SOURCE -D_POSIX_SOURCE -DSDB_MEASURE_USE_TEMP_DIR -D_REENTRANT -UDEBUG -DNDEBUG -D_DEFAULT_SOURCE -D_BSD_SOURCE -D_POSIX_SOURCE -DSDB_MEASURE_USE_TEMP_DIR -D_REENTRANT -DNSS_DISABLE_SSE3 -DNSS_NO_INIT_SUPPORT -DUSE_UTIL_DIRECTLY -DNO_NSPR_10_SUPPORT -DSSL_DISABLE_DEPRECATED_CIPHER_SUITE_NAMES -DNSS_USE_STATIC_LIBS -I../../nss/lib/softoken -I/home/ffortier/code/perso/nss/../nspr/dist/include/nspr -I../../../dist/Linux6.6_x86_64_cc_glibc_PTH_64_OPT.OBJ/include -I../../../dist/public/nss -I../../../dist/private/nss -I../../../dist/public/seccmd -I../../../dist/public/dbm -I../../../dist/public/softoken  Linux6.6_x86_64_cc_glibc_PTH_64_OPT.OBJ/blapitest.o -m64 -z noexecstack -m64 -z noexecstack ../../../dist/Linux6.6_x86_64_cc_glibc_PTH_64_OPT.OBJ/lib/libsectool.a ../../../dist/Linux6.6_x86_64_cc_glibc_PTH_64_OPT.OBJ/lib/libsmime.a ../../../dist/Linux6.6_x86_64_cc_glibc_PTH_64_OPT.OBJ/lib/libssl.a ../../../dist/Linux6.6_x86_64_cc_glibc_PTH_64_OPT.OBJ/lib/libnss.a  ../../../dist/Linux6.6_x86_64_cc_glibc_PTH_64_OPT.OBJ/lib/libpkcs12.a ../../../dist/Linux6.6_x86_64_cc_glibc_PTH_64_OPT.OBJ/lib/libpkcs7.a ../../../dist/Linux6.6_x86_64_cc_glibc_PTH_64_OPT.OBJ/lib/libcerthi.a ../../../dist/Linux6.6_x86_64_cc_glibc_PTH_64_OPT.OBJ/lib/libcryptohi.a ../../../dist/Linux6.6_x86_64_cc_glibc_PTH_64_OPT.OBJ/lib/libpk11wrap.a  ../../../dist/Linux6.6_x86_64_cc_glibc_PTH_64_OPT.OBJ/lib/libsoftokn.a ../../../dist/Linux6.6_x86_64_cc_glibc_PTH_64_OPT.OBJ/lib/libcertdb.a ../../../dist/Linux6.6_x86_64_cc_glibc_PTH_64_OPT.OBJ/lib/libnsspki.a ../../../dist/Linux6.6_x86_64_cc_glibc_PTH_64_OPT.OBJ/lib/libnssdev.a ../../../dist/Linux6.6_x86_64_cc_glibc_PTH_64_OPT.OBJ/lib/libnssb.a  ../../../dist/Linux6.6_x86_64_cc_glibc_PTH_64_OPT.OBJ/lib/libfreebl.a ../../../dist/Linux6.6_x86_64_cc_glibc_PTH_64_OPT.OBJ/lib/libdbm.a  ../../../dist/Linux6.6_x86_64_cc_glibc_PTH_64_OPT.OBJ/lib/libpkixtop.a ../../../dist/Linux6.6_x86_64_cc_glibc_PTH_64_OPT.OBJ/lib/libpkixutil.a ../../../dist/Linux6.6_x86_64_cc_glibc_PTH_64_OPT.OBJ/lib/libpkixsystem.a ../../../dist/Linux6.6_x86_64_cc_glibc_PTH_64_OPT.OBJ/lib/libpkixcrlsel.a ../../../dist/Linux6.6_x86_64_cc_glibc_PTH_64_OPT.OBJ/lib/libpkixmodule.a ../../../dist/Linux6.6_x86_64_cc_glibc_PTH_64_OPT.OBJ/lib/libpkixstore.a ../../../dist/Linux6.6_x86_64_cc_glibc_PTH_64_OPT.OBJ/lib/libpkixparams.a ../../../dist/Linux6.6_x86_64_cc_glibc_PTH_64_OPT.OBJ/lib/libpkixchecker.a ../../../dist/Linux6.6_x86_64_cc_glibc_PTH_64_OPT.OBJ/lib/libpkixpki.a ../../../dist/Linux6.6_x86_64_cc_glibc_PTH_64_OPT.OBJ/lib/libpkixtop.a ../../../dist/Linux6.6_x86_64_cc_glibc_PTH_64_OPT.OBJ/lib/libpkixresults.a ../../../dist/Linux6.6_x86_64_cc_glibc_PTH_64_OPT.OBJ/lib/libpkixcertsel.a ../../../dist/Linux6.6_x86_64_cc_glibc_PTH_64_OPT.OBJ/lib/libnss.a ../../../dist/Linux6.6_x86_64_cc_glibc_PTH_64_OPT.OBJ/lib/libpk11wrap.a ../../../dist/Linux6.6_x86_64_cc_glibc_PTH_64_OPT.OBJ/lib/libcerthi.a   -L../../../dist/Linux6.6_x86_64_cc_glibc_PTH_64_OPT.OBJ/lib -lsqlite3 -L../../../dist/Linux6.6_x86_64_cc_glibc_PTH_64_OPT.OBJ/lib -lnssutil3 -L/home/ffortier/code/perso/nss/../nspr/dist -lplc4 -lplds4 -lnspr4  -lpthread  -ldl -lc
../../coreconf/nsinstall/Linux6.6_x86_64_cc_glibc_PTH_64_OPT.OBJ/nsinstall -R -m 775 Linux6.6_x86_64_cc_glibc_PTH_64_OPT.OBJ/bltest ../../../dist/Linux6.6_x86_64_cc_glibc_PTH_64_OPT.OBJ/bin
make[3]: Leaving directory '/home/ffortier/code/perso/nss/cmd/bltest'
make[3]: Entering directory '/home/ffortier/code/perso/nss/cmd/dbtool'
cc -o Linux6.6_x86_64_cc_glibc_PTH_64_OPT.OBJ/dbtool.o -c -std=c99 -O2 -fPIC  -m64 -pipe -ffunction-sections -fdata-sections -DHAVE_STRERROR -DLINUX -Dlinux -Wall -Wshadow -Werror -DXP_UNIX -DXP_UNIX -UDEBUG -DNDEBUG -D_DEFAULT_SOURCE -D_BSD_SOURCE -D_POSIX_SOURCE -DSDB_MEASURE_USE_TEMP_DIR -D_REENTRANT -UDEBUG -DNDEBUG -D_DEFAULT_SOURCE -D_BSD_SOURCE -D_POSIX_SOURCE -DSDB_MEASURE_USE_TEMP_DIR -D_REENTRANT -DNSS_DISABLE_SSE3 -DNSS_NO_INIT_SUPPORT -DUSE_UTIL_DIRECTLY -DNO_NSPR_10_SUPPORT -DSSL_DISABLE_DEPRECATED_CIPHER_SUITE_NAMES -DNSS_USE_STATIC_LIBS -I/home/ffortier/code/perso/nss/../nspr/dist/include/nspr -I../../../dist/Linux6.6_x86_64_cc_glibc_PTH_64_OPT.OBJ/include -I../../../dist/public/nss -I../../../dist/private/nss  dbtool.c
cp ../../lib/softoken/sdb.c sdb.c
cc -o Linux6.6_x86_64_cc_glibc_PTH_64_OPT.OBJ/sdb.o -c -std=c99 -O2 -fPIC  -m64 -pipe -ffunction-sections -fdata-sections -DHAVE_STRERROR -DLINUX -Dlinux -Wall -Wshadow -Werror -DXP_UNIX -DXP_UNIX -UDEBUG -DNDEBUG -D_DEFAULT_SOURCE -D_BSD_SOURCE -D_POSIX_SOURCE -DSDB_MEASURE_USE_TEMP_DIR -D_REENTRANT -UDEBUG -DNDEBUG -D_DEFAULT_SOURCE -D_BSD_SOURCE -D_POSIX_SOURCE -DSDB_MEASURE_USE_TEMP_DIR -D_REENTRANT -DNSS_DISABLE_SSE3 -DNSS_NO_INIT_SUPPORT -DUSE_UTIL_DIRECTLY -DNO_NSPR_10_SUPPORT -DSSL_DISABLE_DEPRECATED_CIPHER_SUITE_NAMES -DNSS_USE_STATIC_LIBS -I/home/ffortier/code/perso/nss/../nspr/dist/include/nspr -I../../../dist/Linux6.6_x86_64_cc_glibc_PTH_64_OPT.OBJ/include -I../../../dist/public/nss -I../../../dist/private/nss  sdb.c
rm -f Linux6.6_x86_64_cc_glibc_PTH_64_OPT.OBJ/dbtool
cc -o Linux6.6_x86_64_cc_glibc_PTH_64_OPT.OBJ/dbtool -O2 -fPIC  -m64 -pipe -ffunction-sections -fdata-sections -DHAVE_STRERROR -DLINUX -Dlinux -Wall -Wshadow -Werror -DXP_UNIX -DXP_UNIX -UDEBUG -DNDEBUG -D_DEFAULT_SOURCE -D_BSD_SOURCE -D_POSIX_SOURCE -DSDB_MEASURE_USE_TEMP_DIR -D_REENTRANT -UDEBUG -DNDEBUG -D_DEFAULT_SOURCE -D_BSD_SOURCE -D_POSIX_SOURCE -DSDB_MEASURE_USE_TEMP_DIR -D_REENTRANT -DNSS_DISABLE_SSE3 -DNSS_NO_INIT_SUPPORT -DUSE_UTIL_DIRECTLY -DNO_NSPR_10_SUPPORT -DSSL_DISABLE_DEPRECATED_CIPHER_SUITE_NAMES -DNSS_USE_STATIC_LIBS -I/home/ffortier/code/perso/nss/../nspr/dist/include/nspr -I../../../dist/Linux6.6_x86_64_cc_glibc_PTH_64_OPT.OBJ/include -I../../../dist/public/nss -I../../../dist/private/nss  Linux6.6_x86_64_cc_glibc_PTH_64_OPT.OBJ/dbtool.o Linux6.6_x86_64_cc_glibc_PTH_64_OPT.OBJ/sdb.o -m64 -z noexecstack -m64 -z noexecstack ../../../dist/Linux6.6_x86_64_cc_glibc_PTH_64_OPT.OBJ/lib/libsectool.a ../../../dist/Linux6.6_x86_64_cc_glibc_PTH_64_OPT.OBJ/lib/libsmime.a ../../../dist/Linux6.6_x86_64_cc_glibc_PTH_64_OPT.OBJ/lib/libssl.a ../../../dist/Linux6.6_x86_64_cc_glibc_PTH_64_OPT.OBJ/lib/libnss.a  ../../../dist/Linux6.6_x86_64_cc_glibc_PTH_64_OPT.OBJ/lib/libpkcs12.a ../../../dist/Linux6.6_x86_64_cc_glibc_PTH_64_OPT.OBJ/lib/libpkcs7.a ../../../dist/Linux6.6_x86_64_cc_glibc_PTH_64_OPT.OBJ/lib/libcerthi.a ../../../dist/Linux6.6_x86_64_cc_glibc_PTH_64_OPT.OBJ/lib/libcryptohi.a ../../../dist/Linux6.6_x86_64_cc_glibc_PTH_64_OPT.OBJ/lib/libpk11wrap.a  ../../../dist/Linux6.6_x86_64_cc_glibc_PTH_64_OPT.OBJ/lib/libsoftokn.a ../../../dist/Linux6.6_x86_64_cc_glibc_PTH_64_OPT.OBJ/lib/libcertdb.a ../../../dist/Linux6.6_x86_64_cc_glibc_PTH_64_OPT.OBJ/lib/libnsspki.a ../../../dist/Linux6.6_x86_64_cc_glibc_PTH_64_OPT.OBJ/lib/libnssdev.a ../../../dist/Linux6.6_x86_64_cc_glibc_PTH_64_OPT.OBJ/lib/libnssb.a  ../../../dist/Linux6.6_x86_64_cc_glibc_PTH_64_OPT.OBJ/lib/libfreebl.a ../../../dist/Linux6.6_x86_64_cc_glibc_PTH_64_OPT.OBJ/lib/libdbm.a  ../../../dist/Linux6.6_x86_64_cc_glibc_PTH_64_OPT.OBJ/lib/libpkixtop.a ../../../dist/Linux6.6_x86_64_cc_glibc_PTH_64_OPT.OBJ/lib/libpkixutil.a ../../../dist/Linux6.6_x86_64_cc_glibc_PTH_64_OPT.OBJ/lib/libpkixsystem.a ../../../dist/Linux6.6_x86_64_cc_glibc_PTH_64_OPT.OBJ/lib/libpkixcrlsel.a ../../../dist/Linux6.6_x86_64_cc_glibc_PTH_64_OPT.OBJ/lib/libpkixmodule.a ../../../dist/Linux6.6_x86_64_cc_glibc_PTH_64_OPT.OBJ/lib/libpkixstore.a ../../../dist/Linux6.6_x86_64_cc_glibc_PTH_64_OPT.OBJ/lib/libpkixparams.a ../../../dist/Linux6.6_x86_64_cc_glibc_PTH_64_OPT.OBJ/lib/libpkixchecker.a ../../../dist/Linux6.6_x86_64_cc_glibc_PTH_64_OPT.OBJ/lib/libpkixpki.a ../../../dist/Linux6.6_x86_64_cc_glibc_PTH_64_OPT.OBJ/lib/libpkixtop.a ../../../dist/Linux6.6_x86_64_cc_glibc_PTH_64_OPT.OBJ/lib/libpkixresults.a ../../../dist/Linux6.6_x86_64_cc_glibc_PTH_64_OPT.OBJ/lib/libpkixcertsel.a ../../../dist/Linux6.6_x86_64_cc_glibc_PTH_64_OPT.OBJ/lib/libnss.a ../../../dist/Linux6.6_x86_64_cc_glibc_PTH_64_OPT.OBJ/lib/libpk11wrap.a ../../../dist/Linux6.6_x86_64_cc_glibc_PTH_64_OPT.OBJ/lib/libcerthi.a   -L../../../dist/Linux6.6_x86_64_cc_glibc_PTH_64_OPT.OBJ/lib -lsqlite3 -L../../../dist/Linux6.6_x86_64_cc_glibc_PTH_64_OPT.OBJ/lib -lnssutil3 -L/home/ffortier/code/perso/nss/../nspr/dist -lplc4 -lplds4 -lnspr4  -lpthread  -ldl -lc
../../coreconf/nsinstall/Linux6.6_x86_64_cc_glibc_PTH_64_OPT.OBJ/nsinstall -R -m 775 Linux6.6_x86_64_cc_glibc_PTH_64_OPT.OBJ/dbtool ../../../dist/Linux6.6_x86_64_cc_glibc_PTH_64_OPT.OBJ/bin
make[3]: Leaving directory '/home/ffortier/code/perso/nss/cmd/dbtool'
make[3]: Entering directory '/home/ffortier/code/perso/nss/cmd/ecperf'
cc -o Linux6.6_x86_64_cc_glibc_PTH_64_OPT.OBJ/ecperf.o -c -std=c99 -O2 -fPIC  -m64 -pipe -ffunction-sections -fdata-sections -DHAVE_STRERROR -DLINUX -Dlinux -Wall -Wshadow -Werror -DXP_UNIX -DXP_UNIX -UDEBUG -DNDEBUG -D_DEFAULT_SOURCE -D_BSD_SOURCE -D_POSIX_SOURCE -DSDB_MEASURE_USE_TEMP_DIR -D_REENTRANT -UDEBUG -DNDEBUG -D_DEFAULT_SOURCE -D_BSD_SOURCE -D_POSIX_SOURCE -DSDB_MEASURE_USE_TEMP_DIR -D_REENTRANT -DNSS_DISABLE_SSE3 -DNSS_NO_INIT_SUPPORT -DUSE_UTIL_DIRECTLY -DNO_NSPR_10_SUPPORT -DSSL_DISABLE_DEPRECATED_CIPHER_SUITE_NAMES -DNSS_USE_STATIC_LIBS -I../../nss/lib/softoken -I/home/ffortier/code/perso/nss/../nspr/dist/include/nspr -I../../../dist/Linux6.6_x86_64_cc_glibc_PTH_64_OPT.OBJ/include -I../../../dist/public/nss -I../../../dist/private/nss  ecperf.c
rm -f Linux6.6_x86_64_cc_glibc_PTH_64_OPT.OBJ/ecperf
cc -o Linux6.6_x86_64_cc_glibc_PTH_64_OPT.OBJ/ecperf -O2 -fPIC  -m64 -pipe -ffunction-sections -fdata-sections -DHAVE_STRERROR -DLINUX -Dlinux -Wall -Wshadow -Werror -DXP_UNIX -DXP_UNIX -UDEBUG -DNDEBUG -D_DEFAULT_SOURCE -D_BSD_SOURCE -D_POSIX_SOURCE -DSDB_MEASURE_USE_TEMP_DIR -D_REENTRANT -UDEBUG -DNDEBUG -D_DEFAULT_SOURCE -D_BSD_SOURCE -D_POSIX_SOURCE -DSDB_MEASURE_USE_TEMP_DIR -D_REENTRANT -DNSS_DISABLE_SSE3 -DNSS_NO_INIT_SUPPORT -DUSE_UTIL_DIRECTLY -DNO_NSPR_10_SUPPORT -DSSL_DISABLE_DEPRECATED_CIPHER_SUITE_NAMES -DNSS_USE_STATIC_LIBS -I../../nss/lib/softoken -I/home/ffortier/code/perso/nss/../nspr/dist/include/nspr -I../../../dist/Linux6.6_x86_64_cc_glibc_PTH_64_OPT.OBJ/include -I../../../dist/public/nss -I../../../dist/private/nss  Linux6.6_x86_64_cc_glibc_PTH_64_OPT.OBJ/ecperf.o -m64 -z noexecstack -m64 -z noexecstack ../../../dist/Linux6.6_x86_64_cc_glibc_PTH_64_OPT.OBJ/lib/libsectool.a ../../../dist/Linux6.6_x86_64_cc_glibc_PTH_64_OPT.OBJ/lib/libsmime.a ../../../dist/Linux6.6_x86_64_cc_glibc_PTH_64_OPT.OBJ/lib/libssl.a ../../../dist/Linux6.6_x86_64_cc_glibc_PTH_64_OPT.OBJ/lib/libnss.a  ../../../dist/Linux6.6_x86_64_cc_glibc_PTH_64_OPT.OBJ/lib/libpkcs12.a ../../../dist/Linux6.6_x86_64_cc_glibc_PTH_64_OPT.OBJ/lib/libpkcs7.a ../../../dist/Linux6.6_x86_64_cc_glibc_PTH_64_OPT.OBJ/lib/libcerthi.a ../../../dist/Linux6.6_x86_64_cc_glibc_PTH_64_OPT.OBJ/lib/libcryptohi.a ../../../dist/Linux6.6_x86_64_cc_glibc_PTH_64_OPT.OBJ/lib/libpk11wrap.a  ../../../dist/Linux6.6_x86_64_cc_glibc_PTH_64_OPT.OBJ/lib/libsoftokn.a ../../../dist/Linux6.6_x86_64_cc_glibc_PTH_64_OPT.OBJ/lib/libcertdb.a ../../../dist/Linux6.6_x86_64_cc_glibc_PTH_64_OPT.OBJ/lib/libnsspki.a ../../../dist/Linux6.6_x86_64_cc_glibc_PTH_64_OPT.OBJ/lib/libnssdev.a ../../../dist/Linux6.6_x86_64_cc_glibc_PTH_64_OPT.OBJ/lib/libnssb.a  ../../../dist/Linux6.6_x86_64_cc_glibc_PTH_64_OPT.OBJ/lib/libfreebl.a ../../../dist/Linux6.6_x86_64_cc_glibc_PTH_64_OPT.OBJ/lib/libdbm.a  ../../../dist/Linux6.6_x86_64_cc_glibc_PTH_64_OPT.OBJ/lib/libpkixtop.a ../../../dist/Linux6.6_x86_64_cc_glibc_PTH_64_OPT.OBJ/lib/libpkixutil.a ../../../dist/Linux6.6_x86_64_cc_glibc_PTH_64_OPT.OBJ/lib/libpkixsystem.a ../../../dist/Linux6.6_x86_64_cc_glibc_PTH_64_OPT.OBJ/lib/libpkixcrlsel.a ../../../dist/Linux6.6_x86_64_cc_glibc_PTH_64_OPT.OBJ/lib/libpkixmodule.a ../../../dist/Linux6.6_x86_64_cc_glibc_PTH_64_OPT.OBJ/lib/libpkixstore.a ../../../dist/Linux6.6_x86_64_cc_glibc_PTH_64_OPT.OBJ/lib/libpkixparams.a ../../../dist/Linux6.6_x86_64_cc_glibc_PTH_64_OPT.OBJ/lib/libpkixchecker.a ../../../dist/Linux6.6_x86_64_cc_glibc_PTH_64_OPT.OBJ/lib/libpkixpki.a ../../../dist/Linux6.6_x86_64_cc_glibc_PTH_64_OPT.OBJ/lib/libpkixtop.a ../../../dist/Linux6.6_x86_64_cc_glibc_PTH_64_OPT.OBJ/lib/libpkixresults.a ../../../dist/Linux6.6_x86_64_cc_glibc_PTH_64_OPT.OBJ/lib/libpkixcertsel.a ../../../dist/Linux6.6_x86_64_cc_glibc_PTH_64_OPT.OBJ/lib/libnss.a ../../../dist/Linux6.6_x86_64_cc_glibc_PTH_64_OPT.OBJ/lib/libpk11wrap.a ../../../dist/Linux6.6_x86_64_cc_glibc_PTH_64_OPT.OBJ/lib/libcerthi.a   -L../../../dist/Linux6.6_x86_64_cc_glibc_PTH_64_OPT.OBJ/lib -lsqlite3 -L../../../dist/Linux6.6_x86_64_cc_glibc_PTH_64_OPT.OBJ/lib -lnssutil3 -L/home/ffortier/code/perso/nss/../nspr/dist -lplc4 -lplds4 -lnspr4  -lpthread  -ldl -lc
../../coreconf/nsinstall/Linux6.6_x86_64_cc_glibc_PTH_64_OPT.OBJ/nsinstall -R -m 775 Linux6.6_x86_64_cc_glibc_PTH_64_OPT.OBJ/ecperf ../../../dist/Linux6.6_x86_64_cc_glibc_PTH_64_OPT.OBJ/bin
make[3]: Leaving directory '/home/ffortier/code/perso/nss/cmd/ecperf'
make[3]: Entering directory '/home/ffortier/code/perso/nss/cmd/fbectest'
cc -o Linux6.6_x86_64_cc_glibc_PTH_64_OPT.OBJ/fbectest.o -c -std=c99 -O2 -fPIC  -m64 -pipe -ffunction-sections -fdata-sections -DHAVE_STRERROR -DLINUX -Dlinux -Wall -Wshadow -Werror -DXP_UNIX -DXP_UNIX -UDEBUG -DNDEBUG -D_DEFAULT_SOURCE -D_BSD_SOURCE -D_POSIX_SOURCE -DSDB_MEASURE_USE_TEMP_DIR -D_REENTRANT -UDEBUG -DNDEBUG -D_DEFAULT_SOURCE -D_BSD_SOURCE -D_POSIX_SOURCE -DSDB_MEASURE_USE_TEMP_DIR -D_REENTRANT -DNSS_DISABLE_SSE3 -DNSS_NO_INIT_SUPPORT -DUSE_UTIL_DIRECTLY -DNO_NSPR_10_SUPPORT -DSSL_DISABLE_DEPRECATED_CIPHER_SUITE_NAMES -DNSS_USE_STATIC_LIBS -I../../nss/lib/softoken -I/home/ffortier/code/perso/nss/../nspr/dist/include/nspr -I../../../dist/Linux6.6_x86_64_cc_glibc_PTH_64_OPT.OBJ/include -I../../../dist/public/nss -I../../../dist/private/nss  fbectest.c
rm -f Linux6.6_x86_64_cc_glibc_PTH_64_OPT.OBJ/fbectest
cc -o Linux6.6_x86_64_cc_glibc_PTH_64_OPT.OBJ/fbectest -O2 -fPIC  -m64 -pipe -ffunction-sections -fdata-sections -DHAVE_STRERROR -DLINUX -Dlinux -Wall -Wshadow -Werror -DXP_UNIX -DXP_UNIX -UDEBUG -DNDEBUG -D_DEFAULT_SOURCE -D_BSD_SOURCE -D_POSIX_SOURCE -DSDB_MEASURE_USE_TEMP_DIR -D_REENTRANT -UDEBUG -DNDEBUG -D_DEFAULT_SOURCE -D_BSD_SOURCE -D_POSIX_SOURCE -DSDB_MEASURE_USE_TEMP_DIR -D_REENTRANT -DNSS_DISABLE_SSE3 -DNSS_NO_INIT_SUPPORT -DUSE_UTIL_DIRECTLY -DNO_NSPR_10_SUPPORT -DSSL_DISABLE_DEPRECATED_CIPHER_SUITE_NAMES -DNSS_USE_STATIC_LIBS -I../../nss/lib/softoken -I/home/ffortier/code/perso/nss/../nspr/dist/include/nspr -I../../../dist/Linux6.6_x86_64_cc_glibc_PTH_64_OPT.OBJ/include -I../../../dist/public/nss -I../../../dist/private/nss  Linux6.6_x86_64_cc_glibc_PTH_64_OPT.OBJ/fbectest.o -m64 -z noexecstack -m64 -z noexecstack ../../../dist/Linux6.6_x86_64_cc_glibc_PTH_64_OPT.OBJ/lib/libsectool.a ../../../dist/Linux6.6_x86_64_cc_glibc_PTH_64_OPT.OBJ/lib/libsmime.a ../../../dist/Linux6.6_x86_64_cc_glibc_PTH_64_OPT.OBJ/lib/libssl.a ../../../dist/Linux6.6_x86_64_cc_glibc_PTH_64_OPT.OBJ/lib/libnss.a  ../../../dist/Linux6.6_x86_64_cc_glibc_PTH_64_OPT.OBJ/lib/libpkcs12.a ../../../dist/Linux6.6_x86_64_cc_glibc_PTH_64_OPT.OBJ/lib/libpkcs7.a ../../../dist/Linux6.6_x86_64_cc_glibc_PTH_64_OPT.OBJ/lib/libcerthi.a ../../../dist/Linux6.6_x86_64_cc_glibc_PTH_64_OPT.OBJ/lib/libcryptohi.a ../../../dist/Linux6.6_x86_64_cc_glibc_PTH_64_OPT.OBJ/lib/libpk11wrap.a  ../../../dist/Linux6.6_x86_64_cc_glibc_PTH_64_OPT.OBJ/lib/libsoftokn.a ../../../dist/Linux6.6_x86_64_cc_glibc_PTH_64_OPT.OBJ/lib/libcertdb.a ../../../dist/Linux6.6_x86_64_cc_glibc_PTH_64_OPT.OBJ/lib/libnsspki.a ../../../dist/Linux6.6_x86_64_cc_glibc_PTH_64_OPT.OBJ/lib/libnssdev.a ../../../dist/Linux6.6_x86_64_cc_glibc_PTH_64_OPT.OBJ/lib/libnssb.a  ../../../dist/Linux6.6_x86_64_cc_glibc_PTH_64_OPT.OBJ/lib/libfreebl.a ../../../dist/Linux6.6_x86_64_cc_glibc_PTH_64_OPT.OBJ/lib/libdbm.a  ../../../dist/Linux6.6_x86_64_cc_glibc_PTH_64_OPT.OBJ/lib/libpkixtop.a ../../../dist/Linux6.6_x86_64_cc_glibc_PTH_64_OPT.OBJ/lib/libpkixutil.a ../../../dist/Linux6.6_x86_64_cc_glibc_PTH_64_OPT.OBJ/lib/libpkixsystem.a ../../../dist/Linux6.6_x86_64_cc_glibc_PTH_64_OPT.OBJ/lib/libpkixcrlsel.a ../../../dist/Linux6.6_x86_64_cc_glibc_PTH_64_OPT.OBJ/lib/libpkixmodule.a ../../../dist/Linux6.6_x86_64_cc_glibc_PTH_64_OPT.OBJ/lib/libpkixstore.a ../../../dist/Linux6.6_x86_64_cc_glibc_PTH_64_OPT.OBJ/lib/libpkixparams.a ../../../dist/Linux6.6_x86_64_cc_glibc_PTH_64_OPT.OBJ/lib/libpkixchecker.a ../../../dist/Linux6.6_x86_64_cc_glibc_PTH_64_OPT.OBJ/lib/libpkixpki.a ../../../dist/Linux6.6_x86_64_cc_glibc_PTH_64_OPT.OBJ/lib/libpkixtop.a ../../../dist/Linux6.6_x86_64_cc_glibc_PTH_64_OPT.OBJ/lib/libpkixresults.a ../../../dist/Linux6.6_x86_64_cc_glibc_PTH_64_OPT.OBJ/lib/libpkixcertsel.a ../../../dist/Linux6.6_x86_64_cc_glibc_PTH_64_OPT.OBJ/lib/libnss.a ../../../dist/Linux6.6_x86_64_cc_glibc_PTH_64_OPT.OBJ/lib/libpk11wrap.a ../../../dist/Linux6.6_x86_64_cc_glibc_PTH_64_OPT.OBJ/lib/libcerthi.a   -L../../../dist/Linux6.6_x86_64_cc_glibc_PTH_64_OPT.OBJ/lib -lsqlite3 -L../../../dist/Linux6.6_x86_64_cc_glibc_PTH_64_OPT.OBJ/lib -lnssutil3 -L/home/ffortier/code/perso/nss/../nspr/dist -lplc4 -lplds4 -lnspr4  -lpthread  -ldl -lc
../../coreconf/nsinstall/Linux6.6_x86_64_cc_glibc_PTH_64_OPT.OBJ/nsinstall -R -m 775 Linux6.6_x86_64_cc_glibc_PTH_64_OPT.OBJ/fbectest ../../../dist/Linux6.6_x86_64_cc_glibc_PTH_64_OPT.OBJ/bin
make[3]: Leaving directory '/home/ffortier/code/perso/nss/cmd/fbectest'
make[3]: Entering directory '/home/ffortier/code/perso/nss/cmd/fipstest'
cc -o Linux6.6_x86_64_cc_glibc_PTH_64_OPT.OBJ/fipstest.o -c -std=c99 -O2 -fPIC  -m64 -pipe -ffunction-sections -fdata-sections -DHAVE_STRERROR -DLINUX -Dlinux -Wall -Wshadow -Werror -DXP_UNIX -DXP_UNIX -UDEBUG -DNDEBUG -D_DEFAULT_SOURCE -D_BSD_SOURCE -D_POSIX_SOURCE -DSDB_MEASURE_USE_TEMP_DIR -D_REENTRANT -UDEBUG -DNDEBUG -D_DEFAULT_SOURCE -D_BSD_SOURCE -D_POSIX_SOURCE -DSDB_MEASURE_USE_TEMP_DIR -D_REENTRANT -DNSS_DISABLE_SSE3 -DNSS_NO_INIT_SUPPORT -DUSE_UTIL_DIRECTLY -DNO_NSPR_10_SUPPORT -DSSL_DISABLE_DEPRECATED_CIPHER_SUITE_NAMES -DNSS_USE_STATIC_LIBS -I/home/ffortier/code/perso/nss/../nspr/dist/include/nspr -I../../../dist/Linux6.6_x86_64_cc_glibc_PTH_64_OPT.OBJ/include -I../../../dist/public/nss -I../../../dist/private/nss  fipstest.c
rm -f Linux6.6_x86_64_cc_glibc_PTH_64_OPT.OBJ/fipstest
cc -o Linux6.6_x86_64_cc_glibc_PTH_64_OPT.OBJ/fipstest -O2 -fPIC  -m64 -pipe -ffunction-sections -fdata-sections -DHAVE_STRERROR -DLINUX -Dlinux -Wall -Wshadow -Werror -DXP_UNIX -DXP_UNIX -UDEBUG -DNDEBUG -D_DEFAULT_SOURCE -D_BSD_SOURCE -D_POSIX_SOURCE -DSDB_MEASURE_USE_TEMP_DIR -D_REENTRANT -UDEBUG -DNDEBUG -D_DEFAULT_SOURCE -D_BSD_SOURCE -D_POSIX_SOURCE -DSDB_MEASURE_USE_TEMP_DIR -D_REENTRANT -DNSS_DISABLE_SSE3 -DNSS_NO_INIT_SUPPORT -DUSE_UTIL_DIRECTLY -DNO_NSPR_10_SUPPORT -DSSL_DISABLE_DEPRECATED_CIPHER_SUITE_NAMES -DNSS_USE_STATIC_LIBS -I/home/ffortier/code/perso/nss/../nspr/dist/include/nspr -I../../../dist/Linux6.6_x86_64_cc_glibc_PTH_64_OPT.OBJ/include -I../../../dist/public/nss -I../../../dist/private/nss  Linux6.6_x86_64_cc_glibc_PTH_64_OPT.OBJ/fipstest.o -m64 -z noexecstack -m64 -z noexecstack ../../../dist/Linux6.6_x86_64_cc_glibc_PTH_64_OPT.OBJ/lib/libsectool.a ../../../dist/Linux6.6_x86_64_cc_glibc_PTH_64_OPT.OBJ/lib/libsmime.a ../../../dist/Linux6.6_x86_64_cc_glibc_PTH_64_OPT.OBJ/lib/libssl.a ../../../dist/Linux6.6_x86_64_cc_glibc_PTH_64_OPT.OBJ/lib/libnss.a  ../../../dist/Linux6.6_x86_64_cc_glibc_PTH_64_OPT.OBJ/lib/libpkcs12.a ../../../dist/Linux6.6_x86_64_cc_glibc_PTH_64_OPT.OBJ/lib/libpkcs7.a ../../../dist/Linux6.6_x86_64_cc_glibc_PTH_64_OPT.OBJ/lib/libcerthi.a ../../../dist/Linux6.6_x86_64_cc_glibc_PTH_64_OPT.OBJ/lib/libcryptohi.a ../../../dist/Linux6.6_x86_64_cc_glibc_PTH_64_OPT.OBJ/lib/libpk11wrap.a  ../../../dist/Linux6.6_x86_64_cc_glibc_PTH_64_OPT.OBJ/lib/libsoftokn.a ../../../dist/Linux6.6_x86_64_cc_glibc_PTH_64_OPT.OBJ/lib/libcertdb.a ../../../dist/Linux6.6_x86_64_cc_glibc_PTH_64_OPT.OBJ/lib/libnsspki.a ../../../dist/Linux6.6_x86_64_cc_glibc_PTH_64_OPT.OBJ/lib/libnssdev.a ../../../dist/Linux6.6_x86_64_cc_glibc_PTH_64_OPT.OBJ/lib/libnssb.a  ../../../dist/Linux6.6_x86_64_cc_glibc_PTH_64_OPT.OBJ/lib/libfreebl.a ../../../dist/Linux6.6_x86_64_cc_glibc_PTH_64_OPT.OBJ/lib/libdbm.a  ../../../dist/Linux6.6_x86_64_cc_glibc_PTH_64_OPT.OBJ/lib/libpkixtop.a ../../../dist/Linux6.6_x86_64_cc_glibc_PTH_64_OPT.OBJ/lib/libpkixutil.a ../../../dist/Linux6.6_x86_64_cc_glibc_PTH_64_OPT.OBJ/lib/libpkixsystem.a ../../../dist/Linux6.6_x86_64_cc_glibc_PTH_64_OPT.OBJ/lib/libpkixcrlsel.a ../../../dist/Linux6.6_x86_64_cc_glibc_PTH_64_OPT.OBJ/lib/libpkixmodule.a ../../../dist/Linux6.6_x86_64_cc_glibc_PTH_64_OPT.OBJ/lib/libpkixstore.a ../../../dist/Linux6.6_x86_64_cc_glibc_PTH_64_OPT.OBJ/lib/libpkixparams.a ../../../dist/Linux6.6_x86_64_cc_glibc_PTH_64_OPT.OBJ/lib/libpkixchecker.a ../../../dist/Linux6.6_x86_64_cc_glibc_PTH_64_OPT.OBJ/lib/libpkixpki.a ../../../dist/Linux6.6_x86_64_cc_glibc_PTH_64_OPT.OBJ/lib/libpkixtop.a ../../../dist/Linux6.6_x86_64_cc_glibc_PTH_64_OPT.OBJ/lib/libpkixresults.a ../../../dist/Linux6.6_x86_64_cc_glibc_PTH_64_OPT.OBJ/lib/libpkixcertsel.a ../../../dist/Linux6.6_x86_64_cc_glibc_PTH_64_OPT.OBJ/lib/libnss.a ../../../dist/Linux6.6_x86_64_cc_glibc_PTH_64_OPT.OBJ/lib/libpk11wrap.a ../../../dist/Linux6.6_x86_64_cc_glibc_PTH_64_OPT.OBJ/lib/libcerthi.a   -L../../../dist/Linux6.6_x86_64_cc_glibc_PTH_64_OPT.OBJ/lib -lsqlite3 -L../../../dist/Linux6.6_x86_64_cc_glibc_PTH_64_OPT.OBJ/lib -lnssutil3 -L/home/ffortier/code/perso/nss/../nspr/dist -lplc4 -lplds4 -lnspr4  -lpthread  -ldl -lc
../../coreconf/nsinstall/Linux6.6_x86_64_cc_glibc_PTH_64_OPT.OBJ/nsinstall -R -m 775 Linux6.6_x86_64_cc_glibc_PTH_64_OPT.OBJ/fipstest ../../../dist/Linux6.6_x86_64_cc_glibc_PTH_64_OPT.OBJ/bin
make[3]: Leaving directory '/home/ffortier/code/perso/nss/cmd/fipstest'
make[3]: Entering directory '/home/ffortier/code/perso/nss/cmd/lowhashtest'
cc -o Linux6.6_x86_64_cc_glibc_PTH_64_OPT.OBJ/lowhashtest.o -c -std=c99 -O2 -fPIC  -m64 -pipe -ffunction-sections -fdata-sections -DHAVE_STRERROR -DLINUX -Dlinux -Wall -Wshadow -Werror -DXP_UNIX -DXP_UNIX -UDEBUG -DNDEBUG -D_DEFAULT_SOURCE -D_BSD_SOURCE -D_POSIX_SOURCE -DSDB_MEASURE_USE_TEMP_DIR -D_REENTRANT -UDEBUG -DNDEBUG -D_DEFAULT_SOURCE -D_BSD_SOURCE -D_POSIX_SOURCE -DSDB_MEASURE_USE_TEMP_DIR -D_REENTRANT -DNSS_DISABLE_SSE3 -DNSS_NO_INIT_SUPPORT -DUSE_UTIL_DIRECTLY -DNO_NSPR_10_SUPPORT -DSSL_DISABLE_DEPRECATED_CIPHER_SUITE_NAMES -I../../nss/lib/freebl -I/home/ffortier/code/perso/nss/../nspr/dist/include/nspr -I../../../dist/Linux6.6_x86_64_cc_glibc_PTH_64_OPT.OBJ/include -I../../../dist/public/nss -I../../../dist/private/nss  lowhashtest.c
rm -f Linux6.6_x86_64_cc_glibc_PTH_64_OPT.OBJ/lowhashtest
cc -o Linux6.6_x86_64_cc_glibc_PTH_64_OPT.OBJ/lowhashtest -O2 -fPIC  -m64 -pipe -ffunction-sections -fdata-sections -DHAVE_STRERROR -DLINUX -Dlinux -Wall -Wshadow -Werror -DXP_UNIX -DXP_UNIX -UDEBUG -DNDEBUG -D_DEFAULT_SOURCE -D_BSD_SOURCE -D_POSIX_SOURCE -DSDB_MEASURE_USE_TEMP_DIR -D_REENTRANT -UDEBUG -DNDEBUG -D_DEFAULT_SOURCE -D_BSD_SOURCE -D_POSIX_SOURCE -DSDB_MEASURE_USE_TEMP_DIR -D_REENTRANT -DNSS_DISABLE_SSE3 -DNSS_NO_INIT_SUPPORT -DUSE_UTIL_DIRECTLY -DNO_NSPR_10_SUPPORT -DSSL_DISABLE_DEPRECATED_CIPHER_SUITE_NAMES -I../../nss/lib/freebl -I/home/ffortier/code/perso/nss/../nspr/dist/include/nspr -I../../../dist/Linux6.6_x86_64_cc_glibc_PTH_64_OPT.OBJ/include -I../../../dist/public/nss -I../../../dist/private/nss  Linux6.6_x86_64_cc_glibc_PTH_64_OPT.OBJ/lowhashtest.o -m64 -z noexecstack -m64 -z noexecstack ../../../dist/Linux6.6_x86_64_cc_glibc_PTH_64_OPT.OBJ/lib/libsectool.a  -L../../../dist/Linux6.6_x86_64_cc_glibc_PTH_64_OPT.OBJ/lib -L../../../dist/Linux6.6_x86_64_cc_glibc_PTH_64_OPT.OBJ/lib -lfreebl3  -lpthread  -ldl -lc
../../coreconf/nsinstall/Linux6.6_x86_64_cc_glibc_PTH_64_OPT.OBJ/nsinstall -R -m 775 Linux6.6_x86_64_cc_glibc_PTH_64_OPT.OBJ/lowhashtest ../../../dist/Linux6.6_x86_64_cc_glibc_PTH_64_OPT.OBJ/bin
make[3]: Leaving directory '/home/ffortier/code/perso/nss/cmd/lowhashtest'
make[3]: Entering directory '/home/ffortier/code/perso/nss/cmd/shlibsign'
make[4]: Entering directory '/home/ffortier/code/perso/nss/cmd/shlibsign/mangle'
cc -o Linux6.6_x86_64_cc_glibc_PTH_64_OPT.OBJ/mangle.o -c -std=c99 -O2 -fPIC  -m64 -pipe -ffunction-sections -fdata-sections -DHAVE_STRERROR -DLINUX -Dlinux -Wall -Wshadow -Werror -DXP_UNIX -DXP_UNIX -DSHLIB_SUFFIX=\"so\" -DSHLIB_PREFIX=\"lib\" -UDEBUG -DNDEBUG -D_DEFAULT_SOURCE -D_BSD_SOURCE -D_POSIX_SOURCE -DSDB_MEASURE_USE_TEMP_DIR -D_REENTRANT -UDEBUG -DNDEBUG -D_DEFAULT_SOURCE -D_BSD_SOURCE -D_POSIX_SOURCE -DSDB_MEASURE_USE_TEMP_DIR -D_REENTRANT -DNSS_DISABLE_SSE3 -DNSS_NO_INIT_SUPPORT -DUSE_UTIL_DIRECTLY -DNO_NSPR_10_SUPPORT -DSSL_DISABLE_DEPRECATED_CIPHER_SUITE_NAMES -I/home/ffortier/code/perso/nss/../nspr/dist/include/nspr -I../../../../dist/Linux6.6_x86_64_cc_glibc_PTH_64_OPT.OBJ/include -I../../../../dist/public/nss -I../../../../dist/private/nss  mangle.c
rm -f Linux6.6_x86_64_cc_glibc_PTH_64_OPT.OBJ/mangle
cc -o Linux6.6_x86_64_cc_glibc_PTH_64_OPT.OBJ/mangle -O2 -fPIC  -m64 -pipe -ffunction-sections -fdata-sections -DHAVE_STRERROR -DLINUX -Dlinux -Wall -Wshadow -Werror -DXP_UNIX -DXP_UNIX -DSHLIB_SUFFIX=\"so\" -DSHLIB_PREFIX=\"lib\" -UDEBUG -DNDEBUG -D_DEFAULT_SOURCE -D_BSD_SOURCE -D_POSIX_SOURCE -DSDB_MEASURE_USE_TEMP_DIR -D_REENTRANT -UDEBUG -DNDEBUG -D_DEFAULT_SOURCE -D_BSD_SOURCE -D_POSIX_SOURCE -DSDB_MEASURE_USE_TEMP_DIR -D_REENTRANT -DNSS_DISABLE_SSE3 -DNSS_NO_INIT_SUPPORT -DUSE_UTIL_DIRECTLY -DNO_NSPR_10_SUPPORT -DSSL_DISABLE_DEPRECATED_CIPHER_SUITE_NAMES -I/home/ffortier/code/perso/nss/../nspr/dist/include/nspr -I../../../../dist/Linux6.6_x86_64_cc_glibc_PTH_64_OPT.OBJ/include -I../../../../dist/public/nss -I../../../../dist/private/nss  Linux6.6_x86_64_cc_glibc_PTH_64_OPT.OBJ/mangle.o -m64 -z noexecstack -m64 -z noexecstack  -L/home/ffortier/code/perso/nss/../nspr/dist -lplc4 -lplds4 -lnspr4  -lpthread  -ldl -lc
../../../coreconf/nsinstall/Linux6.6_x86_64_cc_glibc_PTH_64_OPT.OBJ/nsinstall -R -m 775 Linux6.6_x86_64_cc_glibc_PTH_64_OPT.OBJ/mangle ../../../../dist/Linux6.6_x86_64_cc_glibc_PTH_64_OPT.OBJ/bin
make[4]: Leaving directory '/home/ffortier/code/perso/nss/cmd/shlibsign/mangle'
cc -o Linux6.6_x86_64_cc_glibc_PTH_64_OPT.OBJ/shlibsign.o -c -std=c99 -O2 -fPIC  -m64 -pipe -ffunction-sections -fdata-sections -DHAVE_STRERROR -DLINUX -Dlinux -Wall -Wshadow -Werror -DXP_UNIX -DXP_UNIX -DSHLIB_SUFFIX=\"so\" -DSHLIB_PREFIX=\"lib\" -UDEBUG -DNDEBUG -D_DEFAULT_SOURCE -D_BSD_SOURCE -D_POSIX_SOURCE -DSDB_MEASURE_USE_TEMP_DIR -D_REENTRANT -UDEBUG -DNDEBUG -D_DEFAULT_SOURCE -D_BSD_SOURCE -D_POSIX_SOURCE -DSDB_MEASURE_USE_TEMP_DIR -D_REENTRANT -DNSS_DISABLE_SSE3 -DNSS_NO_INIT_SUPPORT -DUSE_UTIL_DIRECTLY -DNO_NSPR_10_SUPPORT -DSSL_DISABLE_DEPRECATED_CIPHER_SUITE_NAMES -I/home/ffortier/code/perso/nss/../nspr/dist/include/nspr -I../../../dist/Linux6.6_x86_64_cc_glibc_PTH_64_OPT.OBJ/include -I../../../dist/public/nss -I../../../dist/private/nss  shlibsign.c
rm -f Linux6.6_x86_64_cc_glibc_PTH_64_OPT.OBJ/shlibsign
cc -o Linux6.6_x86_64_cc_glibc_PTH_64_OPT.OBJ/shlibsign -O2 -fPIC  -m64 -pipe -ffunction-sections -fdata-sections -DHAVE_STRERROR -DLINUX -Dlinux -Wall -Wshadow -Werror -DXP_UNIX -DXP_UNIX -DSHLIB_SUFFIX=\"so\" -DSHLIB_PREFIX=\"lib\" -UDEBUG -DNDEBUG -D_DEFAULT_SOURCE -D_BSD_SOURCE -D_POSIX_SOURCE -DSDB_MEASURE_USE_TEMP_DIR -D_REENTRANT -UDEBUG -DNDEBUG -D_DEFAULT_SOURCE -D_BSD_SOURCE -D_POSIX_SOURCE -DSDB_MEASURE_USE_TEMP_DIR -D_REENTRANT -DNSS_DISABLE_SSE3 -DNSS_NO_INIT_SUPPORT -DUSE_UTIL_DIRECTLY -DNO_NSPR_10_SUPPORT -DSSL_DISABLE_DEPRECATED_CIPHER_SUITE_NAMES -I/home/ffortier/code/perso/nss/../nspr/dist/include/nspr -I../../../dist/Linux6.6_x86_64_cc_glibc_PTH_64_OPT.OBJ/include -I../../../dist/public/nss -I../../../dist/private/nss  Linux6.6_x86_64_cc_glibc_PTH_64_OPT.OBJ/shlibsign.o -m64 -z noexecstack -m64 -z noexecstack ../../../dist/Linux6.6_x86_64_cc_glibc_PTH_64_OPT.OBJ/lib/libsectool.a  -L../../../dist/Linux6.6_x86_64_cc_glibc_PTH_64_OPT.OBJ/lib -lnssutil3 -L/home/ffortier/code/perso/nss/../nspr/dist -lplc4 -lplds4 -lnspr4  -lpthread  -ldl -lc
../../coreconf/nsinstall/Linux6.6_x86_64_cc_glibc_PTH_64_OPT.OBJ/nsinstall -R -m 775 Linux6.6_x86_64_cc_glibc_PTH_64_OPT.OBJ/shlibsign ../../../dist/Linux6.6_x86_64_cc_glibc_PTH_64_OPT.OBJ/bin
make ../../../dist/Linux6.6_x86_64_cc_glibc_PTH_64_OPT.OBJ/lib/libsoftokn3.chk ../../../dist/Linux6.6_x86_64_cc_glibc_PTH_64_OPT.OBJ/lib/libfreebl3.chk ../../../dist/Linux6.6_x86_64_cc_glibc_PTH_64_OPT.OBJ/lib/libfreeblpriv3.chk ../../../dist/Linux6.6_x86_64_cc_glibc_PTH_64_OPT.OBJ/lib/libnssdbm3.chk
make[4]: Entering directory '/home/ffortier/code/perso/nss/cmd/shlibsign'
cd Linux6.6_x86_64_cc_glibc_PTH_64_OPT.OBJ ; sh '/home/ffortier/code/perso/nss/cmd/shlibsign/.'/sign.sh '/home/ffortier/code/perso/nss/cmd/shlibsign/../../../dist/Linux6.6_x86_64_cc_glibc_PTH_64_OPT.OBJ' \
'/home/ffortier/code/perso/nss/cmd/shlibsign/Linux6.6_x86_64_cc_glibc_PTH_64_OPT.OBJ' Linux \
'/home/ffortier/code/perso/nss/../nspr/dist' '/home/ffortier/code/perso/nss/cmd/shlibsign/../../../dist/Linux6.6_x86_64_cc_glibc_PTH_64_OPT.OBJ/lib/libsoftokn3.so'
/home/ffortier/code/perso/nss/cmd/shlibsign/Linux6.6_x86_64_cc_glibc_PTH_64_OPT.OBJ/shlibsign -C -v -i /home/ffortier/code/perso/nss/cmd/shlibsign/../../../dist/Linux6.6_x86_64_cc_glibc_PTH_64_OPT.OBJ/lib/libsoftokn3.so
moduleSpec configdir='' certPrefix='' keyPrefix='' secmod='' flags=noCertDB, noModDB
Generate an HMAC key ... 
cd Linux6.6_x86_64_cc_glibc_PTH_64_OPT.OBJ ; sh '/home/ffortier/code/perso/nss/cmd/shlibsign/.'/sign.sh '/home/ffortier/code/perso/nss/cmd/shlibsign/../../../dist/Linux6.6_x86_64_cc_glibc_PTH_64_OPT.OBJ' \
'/home/ffortier/code/perso/nss/cmd/shlibsign/Linux6.6_x86_64_cc_glibc_PTH_64_OPT.OBJ' Linux \
'/home/ffortier/code/perso/nss/../nspr/dist' '/home/ffortier/code/perso/nss/cmd/shlibsign/../../../dist/Linux6.6_x86_64_cc_glibc_PTH_64_OPT.OBJ/lib/libfreebl3.so'
/home/ffortier/code/perso/nss/cmd/shlibsign/Linux6.6_x86_64_cc_glibc_PTH_64_OPT.OBJ/shlibsign -C -v -i /home/ffortier/code/perso/nss/cmd/shlibsign/../../../dist/Linux6.6_x86_64_cc_glibc_PTH_64_OPT.OBJ/lib/libfreebl3.so
moduleSpec configdir='' certPrefix='' keyPrefix='' secmod='' flags=noCertDB, noModDB
Generate an HMAC key ... 
cd Linux6.6_x86_64_cc_glibc_PTH_64_OPT.OBJ ; sh '/home/ffortier/code/perso/nss/cmd/shlibsign/.'/sign.sh '/home/ffortier/code/perso/nss/cmd/shlibsign/../../../dist/Linux6.6_x86_64_cc_glibc_PTH_64_OPT.OBJ' \
'/home/ffortier/code/perso/nss/cmd/shlibsign/Linux6.6_x86_64_cc_glibc_PTH_64_OPT.OBJ' Linux \
'/home/ffortier/code/perso/nss/../nspr/dist' '/home/ffortier/code/perso/nss/cmd/shlibsign/../../../dist/Linux6.6_x86_64_cc_glibc_PTH_64_OPT.OBJ/lib/libfreeblpriv3.so'
/home/ffortier/code/perso/nss/cmd/shlibsign/Linux6.6_x86_64_cc_glibc_PTH_64_OPT.OBJ/shlibsign -C -v -i /home/ffortier/code/perso/nss/cmd/shlibsign/../../../dist/Linux6.6_x86_64_cc_glibc_PTH_64_OPT.OBJ/lib/libfreeblpriv3.so
moduleSpec configdir='' certPrefix='' keyPrefix='' secmod='' flags=noCertDB, noModDB
Generate an HMAC key ... 
cd Linux6.6_x86_64_cc_glibc_PTH_64_OPT.OBJ ; sh '/home/ffortier/code/perso/nss/cmd/shlibsign/.'/sign.sh '/home/ffortier/code/perso/nss/cmd/shlibsign/../../../dist/Linux6.6_x86_64_cc_glibc_PTH_64_OPT.OBJ' \
'/home/ffortier/code/perso/nss/cmd/shlibsign/Linux6.6_x86_64_cc_glibc_PTH_64_OPT.OBJ' Linux \
'/home/ffortier/code/perso/nss/../nspr/dist' '/home/ffortier/code/perso/nss/cmd/shlibsign/../../../dist/Linux6.6_x86_64_cc_glibc_PTH_64_OPT.OBJ/lib/libnssdbm3.so'
/home/ffortier/code/perso/nss/cmd/shlibsign/Linux6.6_x86_64_cc_glibc_PTH_64_OPT.OBJ/shlibsign -C -v -i /home/ffortier/code/perso/nss/cmd/shlibsign/../../../dist/Linux6.6_x86_64_cc_glibc_PTH_64_OPT.OBJ/lib/libnssdbm3.so
moduleSpec configdir='' certPrefix='' keyPrefix='' secmod='' flags=noCertDB, noModDB
Generate an HMAC key ... 
make[4]: Leaving directory '/home/ffortier/code/perso/nss/cmd/shlibsign'
make[3]: Leaving directory '/home/ffortier/code/perso/nss/cmd/shlibsign'
make[3]: Entering directory '/home/ffortier/code/perso/nss/cmd/addbuiltin'
cc -o Linux6.6_x86_64_cc_glibc_PTH_64_OPT.OBJ/addbuiltin.o -c -std=c99 -O2 -fPIC  -m64 -pipe -ffunction-sections -fdata-sections -DHAVE_STRERROR -DLINUX -Dlinux -Wall -Wshadow -Werror -DXP_UNIX -DXP_UNIX -UDEBUG -DNDEBUG -D_DEFAULT_SOURCE -D_BSD_SOURCE -D_POSIX_SOURCE -DSDB_MEASURE_USE_TEMP_DIR -D_REENTRANT -UDEBUG -DNDEBUG -D_DEFAULT_SOURCE -D_BSD_SOURCE -D_POSIX_SOURCE -DSDB_MEASURE_USE_TEMP_DIR -D_REENTRANT -DNSS_DISABLE_SSE3 -DNSS_NO_INIT_SUPPORT -DUSE_UTIL_DIRECTLY -DNO_NSPR_10_SUPPORT -DSSL_DISABLE_DEPRECATED_CIPHER_SUITE_NAMES -I/home/ffortier/code/perso/nss/../nspr/dist/include/nspr -I../../../dist/Linux6.6_x86_64_cc_glibc_PTH_64_OPT.OBJ/include -I../../../dist/public/nss  -I../../../dist/private/nss  -I../../../dist/public/seccmd  addbuiltin.c
rm -f Linux6.6_x86_64_cc_glibc_PTH_64_OPT.OBJ/addbuiltin
cc -o Linux6.6_x86_64_cc_glibc_PTH_64_OPT.OBJ/addbuiltin -O2 -fPIC  -m64 -pipe -ffunction-sections -fdata-sections -DHAVE_STRERROR -DLINUX -Dlinux -Wall -Wshadow -Werror -DXP_UNIX -DXP_UNIX -UDEBUG -DNDEBUG -D_DEFAULT_SOURCE -D_BSD_SOURCE -D_POSIX_SOURCE -DSDB_MEASURE_USE_TEMP_DIR -D_REENTRANT -UDEBUG -DNDEBUG -D_DEFAULT_SOURCE -D_BSD_SOURCE -D_POSIX_SOURCE -DSDB_MEASURE_USE_TEMP_DIR -D_REENTRANT -DNSS_DISABLE_SSE3 -DNSS_NO_INIT_SUPPORT -DUSE_UTIL_DIRECTLY -DNO_NSPR_10_SUPPORT -DSSL_DISABLE_DEPRECATED_CIPHER_SUITE_NAMES -I/home/ffortier/code/perso/nss/../nspr/dist/include/nspr -I../../../dist/Linux6.6_x86_64_cc_glibc_PTH_64_OPT.OBJ/include -I../../../dist/public/nss  -I../../../dist/private/nss  -I../../../dist/public/seccmd  Linux6.6_x86_64_cc_glibc_PTH_64_OPT.OBJ/addbuiltin.o -m64 -z noexecstack -m64 -z noexecstack ../../../dist/Linux6.6_x86_64_cc_glibc_PTH_64_OPT.OBJ/lib/libsectool.a  -L../../../dist/Linux6.6_x86_64_cc_glibc_PTH_64_OPT.OBJ/lib -L../../../dist/Linux6.6_x86_64_cc_glibc_PTH_64_OPT.OBJ/lib -lnssutil3 -L/home/ffortier/code/perso/nss/../nspr/dist -lplc4 -lplds4 -lnspr4  -lssl3 -lsmime3 -lnss3 -lpthread  -ldl -lc
../../coreconf/nsinstall/Linux6.6_x86_64_cc_glibc_PTH_64_OPT.OBJ/nsinstall -R -m 775 Linux6.6_x86_64_cc_glibc_PTH_64_OPT.OBJ/addbuiltin ../../../dist/Linux6.6_x86_64_cc_glibc_PTH_64_OPT.OBJ/bin
make[3]: Leaving directory '/home/ffortier/code/perso/nss/cmd/addbuiltin'
make[3]: Entering directory '/home/ffortier/code/perso/nss/cmd/atob'
cc -o Linux6.6_x86_64_cc_glibc_PTH_64_OPT.OBJ/atob.o -c -std=c99 -O2 -fPIC  -m64 -pipe -ffunction-sections -fdata-sections -DHAVE_STRERROR -DLINUX -Dlinux -Wall -Wshadow -Werror -DXP_UNIX -DXP_UNIX -DNSPR20 -UDEBUG -DNDEBUG -D_DEFAULT_SOURCE -D_BSD_SOURCE -D_POSIX_SOURCE -DSDB_MEASURE_USE_TEMP_DIR -D_REENTRANT -UDEBUG -DNDEBUG -D_DEFAULT_SOURCE -D_BSD_SOURCE -D_POSIX_SOURCE -DSDB_MEASURE_USE_TEMP_DIR -D_REENTRANT -DNSS_DISABLE_SSE3 -DNSS_NO_INIT_SUPPORT -DUSE_UTIL_DIRECTLY -DNO_NSPR_10_SUPPORT -DSSL_DISABLE_DEPRECATED_CIPHER_SUITE_NAMES -I/home/ffortier/code/perso/nss/../nspr/dist/include/nspr -I../../../dist/Linux6.6_x86_64_cc_glibc_PTH_64_OPT.OBJ/include -I../../../dist/public/nss  -I../../../dist/private/nss  -I../../../dist/public/seccmd -I../../../dist/public/dbm  atob.c
rm -f Linux6.6_x86_64_cc_glibc_PTH_64_OPT.OBJ/atob
cc -o Linux6.6_x86_64_cc_glibc_PTH_64_OPT.OBJ/atob -O2 -fPIC  -m64 -pipe -ffunction-sections -fdata-sections -DHAVE_STRERROR -DLINUX -Dlinux -Wall -Wshadow -Werror -DXP_UNIX -DXP_UNIX -DNSPR20 -UDEBUG -DNDEBUG -D_DEFAULT_SOURCE -D_BSD_SOURCE -D_POSIX_SOURCE -DSDB_MEASURE_USE_TEMP_DIR -D_REENTRANT -UDEBUG -DNDEBUG -D_DEFAULT_SOURCE -D_BSD_SOURCE -D_POSIX_SOURCE -DSDB_MEASURE_USE_TEMP_DIR -D_REENTRANT -DNSS_DISABLE_SSE3 -DNSS_NO_INIT_SUPPORT -DUSE_UTIL_DIRECTLY -DNO_NSPR_10_SUPPORT -DSSL_DISABLE_DEPRECATED_CIPHER_SUITE_NAMES -I/home/ffortier/code/perso/nss/../nspr/dist/include/nspr -I../../../dist/Linux6.6_x86_64_cc_glibc_PTH_64_OPT.OBJ/include -I../../../dist/public/nss  -I../../../dist/private/nss  -I../../../dist/public/seccmd -I../../../dist/public/dbm  Linux6.6_x86_64_cc_glibc_PTH_64_OPT.OBJ/atob.o -m64 -z noexecstack -m64 -z noexecstack ../../../dist/Linux6.6_x86_64_cc_glibc_PTH_64_OPT.OBJ/lib/libsectool.a  -L../../../dist/Linux6.6_x86_64_cc_glibc_PTH_64_OPT.OBJ/lib -L../../../dist/Linux6.6_x86_64_cc_glibc_PTH_64_OPT.OBJ/lib -lnssutil3 -L/home/ffortier/code/perso/nss/../nspr/dist -lplc4 -lplds4 -lnspr4  -lssl3 -lsmime3 -lnss3 -lpthread  -ldl -lc
../../coreconf/nsinstall/Linux6.6_x86_64_cc_glibc_PTH_64_OPT.OBJ/nsinstall -R -m 775 Linux6.6_x86_64_cc_glibc_PTH_64_OPT.OBJ/atob ../../../dist/Linux6.6_x86_64_cc_glibc_PTH_64_OPT.OBJ/bin
make[3]: Leaving directory '/home/ffortier/code/perso/nss/cmd/atob'
make[3]: Entering directory '/home/ffortier/code/perso/nss/cmd/btoa'
cc -o Linux6.6_x86_64_cc_glibc_PTH_64_OPT.OBJ/btoa.o -c -std=c99 -O2 -fPIC  -m64 -pipe -ffunction-sections -fdata-sections -DHAVE_STRERROR -DLINUX -Dlinux -Wall -Wshadow -Werror -DXP_UNIX -DXP_UNIX -DNSPR20 -UDEBUG -DNDEBUG -D_DEFAULT_SOURCE -D_BSD_SOURCE -D_POSIX_SOURCE -DSDB_MEASURE_USE_TEMP_DIR -D_REENTRANT -UDEBUG -DNDEBUG -D_DEFAULT_SOURCE -D_BSD_SOURCE -D_POSIX_SOURCE -DSDB_MEASURE_USE_TEMP_DIR -D_REENTRANT -DNSS_DISABLE_SSE3 -DNSS_NO_INIT_SUPPORT -DUSE_UTIL_DIRECTLY -DNO_NSPR_10_SUPPORT -DSSL_DISABLE_DEPRECATED_CIPHER_SUITE_NAMES -I/home/ffortier/code/perso/nss/../nspr/dist/include/nspr -I../../../dist/Linux6.6_x86_64_cc_glibc_PTH_64_OPT.OBJ/include -I../../../dist/public/nss  -I../../../dist/private/nss  -I../../../dist/public/seccmd -I../../../dist/public/dbm  btoa.c
rm -f Linux6.6_x86_64_cc_glibc_PTH_64_OPT.OBJ/btoa
cc -o Linux6.6_x86_64_cc_glibc_PTH_64_OPT.OBJ/btoa -O2 -fPIC  -m64 -pipe -ffunction-sections -fdata-sections -DHAVE_STRERROR -DLINUX -Dlinux -Wall -Wshadow -Werror -DXP_UNIX -DXP_UNIX -DNSPR20 -UDEBUG -DNDEBUG -D_DEFAULT_SOURCE -D_BSD_SOURCE -D_POSIX_SOURCE -DSDB_MEASURE_USE_TEMP_DIR -D_REENTRANT -UDEBUG -DNDEBUG -D_DEFAULT_SOURCE -D_BSD_SOURCE -D_POSIX_SOURCE -DSDB_MEASURE_USE_TEMP_DIR -D_REENTRANT -DNSS_DISABLE_SSE3 -DNSS_NO_INIT_SUPPORT -DUSE_UTIL_DIRECTLY -DNO_NSPR_10_SUPPORT -DSSL_DISABLE_DEPRECATED_CIPHER_SUITE_NAMES -I/home/ffortier/code/perso/nss/../nspr/dist/include/nspr -I../../../dist/Linux6.6_x86_64_cc_glibc_PTH_64_OPT.OBJ/include -I../../../dist/public/nss  -I../../../dist/private/nss  -I../../../dist/public/seccmd -I../../../dist/public/dbm  Linux6.6_x86_64_cc_glibc_PTH_64_OPT.OBJ/btoa.o -m64 -z noexecstack -m64 -z noexecstack ../../../dist/Linux6.6_x86_64_cc_glibc_PTH_64_OPT.OBJ/lib/libsectool.a  -L../../../dist/Linux6.6_x86_64_cc_glibc_PTH_64_OPT.OBJ/lib -L../../../dist/Linux6.6_x86_64_cc_glibc_PTH_64_OPT.OBJ/lib -lnssutil3 -L/home/ffortier/code/perso/nss/../nspr/dist -lplc4 -lplds4 -lnspr4  -lssl3 -lsmime3 -lnss3 -lpthread  -ldl -lc
../../coreconf/nsinstall/Linux6.6_x86_64_cc_glibc_PTH_64_OPT.OBJ/nsinstall -R -m 775 Linux6.6_x86_64_cc_glibc_PTH_64_OPT.OBJ/btoa ../../../dist/Linux6.6_x86_64_cc_glibc_PTH_64_OPT.OBJ/bin
make[3]: Leaving directory '/home/ffortier/code/perso/nss/cmd/btoa'
make[3]: Entering directory '/home/ffortier/code/perso/nss/cmd/certutil'
cc -o Linux6.6_x86_64_cc_glibc_PTH_64_OPT.OBJ/certext.o -c -std=c99 -O2 -fPIC  -m64 -pipe -ffunction-sections -fdata-sections -DHAVE_STRERROR -DLINUX -Dlinux -Wall -Wshadow -Werror -DXP_UNIX -DXP_UNIX -DNSPR20 -UDEBUG -DNDEBUG -D_DEFAULT_SOURCE -D_BSD_SOURCE -D_POSIX_SOURCE -DSDB_MEASURE_USE_TEMP_DIR -D_REENTRANT -UDEBUG -DNDEBUG -D_DEFAULT_SOURCE -D_BSD_SOURCE -D_POSIX_SOURCE -DSDB_MEASURE_USE_TEMP_DIR -D_REENTRANT -DNSS_DISABLE_SSE3 -DNSS_NO_INIT_SUPPORT -DUSE_UTIL_DIRECTLY -DNO_NSPR_10_SUPPORT -DSSL_DISABLE_DEPRECATED_CIPHER_SUITE_NAMES -I/home/ffortier/code/perso/nss/../nspr/dist/include/nspr -I../../../dist/Linux6.6_x86_64_cc_glibc_PTH_64_OPT.OBJ/include -I../../../dist/public/nss  -I../../../dist/private/nss  -I../../../dist/public/dbm -I../../../dist/public/seccmd  certext.c
cc -o Linux6.6_x86_64_cc_glibc_PTH_64_OPT.OBJ/certutil.o -c -std=c99 -O2 -fPIC  -m64 -pipe -ffunction-sections -fdata-sections -DHAVE_STRERROR -DLINUX -Dlinux -Wall -Wshadow -Werror -DXP_UNIX -DXP_UNIX -DNSPR20 -UDEBUG -DNDEBUG -D_DEFAULT_SOURCE -D_BSD_SOURCE -D_POSIX_SOURCE -DSDB_MEASURE_USE_TEMP_DIR -D_REENTRANT -UDEBUG -DNDEBUG -D_DEFAULT_SOURCE -D_BSD_SOURCE -D_POSIX_SOURCE -DSDB_MEASURE_USE_TEMP_DIR -D_REENTRANT -DNSS_DISABLE_SSE3 -DNSS_NO_INIT_SUPPORT -DUSE_UTIL_DIRECTLY -DNO_NSPR_10_SUPPORT -DSSL_DISABLE_DEPRECATED_CIPHER_SUITE_NAMES -I/home/ffortier/code/perso/nss/../nspr/dist/include/nspr -I../../../dist/Linux6.6_x86_64_cc_glibc_PTH_64_OPT.OBJ/include -I../../../dist/public/nss  -I../../../dist/private/nss  -I../../../dist/public/dbm -I../../../dist/public/seccmd  certutil.c
cc -o Linux6.6_x86_64_cc_glibc_PTH_64_OPT.OBJ/keystuff.o -c -std=c99 -O2 -fPIC  -m64 -pipe -ffunction-sections -fdata-sections -DHAVE_STRERROR -DLINUX -Dlinux -Wall -Wshadow -Werror -DXP_UNIX -DXP_UNIX -DNSPR20 -UDEBUG -DNDEBUG -D_DEFAULT_SOURCE -D_BSD_SOURCE -D_POSIX_SOURCE -DSDB_MEASURE_USE_TEMP_DIR -D_REENTRANT -UDEBUG -DNDEBUG -D_DEFAULT_SOURCE -D_BSD_SOURCE -D_POSIX_SOURCE -DSDB_MEASURE_USE_TEMP_DIR -D_REENTRANT -DNSS_DISABLE_SSE3 -DNSS_NO_INIT_SUPPORT -DUSE_UTIL_DIRECTLY -DNO_NSPR_10_SUPPORT -DSSL_DISABLE_DEPRECATED_CIPHER_SUITE_NAMES -I/home/ffortier/code/perso/nss/../nspr/dist/include/nspr -I../../../dist/Linux6.6_x86_64_cc_glibc_PTH_64_OPT.OBJ/include -I../../../dist/public/nss  -I../../../dist/private/nss  -I../../../dist/public/dbm -I../../../dist/public/seccmd  keystuff.c
rm -f Linux6.6_x86_64_cc_glibc_PTH_64_OPT.OBJ/certutil
cc -o Linux6.6_x86_64_cc_glibc_PTH_64_OPT.OBJ/certutil -O2 -fPIC  -m64 -pipe -ffunction-sections -fdata-sections -DHAVE_STRERROR -DLINUX -Dlinux -Wall -Wshadow -Werror -DXP_UNIX -DXP_UNIX -DNSPR20 -UDEBUG -DNDEBUG -D_DEFAULT_SOURCE -D_BSD_SOURCE -D_POSIX_SOURCE -DSDB_MEASURE_USE_TEMP_DIR -D_REENTRANT -UDEBUG -DNDEBUG -D_DEFAULT_SOURCE -D_BSD_SOURCE -D_POSIX_SOURCE -DSDB_MEASURE_USE_TEMP_DIR -D_REENTRANT -DNSS_DISABLE_SSE3 -DNSS_NO_INIT_SUPPORT -DUSE_UTIL_DIRECTLY -DNO_NSPR_10_SUPPORT -DSSL_DISABLE_DEPRECATED_CIPHER_SUITE_NAMES -I/home/ffortier/code/perso/nss/../nspr/dist/include/nspr -I../../../dist/Linux6.6_x86_64_cc_glibc_PTH_64_OPT.OBJ/include -I../../../dist/public/nss  -I../../../dist/private/nss  -I../../../dist/public/dbm -I../../../dist/public/seccmd  Linux6.6_x86_64_cc_glibc_PTH_64_OPT.OBJ/certext.o Linux6.6_x86_64_cc_glibc_PTH_64_OPT.OBJ/certutil.o Linux6.6_x86_64_cc_glibc_PTH_64_OPT.OBJ/keystuff.o -m64 -z noexecstack -m64 -z noexecstack ../../../dist/Linux6.6_x86_64_cc_glibc_PTH_64_OPT.OBJ/lib/libsectool.a  -L../../../dist/Linux6.6_x86_64_cc_glibc_PTH_64_OPT.OBJ/lib -L../../../dist/Linux6.6_x86_64_cc_glibc_PTH_64_OPT.OBJ/lib -lnssutil3 -L/home/ffortier/code/perso/nss/../nspr/dist -lplc4 -lplds4 -lnspr4  -lssl3 -lsmime3 -lnss3 -lpthread  -ldl -lc
../../coreconf/nsinstall/Linux6.6_x86_64_cc_glibc_PTH_64_OPT.OBJ/nsinstall -R -m 775 Linux6.6_x86_64_cc_glibc_PTH_64_OPT.OBJ/certutil ../../../dist/Linux6.6_x86_64_cc_glibc_PTH_64_OPT.OBJ/bin
make[3]: Leaving directory '/home/ffortier/code/perso/nss/cmd/certutil'
make[3]: Entering directory '/home/ffortier/code/perso/nss/cmd/chktest'
cc -o Linux6.6_x86_64_cc_glibc_PTH_64_OPT.OBJ/chktest.o -c -std=c99 -O2 -fPIC  -m64 -pipe -ffunction-sections -fdata-sections -DHAVE_STRERROR -DLINUX -Dlinux -Wall -Wshadow -Werror -DXP_UNIX -DXP_UNIX -UDEBUG -DNDEBUG -D_DEFAULT_SOURCE -D_BSD_SOURCE -D_POSIX_SOURCE -DSDB_MEASURE_USE_TEMP_DIR -D_REENTRANT -UDEBUG -DNDEBUG -D_DEFAULT_SOURCE -D_BSD_SOURCE -D_POSIX_SOURCE -DSDB_MEASURE_USE_TEMP_DIR -D_REENTRANT -DNSS_DISABLE_SSE3 -DNSS_NO_INIT_SUPPORT -DUSE_UTIL_DIRECTLY -DNO_NSPR_10_SUPPORT -DSSL_DISABLE_DEPRECATED_CIPHER_SUITE_NAMES -DNSS_USE_STATIC_LIBS -I/home/ffortier/code/perso/nss/../nspr/dist/include/nspr -I../../../dist/Linux6.6_x86_64_cc_glibc_PTH_64_OPT.OBJ/include -I../../../dist/public/nss -I../../../dist/private/nss -I../../../dist/public/seccmd -I../../../dist/public/dbm  chktest.c
rm -f Linux6.6_x86_64_cc_glibc_PTH_64_OPT.OBJ/chktest
cc -o Linux6.6_x86_64_cc_glibc_PTH_64_OPT.OBJ/chktest -O2 -fPIC  -m64 -pipe -ffunction-sections -fdata-sections -DHAVE_STRERROR -DLINUX -Dlinux -Wall -Wshadow -Werror -DXP_UNIX -DXP_UNIX -UDEBUG -DNDEBUG -D_DEFAULT_SOURCE -D_BSD_SOURCE -D_POSIX_SOURCE -DSDB_MEASURE_USE_TEMP_DIR -D_REENTRANT -UDEBUG -DNDEBUG -D_DEFAULT_SOURCE -D_BSD_SOURCE -D_POSIX_SOURCE -DSDB_MEASURE_USE_TEMP_DIR -D_REENTRANT -DNSS_DISABLE_SSE3 -DNSS_NO_INIT_SUPPORT -DUSE_UTIL_DIRECTLY -DNO_NSPR_10_SUPPORT -DSSL_DISABLE_DEPRECATED_CIPHER_SUITE_NAMES -DNSS_USE_STATIC_LIBS -I/home/ffortier/code/perso/nss/../nspr/dist/include/nspr -I../../../dist/Linux6.6_x86_64_cc_glibc_PTH_64_OPT.OBJ/include -I../../../dist/public/nss -I../../../dist/private/nss -I../../../dist/public/seccmd -I../../../dist/public/dbm  Linux6.6_x86_64_cc_glibc_PTH_64_OPT.OBJ/chktest.o -m64 -z noexecstack -m64 -z noexecstack ../../../dist/Linux6.6_x86_64_cc_glibc_PTH_64_OPT.OBJ/lib/libsectool.a ../../../dist/Linux6.6_x86_64_cc_glibc_PTH_64_OPT.OBJ/lib/libsmime.a ../../../dist/Linux6.6_x86_64_cc_glibc_PTH_64_OPT.OBJ/lib/libssl.a ../../../dist/Linux6.6_x86_64_cc_glibc_PTH_64_OPT.OBJ/lib/libnss.a  ../../../dist/Linux6.6_x86_64_cc_glibc_PTH_64_OPT.OBJ/lib/libpkcs12.a ../../../dist/Linux6.6_x86_64_cc_glibc_PTH_64_OPT.OBJ/lib/libpkcs7.a ../../../dist/Linux6.6_x86_64_cc_glibc_PTH_64_OPT.OBJ/lib/libcerthi.a ../../../dist/Linux6.6_x86_64_cc_glibc_PTH_64_OPT.OBJ/lib/libcryptohi.a ../../../dist/Linux6.6_x86_64_cc_glibc_PTH_64_OPT.OBJ/lib/libpk11wrap.a  ../../../dist/Linux6.6_x86_64_cc_glibc_PTH_64_OPT.OBJ/lib/libsoftokn.a ../../../dist/Linux6.6_x86_64_cc_glibc_PTH_64_OPT.OBJ/lib/libcertdb.a ../../../dist/Linux6.6_x86_64_cc_glibc_PTH_64_OPT.OBJ/lib/libnsspki.a ../../../dist/Linux6.6_x86_64_cc_glibc_PTH_64_OPT.OBJ/lib/libnssdev.a ../../../dist/Linux6.6_x86_64_cc_glibc_PTH_64_OPT.OBJ/lib/libnssb.a  ../../../dist/Linux6.6_x86_64_cc_glibc_PTH_64_OPT.OBJ/lib/libfreebl.a ../../../dist/Linux6.6_x86_64_cc_glibc_PTH_64_OPT.OBJ/lib/libdbm.a  ../../../dist/Linux6.6_x86_64_cc_glibc_PTH_64_OPT.OBJ/lib/libpkixtop.a ../../../dist/Linux6.6_x86_64_cc_glibc_PTH_64_OPT.OBJ/lib/libpkixutil.a ../../../dist/Linux6.6_x86_64_cc_glibc_PTH_64_OPT.OBJ/lib/libpkixsystem.a ../../../dist/Linux6.6_x86_64_cc_glibc_PTH_64_OPT.OBJ/lib/libpkixcrlsel.a ../../../dist/Linux6.6_x86_64_cc_glibc_PTH_64_OPT.OBJ/lib/libpkixmodule.a ../../../dist/Linux6.6_x86_64_cc_glibc_PTH_64_OPT.OBJ/lib/libpkixstore.a ../../../dist/Linux6.6_x86_64_cc_glibc_PTH_64_OPT.OBJ/lib/libpkixparams.a ../../../dist/Linux6.6_x86_64_cc_glibc_PTH_64_OPT.OBJ/lib/libpkixchecker.a ../../../dist/Linux6.6_x86_64_cc_glibc_PTH_64_OPT.OBJ/lib/libpkixpki.a ../../../dist/Linux6.6_x86_64_cc_glibc_PTH_64_OPT.OBJ/lib/libpkixtop.a ../../../dist/Linux6.6_x86_64_cc_glibc_PTH_64_OPT.OBJ/lib/libpkixresults.a ../../../dist/Linux6.6_x86_64_cc_glibc_PTH_64_OPT.OBJ/lib/libpkixcertsel.a ../../../dist/Linux6.6_x86_64_cc_glibc_PTH_64_OPT.OBJ/lib/libnss.a ../../../dist/Linux6.6_x86_64_cc_glibc_PTH_64_OPT.OBJ/lib/libpk11wrap.a ../../../dist/Linux6.6_x86_64_cc_glibc_PTH_64_OPT.OBJ/lib/libcerthi.a   -L../../../dist/Linux6.6_x86_64_cc_glibc_PTH_64_OPT.OBJ/lib -lsqlite3 -L../../../dist/Linux6.6_x86_64_cc_glibc_PTH_64_OPT.OBJ/lib -lnssutil3 -L/home/ffortier/code/perso/nss/../nspr/dist -lplc4 -lplds4 -lnspr4  -lpthread  -ldl -lc
../../coreconf/nsinstall/Linux6.6_x86_64_cc_glibc_PTH_64_OPT.OBJ/nsinstall -R -m 775 Linux6.6_x86_64_cc_glibc_PTH_64_OPT.OBJ/chktest ../../../dist/Linux6.6_x86_64_cc_glibc_PTH_64_OPT.OBJ/bin
make[3]: Leaving directory '/home/ffortier/code/perso/nss/cmd/chktest'
make[3]: Entering directory '/home/ffortier/code/perso/nss/cmd/crlutil'
cc -o Linux6.6_x86_64_cc_glibc_PTH_64_OPT.OBJ/crlgen_lex.o -c -std=c99 -O2 -fPIC  -m64 -pipe -ffunction-sections -fdata-sections -DHAVE_STRERROR -DLINUX -Dlinux -Wall -Wshadow -Werror -DXP_UNIX -DXP_UNIX -DNSPR20 -UDEBUG -DNDEBUG -D_DEFAULT_SOURCE -D_BSD_SOURCE -D_POSIX_SOURCE -DSDB_MEASURE_USE_TEMP_DIR -D_REENTRANT -UDEBUG -DNDEBUG -D_DEFAULT_SOURCE -D_BSD_SOURCE -D_POSIX_SOURCE -DSDB_MEASURE_USE_TEMP_DIR -D_REENTRANT -DNSS_DISABLE_SSE3 -DNSS_NO_INIT_SUPPORT -DUSE_UTIL_DIRECTLY -DNO_NSPR_10_SUPPORT -DSSL_DISABLE_DEPRECATED_CIPHER_SUITE_NAMES -I/home/ffortier/code/perso/nss/../nspr/dist/include/nspr -I../../../dist/Linux6.6_x86_64_cc_glibc_PTH_64_OPT.OBJ/include -I../../../dist/public/nss  -I../../../dist/private/nss  -I../../../dist/public/seccmd -I../../../dist/public/dbm  crlgen_lex.c
cc -o Linux6.6_x86_64_cc_glibc_PTH_64_OPT.OBJ/crlgen.o -c -std=c99 -O2 -fPIC  -m64 -pipe -ffunction-sections -fdata-sections -DHAVE_STRERROR -DLINUX -Dlinux -Wall -Wshadow -Werror -DXP_UNIX -DXP_UNIX -DNSPR20 -UDEBUG -DNDEBUG -D_DEFAULT_SOURCE -D_BSD_SOURCE -D_POSIX_SOURCE -DSDB_MEASURE_USE_TEMP_DIR -D_REENTRANT -UDEBUG -DNDEBUG -D_DEFAULT_SOURCE -D_BSD_SOURCE -D_POSIX_SOURCE -DSDB_MEASURE_USE_TEMP_DIR -D_REENTRANT -DNSS_DISABLE_SSE3 -DNSS_NO_INIT_SUPPORT -DUSE_UTIL_DIRECTLY -DNO_NSPR_10_SUPPORT -DSSL_DISABLE_DEPRECATED_CIPHER_SUITE_NAMES -I/home/ffortier/code/perso/nss/../nspr/dist/include/nspr -I../../../dist/Linux6.6_x86_64_cc_glibc_PTH_64_OPT.OBJ/include -I../../../dist/public/nss  -I../../../dist/private/nss  -I../../../dist/public/seccmd -I../../../dist/public/dbm  crlgen.c
cc -o Linux6.6_x86_64_cc_glibc_PTH_64_OPT.OBJ/crlutil.o -c -std=c99 -O2 -fPIC  -m64 -pipe -ffunction-sections -fdata-sections -DHAVE_STRERROR -DLINUX -Dlinux -Wall -Wshadow -Werror -DXP_UNIX -DXP_UNIX -DNSPR20 -UDEBUG -DNDEBUG -D_DEFAULT_SOURCE -D_BSD_SOURCE -D_POSIX_SOURCE -DSDB_MEASURE_USE_TEMP_DIR -D_REENTRANT -UDEBUG -DNDEBUG -D_DEFAULT_SOURCE -D_BSD_SOURCE -D_POSIX_SOURCE -DSDB_MEASURE_USE_TEMP_DIR -D_REENTRANT -DNSS_DISABLE_SSE3 -DNSS_NO_INIT_SUPPORT -DUSE_UTIL_DIRECTLY -DNO_NSPR_10_SUPPORT -DSSL_DISABLE_DEPRECATED_CIPHER_SUITE_NAMES -I/home/ffortier/code/perso/nss/../nspr/dist/include/nspr -I../../../dist/Linux6.6_x86_64_cc_glibc_PTH_64_OPT.OBJ/include -I../../../dist/public/nss  -I../../../dist/private/nss  -I../../../dist/public/seccmd -I../../../dist/public/dbm  crlutil.c
rm -f Linux6.6_x86_64_cc_glibc_PTH_64_OPT.OBJ/crlutil
cc -o Linux6.6_x86_64_cc_glibc_PTH_64_OPT.OBJ/crlutil -O2 -fPIC  -m64 -pipe -ffunction-sections -fdata-sections -DHAVE_STRERROR -DLINUX -Dlinux -Wall -Wshadow -Werror -DXP_UNIX -DXP_UNIX -DNSPR20 -UDEBUG -DNDEBUG -D_DEFAULT_SOURCE -D_BSD_SOURCE -D_POSIX_SOURCE -DSDB_MEASURE_USE_TEMP_DIR -D_REENTRANT -UDEBUG -DNDEBUG -D_DEFAULT_SOURCE -D_BSD_SOURCE -D_POSIX_SOURCE -DSDB_MEASURE_USE_TEMP_DIR -D_REENTRANT -DNSS_DISABLE_SSE3 -DNSS_NO_INIT_SUPPORT -DUSE_UTIL_DIRECTLY -DNO_NSPR_10_SUPPORT -DSSL_DISABLE_DEPRECATED_CIPHER_SUITE_NAMES -I/home/ffortier/code/perso/nss/../nspr/dist/include/nspr -I../../../dist/Linux6.6_x86_64_cc_glibc_PTH_64_OPT.OBJ/include -I../../../dist/public/nss  -I../../../dist/private/nss  -I../../../dist/public/seccmd -I../../../dist/public/dbm  Linux6.6_x86_64_cc_glibc_PTH_64_OPT.OBJ/crlgen_lex.o Linux6.6_x86_64_cc_glibc_PTH_64_OPT.OBJ/crlgen.o Linux6.6_x86_64_cc_glibc_PTH_64_OPT.OBJ/crlutil.o -m64 -z noexecstack -m64 -z noexecstack ../../../dist/Linux6.6_x86_64_cc_glibc_PTH_64_OPT.OBJ/lib/libsectool.a  -L../../../dist/Linux6.6_x86_64_cc_glibc_PTH_64_OPT.OBJ/lib -L../../../dist/Linux6.6_x86_64_cc_glibc_PTH_64_OPT.OBJ/lib -lnssutil3 -L/home/ffortier/code/perso/nss/../nspr/dist -lplc4 -lplds4 -lnspr4  -lssl3 -lsmime3 -lnss3 -lpthread  -ldl -lc
../../coreconf/nsinstall/Linux6.6_x86_64_cc_glibc_PTH_64_OPT.OBJ/nsinstall -R -m 775 Linux6.6_x86_64_cc_glibc_PTH_64_OPT.OBJ/crlutil ../../../dist/Linux6.6_x86_64_cc_glibc_PTH_64_OPT.OBJ/bin
make[3]: Leaving directory '/home/ffortier/code/perso/nss/cmd/crlutil'
make[3]: Entering directory '/home/ffortier/code/perso/nss/cmd/crmftest'
cc -o Linux6.6_x86_64_cc_glibc_PTH_64_OPT.OBJ/testcrmf.o -c -std=c99 -O2 -fPIC  -m64 -pipe -ffunction-sections -fdata-sections -DHAVE_STRERROR -DLINUX -Dlinux -Wall -Wshadow -Werror -DXP_UNIX -DXP_UNIX -UDEBUG -DNDEBUG -D_DEFAULT_SOURCE -D_BSD_SOURCE -D_POSIX_SOURCE -DSDB_MEASURE_USE_TEMP_DIR -D_REENTRANT -UDEBUG -DNDEBUG -D_DEFAULT_SOURCE -D_BSD_SOURCE -D_POSIX_SOURCE -DSDB_MEASURE_USE_TEMP_DIR -D_REENTRANT -DNSS_DISABLE_SSE3 -DNSS_NO_INIT_SUPPORT -DUSE_UTIL_DIRECTLY -DNO_NSPR_10_SUPPORT -DSSL_DISABLE_DEPRECATED_CIPHER_SUITE_NAMES -I/home/ffortier/code/perso/nss/../nspr/dist/include/nspr -I../../../dist/Linux6.6_x86_64_cc_glibc_PTH_64_OPT.OBJ/include -I../../../dist/public/nss -I../../../dist/private/nss  testcrmf.c
rm -f Linux6.6_x86_64_cc_glibc_PTH_64_OPT.OBJ/crmftest
cc -o Linux6.6_x86_64_cc_glibc_PTH_64_OPT.OBJ/crmftest -O2 -fPIC  -m64 -pipe -ffunction-sections -fdata-sections -DHAVE_STRERROR -DLINUX -Dlinux -Wall -Wshadow -Werror -DXP_UNIX -DXP_UNIX -UDEBUG -DNDEBUG -D_DEFAULT_SOURCE -D_BSD_SOURCE -D_POSIX_SOURCE -DSDB_MEASURE_USE_TEMP_DIR -D_REENTRANT -UDEBUG -DNDEBUG -D_DEFAULT_SOURCE -D_BSD_SOURCE -D_POSIX_SOURCE -DSDB_MEASURE_USE_TEMP_DIR -D_REENTRANT -DNSS_DISABLE_SSE3 -DNSS_NO_INIT_SUPPORT -DUSE_UTIL_DIRECTLY -DNO_NSPR_10_SUPPORT -DSSL_DISABLE_DEPRECATED_CIPHER_SUITE_NAMES -I/home/ffortier/code/perso/nss/../nspr/dist/include/nspr -I../../../dist/Linux6.6_x86_64_cc_glibc_PTH_64_OPT.OBJ/include -I../../../dist/public/nss -I../../../dist/private/nss  Linux6.6_x86_64_cc_glibc_PTH_64_OPT.OBJ/testcrmf.o -m64 -z noexecstack -m64 -z noexecstack ../../../dist/Linux6.6_x86_64_cc_glibc_PTH_64_OPT.OBJ/lib/libcrmf.a ../../../dist/Linux6.6_x86_64_cc_glibc_PTH_64_OPT.OBJ/lib/libsectool.a  -L../../../dist/Linux6.6_x86_64_cc_glibc_PTH_64_OPT.OBJ/lib -L../../../dist/Linux6.6_x86_64_cc_glibc_PTH_64_OPT.OBJ/lib -lnssutil3 -L/home/ffortier/code/perso/nss/../nspr/dist -lplc4 -lplds4 -lnspr4  -lssl3 -lsmime3 -lnss3 -lpthread  -ldl -lc
../../coreconf/nsinstall/Linux6.6_x86_64_cc_glibc_PTH_64_OPT.OBJ/nsinstall -R -m 775 Linux6.6_x86_64_cc_glibc_PTH_64_OPT.OBJ/crmftest ../../../dist/Linux6.6_x86_64_cc_glibc_PTH_64_OPT.OBJ/bin
make[3]: Leaving directory '/home/ffortier/code/perso/nss/cmd/crmftest'
make[3]: Entering directory '/home/ffortier/code/perso/nss/cmd/dbtest'
cc -o Linux6.6_x86_64_cc_glibc_PTH_64_OPT.OBJ/dbtest.o -c -std=c99 -O2 -fPIC  -m64 -pipe -ffunction-sections -fdata-sections -DHAVE_STRERROR -DLINUX -Dlinux -Wall -Wshadow -Werror -DXP_UNIX -DXP_UNIX -UDEBUG -DNDEBUG -D_DEFAULT_SOURCE -D_BSD_SOURCE -D_POSIX_SOURCE -DSDB_MEASURE_USE_TEMP_DIR -D_REENTRANT -UDEBUG -DNDEBUG -D_DEFAULT_SOURCE -D_BSD_SOURCE -D_POSIX_SOURCE -DSDB_MEASURE_USE_TEMP_DIR -D_REENTRANT -DNSS_DISABLE_SSE3 -DNSS_NO_INIT_SUPPORT -DUSE_UTIL_DIRECTLY -DNO_NSPR_10_SUPPORT -DSSL_DISABLE_DEPRECATED_CIPHER_SUITE_NAMES -I/home/ffortier/code/perso/nss/../nspr/dist/include/nspr -I../../../dist/Linux6.6_x86_64_cc_glibc_PTH_64_OPT.OBJ/include -I../../../dist/public/nss -I../../../dist/private/nss -I../../../dist/public/seccmd -I../../../dist/public/dbm  dbtest.c
rm -f Linux6.6_x86_64_cc_glibc_PTH_64_OPT.OBJ/dbtest
cc -o Linux6.6_x86_64_cc_glibc_PTH_64_OPT.OBJ/dbtest -O2 -fPIC  -m64 -pipe -ffunction-sections -fdata-sections -DHAVE_STRERROR -DLINUX -Dlinux -Wall -Wshadow -Werror -DXP_UNIX -DXP_UNIX -UDEBUG -DNDEBUG -D_DEFAULT_SOURCE -D_BSD_SOURCE -D_POSIX_SOURCE -DSDB_MEASURE_USE_TEMP_DIR -D_REENTRANT -UDEBUG -DNDEBUG -D_DEFAULT_SOURCE -D_BSD_SOURCE -D_POSIX_SOURCE -DSDB_MEASURE_USE_TEMP_DIR -D_REENTRANT -DNSS_DISABLE_SSE3 -DNSS_NO_INIT_SUPPORT -DUSE_UTIL_DIRECTLY -DNO_NSPR_10_SUPPORT -DSSL_DISABLE_DEPRECATED_CIPHER_SUITE_NAMES -I/home/ffortier/code/perso/nss/../nspr/dist/include/nspr -I../../../dist/Linux6.6_x86_64_cc_glibc_PTH_64_OPT.OBJ/include -I../../../dist/public/nss -I../../../dist/private/nss -I../../../dist/public/seccmd -I../../../dist/public/dbm  Linux6.6_x86_64_cc_glibc_PTH_64_OPT.OBJ/dbtest.o -m64 -z noexecstack -m64 -z noexecstack ../../../dist/Linux6.6_x86_64_cc_glibc_PTH_64_OPT.OBJ/lib/libsectool.a  -L../../../dist/Linux6.6_x86_64_cc_glibc_PTH_64_OPT.OBJ/lib -L../../../dist/Linux6.6_x86_64_cc_glibc_PTH_64_OPT.OBJ/lib -lnssutil3 -L/home/ffortier/code/perso/nss/../nspr/dist -lplc4 -lplds4 -lnspr4  -lssl3 -lsmime3 -lnss3 -lpthread  -ldl -lc
../../coreconf/nsinstall/Linux6.6_x86_64_cc_glibc_PTH_64_OPT.OBJ/nsinstall -R -m 775 Linux6.6_x86_64_cc_glibc_PTH_64_OPT.OBJ/dbtest ../../../dist/Linux6.6_x86_64_cc_glibc_PTH_64_OPT.OBJ/bin
make[3]: Leaving directory '/home/ffortier/code/perso/nss/cmd/dbtest'
make[3]: Entering directory '/home/ffortier/code/perso/nss/cmd/derdump'
cc -o Linux6.6_x86_64_cc_glibc_PTH_64_OPT.OBJ/derdump.o -c -std=c99 -O2 -fPIC  -m64 -pipe -ffunction-sections -fdata-sections -DHAVE_STRERROR -DLINUX -Dlinux -Wall -Wshadow -Werror -DXP_UNIX -DXP_UNIX -DNSPR20 -UDEBUG -DNDEBUG -D_DEFAULT_SOURCE -D_BSD_SOURCE -D_POSIX_SOURCE -DSDB_MEASURE_USE_TEMP_DIR -D_REENTRANT -UDEBUG -DNDEBUG -D_DEFAULT_SOURCE -D_BSD_SOURCE -D_POSIX_SOURCE -DSDB_MEASURE_USE_TEMP_DIR -D_REENTRANT -DNSS_DISABLE_SSE3 -DNSS_NO_INIT_SUPPORT -DUSE_UTIL_DIRECTLY -DNO_NSPR_10_SUPPORT -DSSL_DISABLE_DEPRECATED_CIPHER_SUITE_NAMES -I/home/ffortier/code/perso/nss/../nspr/dist/include/nspr -I../../../dist/Linux6.6_x86_64_cc_glibc_PTH_64_OPT.OBJ/include -I../../../dist/public/nss  -I../../../dist/private/nss  -I../../../dist/public/seccmd -I../../../dist/public/dbm  derdump.c
rm -f Linux6.6_x86_64_cc_glibc_PTH_64_OPT.OBJ/derdump
cc -o Linux6.6_x86_64_cc_glibc_PTH_64_OPT.OBJ/derdump -O2 -fPIC  -m64 -pipe -ffunction-sections -fdata-sections -DHAVE_STRERROR -DLINUX -Dlinux -Wall -Wshadow -Werror -DXP_UNIX -DXP_UNIX -DNSPR20 -UDEBUG -DNDEBUG -D_DEFAULT_SOURCE -D_BSD_SOURCE -D_POSIX_SOURCE -DSDB_MEASURE_USE_TEMP_DIR -D_REENTRANT -UDEBUG -DNDEBUG -D_DEFAULT_SOURCE -D_BSD_SOURCE -D_POSIX_SOURCE -DSDB_MEASURE_USE_TEMP_DIR -D_REENTRANT -DNSS_DISABLE_SSE3 -DNSS_NO_INIT_SUPPORT -DUSE_UTIL_DIRECTLY -DNO_NSPR_10_SUPPORT -DSSL_DISABLE_DEPRECATED_CIPHER_SUITE_NAMES -I/home/ffortier/code/perso/nss/../nspr/dist/include/nspr -I../../../dist/Linux6.6_x86_64_cc_glibc_PTH_64_OPT.OBJ/include -I../../../dist/public/nss  -I../../../dist/private/nss  -I../../../dist/public/seccmd -I../../../dist/public/dbm  Linux6.6_x86_64_cc_glibc_PTH_64_OPT.OBJ/derdump.o -m64 -z noexecstack -m64 -z noexecstack ../../../dist/Linux6.6_x86_64_cc_glibc_PTH_64_OPT.OBJ/lib/libsectool.a  -L../../../dist/Linux6.6_x86_64_cc_glibc_PTH_64_OPT.OBJ/lib -L../../../dist/Linux6.6_x86_64_cc_glibc_PTH_64_OPT.OBJ/lib -lnssutil3 -L/home/ffortier/code/perso/nss/../nspr/dist -lplc4 -lplds4 -lnspr4  -lssl3 -lsmime3 -lnss3 -lpthread  -ldl -lc
../../coreconf/nsinstall/Linux6.6_x86_64_cc_glibc_PTH_64_OPT.OBJ/nsinstall -R -m 775 Linux6.6_x86_64_cc_glibc_PTH_64_OPT.OBJ/derdump ../../../dist/Linux6.6_x86_64_cc_glibc_PTH_64_OPT.OBJ/bin
make[3]: Leaving directory '/home/ffortier/code/perso/nss/cmd/derdump'
make[3]: Entering directory '/home/ffortier/code/perso/nss/cmd/digest'
cc -o Linux6.6_x86_64_cc_glibc_PTH_64_OPT.OBJ/digest.o -c -std=c99 -O2 -fPIC  -m64 -pipe -ffunction-sections -fdata-sections -DHAVE_STRERROR -DLINUX -Dlinux -Wall -Wshadow -Werror -DXP_UNIX -DXP_UNIX -DNSPR20 -UDEBUG -DNDEBUG -D_DEFAULT_SOURCE -D_BSD_SOURCE -D_POSIX_SOURCE -DSDB_MEASURE_USE_TEMP_DIR -D_REENTRANT -UDEBUG -DNDEBUG -D_DEFAULT_SOURCE -D_BSD_SOURCE -D_POSIX_SOURCE -DSDB_MEASURE_USE_TEMP_DIR -D_REENTRANT -DNSS_DISABLE_SSE3 -DNSS_NO_INIT_SUPPORT -DUSE_UTIL_DIRECTLY -DNO_NSPR_10_SUPPORT -DSSL_DISABLE_DEPRECATED_CIPHER_SUITE_NAMES -I/home/ffortier/code/perso/nss/../nspr/dist/include/nspr -I../../../dist/Linux6.6_x86_64_cc_glibc_PTH_64_OPT.OBJ/include -I../../../dist/public/nss  -I../../../dist/private/nss  -I../../../dist/public/seccmd -I../../../dist/public/dbm  digest.c
rm -f Linux6.6_x86_64_cc_glibc_PTH_64_OPT.OBJ/digest
cc -o Linux6.6_x86_64_cc_glibc_PTH_64_OPT.OBJ/digest -O2 -fPIC  -m64 -pipe -ffunction-sections -fdata-sections -DHAVE_STRERROR -DLINUX -Dlinux -Wall -Wshadow -Werror -DXP_UNIX -DXP_UNIX -DNSPR20 -UDEBUG -DNDEBUG -D_DEFAULT_SOURCE -D_BSD_SOURCE -D_POSIX_SOURCE -DSDB_MEASURE_USE_TEMP_DIR -D_REENTRANT -UDEBUG -DNDEBUG -D_DEFAULT_SOURCE -D_BSD_SOURCE -D_POSIX_SOURCE -DSDB_MEASURE_USE_TEMP_DIR -D_REENTRANT -DNSS_DISABLE_SSE3 -DNSS_NO_INIT_SUPPORT -DUSE_UTIL_DIRECTLY -DNO_NSPR_10_SUPPORT -DSSL_DISABLE_DEPRECATED_CIPHER_SUITE_NAMES -I/home/ffortier/code/perso/nss/../nspr/dist/include/nspr -I../../../dist/Linux6.6_x86_64_cc_glibc_PTH_64_OPT.OBJ/include -I../../../dist/public/nss  -I../../../dist/private/nss  -I../../../dist/public/seccmd -I../../../dist/public/dbm  Linux6.6_x86_64_cc_glibc_PTH_64_OPT.OBJ/digest.o -m64 -z noexecstack -m64 -z noexecstack ../../../dist/Linux6.6_x86_64_cc_glibc_PTH_64_OPT.OBJ/lib/libsectool.a  -L../../../dist/Linux6.6_x86_64_cc_glibc_PTH_64_OPT.OBJ/lib -L../../../dist/Linux6.6_x86_64_cc_glibc_PTH_64_OPT.OBJ/lib -lnssutil3 -L/home/ffortier/code/perso/nss/../nspr/dist -lplc4 -lplds4 -lnspr4  -lssl3 -lsmime3 -lnss3 -lpthread  -ldl -lc
../../coreconf/nsinstall/Linux6.6_x86_64_cc_glibc_PTH_64_OPT.OBJ/nsinstall -R -m 775 Linux6.6_x86_64_cc_glibc_PTH_64_OPT.OBJ/digest ../../../dist/Linux6.6_x86_64_cc_glibc_PTH_64_OPT.OBJ/bin
make[3]: Leaving directory '/home/ffortier/code/perso/nss/cmd/digest'
make[3]: Entering directory '/home/ffortier/code/perso/nss/cmd/httpserv'
cc -o Linux6.6_x86_64_cc_glibc_PTH_64_OPT.OBJ/httpserv.o -c -std=c99 -O2 -fPIC  -m64 -pipe -ffunction-sections -fdata-sections -DHAVE_STRERROR -DLINUX -Dlinux -Wall -Wshadow -Werror -DXP_UNIX -DXP_UNIX -DNSPR20 -UDEBUG -DNDEBUG -D_DEFAULT_SOURCE -D_BSD_SOURCE -D_POSIX_SOURCE -DSDB_MEASURE_USE_TEMP_DIR -D_REENTRANT -UDEBUG -DNDEBUG -D_DEFAULT_SOURCE -D_BSD_SOURCE -D_POSIX_SOURCE -DSDB_MEASURE_USE_TEMP_DIR -D_REENTRANT -DNSS_DISABLE_SSE3 -DNSS_NO_INIT_SUPPORT -DUSE_UTIL_DIRECTLY -DNO_NSPR_10_SUPPORT -DSSL_DISABLE_DEPRECATED_CIPHER_SUITE_NAMES -I/home/ffortier/code/perso/nss/../nspr/dist/include/nspr -I../../../dist/Linux6.6_x86_64_cc_glibc_PTH_64_OPT.OBJ/include -I../../../dist/public/nss -I../../../dist/private/nss -I../../../dist/public/seccmd -I../../../dist/public/dbm  httpserv.c
rm -f Linux6.6_x86_64_cc_glibc_PTH_64_OPT.OBJ/httpserv
cc -o Linux6.6_x86_64_cc_glibc_PTH_64_OPT.OBJ/httpserv -O2 -fPIC  -m64 -pipe -ffunction-sections -fdata-sections -DHAVE_STRERROR -DLINUX -Dlinux -Wall -Wshadow -Werror -DXP_UNIX -DXP_UNIX -DNSPR20 -UDEBUG -DNDEBUG -D_DEFAULT_SOURCE -D_BSD_SOURCE -D_POSIX_SOURCE -DSDB_MEASURE_USE_TEMP_DIR -D_REENTRANT -UDEBUG -DNDEBUG -D_DEFAULT_SOURCE -D_BSD_SOURCE -D_POSIX_SOURCE -DSDB_MEASURE_USE_TEMP_DIR -D_REENTRANT -DNSS_DISABLE_SSE3 -DNSS_NO_INIT_SUPPORT -DUSE_UTIL_DIRECTLY -DNO_NSPR_10_SUPPORT -DSSL_DISABLE_DEPRECATED_CIPHER_SUITE_NAMES -I/home/ffortier/code/perso/nss/../nspr/dist/include/nspr -I../../../dist/Linux6.6_x86_64_cc_glibc_PTH_64_OPT.OBJ/include -I../../../dist/public/nss -I../../../dist/private/nss -I../../../dist/public/seccmd -I../../../dist/public/dbm  Linux6.6_x86_64_cc_glibc_PTH_64_OPT.OBJ/httpserv.o -m64 -z noexecstack -m64 -z noexecstack ../../../dist/Linux6.6_x86_64_cc_glibc_PTH_64_OPT.OBJ/lib/libsectool.a  -L../../../dist/Linux6.6_x86_64_cc_glibc_PTH_64_OPT.OBJ/lib -L../../../dist/Linux6.6_x86_64_cc_glibc_PTH_64_OPT.OBJ/lib -lnssutil3 -L/home/ffortier/code/perso/nss/../nspr/dist -lplc4 -lplds4 -lnspr4  -lssl3 -lsmime3 -lnss3 -lpthread  -ldl -lc
../../coreconf/nsinstall/Linux6.6_x86_64_cc_glibc_PTH_64_OPT.OBJ/nsinstall -R -m 775 Linux6.6_x86_64_cc_glibc_PTH_64_OPT.OBJ/httpserv ../../../dist/Linux6.6_x86_64_cc_glibc_PTH_64_OPT.OBJ/bin
make[3]: Leaving directory '/home/ffortier/code/perso/nss/cmd/httpserv'
make[3]: Entering directory '/home/ffortier/code/perso/nss/cmd/listsuites'
cc -o Linux6.6_x86_64_cc_glibc_PTH_64_OPT.OBJ/listsuites.o -c -std=c99 -O2 -fPIC  -m64 -pipe -ffunction-sections -fdata-sections -DHAVE_STRERROR -DLINUX -Dlinux -Wall -Wshadow -Werror -DXP_UNIX -DXP_UNIX -UDEBUG -DNDEBUG -D_DEFAULT_SOURCE -D_BSD_SOURCE -D_POSIX_SOURCE -DSDB_MEASURE_USE_TEMP_DIR -D_REENTRANT -UDEBUG -DNDEBUG -D_DEFAULT_SOURCE -D_BSD_SOURCE -D_POSIX_SOURCE -DSDB_MEASURE_USE_TEMP_DIR -D_REENTRANT -DNSS_DISABLE_SSE3 -DNSS_NO_INIT_SUPPORT -DUSE_UTIL_DIRECTLY -DNO_NSPR_10_SUPPORT -DSSL_DISABLE_DEPRECATED_CIPHER_SUITE_NAMES -I/home/ffortier/code/perso/nss/../nspr/dist/include/nspr -I../../../dist/Linux6.6_x86_64_cc_glibc_PTH_64_OPT.OBJ/include -I../../../dist/public/nss -I../../../dist/private/nss -I../../../dist/public/seccmd  listsuites.c
rm -f Linux6.6_x86_64_cc_glibc_PTH_64_OPT.OBJ/listsuites
cc -o Linux6.6_x86_64_cc_glibc_PTH_64_OPT.OBJ/listsuites -O2 -fPIC  -m64 -pipe -ffunction-sections -fdata-sections -DHAVE_STRERROR -DLINUX -Dlinux -Wall -Wshadow -Werror -DXP_UNIX -DXP_UNIX -UDEBUG -DNDEBUG -D_DEFAULT_SOURCE -D_BSD_SOURCE -D_POSIX_SOURCE -DSDB_MEASURE_USE_TEMP_DIR -D_REENTRANT -UDEBUG -DNDEBUG -D_DEFAULT_SOURCE -D_BSD_SOURCE -D_POSIX_SOURCE -DSDB_MEASURE_USE_TEMP_DIR -D_REENTRANT -DNSS_DISABLE_SSE3 -DNSS_NO_INIT_SUPPORT -DUSE_UTIL_DIRECTLY -DNO_NSPR_10_SUPPORT -DSSL_DISABLE_DEPRECATED_CIPHER_SUITE_NAMES -I/home/ffortier/code/perso/nss/../nspr/dist/include/nspr -I../../../dist/Linux6.6_x86_64_cc_glibc_PTH_64_OPT.OBJ/include -I../../../dist/public/nss -I../../../dist/private/nss -I../../../dist/public/seccmd  Linux6.6_x86_64_cc_glibc_PTH_64_OPT.OBJ/listsuites.o -m64 -z noexecstack -m64 -z noexecstack ../../../dist/Linux6.6_x86_64_cc_glibc_PTH_64_OPT.OBJ/lib/libsectool.a  -L../../../dist/Linux6.6_x86_64_cc_glibc_PTH_64_OPT.OBJ/lib -L../../../dist/Linux6.6_x86_64_cc_glibc_PTH_64_OPT.OBJ/lib -lnssutil3 -L/home/ffortier/code/perso/nss/../nspr/dist -lplc4 -lplds4 -lnspr4  -lssl3 -lsmime3 -lnss3 -lpthread  -ldl -lc
../../coreconf/nsinstall/Linux6.6_x86_64_cc_glibc_PTH_64_OPT.OBJ/nsinstall -R -m 775 Linux6.6_x86_64_cc_glibc_PTH_64_OPT.OBJ/listsuites ../../../dist/Linux6.6_x86_64_cc_glibc_PTH_64_OPT.OBJ/bin
make[3]: Leaving directory '/home/ffortier/code/perso/nss/cmd/listsuites'
make[3]: Entering directory '/home/ffortier/code/perso/nss/cmd/makepqg'
cc -o Linux6.6_x86_64_cc_glibc_PTH_64_OPT.OBJ/makepqg.o -c -std=c99 -O2 -fPIC  -m64 -pipe -ffunction-sections -fdata-sections -DHAVE_STRERROR -DLINUX -Dlinux -Wall -Wshadow -Werror -DXP_UNIX -DXP_UNIX -UDEBUG -DNDEBUG -D_DEFAULT_SOURCE -D_BSD_SOURCE -D_POSIX_SOURCE -DSDB_MEASURE_USE_TEMP_DIR -D_REENTRANT -UDEBUG -DNDEBUG -D_DEFAULT_SOURCE -D_BSD_SOURCE -D_POSIX_SOURCE -DSDB_MEASURE_USE_TEMP_DIR -D_REENTRANT -DNSS_DISABLE_SSE3 -DNSS_NO_INIT_SUPPORT -DUSE_UTIL_DIRECTLY -DNO_NSPR_10_SUPPORT -DSSL_DISABLE_DEPRECATED_CIPHER_SUITE_NAMES -I/home/ffortier/code/perso/nss/../nspr/dist/include/nspr -I../../../dist/Linux6.6_x86_64_cc_glibc_PTH_64_OPT.OBJ/include -I../../../dist/public/nss -I../../../dist/private/nss -I../../../dist/public/dbm  makepqg.c
rm -f Linux6.6_x86_64_cc_glibc_PTH_64_OPT.OBJ/makepqg
cc -o Linux6.6_x86_64_cc_glibc_PTH_64_OPT.OBJ/makepqg -O2 -fPIC  -m64 -pipe -ffunction-sections -fdata-sections -DHAVE_STRERROR -DLINUX -Dlinux -Wall -Wshadow -Werror -DXP_UNIX -DXP_UNIX -UDEBUG -DNDEBUG -D_DEFAULT_SOURCE -D_BSD_SOURCE -D_POSIX_SOURCE -DSDB_MEASURE_USE_TEMP_DIR -D_REENTRANT -UDEBUG -DNDEBUG -D_DEFAULT_SOURCE -D_BSD_SOURCE -D_POSIX_SOURCE -DSDB_MEASURE_USE_TEMP_DIR -D_REENTRANT -DNSS_DISABLE_SSE3 -DNSS_NO_INIT_SUPPORT -DUSE_UTIL_DIRECTLY -DNO_NSPR_10_SUPPORT -DSSL_DISABLE_DEPRECATED_CIPHER_SUITE_NAMES -I/home/ffortier/code/perso/nss/../nspr/dist/include/nspr -I../../../dist/Linux6.6_x86_64_cc_glibc_PTH_64_OPT.OBJ/include -I../../../dist/public/nss -I../../../dist/private/nss -I../../../dist/public/dbm  Linux6.6_x86_64_cc_glibc_PTH_64_OPT.OBJ/makepqg.o -m64 -z noexecstack -m64 -z noexecstack ../../../dist/Linux6.6_x86_64_cc_glibc_PTH_64_OPT.OBJ/lib/libsectool.a  -L../../../dist/Linux6.6_x86_64_cc_glibc_PTH_64_OPT.OBJ/lib -L../../../dist/Linux6.6_x86_64_cc_glibc_PTH_64_OPT.OBJ/lib -lnssutil3 -L/home/ffortier/code/perso/nss/../nspr/dist -lplc4 -lplds4 -lnspr4  -lssl3 -lsmime3 -lnss3 -lpthread  -ldl -lc
../../coreconf/nsinstall/Linux6.6_x86_64_cc_glibc_PTH_64_OPT.OBJ/nsinstall -R -m 775 Linux6.6_x86_64_cc_glibc_PTH_64_OPT.OBJ/makepqg ../../../dist/Linux6.6_x86_64_cc_glibc_PTH_64_OPT.OBJ/bin
make[3]: Leaving directory '/home/ffortier/code/perso/nss/cmd/makepqg'
make[3]: Entering directory '/home/ffortier/code/perso/nss/cmd/multinit'
cc -o Linux6.6_x86_64_cc_glibc_PTH_64_OPT.OBJ/multinit.o -c -std=c99 -O2 -fPIC  -m64 -pipe -ffunction-sections -fdata-sections -DHAVE_STRERROR -DLINUX -Dlinux -Wall -Wshadow -Werror -DXP_UNIX -DXP_UNIX -UDEBUG -DNDEBUG -D_DEFAULT_SOURCE -D_BSD_SOURCE -D_POSIX_SOURCE -DSDB_MEASURE_USE_TEMP_DIR -D_REENTRANT -UDEBUG -DNDEBUG -D_DEFAULT_SOURCE -D_BSD_SOURCE -D_POSIX_SOURCE -DSDB_MEASURE_USE_TEMP_DIR -D_REENTRANT -DNSS_DISABLE_SSE3 -DNSS_NO_INIT_SUPPORT -DUSE_UTIL_DIRECTLY -DNO_NSPR_10_SUPPORT -DSSL_DISABLE_DEPRECATED_CIPHER_SUITE_NAMES -I/home/ffortier/code/perso/nss/../nspr/dist/include/nspr -I../../../dist/Linux6.6_x86_64_cc_glibc_PTH_64_OPT.OBJ/include -I../../../dist/public/nss  -I../../../dist/private/nss   multinit.c
rm -f Linux6.6_x86_64_cc_glibc_PTH_64_OPT.OBJ/multinit
cc -o Linux6.6_x86_64_cc_glibc_PTH_64_OPT.OBJ/multinit -O2 -fPIC  -m64 -pipe -ffunction-sections -fdata-sections -DHAVE_STRERROR -DLINUX -Dlinux -Wall -Wshadow -Werror -DXP_UNIX -DXP_UNIX -UDEBUG -DNDEBUG -D_DEFAULT_SOURCE -D_BSD_SOURCE -D_POSIX_SOURCE -DSDB_MEASURE_USE_TEMP_DIR -D_REENTRANT -UDEBUG -DNDEBUG -D_DEFAULT_SOURCE -D_BSD_SOURCE -D_POSIX_SOURCE -DSDB_MEASURE_USE_TEMP_DIR -D_REENTRANT -DNSS_DISABLE_SSE3 -DNSS_NO_INIT_SUPPORT -DUSE_UTIL_DIRECTLY -DNO_NSPR_10_SUPPORT -DSSL_DISABLE_DEPRECATED_CIPHER_SUITE_NAMES -I/home/ffortier/code/perso/nss/../nspr/dist/include/nspr -I../../../dist/Linux6.6_x86_64_cc_glibc_PTH_64_OPT.OBJ/include -I../../../dist/public/nss  -I../../../dist/private/nss   Linux6.6_x86_64_cc_glibc_PTH_64_OPT.OBJ/multinit.o -m64 -z noexecstack -m64 -z noexecstack ../../../dist/Linux6.6_x86_64_cc_glibc_PTH_64_OPT.OBJ/lib/libsectool.a  -L../../../dist/Linux6.6_x86_64_cc_glibc_PTH_64_OPT.OBJ/lib -L../../../dist/Linux6.6_x86_64_cc_glibc_PTH_64_OPT.OBJ/lib -lnssutil3 -L/home/ffortier/code/perso/nss/../nspr/dist -lplc4 -lplds4 -lnspr4  -lssl3 -lsmime3 -lnss3 -lpthread  -ldl -lc
../../coreconf/nsinstall/Linux6.6_x86_64_cc_glibc_PTH_64_OPT.OBJ/nsinstall -R -m 775 Linux6.6_x86_64_cc_glibc_PTH_64_OPT.OBJ/multinit ../../../dist/Linux6.6_x86_64_cc_glibc_PTH_64_OPT.OBJ/bin
make[3]: Leaving directory '/home/ffortier/code/perso/nss/cmd/multinit'
make[3]: Entering directory '/home/ffortier/code/perso/nss/cmd/nss-policy-check'
cc -o Linux6.6_x86_64_cc_glibc_PTH_64_OPT.OBJ/nss-policy-check.o -c -std=c99 -O2 -fPIC  -m64 -pipe -ffunction-sections -fdata-sections -DHAVE_STRERROR -DLINUX -Dlinux -Wall -Wshadow -Werror -DXP_UNIX -DXP_UNIX -UDEBUG -DNDEBUG -D_DEFAULT_SOURCE -D_BSD_SOURCE -D_POSIX_SOURCE -DSDB_MEASURE_USE_TEMP_DIR -D_REENTRANT -UDEBUG -DNDEBUG -D_DEFAULT_SOURCE -D_BSD_SOURCE -D_POSIX_SOURCE -DSDB_MEASURE_USE_TEMP_DIR -D_REENTRANT -DNSS_DISABLE_SSE3 -DNSS_NO_INIT_SUPPORT -DUSE_UTIL_DIRECTLY -DNO_NSPR_10_SUPPORT -DSSL_DISABLE_DEPRECATED_CIPHER_SUITE_NAMES -I/home/ffortier/code/perso/nss/../nspr/dist/include/nspr -I../../../dist/Linux6.6_x86_64_cc_glibc_PTH_64_OPT.OBJ/include -I../../../dist/public/nss -I../../../dist/private/nss -I../../../dist/public/seccmd  nss-policy-check.c
rm -f Linux6.6_x86_64_cc_glibc_PTH_64_OPT.OBJ/nss-policy-check
cc -o Linux6.6_x86_64_cc_glibc_PTH_64_OPT.OBJ/nss-policy-check -O2 -fPIC  -m64 -pipe -ffunction-sections -fdata-sections -DHAVE_STRERROR -DLINUX -Dlinux -Wall -Wshadow -Werror -DXP_UNIX -DXP_UNIX -UDEBUG -DNDEBUG -D_DEFAULT_SOURCE -D_BSD_SOURCE -D_POSIX_SOURCE -DSDB_MEASURE_USE_TEMP_DIR -D_REENTRANT -UDEBUG -DNDEBUG -D_DEFAULT_SOURCE -D_BSD_SOURCE -D_POSIX_SOURCE -DSDB_MEASURE_USE_TEMP_DIR -D_REENTRANT -DNSS_DISABLE_SSE3 -DNSS_NO_INIT_SUPPORT -DUSE_UTIL_DIRECTLY -DNO_NSPR_10_SUPPORT -DSSL_DISABLE_DEPRECATED_CIPHER_SUITE_NAMES -I/home/ffortier/code/perso/nss/../nspr/dist/include/nspr -I../../../dist/Linux6.6_x86_64_cc_glibc_PTH_64_OPT.OBJ/include -I../../../dist/public/nss -I../../../dist/private/nss -I../../../dist/public/seccmd  Linux6.6_x86_64_cc_glibc_PTH_64_OPT.OBJ/nss-policy-check.o -m64 -z noexecstack -m64 -z noexecstack ../../../dist/Linux6.6_x86_64_cc_glibc_PTH_64_OPT.OBJ/lib/libsectool.a  -L../../../dist/Linux6.6_x86_64_cc_glibc_PTH_64_OPT.OBJ/lib -L../../../dist/Linux6.6_x86_64_cc_glibc_PTH_64_OPT.OBJ/lib -lnssutil3 -L/home/ffortier/code/perso/nss/../nspr/dist -lplc4 -lplds4 -lnspr4  -lssl3 -lsmime3 -lnss3 -lpthread  -ldl -lc
../../coreconf/nsinstall/Linux6.6_x86_64_cc_glibc_PTH_64_OPT.OBJ/nsinstall -R -m 775 Linux6.6_x86_64_cc_glibc_PTH_64_OPT.OBJ/nss-policy-check ../../../dist/Linux6.6_x86_64_cc_glibc_PTH_64_OPT.OBJ/bin
make[3]: Leaving directory '/home/ffortier/code/perso/nss/cmd/nss-policy-check'
make[3]: Entering directory '/home/ffortier/code/perso/nss/cmd/nssdefaults'
cc -o Linux6.6_x86_64_cc_glibc_PTH_64_OPT.OBJ/nssdefaults.o -c -std=c99 -O2 -fPIC  -m64 -pipe -ffunction-sections -fdata-sections -DHAVE_STRERROR -DLINUX -Dlinux -Wall -Wshadow -Werror -DXP_UNIX -DXP_UNIX -DNSPR20 -UDEBUG -DNDEBUG -D_DEFAULT_SOURCE -D_BSD_SOURCE -D_POSIX_SOURCE -DSDB_MEASURE_USE_TEMP_DIR -D_REENTRANT -UDEBUG -DNDEBUG -D_DEFAULT_SOURCE -D_BSD_SOURCE -D_POSIX_SOURCE -DSDB_MEASURE_USE_TEMP_DIR -D_REENTRANT -DNSS_DISABLE_SSE3 -DNSS_NO_INIT_SUPPORT -DUSE_UTIL_DIRECTLY -DNO_NSPR_10_SUPPORT -DSSL_DISABLE_DEPRECATED_CIPHER_SUITE_NAMES -I/home/ffortier/code/perso/nss/../nspr/dist/include/nspr -I../../../dist/Linux6.6_x86_64_cc_glibc_PTH_64_OPT.OBJ/include -I../../../dist/public/nss -I../../../dist/private/nss -I../../../dist/public/seccmd  nssdefaults.c
rm -f Linux6.6_x86_64_cc_glibc_PTH_64_OPT.OBJ/nssdefaults
cc -o Linux6.6_x86_64_cc_glibc_PTH_64_OPT.OBJ/nssdefaults -O2 -fPIC  -m64 -pipe -ffunction-sections -fdata-sections -DHAVE_STRERROR -DLINUX -Dlinux -Wall -Wshadow -Werror -DXP_UNIX -DXP_UNIX -DNSPR20 -UDEBUG -DNDEBUG -D_DEFAULT_SOURCE -D_BSD_SOURCE -D_POSIX_SOURCE -DSDB_MEASURE_USE_TEMP_DIR -D_REENTRANT -UDEBUG -DNDEBUG -D_DEFAULT_SOURCE -D_BSD_SOURCE -D_POSIX_SOURCE -DSDB_MEASURE_USE_TEMP_DIR -D_REENTRANT -DNSS_DISABLE_SSE3 -DNSS_NO_INIT_SUPPORT -DUSE_UTIL_DIRECTLY -DNO_NSPR_10_SUPPORT -DSSL_DISABLE_DEPRECATED_CIPHER_SUITE_NAMES -I/home/ffortier/code/perso/nss/../nspr/dist/include/nspr -I../../../dist/Linux6.6_x86_64_cc_glibc_PTH_64_OPT.OBJ/include -I../../../dist/public/nss -I../../../dist/private/nss -I../../../dist/public/seccmd  Linux6.6_x86_64_cc_glibc_PTH_64_OPT.OBJ/nssdefaults.o -m64 -z noexecstack -m64 -z noexecstack ../../../dist/Linux6.6_x86_64_cc_glibc_PTH_64_OPT.OBJ/lib/libsectool.a  -L../../../dist/Linux6.6_x86_64_cc_glibc_PTH_64_OPT.OBJ/lib -L../../../dist/Linux6.6_x86_64_cc_glibc_PTH_64_OPT.OBJ/lib -lnssutil3 -L/home/ffortier/code/perso/nss/../nspr/dist -lplc4 -lplds4 -lnspr4  -lssl3 -lsmime3 -lnss3 -lpthread  -ldl -lc
../../coreconf/nsinstall/Linux6.6_x86_64_cc_glibc_PTH_64_OPT.OBJ/nsinstall -R -m 775 Linux6.6_x86_64_cc_glibc_PTH_64_OPT.OBJ/nssdefaults ../../../dist/Linux6.6_x86_64_cc_glibc_PTH_64_OPT.OBJ/bin
make[3]: Leaving directory '/home/ffortier/code/perso/nss/cmd/nssdefaults'
make[3]: Entering directory '/home/ffortier/code/perso/nss/cmd/ocspclnt'
cc -o Linux6.6_x86_64_cc_glibc_PTH_64_OPT.OBJ/ocspclnt.o -c -std=c99 -O2 -fPIC  -m64 -pipe -ffunction-sections -fdata-sections -DHAVE_STRERROR -DLINUX -Dlinux -Wall -Wshadow -Werror -DXP_UNIX -DXP_UNIX -UDEBUG -DNDEBUG -D_DEFAULT_SOURCE -D_BSD_SOURCE -D_POSIX_SOURCE -DSDB_MEASURE_USE_TEMP_DIR -D_REENTRANT -UDEBUG -DNDEBUG -D_DEFAULT_SOURCE -D_BSD_SOURCE -D_POSIX_SOURCE -DSDB_MEASURE_USE_TEMP_DIR -D_REENTRANT -DNSS_DISABLE_SSE3 -DNSS_NO_INIT_SUPPORT -DUSE_UTIL_DIRECTLY -DNO_NSPR_10_SUPPORT -DSSL_DISABLE_DEPRECATED_CIPHER_SUITE_NAMES -I/home/ffortier/code/perso/nss/../nspr/dist/include/nspr -I../../../dist/Linux6.6_x86_64_cc_glibc_PTH_64_OPT.OBJ/include -I../../../dist/public/nss -I../../../dist/private/nss -I../../../dist/public/dbm -I../../../dist/public/seccmd  ocspclnt.c
rm -f Linux6.6_x86_64_cc_glibc_PTH_64_OPT.OBJ/ocspclnt
cc -o Linux6.6_x86_64_cc_glibc_PTH_64_OPT.OBJ/ocspclnt -O2 -fPIC  -m64 -pipe -ffunction-sections -fdata-sections -DHAVE_STRERROR -DLINUX -Dlinux -Wall -Wshadow -Werror -DXP_UNIX -DXP_UNIX -UDEBUG -DNDEBUG -D_DEFAULT_SOURCE -D_BSD_SOURCE -D_POSIX_SOURCE -DSDB_MEASURE_USE_TEMP_DIR -D_REENTRANT -UDEBUG -DNDEBUG -D_DEFAULT_SOURCE -D_BSD_SOURCE -D_POSIX_SOURCE -DSDB_MEASURE_USE_TEMP_DIR -D_REENTRANT -DNSS_DISABLE_SSE3 -DNSS_NO_INIT_SUPPORT -DUSE_UTIL_DIRECTLY -DNO_NSPR_10_SUPPORT -DSSL_DISABLE_DEPRECATED_CIPHER_SUITE_NAMES -I/home/ffortier/code/perso/nss/../nspr/dist/include/nspr -I../../../dist/Linux6.6_x86_64_cc_glibc_PTH_64_OPT.OBJ/include -I../../../dist/public/nss -I../../../dist/private/nss -I../../../dist/public/dbm -I../../../dist/public/seccmd  Linux6.6_x86_64_cc_glibc_PTH_64_OPT.OBJ/ocspclnt.o -m64 -z noexecstack -m64 -z noexecstack ../../../dist/Linux6.6_x86_64_cc_glibc_PTH_64_OPT.OBJ/lib/libsectool.a  -L../../../dist/Linux6.6_x86_64_cc_glibc_PTH_64_OPT.OBJ/lib -L../../../dist/Linux6.6_x86_64_cc_glibc_PTH_64_OPT.OBJ/lib -lnssutil3 -L/home/ffortier/code/perso/nss/../nspr/dist -lplc4 -lplds4 -lnspr4  -lssl3 -lsmime3 -lnss3 -lpthread  -ldl -lc
../../coreconf/nsinstall/Linux6.6_x86_64_cc_glibc_PTH_64_OPT.OBJ/nsinstall -R -m 775 Linux6.6_x86_64_cc_glibc_PTH_64_OPT.OBJ/ocspclnt ../../../dist/Linux6.6_x86_64_cc_glibc_PTH_64_OPT.OBJ/bin
make[3]: Leaving directory '/home/ffortier/code/perso/nss/cmd/ocspclnt'
make[3]: Entering directory '/home/ffortier/code/perso/nss/cmd/ocspresp'
cc -o Linux6.6_x86_64_cc_glibc_PTH_64_OPT.OBJ/ocspresp.o -c -std=c99 -O2 -fPIC  -m64 -pipe -ffunction-sections -fdata-sections -DHAVE_STRERROR -DLINUX -Dlinux -Wall -Wshadow -Werror -DXP_UNIX -DXP_UNIX -UDEBUG -DNDEBUG -D_DEFAULT_SOURCE -D_BSD_SOURCE -D_POSIX_SOURCE -DSDB_MEASURE_USE_TEMP_DIR -D_REENTRANT -UDEBUG -DNDEBUG -D_DEFAULT_SOURCE -D_BSD_SOURCE -D_POSIX_SOURCE -DSDB_MEASURE_USE_TEMP_DIR -D_REENTRANT -DNSS_DISABLE_SSE3 -DNSS_NO_INIT_SUPPORT -DUSE_UTIL_DIRECTLY -DNO_NSPR_10_SUPPORT -DSSL_DISABLE_DEPRECATED_CIPHER_SUITE_NAMES -I/home/ffortier/code/perso/nss/../nspr/dist/include/nspr -I../../../dist/Linux6.6_x86_64_cc_glibc_PTH_64_OPT.OBJ/include -I../../../dist/public/nss -I../../../dist/private/nss -I../../../dist/public/seccmd  ocspresp.c
rm -f Linux6.6_x86_64_cc_glibc_PTH_64_OPT.OBJ/ocspresp
cc -o Linux6.6_x86_64_cc_glibc_PTH_64_OPT.OBJ/ocspresp -O2 -fPIC  -m64 -pipe -ffunction-sections -fdata-sections -DHAVE_STRERROR -DLINUX -Dlinux -Wall -Wshadow -Werror -DXP_UNIX -DXP_UNIX -UDEBUG -DNDEBUG -D_DEFAULT_SOURCE -D_BSD_SOURCE -D_POSIX_SOURCE -DSDB_MEASURE_USE_TEMP_DIR -D_REENTRANT -UDEBUG -DNDEBUG -D_DEFAULT_SOURCE -D_BSD_SOURCE -D_POSIX_SOURCE -DSDB_MEASURE_USE_TEMP_DIR -D_REENTRANT -DNSS_DISABLE_SSE3 -DNSS_NO_INIT_SUPPORT -DUSE_UTIL_DIRECTLY -DNO_NSPR_10_SUPPORT -DSSL_DISABLE_DEPRECATED_CIPHER_SUITE_NAMES -I/home/ffortier/code/perso/nss/../nspr/dist/include/nspr -I../../../dist/Linux6.6_x86_64_cc_glibc_PTH_64_OPT.OBJ/include -I../../../dist/public/nss -I../../../dist/private/nss -I../../../dist/public/seccmd  Linux6.6_x86_64_cc_glibc_PTH_64_OPT.OBJ/ocspresp.o -m64 -z noexecstack -m64 -z noexecstack ../../../dist/Linux6.6_x86_64_cc_glibc_PTH_64_OPT.OBJ/lib/libsectool.a  -L../../../dist/Linux6.6_x86_64_cc_glibc_PTH_64_OPT.OBJ/lib -L../../../dist/Linux6.6_x86_64_cc_glibc_PTH_64_OPT.OBJ/lib -lnssutil3 -L/home/ffortier/code/perso/nss/../nspr/dist -lplc4 -lplds4 -lnspr4  -lssl3 -lsmime3 -lnss3 -lpthread  -ldl -lc
../../coreconf/nsinstall/Linux6.6_x86_64_cc_glibc_PTH_64_OPT.OBJ/nsinstall -R -m 775 Linux6.6_x86_64_cc_glibc_PTH_64_OPT.OBJ/ocspresp ../../../dist/Linux6.6_x86_64_cc_glibc_PTH_64_OPT.OBJ/bin
make[3]: Leaving directory '/home/ffortier/code/perso/nss/cmd/ocspresp'
make[3]: Entering directory '/home/ffortier/code/perso/nss/cmd/oidcalc'
cc -o Linux6.6_x86_64_cc_glibc_PTH_64_OPT.OBJ/oidcalc.o -c -std=c99 -O2 -fPIC  -m64 -pipe -ffunction-sections -fdata-sections -DHAVE_STRERROR -DLINUX -Dlinux -Wall -Wshadow -Werror -DXP_UNIX -DXP_UNIX -DNSPR20 -UDEBUG -DNDEBUG -D_DEFAULT_SOURCE -D_BSD_SOURCE -D_POSIX_SOURCE -DSDB_MEASURE_USE_TEMP_DIR -D_REENTRANT -UDEBUG -DNDEBUG -D_DEFAULT_SOURCE -D_BSD_SOURCE -D_POSIX_SOURCE -DSDB_MEASURE_USE_TEMP_DIR -D_REENTRANT -DNSS_DISABLE_SSE3 -DNSS_NO_INIT_SUPPORT -DUSE_UTIL_DIRECTLY -DNO_NSPR_10_SUPPORT -DSSL_DISABLE_DEPRECATED_CIPHER_SUITE_NAMES -I/home/ffortier/code/perso/nss/../nspr/dist/include/nspr -I../../../dist/Linux6.6_x86_64_cc_glibc_PTH_64_OPT.OBJ/include -I../../../dist/public/nss  -I../../../dist/private/nss  -I../../../dist/public/seccmd -I../../../dist/public/dbm  oidcalc.c
rm -f Linux6.6_x86_64_cc_glibc_PTH_64_OPT.OBJ/oidcalc
cc -o Linux6.6_x86_64_cc_glibc_PTH_64_OPT.OBJ/oidcalc -O2 -fPIC  -m64 -pipe -ffunction-sections -fdata-sections -DHAVE_STRERROR -DLINUX -Dlinux -Wall -Wshadow -Werror -DXP_UNIX -DXP_UNIX -DNSPR20 -UDEBUG -DNDEBUG -D_DEFAULT_SOURCE -D_BSD_SOURCE -D_POSIX_SOURCE -DSDB_MEASURE_USE_TEMP_DIR -D_REENTRANT -UDEBUG -DNDEBUG -D_DEFAULT_SOURCE -D_BSD_SOURCE -D_POSIX_SOURCE -DSDB_MEASURE_USE_TEMP_DIR -D_REENTRANT -DNSS_DISABLE_SSE3 -DNSS_NO_INIT_SUPPORT -DUSE_UTIL_DIRECTLY -DNO_NSPR_10_SUPPORT -DSSL_DISABLE_DEPRECATED_CIPHER_SUITE_NAMES -I/home/ffortier/code/perso/nss/../nspr/dist/include/nspr -I../../../dist/Linux6.6_x86_64_cc_glibc_PTH_64_OPT.OBJ/include -I../../../dist/public/nss  -I../../../dist/private/nss  -I../../../dist/public/seccmd -I../../../dist/public/dbm  Linux6.6_x86_64_cc_glibc_PTH_64_OPT.OBJ/oidcalc.o -m64 -z noexecstack -m64 -z noexecstack ../../../dist/Linux6.6_x86_64_cc_glibc_PTH_64_OPT.OBJ/lib/libsectool.a  -L../../../dist/Linux6.6_x86_64_cc_glibc_PTH_64_OPT.OBJ/lib -L../../../dist/Linux6.6_x86_64_cc_glibc_PTH_64_OPT.OBJ/lib -lnssutil3 -L/home/ffortier/code/perso/nss/../nspr/dist -lplc4 -lplds4 -lnspr4  -lssl3 -lsmime3 -lnss3 -lpthread  -ldl -lc
../../coreconf/nsinstall/Linux6.6_x86_64_cc_glibc_PTH_64_OPT.OBJ/nsinstall -R -m 775 Linux6.6_x86_64_cc_glibc_PTH_64_OPT.OBJ/oidcalc ../../../dist/Linux6.6_x86_64_cc_glibc_PTH_64_OPT.OBJ/bin
make[3]: Leaving directory '/home/ffortier/code/perso/nss/cmd/oidcalc'
make[3]: Entering directory '/home/ffortier/code/perso/nss/cmd/p7content'
cc -o Linux6.6_x86_64_cc_glibc_PTH_64_OPT.OBJ/p7content.o -c -std=c99 -O2 -fPIC  -m64 -pipe -ffunction-sections -fdata-sections -DHAVE_STRERROR -DLINUX -Dlinux -Wall -Wshadow -Werror -DXP_UNIX -DXP_UNIX -UDEBUG -DNDEBUG -D_DEFAULT_SOURCE -D_BSD_SOURCE -D_POSIX_SOURCE -DSDB_MEASURE_USE_TEMP_DIR -D_REENTRANT -UDEBUG -DNDEBUG -D_DEFAULT_SOURCE -D_BSD_SOURCE -D_POSIX_SOURCE -DSDB_MEASURE_USE_TEMP_DIR -D_REENTRANT -DNSS_DISABLE_SSE3 -DNSS_NO_INIT_SUPPORT -DUSE_UTIL_DIRECTLY -DNO_NSPR_10_SUPPORT -DSSL_DISABLE_DEPRECATED_CIPHER_SUITE_NAMES -I/home/ffortier/code/perso/nss/../nspr/dist/include/nspr -I../../../dist/Linux6.6_x86_64_cc_glibc_PTH_64_OPT.OBJ/include -I../../../dist/public/nss -I../../../dist/private/nss -I../../../dist/public/seccmd  p7content.c
rm -f Linux6.6_x86_64_cc_glibc_PTH_64_OPT.OBJ/p7content
cc -o Linux6.6_x86_64_cc_glibc_PTH_64_OPT.OBJ/p7content -O2 -fPIC  -m64 -pipe -ffunction-sections -fdata-sections -DHAVE_STRERROR -DLINUX -Dlinux -Wall -Wshadow -Werror -DXP_UNIX -DXP_UNIX -UDEBUG -DNDEBUG -D_DEFAULT_SOURCE -D_BSD_SOURCE -D_POSIX_SOURCE -DSDB_MEASURE_USE_TEMP_DIR -D_REENTRANT -UDEBUG -DNDEBUG -D_DEFAULT_SOURCE -D_BSD_SOURCE -D_POSIX_SOURCE -DSDB_MEASURE_USE_TEMP_DIR -D_REENTRANT -DNSS_DISABLE_SSE3 -DNSS_NO_INIT_SUPPORT -DUSE_UTIL_DIRECTLY -DNO_NSPR_10_SUPPORT -DSSL_DISABLE_DEPRECATED_CIPHER_SUITE_NAMES -I/home/ffortier/code/perso/nss/../nspr/dist/include/nspr -I../../../dist/Linux6.6_x86_64_cc_glibc_PTH_64_OPT.OBJ/include -I../../../dist/public/nss -I../../../dist/private/nss -I../../../dist/public/seccmd  Linux6.6_x86_64_cc_glibc_PTH_64_OPT.OBJ/p7content.o -m64 -z noexecstack -m64 -z noexecstack ../../../dist/Linux6.6_x86_64_cc_glibc_PTH_64_OPT.OBJ/lib/libsectool.a  -L../../../dist/Linux6.6_x86_64_cc_glibc_PTH_64_OPT.OBJ/lib -L../../../dist/Linux6.6_x86_64_cc_glibc_PTH_64_OPT.OBJ/lib -lnssutil3 -L/home/ffortier/code/perso/nss/../nspr/dist -lplc4 -lplds4 -lnspr4  -lssl3 -lsmime3 -lnss3 -lpthread  -ldl -lc
../../coreconf/nsinstall/Linux6.6_x86_64_cc_glibc_PTH_64_OPT.OBJ/nsinstall -R -m 775 Linux6.6_x86_64_cc_glibc_PTH_64_OPT.OBJ/p7content ../../../dist/Linux6.6_x86_64_cc_glibc_PTH_64_OPT.OBJ/bin
make[3]: Leaving directory '/home/ffortier/code/perso/nss/cmd/p7content'
make[3]: Entering directory '/home/ffortier/code/perso/nss/cmd/p7env'
cc -o Linux6.6_x86_64_cc_glibc_PTH_64_OPT.OBJ/p7env.o -c -std=c99 -O2 -fPIC  -m64 -pipe -ffunction-sections -fdata-sections -DHAVE_STRERROR -DLINUX -Dlinux -Wall -Wshadow -Werror -DXP_UNIX -DXP_UNIX -UDEBUG -DNDEBUG -D_DEFAULT_SOURCE -D_BSD_SOURCE -D_POSIX_SOURCE -DSDB_MEASURE_USE_TEMP_DIR -D_REENTRANT -UDEBUG -DNDEBUG -D_DEFAULT_SOURCE -D_BSD_SOURCE -D_POSIX_SOURCE -DSDB_MEASURE_USE_TEMP_DIR -D_REENTRANT -DNSS_DISABLE_SSE3 -DNSS_NO_INIT_SUPPORT -DUSE_UTIL_DIRECTLY -DNO_NSPR_10_SUPPORT -DSSL_DISABLE_DEPRECATED_CIPHER_SUITE_NAMES -I/home/ffortier/code/perso/nss/../nspr/dist/include/nspr -I../../../dist/Linux6.6_x86_64_cc_glibc_PTH_64_OPT.OBJ/include -I../../../dist/public/nss -I../../../dist/private/nss -I../../../dist/public/seccmd  p7env.c
rm -f Linux6.6_x86_64_cc_glibc_PTH_64_OPT.OBJ/p7env
cc -o Linux6.6_x86_64_cc_glibc_PTH_64_OPT.OBJ/p7env -O2 -fPIC  -m64 -pipe -ffunction-sections -fdata-sections -DHAVE_STRERROR -DLINUX -Dlinux -Wall -Wshadow -Werror -DXP_UNIX -DXP_UNIX -UDEBUG -DNDEBUG -D_DEFAULT_SOURCE -D_BSD_SOURCE -D_POSIX_SOURCE -DSDB_MEASURE_USE_TEMP_DIR -D_REENTRANT -UDEBUG -DNDEBUG -D_DEFAULT_SOURCE -D_BSD_SOURCE -D_POSIX_SOURCE -DSDB_MEASURE_USE_TEMP_DIR -D_REENTRANT -DNSS_DISABLE_SSE3 -DNSS_NO_INIT_SUPPORT -DUSE_UTIL_DIRECTLY -DNO_NSPR_10_SUPPORT -DSSL_DISABLE_DEPRECATED_CIPHER_SUITE_NAMES -I/home/ffortier/code/perso/nss/../nspr/dist/include/nspr -I../../../dist/Linux6.6_x86_64_cc_glibc_PTH_64_OPT.OBJ/include -I../../../dist/public/nss -I../../../dist/private/nss -I../../../dist/public/seccmd  Linux6.6_x86_64_cc_glibc_PTH_64_OPT.OBJ/p7env.o -m64 -z noexecstack -m64 -z noexecstack ../../../dist/Linux6.6_x86_64_cc_glibc_PTH_64_OPT.OBJ/lib/libsectool.a  -L../../../dist/Linux6.6_x86_64_cc_glibc_PTH_64_OPT.OBJ/lib -L../../../dist/Linux6.6_x86_64_cc_glibc_PTH_64_OPT.OBJ/lib -lnssutil3 -L/home/ffortier/code/perso/nss/../nspr/dist -lplc4 -lplds4 -lnspr4  -lssl3 -lsmime3 -lnss3 -lpthread  -ldl -lc
../../coreconf/nsinstall/Linux6.6_x86_64_cc_glibc_PTH_64_OPT.OBJ/nsinstall -R -m 775 Linux6.6_x86_64_cc_glibc_PTH_64_OPT.OBJ/p7env ../../../dist/Linux6.6_x86_64_cc_glibc_PTH_64_OPT.OBJ/bin
make[3]: Leaving directory '/home/ffortier/code/perso/nss/cmd/p7env'
make[3]: Entering directory '/home/ffortier/code/perso/nss/cmd/p7sign'
cc -o Linux6.6_x86_64_cc_glibc_PTH_64_OPT.OBJ/p7sign.o -c -std=c99 -O2 -fPIC  -m64 -pipe -ffunction-sections -fdata-sections -DHAVE_STRERROR -DLINUX -Dlinux -Wall -Wshadow -Werror -DXP_UNIX -DXP_UNIX -UDEBUG -DNDEBUG -D_DEFAULT_SOURCE -D_BSD_SOURCE -D_POSIX_SOURCE -DSDB_MEASURE_USE_TEMP_DIR -D_REENTRANT -UDEBUG -DNDEBUG -D_DEFAULT_SOURCE -D_BSD_SOURCE -D_POSIX_SOURCE -DSDB_MEASURE_USE_TEMP_DIR -D_REENTRANT -DNSS_DISABLE_SSE3 -DNSS_NO_INIT_SUPPORT -DUSE_UTIL_DIRECTLY -DNO_NSPR_10_SUPPORT -DSSL_DISABLE_DEPRECATED_CIPHER_SUITE_NAMES -I/home/ffortier/code/perso/nss/../nspr/dist/include/nspr -I../../../dist/Linux6.6_x86_64_cc_glibc_PTH_64_OPT.OBJ/include -I../../../dist/public/nss -I../../../dist/private/nss -I../../../dist/public/seccmd  p7sign.c
rm -f Linux6.6_x86_64_cc_glibc_PTH_64_OPT.OBJ/p7sign
cc -o Linux6.6_x86_64_cc_glibc_PTH_64_OPT.OBJ/p7sign -O2 -fPIC  -m64 -pipe -ffunction-sections -fdata-sections -DHAVE_STRERROR -DLINUX -Dlinux -Wall -Wshadow -Werror -DXP_UNIX -DXP_UNIX -UDEBUG -DNDEBUG -D_DEFAULT_SOURCE -D_BSD_SOURCE -D_POSIX_SOURCE -DSDB_MEASURE_USE_TEMP_DIR -D_REENTRANT -UDEBUG -DNDEBUG -D_DEFAULT_SOURCE -D_BSD_SOURCE -D_POSIX_SOURCE -DSDB_MEASURE_USE_TEMP_DIR -D_REENTRANT -DNSS_DISABLE_SSE3 -DNSS_NO_INIT_SUPPORT -DUSE_UTIL_DIRECTLY -DNO_NSPR_10_SUPPORT -DSSL_DISABLE_DEPRECATED_CIPHER_SUITE_NAMES -I/home/ffortier/code/perso/nss/../nspr/dist/include/nspr -I../../../dist/Linux6.6_x86_64_cc_glibc_PTH_64_OPT.OBJ/include -I../../../dist/public/nss -I../../../dist/private/nss -I../../../dist/public/seccmd  Linux6.6_x86_64_cc_glibc_PTH_64_OPT.OBJ/p7sign.o -m64 -z noexecstack -m64 -z noexecstack ../../../dist/Linux6.6_x86_64_cc_glibc_PTH_64_OPT.OBJ/lib/libsectool.a  -L../../../dist/Linux6.6_x86_64_cc_glibc_PTH_64_OPT.OBJ/lib -L../../../dist/Linux6.6_x86_64_cc_glibc_PTH_64_OPT.OBJ/lib -lnssutil3 -L/home/ffortier/code/perso/nss/../nspr/dist -lplc4 -lplds4 -lnspr4  -lssl3 -lsmime3 -lnss3 -lpthread  -ldl -lc
../../coreconf/nsinstall/Linux6.6_x86_64_cc_glibc_PTH_64_OPT.OBJ/nsinstall -R -m 775 Linux6.6_x86_64_cc_glibc_PTH_64_OPT.OBJ/p7sign ../../../dist/Linux6.6_x86_64_cc_glibc_PTH_64_OPT.OBJ/bin
make[3]: Leaving directory '/home/ffortier/code/perso/nss/cmd/p7sign'
make[3]: Entering directory '/home/ffortier/code/perso/nss/cmd/p7verify'
cc -o Linux6.6_x86_64_cc_glibc_PTH_64_OPT.OBJ/p7verify.o -c -std=c99 -O2 -fPIC  -m64 -pipe -ffunction-sections -fdata-sections -DHAVE_STRERROR -DLINUX -Dlinux -Wall -Wshadow -Werror -DXP_UNIX -DXP_UNIX -UDEBUG -DNDEBUG -D_DEFAULT_SOURCE -D_BSD_SOURCE -D_POSIX_SOURCE -DSDB_MEASURE_USE_TEMP_DIR -D_REENTRANT -UDEBUG -DNDEBUG -D_DEFAULT_SOURCE -D_BSD_SOURCE -D_POSIX_SOURCE -DSDB_MEASURE_USE_TEMP_DIR -D_REENTRANT -DNSS_DISABLE_SSE3 -DNSS_NO_INIT_SUPPORT -DUSE_UTIL_DIRECTLY -DNO_NSPR_10_SUPPORT -DSSL_DISABLE_DEPRECATED_CIPHER_SUITE_NAMES -I/home/ffortier/code/perso/nss/../nspr/dist/include/nspr -I../../../dist/Linux6.6_x86_64_cc_glibc_PTH_64_OPT.OBJ/include -I../../../dist/public/nss -I../../../dist/private/nss -I../../../dist/public/seccmd  p7verify.c
rm -f Linux6.6_x86_64_cc_glibc_PTH_64_OPT.OBJ/p7verify
cc -o Linux6.6_x86_64_cc_glibc_PTH_64_OPT.OBJ/p7verify -O2 -fPIC  -m64 -pipe -ffunction-sections -fdata-sections -DHAVE_STRERROR -DLINUX -Dlinux -Wall -Wshadow -Werror -DXP_UNIX -DXP_UNIX -UDEBUG -DNDEBUG -D_DEFAULT_SOURCE -D_BSD_SOURCE -D_POSIX_SOURCE -DSDB_MEASURE_USE_TEMP_DIR -D_REENTRANT -UDEBUG -DNDEBUG -D_DEFAULT_SOURCE -D_BSD_SOURCE -D_POSIX_SOURCE -DSDB_MEASURE_USE_TEMP_DIR -D_REENTRANT -DNSS_DISABLE_SSE3 -DNSS_NO_INIT_SUPPORT -DUSE_UTIL_DIRECTLY -DNO_NSPR_10_SUPPORT -DSSL_DISABLE_DEPRECATED_CIPHER_SUITE_NAMES -I/home/ffortier/code/perso/nss/../nspr/dist/include/nspr -I../../../dist/Linux6.6_x86_64_cc_glibc_PTH_64_OPT.OBJ/include -I../../../dist/public/nss -I../../../dist/private/nss -I../../../dist/public/seccmd  Linux6.6_x86_64_cc_glibc_PTH_64_OPT.OBJ/p7verify.o -m64 -z noexecstack -m64 -z noexecstack ../../../dist/Linux6.6_x86_64_cc_glibc_PTH_64_OPT.OBJ/lib/libsectool.a  -L../../../dist/Linux6.6_x86_64_cc_glibc_PTH_64_OPT.OBJ/lib -L../../../dist/Linux6.6_x86_64_cc_glibc_PTH_64_OPT.OBJ/lib -lnssutil3 -L/home/ffortier/code/perso/nss/../nspr/dist -lplc4 -lplds4 -lnspr4  -lssl3 -lsmime3 -lnss3 -lpthread  -ldl -lc
../../coreconf/nsinstall/Linux6.6_x86_64_cc_glibc_PTH_64_OPT.OBJ/nsinstall -R -m 775 Linux6.6_x86_64_cc_glibc_PTH_64_OPT.OBJ/p7verify ../../../dist/Linux6.6_x86_64_cc_glibc_PTH_64_OPT.OBJ/bin
make[3]: Leaving directory '/home/ffortier/code/perso/nss/cmd/p7verify'
make[3]: Entering directory '/home/ffortier/code/perso/nss/cmd/pk12util'
cc -o Linux6.6_x86_64_cc_glibc_PTH_64_OPT.OBJ/pk12util.o -c -std=c99 -O2 -fPIC  -m64 -pipe -ffunction-sections -fdata-sections -DHAVE_STRERROR -DLINUX -Dlinux -Wall -Wshadow -Werror -DXP_UNIX -DXP_UNIX -DNSPR20 -UDEBUG -DNDEBUG -D_DEFAULT_SOURCE -D_BSD_SOURCE -D_POSIX_SOURCE -DSDB_MEASURE_USE_TEMP_DIR -D_REENTRANT -UDEBUG -DNDEBUG -D_DEFAULT_SOURCE -D_BSD_SOURCE -D_POSIX_SOURCE -DSDB_MEASURE_USE_TEMP_DIR -D_REENTRANT -DNSS_DISABLE_SSE3 -DNSS_NO_INIT_SUPPORT -DUSE_UTIL_DIRECTLY -DNO_NSPR_10_SUPPORT -DSSL_DISABLE_DEPRECATED_CIPHER_SUITE_NAMES -I/home/ffortier/code/perso/nss/../nspr/dist/include/nspr -I../../../dist/Linux6.6_x86_64_cc_glibc_PTH_64_OPT.OBJ/include -I../../../dist/public/nss  -I../../../dist/private/nss  -I../../../dist/public/dbm -I../../../dist/public/seccmd  pk12util.c
rm -f Linux6.6_x86_64_cc_glibc_PTH_64_OPT.OBJ/pk12util
cc -o Linux6.6_x86_64_cc_glibc_PTH_64_OPT.OBJ/pk12util -O2 -fPIC  -m64 -pipe -ffunction-sections -fdata-sections -DHAVE_STRERROR -DLINUX -Dlinux -Wall -Wshadow -Werror -DXP_UNIX -DXP_UNIX -DNSPR20 -UDEBUG -DNDEBUG -D_DEFAULT_SOURCE -D_BSD_SOURCE -D_POSIX_SOURCE -DSDB_MEASURE_USE_TEMP_DIR -D_REENTRANT -UDEBUG -DNDEBUG -D_DEFAULT_SOURCE -D_BSD_SOURCE -D_POSIX_SOURCE -DSDB_MEASURE_USE_TEMP_DIR -D_REENTRANT -DNSS_DISABLE_SSE3 -DNSS_NO_INIT_SUPPORT -DUSE_UTIL_DIRECTLY -DNO_NSPR_10_SUPPORT -DSSL_DISABLE_DEPRECATED_CIPHER_SUITE_NAMES -I/home/ffortier/code/perso/nss/../nspr/dist/include/nspr -I../../../dist/Linux6.6_x86_64_cc_glibc_PTH_64_OPT.OBJ/include -I../../../dist/public/nss  -I../../../dist/private/nss  -I../../../dist/public/dbm -I../../../dist/public/seccmd  Linux6.6_x86_64_cc_glibc_PTH_64_OPT.OBJ/pk12util.o -m64 -z noexecstack -m64 -z noexecstack ../../../dist/Linux6.6_x86_64_cc_glibc_PTH_64_OPT.OBJ/lib/libsectool.a  -L../../../dist/Linux6.6_x86_64_cc_glibc_PTH_64_OPT.OBJ/lib -L../../../dist/Linux6.6_x86_64_cc_glibc_PTH_64_OPT.OBJ/lib -lnssutil3 -L/home/ffortier/code/perso/nss/../nspr/dist -lplc4 -lplds4 -lnspr4  -lssl3 -lsmime3 -lnss3 -lpthread  -ldl -lc
../../coreconf/nsinstall/Linux6.6_x86_64_cc_glibc_PTH_64_OPT.OBJ/nsinstall -R -m 775 Linux6.6_x86_64_cc_glibc_PTH_64_OPT.OBJ/pk12util ../../../dist/Linux6.6_x86_64_cc_glibc_PTH_64_OPT.OBJ/bin
make[3]: Leaving directory '/home/ffortier/code/perso/nss/cmd/pk12util'
make[3]: Entering directory '/home/ffortier/code/perso/nss/cmd/pk11importtest'
cc -o Linux6.6_x86_64_cc_glibc_PTH_64_OPT.OBJ/pk11importtest.o -c -std=c99 -O2 -fPIC  -m64 -pipe -ffunction-sections -fdata-sections -DHAVE_STRERROR -DLINUX -Dlinux -Wall -Wshadow -Werror -DXP_UNIX -DXP_UNIX -UDEBUG -DNDEBUG -D_DEFAULT_SOURCE -D_BSD_SOURCE -D_POSIX_SOURCE -DSDB_MEASURE_USE_TEMP_DIR -D_REENTRANT -UDEBUG -DNDEBUG -D_DEFAULT_SOURCE -D_BSD_SOURCE -D_POSIX_SOURCE -DSDB_MEASURE_USE_TEMP_DIR -D_REENTRANT -DNSS_DISABLE_SSE3 -DNSS_NO_INIT_SUPPORT -DUSE_UTIL_DIRECTLY -DNO_NSPR_10_SUPPORT -DSSL_DISABLE_DEPRECATED_CIPHER_SUITE_NAMES -I/home/ffortier/code/perso/nss/../nspr/dist/include/nspr -I../../../dist/Linux6.6_x86_64_cc_glibc_PTH_64_OPT.OBJ/include -I../../../dist/public/nss -I../../../dist/private/nss -I../../../dist/public/seccmd  pk11importtest.c
rm -f Linux6.6_x86_64_cc_glibc_PTH_64_OPT.OBJ/pk11importtest
cc -o Linux6.6_x86_64_cc_glibc_PTH_64_OPT.OBJ/pk11importtest -O2 -fPIC  -m64 -pipe -ffunction-sections -fdata-sections -DHAVE_STRERROR -DLINUX -Dlinux -Wall -Wshadow -Werror -DXP_UNIX -DXP_UNIX -UDEBUG -DNDEBUG -D_DEFAULT_SOURCE -D_BSD_SOURCE -D_POSIX_SOURCE -DSDB_MEASURE_USE_TEMP_DIR -D_REENTRANT -UDEBUG -DNDEBUG -D_DEFAULT_SOURCE -D_BSD_SOURCE -D_POSIX_SOURCE -DSDB_MEASURE_USE_TEMP_DIR -D_REENTRANT -DNSS_DISABLE_SSE3 -DNSS_NO_INIT_SUPPORT -DUSE_UTIL_DIRECTLY -DNO_NSPR_10_SUPPORT -DSSL_DISABLE_DEPRECATED_CIPHER_SUITE_NAMES -I/home/ffortier/code/perso/nss/../nspr/dist/include/nspr -I../../../dist/Linux6.6_x86_64_cc_glibc_PTH_64_OPT.OBJ/include -I../../../dist/public/nss -I../../../dist/private/nss -I../../../dist/public/seccmd  Linux6.6_x86_64_cc_glibc_PTH_64_OPT.OBJ/pk11importtest.o -m64 -z noexecstack -m64 -z noexecstack ../../../dist/Linux6.6_x86_64_cc_glibc_PTH_64_OPT.OBJ/lib/libsectool.a  -L../../../dist/Linux6.6_x86_64_cc_glibc_PTH_64_OPT.OBJ/lib -L../../../dist/Linux6.6_x86_64_cc_glibc_PTH_64_OPT.OBJ/lib -lnssutil3 -L/home/ffortier/code/perso/nss/../nspr/dist -lplc4 -lplds4 -lnspr4  -lssl3 -lsmime3 -lnss3 -lpthread  -ldl -lc
../../coreconf/nsinstall/Linux6.6_x86_64_cc_glibc_PTH_64_OPT.OBJ/nsinstall -R -m 775 Linux6.6_x86_64_cc_glibc_PTH_64_OPT.OBJ/pk11importtest ../../../dist/Linux6.6_x86_64_cc_glibc_PTH_64_OPT.OBJ/bin
make[3]: Leaving directory '/home/ffortier/code/perso/nss/cmd/pk11importtest'
make[3]: Entering directory '/home/ffortier/code/perso/nss/cmd/pk11ectest'
cc -o Linux6.6_x86_64_cc_glibc_PTH_64_OPT.OBJ/pk11ectest.o -c -std=c99 -O2 -fPIC  -m64 -pipe -ffunction-sections -fdata-sections -DHAVE_STRERROR -DLINUX -Dlinux -Wall -Wshadow -Werror -DXP_UNIX -DXP_UNIX -UDEBUG -DNDEBUG -D_DEFAULT_SOURCE -D_BSD_SOURCE -D_POSIX_SOURCE -DSDB_MEASURE_USE_TEMP_DIR -D_REENTRANT -UDEBUG -DNDEBUG -D_DEFAULT_SOURCE -D_BSD_SOURCE -D_POSIX_SOURCE -DSDB_MEASURE_USE_TEMP_DIR -D_REENTRANT -DNSS_DISABLE_SSE3 -DNSS_NO_INIT_SUPPORT -DUSE_UTIL_DIRECTLY -DNO_NSPR_10_SUPPORT -DSSL_DISABLE_DEPRECATED_CIPHER_SUITE_NAMES -DNSS_USE_STATIC_LIBS -I/home/ffortier/code/perso/nss/../nspr/dist/include/nspr -I../../../dist/Linux6.6_x86_64_cc_glibc_PTH_64_OPT.OBJ/include -I../../../dist/public/nss -I../../../dist/private/nss  pk11ectest.c
rm -f Linux6.6_x86_64_cc_glibc_PTH_64_OPT.OBJ/pk11ectest
cc -o Linux6.6_x86_64_cc_glibc_PTH_64_OPT.OBJ/pk11ectest -O2 -fPIC  -m64 -pipe -ffunction-sections -fdata-sections -DHAVE_STRERROR -DLINUX -Dlinux -Wall -Wshadow -Werror -DXP_UNIX -DXP_UNIX -UDEBUG -DNDEBUG -D_DEFAULT_SOURCE -D_BSD_SOURCE -D_POSIX_SOURCE -DSDB_MEASURE_USE_TEMP_DIR -D_REENTRANT -UDEBUG -DNDEBUG -D_DEFAULT_SOURCE -D_BSD_SOURCE -D_POSIX_SOURCE -DSDB_MEASURE_USE_TEMP_DIR -D_REENTRANT -DNSS_DISABLE_SSE3 -DNSS_NO_INIT_SUPPORT -DUSE_UTIL_DIRECTLY -DNO_NSPR_10_SUPPORT -DSSL_DISABLE_DEPRECATED_CIPHER_SUITE_NAMES -DNSS_USE_STATIC_LIBS -I/home/ffortier/code/perso/nss/../nspr/dist/include/nspr -I../../../dist/Linux6.6_x86_64_cc_glibc_PTH_64_OPT.OBJ/include -I../../../dist/public/nss -I../../../dist/private/nss  Linux6.6_x86_64_cc_glibc_PTH_64_OPT.OBJ/pk11ectest.o -m64 -z noexecstack -m64 -z noexecstack ../../../dist/Linux6.6_x86_64_cc_glibc_PTH_64_OPT.OBJ/lib/libsectool.a ../../../dist/Linux6.6_x86_64_cc_glibc_PTH_64_OPT.OBJ/lib/libsmime.a ../../../dist/Linux6.6_x86_64_cc_glibc_PTH_64_OPT.OBJ/lib/libssl.a ../../../dist/Linux6.6_x86_64_cc_glibc_PTH_64_OPT.OBJ/lib/libnss.a  ../../../dist/Linux6.6_x86_64_cc_glibc_PTH_64_OPT.OBJ/lib/libpkcs12.a ../../../dist/Linux6.6_x86_64_cc_glibc_PTH_64_OPT.OBJ/lib/libpkcs7.a ../../../dist/Linux6.6_x86_64_cc_glibc_PTH_64_OPT.OBJ/lib/libcerthi.a ../../../dist/Linux6.6_x86_64_cc_glibc_PTH_64_OPT.OBJ/lib/libcryptohi.a ../../../dist/Linux6.6_x86_64_cc_glibc_PTH_64_OPT.OBJ/lib/libpk11wrap.a  ../../../dist/Linux6.6_x86_64_cc_glibc_PTH_64_OPT.OBJ/lib/libsoftokn.a ../../../dist/Linux6.6_x86_64_cc_glibc_PTH_64_OPT.OBJ/lib/libcertdb.a ../../../dist/Linux6.6_x86_64_cc_glibc_PTH_64_OPT.OBJ/lib/libnsspki.a ../../../dist/Linux6.6_x86_64_cc_glibc_PTH_64_OPT.OBJ/lib/libnssdev.a ../../../dist/Linux6.6_x86_64_cc_glibc_PTH_64_OPT.OBJ/lib/libnssb.a  ../../../dist/Linux6.6_x86_64_cc_glibc_PTH_64_OPT.OBJ/lib/libfreebl.a ../../../dist/Linux6.6_x86_64_cc_glibc_PTH_64_OPT.OBJ/lib/libdbm.a  ../../../dist/Linux6.6_x86_64_cc_glibc_PTH_64_OPT.OBJ/lib/libpkixtop.a ../../../dist/Linux6.6_x86_64_cc_glibc_PTH_64_OPT.OBJ/lib/libpkixutil.a ../../../dist/Linux6.6_x86_64_cc_glibc_PTH_64_OPT.OBJ/lib/libpkixsystem.a ../../../dist/Linux6.6_x86_64_cc_glibc_PTH_64_OPT.OBJ/lib/libpkixcrlsel.a ../../../dist/Linux6.6_x86_64_cc_glibc_PTH_64_OPT.OBJ/lib/libpkixmodule.a ../../../dist/Linux6.6_x86_64_cc_glibc_PTH_64_OPT.OBJ/lib/libpkixstore.a ../../../dist/Linux6.6_x86_64_cc_glibc_PTH_64_OPT.OBJ/lib/libpkixparams.a ../../../dist/Linux6.6_x86_64_cc_glibc_PTH_64_OPT.OBJ/lib/libpkixchecker.a ../../../dist/Linux6.6_x86_64_cc_glibc_PTH_64_OPT.OBJ/lib/libpkixpki.a ../../../dist/Linux6.6_x86_64_cc_glibc_PTH_64_OPT.OBJ/lib/libpkixtop.a ../../../dist/Linux6.6_x86_64_cc_glibc_PTH_64_OPT.OBJ/lib/libpkixresults.a ../../../dist/Linux6.6_x86_64_cc_glibc_PTH_64_OPT.OBJ/lib/libpkixcertsel.a ../../../dist/Linux6.6_x86_64_cc_glibc_PTH_64_OPT.OBJ/lib/libnss.a ../../../dist/Linux6.6_x86_64_cc_glibc_PTH_64_OPT.OBJ/lib/libpk11wrap.a ../../../dist/Linux6.6_x86_64_cc_glibc_PTH_64_OPT.OBJ/lib/libcerthi.a   -L../../../dist/Linux6.6_x86_64_cc_glibc_PTH_64_OPT.OBJ/lib -lsqlite3 -L../../../dist/Linux6.6_x86_64_cc_glibc_PTH_64_OPT.OBJ/lib -lnssutil3 -L/home/ffortier/code/perso/nss/../nspr/dist -lplc4 -lplds4 -lnspr4  -lpthread  -ldl -lc
../../coreconf/nsinstall/Linux6.6_x86_64_cc_glibc_PTH_64_OPT.OBJ/nsinstall -R -m 775 Linux6.6_x86_64_cc_glibc_PTH_64_OPT.OBJ/pk11ectest ../../../dist/Linux6.6_x86_64_cc_glibc_PTH_64_OPT.OBJ/bin
make[3]: Leaving directory '/home/ffortier/code/perso/nss/cmd/pk11ectest'
make[3]: Entering directory '/home/ffortier/code/perso/nss/cmd/pk11gcmtest'
cc -o Linux6.6_x86_64_cc_glibc_PTH_64_OPT.OBJ/pk11gcmtest.o -c -std=c99 -O2 -fPIC  -m64 -pipe -ffunction-sections -fdata-sections -DHAVE_STRERROR -DLINUX -Dlinux -Wall -Wshadow -Werror -DXP_UNIX -DXP_UNIX -UDEBUG -DNDEBUG -D_DEFAULT_SOURCE -D_BSD_SOURCE -D_POSIX_SOURCE -DSDB_MEASURE_USE_TEMP_DIR -D_REENTRANT -UDEBUG -DNDEBUG -D_DEFAULT_SOURCE -D_BSD_SOURCE -D_POSIX_SOURCE -DSDB_MEASURE_USE_TEMP_DIR -D_REENTRANT -DNSS_DISABLE_SSE3 -DNSS_NO_INIT_SUPPORT -DUSE_UTIL_DIRECTLY -DNO_NSPR_10_SUPPORT -DSSL_DISABLE_DEPRECATED_CIPHER_SUITE_NAMES -I/home/ffortier/code/perso/nss/../nspr/dist/include/nspr -I../../../dist/Linux6.6_x86_64_cc_glibc_PTH_64_OPT.OBJ/include -I../../../dist/public/nss -I../../../dist/private/nss  pk11gcmtest.c
rm -f Linux6.6_x86_64_cc_glibc_PTH_64_OPT.OBJ/pk11gcmtest
cc -o Linux6.6_x86_64_cc_glibc_PTH_64_OPT.OBJ/pk11gcmtest -O2 -fPIC  -m64 -pipe -ffunction-sections -fdata-sections -DHAVE_STRERROR -DLINUX -Dlinux -Wall -Wshadow -Werror -DXP_UNIX -DXP_UNIX -UDEBUG -DNDEBUG -D_DEFAULT_SOURCE -D_BSD_SOURCE -D_POSIX_SOURCE -DSDB_MEASURE_USE_TEMP_DIR -D_REENTRANT -UDEBUG -DNDEBUG -D_DEFAULT_SOURCE -D_BSD_SOURCE -D_POSIX_SOURCE -DSDB_MEASURE_USE_TEMP_DIR -D_REENTRANT -DNSS_DISABLE_SSE3 -DNSS_NO_INIT_SUPPORT -DUSE_UTIL_DIRECTLY -DNO_NSPR_10_SUPPORT -DSSL_DISABLE_DEPRECATED_CIPHER_SUITE_NAMES -I/home/ffortier/code/perso/nss/../nspr/dist/include/nspr -I../../../dist/Linux6.6_x86_64_cc_glibc_PTH_64_OPT.OBJ/include -I../../../dist/public/nss -I../../../dist/private/nss  Linux6.6_x86_64_cc_glibc_PTH_64_OPT.OBJ/pk11gcmtest.o -m64 -z noexecstack -m64 -z noexecstack ../../../dist/Linux6.6_x86_64_cc_glibc_PTH_64_OPT.OBJ/lib/libsectool.a  -L../../../dist/Linux6.6_x86_64_cc_glibc_PTH_64_OPT.OBJ/lib -L../../../dist/Linux6.6_x86_64_cc_glibc_PTH_64_OPT.OBJ/lib -lnssutil3 -L/home/ffortier/code/perso/nss/../nspr/dist -lplc4 -lplds4 -lnspr4  -lssl3 -lsmime3 -lnss3 -lpthread  -ldl -lc
../../coreconf/nsinstall/Linux6.6_x86_64_cc_glibc_PTH_64_OPT.OBJ/nsinstall -R -m 775 Linux6.6_x86_64_cc_glibc_PTH_64_OPT.OBJ/pk11gcmtest ../../../dist/Linux6.6_x86_64_cc_glibc_PTH_64_OPT.OBJ/bin
make[3]: Leaving directory '/home/ffortier/code/perso/nss/cmd/pk11gcmtest'
make[3]: Entering directory '/home/ffortier/code/perso/nss/cmd/pk11mode'
cc -o Linux6.6_x86_64_cc_glibc_PTH_64_OPT.OBJ/pk11mode.o -c -std=c99 -O2 -fPIC  -m64 -pipe -ffunction-sections -fdata-sections -DHAVE_STRERROR -DLINUX -Dlinux -Wall -Wshadow -Werror -DXP_UNIX -DXP_UNIX -UDEBUG -DNDEBUG -D_DEFAULT_SOURCE -D_BSD_SOURCE -D_POSIX_SOURCE -DSDB_MEASURE_USE_TEMP_DIR -D_REENTRANT -UDEBUG -DNDEBUG -D_DEFAULT_SOURCE -D_BSD_SOURCE -D_POSIX_SOURCE -DSDB_MEASURE_USE_TEMP_DIR -D_REENTRANT -DNSS_DISABLE_SSE3 -DNSS_NO_INIT_SUPPORT -DUSE_UTIL_DIRECTLY -DNO_NSPR_10_SUPPORT -DSSL_DISABLE_DEPRECATED_CIPHER_SUITE_NAMES -I/home/ffortier/code/perso/nss/../nspr/dist/include/nspr -I../../../dist/Linux6.6_x86_64_cc_glibc_PTH_64_OPT.OBJ/include -I../../../dist/public/nss -I../../../dist/private/nss -I../../../dist/public/seccmd  pk11mode.c
rm -f Linux6.6_x86_64_cc_glibc_PTH_64_OPT.OBJ/pk11mode
cc -o Linux6.6_x86_64_cc_glibc_PTH_64_OPT.OBJ/pk11mode -O2 -fPIC  -m64 -pipe -ffunction-sections -fdata-sections -DHAVE_STRERROR -DLINUX -Dlinux -Wall -Wshadow -Werror -DXP_UNIX -DXP_UNIX -UDEBUG -DNDEBUG -D_DEFAULT_SOURCE -D_BSD_SOURCE -D_POSIX_SOURCE -DSDB_MEASURE_USE_TEMP_DIR -D_REENTRANT -UDEBUG -DNDEBUG -D_DEFAULT_SOURCE -D_BSD_SOURCE -D_POSIX_SOURCE -DSDB_MEASURE_USE_TEMP_DIR -D_REENTRANT -DNSS_DISABLE_SSE3 -DNSS_NO_INIT_SUPPORT -DUSE_UTIL_DIRECTLY -DNO_NSPR_10_SUPPORT -DSSL_DISABLE_DEPRECATED_CIPHER_SUITE_NAMES -I/home/ffortier/code/perso/nss/../nspr/dist/include/nspr -I../../../dist/Linux6.6_x86_64_cc_glibc_PTH_64_OPT.OBJ/include -I../../../dist/public/nss -I../../../dist/private/nss -I../../../dist/public/seccmd  Linux6.6_x86_64_cc_glibc_PTH_64_OPT.OBJ/pk11mode.o -m64 -z noexecstack -m64 -z noexecstack ../../../dist/Linux6.6_x86_64_cc_glibc_PTH_64_OPT.OBJ/lib/libsectool.a  -L../../../dist/Linux6.6_x86_64_cc_glibc_PTH_64_OPT.OBJ/lib -L../../../dist/Linux6.6_x86_64_cc_glibc_PTH_64_OPT.OBJ/lib -lnssutil3 -L/home/ffortier/code/perso/nss/../nspr/dist -lplc4 -lplds4 -lnspr4  -lssl3 -lsmime3 -lnss3 -L/home/ffortier/code/perso/nss/../nspr/dist -lplc4 -lplds4 -lnspr4  -lpthread  -ldl -lc
../../coreconf/nsinstall/Linux6.6_x86_64_cc_glibc_PTH_64_OPT.OBJ/nsinstall -R -m 775 Linux6.6_x86_64_cc_glibc_PTH_64_OPT.OBJ/pk11mode ../../../dist/Linux6.6_x86_64_cc_glibc_PTH_64_OPT.OBJ/bin
make[3]: Leaving directory '/home/ffortier/code/perso/nss/cmd/pk11mode'
make[3]: Entering directory '/home/ffortier/code/perso/nss/cmd/pk1sign'
cc -o Linux6.6_x86_64_cc_glibc_PTH_64_OPT.OBJ/pk1sign.o -c -std=c99 -O2 -fPIC  -m64 -pipe -ffunction-sections -fdata-sections -DHAVE_STRERROR -DLINUX -Dlinux -Wall -Wshadow -Werror -DXP_UNIX -DXP_UNIX -UDEBUG -DNDEBUG -D_DEFAULT_SOURCE -D_BSD_SOURCE -D_POSIX_SOURCE -DSDB_MEASURE_USE_TEMP_DIR -D_REENTRANT -UDEBUG -DNDEBUG -D_DEFAULT_SOURCE -D_BSD_SOURCE -D_POSIX_SOURCE -DSDB_MEASURE_USE_TEMP_DIR -D_REENTRANT -DNSS_DISABLE_SSE3 -DNSS_NO_INIT_SUPPORT -DUSE_UTIL_DIRECTLY -DNO_NSPR_10_SUPPORT -DSSL_DISABLE_DEPRECATED_CIPHER_SUITE_NAMES -I/home/ffortier/code/perso/nss/../nspr/dist/include/nspr -I../../../dist/Linux6.6_x86_64_cc_glibc_PTH_64_OPT.OBJ/include -I../../../dist/public/nss -I../../../dist/private/nss -I../../../dist/public/seccmd  pk1sign.c
rm -f Linux6.6_x86_64_cc_glibc_PTH_64_OPT.OBJ/pk1sign
cc -o Linux6.6_x86_64_cc_glibc_PTH_64_OPT.OBJ/pk1sign -O2 -fPIC  -m64 -pipe -ffunction-sections -fdata-sections -DHAVE_STRERROR -DLINUX -Dlinux -Wall -Wshadow -Werror -DXP_UNIX -DXP_UNIX -UDEBUG -DNDEBUG -D_DEFAULT_SOURCE -D_BSD_SOURCE -D_POSIX_SOURCE -DSDB_MEASURE_USE_TEMP_DIR -D_REENTRANT -UDEBUG -DNDEBUG -D_DEFAULT_SOURCE -D_BSD_SOURCE -D_POSIX_SOURCE -DSDB_MEASURE_USE_TEMP_DIR -D_REENTRANT -DNSS_DISABLE_SSE3 -DNSS_NO_INIT_SUPPORT -DUSE_UTIL_DIRECTLY -DNO_NSPR_10_SUPPORT -DSSL_DISABLE_DEPRECATED_CIPHER_SUITE_NAMES -I/home/ffortier/code/perso/nss/../nspr/dist/include/nspr -I../../../dist/Linux6.6_x86_64_cc_glibc_PTH_64_OPT.OBJ/include -I../../../dist/public/nss -I../../../dist/private/nss -I../../../dist/public/seccmd  Linux6.6_x86_64_cc_glibc_PTH_64_OPT.OBJ/pk1sign.o -m64 -z noexecstack -m64 -z noexecstack ../../../dist/Linux6.6_x86_64_cc_glibc_PTH_64_OPT.OBJ/lib/libsectool.a  -L../../../dist/Linux6.6_x86_64_cc_glibc_PTH_64_OPT.OBJ/lib -L../../../dist/Linux6.6_x86_64_cc_glibc_PTH_64_OPT.OBJ/lib -lnssutil3 -L/home/ffortier/code/perso/nss/../nspr/dist -lplc4 -lplds4 -lnspr4  -lssl3 -lsmime3 -lnss3 -lpthread  -ldl -lc
../../coreconf/nsinstall/Linux6.6_x86_64_cc_glibc_PTH_64_OPT.OBJ/nsinstall -R -m 775 Linux6.6_x86_64_cc_glibc_PTH_64_OPT.OBJ/pk1sign ../../../dist/Linux6.6_x86_64_cc_glibc_PTH_64_OPT.OBJ/bin
make[3]: Leaving directory '/home/ffortier/code/perso/nss/cmd/pk1sign'
make[3]: Entering directory '/home/ffortier/code/perso/nss/cmd/pp'
cc -o Linux6.6_x86_64_cc_glibc_PTH_64_OPT.OBJ/pp.o -c -std=c99 -O2 -fPIC  -m64 -pipe -ffunction-sections -fdata-sections -DHAVE_STRERROR -DLINUX -Dlinux -Wall -Wshadow -Werror -DXP_UNIX -DXP_UNIX -DNSPR20 -UDEBUG -DNDEBUG -D_DEFAULT_SOURCE -D_BSD_SOURCE -D_POSIX_SOURCE -DSDB_MEASURE_USE_TEMP_DIR -D_REENTRANT -UDEBUG -DNDEBUG -D_DEFAULT_SOURCE -D_BSD_SOURCE -D_POSIX_SOURCE -DSDB_MEASURE_USE_TEMP_DIR -D_REENTRANT -DNSS_DISABLE_SSE3 -DNSS_NO_INIT_SUPPORT -DUSE_UTIL_DIRECTLY -DNO_NSPR_10_SUPPORT -DSSL_DISABLE_DEPRECATED_CIPHER_SUITE_NAMES -I/home/ffortier/code/perso/nss/../nspr/dist/include/nspr -I../../../dist/Linux6.6_x86_64_cc_glibc_PTH_64_OPT.OBJ/include -I../../../dist/public/nss  -I../../../dist/private/nss  -I../../../dist/public/seccmd -I../../../dist/public/dbm  pp.c
rm -f Linux6.6_x86_64_cc_glibc_PTH_64_OPT.OBJ/pp
cc -o Linux6.6_x86_64_cc_glibc_PTH_64_OPT.OBJ/pp -O2 -fPIC  -m64 -pipe -ffunction-sections -fdata-sections -DHAVE_STRERROR -DLINUX -Dlinux -Wall -Wshadow -Werror -DXP_UNIX -DXP_UNIX -DNSPR20 -UDEBUG -DNDEBUG -D_DEFAULT_SOURCE -D_BSD_SOURCE -D_POSIX_SOURCE -DSDB_MEASURE_USE_TEMP_DIR -D_REENTRANT -UDEBUG -DNDEBUG -D_DEFAULT_SOURCE -D_BSD_SOURCE -D_POSIX_SOURCE -DSDB_MEASURE_USE_TEMP_DIR -D_REENTRANT -DNSS_DISABLE_SSE3 -DNSS_NO_INIT_SUPPORT -DUSE_UTIL_DIRECTLY -DNO_NSPR_10_SUPPORT -DSSL_DISABLE_DEPRECATED_CIPHER_SUITE_NAMES -I/home/ffortier/code/perso/nss/../nspr/dist/include/nspr -I../../../dist/Linux6.6_x86_64_cc_glibc_PTH_64_OPT.OBJ/include -I../../../dist/public/nss  -I../../../dist/private/nss  -I../../../dist/public/seccmd -I../../../dist/public/dbm  Linux6.6_x86_64_cc_glibc_PTH_64_OPT.OBJ/pp.o -m64 -z noexecstack -m64 -z noexecstack ../../../dist/Linux6.6_x86_64_cc_glibc_PTH_64_OPT.OBJ/lib/libsectool.a  -L../../../dist/Linux6.6_x86_64_cc_glibc_PTH_64_OPT.OBJ/lib -L../../../dist/Linux6.6_x86_64_cc_glibc_PTH_64_OPT.OBJ/lib -lnssutil3 -L/home/ffortier/code/perso/nss/../nspr/dist -lplc4 -lplds4 -lnspr4  -lssl3 -lsmime3 -lnss3 -lpthread  -ldl -lc
../../coreconf/nsinstall/Linux6.6_x86_64_cc_glibc_PTH_64_OPT.OBJ/nsinstall -R -m 775 Linux6.6_x86_64_cc_glibc_PTH_64_OPT.OBJ/pp ../../../dist/Linux6.6_x86_64_cc_glibc_PTH_64_OPT.OBJ/bin
make[3]: Leaving directory '/home/ffortier/code/perso/nss/cmd/pp'
make[3]: Entering directory '/home/ffortier/code/perso/nss/cmd/pwdecrypt'
cc -o Linux6.6_x86_64_cc_glibc_PTH_64_OPT.OBJ/pwdecrypt.o -c -std=c99 -O2 -fPIC  -m64 -pipe -ffunction-sections -fdata-sections -DHAVE_STRERROR -DLINUX -Dlinux -Wall -Wshadow -Werror -DXP_UNIX -DXP_UNIX -UDEBUG -DNDEBUG -D_DEFAULT_SOURCE -D_BSD_SOURCE -D_POSIX_SOURCE -DSDB_MEASURE_USE_TEMP_DIR -D_REENTRANT -UDEBUG -DNDEBUG -D_DEFAULT_SOURCE -D_BSD_SOURCE -D_POSIX_SOURCE -DSDB_MEASURE_USE_TEMP_DIR -D_REENTRANT -DNSS_DISABLE_SSE3 -DNSS_NO_INIT_SUPPORT -DUSE_UTIL_DIRECTLY -DNO_NSPR_10_SUPPORT -DSSL_DISABLE_DEPRECATED_CIPHER_SUITE_NAMES -I/home/ffortier/code/perso/nss/../nspr/dist/include/nspr -I../../../dist/Linux6.6_x86_64_cc_glibc_PTH_64_OPT.OBJ/include -I../../../dist/public/nss -I../../../dist/private/nss -I../../../dist/public/dbm -I../../../dist/public/seccmd  pwdecrypt.c
rm -f Linux6.6_x86_64_cc_glibc_PTH_64_OPT.OBJ/pwdecrypt
cc -o Linux6.6_x86_64_cc_glibc_PTH_64_OPT.OBJ/pwdecrypt -O2 -fPIC  -m64 -pipe -ffunction-sections -fdata-sections -DHAVE_STRERROR -DLINUX -Dlinux -Wall -Wshadow -Werror -DXP_UNIX -DXP_UNIX -UDEBUG -DNDEBUG -D_DEFAULT_SOURCE -D_BSD_SOURCE -D_POSIX_SOURCE -DSDB_MEASURE_USE_TEMP_DIR -D_REENTRANT -UDEBUG -DNDEBUG -D_DEFAULT_SOURCE -D_BSD_SOURCE -D_POSIX_SOURCE -DSDB_MEASURE_USE_TEMP_DIR -D_REENTRANT -DNSS_DISABLE_SSE3 -DNSS_NO_INIT_SUPPORT -DUSE_UTIL_DIRECTLY -DNO_NSPR_10_SUPPORT -DSSL_DISABLE_DEPRECATED_CIPHER_SUITE_NAMES -I/home/ffortier/code/perso/nss/../nspr/dist/include/nspr -I../../../dist/Linux6.6_x86_64_cc_glibc_PTH_64_OPT.OBJ/include -I../../../dist/public/nss -I../../../dist/private/nss -I../../../dist/public/dbm -I../../../dist/public/seccmd  Linux6.6_x86_64_cc_glibc_PTH_64_OPT.OBJ/pwdecrypt.o -m64 -z noexecstack -m64 -z noexecstack ../../../dist/Linux6.6_x86_64_cc_glibc_PTH_64_OPT.OBJ/lib/libsectool.a  -L../../../dist/Linux6.6_x86_64_cc_glibc_PTH_64_OPT.OBJ/lib -L../../../dist/Linux6.6_x86_64_cc_glibc_PTH_64_OPT.OBJ/lib -lnssutil3 -L/home/ffortier/code/perso/nss/../nspr/dist -lplc4 -lplds4 -lnspr4  -lssl3 -lsmime3 -lnss3 -lpthread  -ldl -lc
../../coreconf/nsinstall/Linux6.6_x86_64_cc_glibc_PTH_64_OPT.OBJ/nsinstall -R -m 775 Linux6.6_x86_64_cc_glibc_PTH_64_OPT.OBJ/pwdecrypt ../../../dist/Linux6.6_x86_64_cc_glibc_PTH_64_OPT.OBJ/bin
make[3]: Leaving directory '/home/ffortier/code/perso/nss/cmd/pwdecrypt'
make[3]: Entering directory '/home/ffortier/code/perso/nss/cmd/rsaperf'
cc -o Linux6.6_x86_64_cc_glibc_PTH_64_OPT.OBJ/rsaperf.o -c -std=c99 -O2 -fPIC  -m64 -pipe -ffunction-sections -fdata-sections -DHAVE_STRERROR -DLINUX -Dlinux -Wall -Wshadow -Werror -DXP_UNIX -DXP_UNIX -UDEBUG -DNDEBUG -D_DEFAULT_SOURCE -D_BSD_SOURCE -D_POSIX_SOURCE -DSDB_MEASURE_USE_TEMP_DIR -D_REENTRANT -UDEBUG -DNDEBUG -D_DEFAULT_SOURCE -D_BSD_SOURCE -D_POSIX_SOURCE -DSDB_MEASURE_USE_TEMP_DIR -D_REENTRANT -DNSS_DISABLE_SSE3 -DNSS_NO_INIT_SUPPORT -DUSE_UTIL_DIRECTLY -DNO_NSPR_10_SUPPORT -DSSL_DISABLE_DEPRECATED_CIPHER_SUITE_NAMES -DNSS_USE_STATIC_LIBS -I../../nss/lib/softoken -I/home/ffortier/code/perso/nss/../nspr/dist/include/nspr -I../../../dist/Linux6.6_x86_64_cc_glibc_PTH_64_OPT.OBJ/include -I../../../dist/public/nss -I../../../dist/private/nss -I../../../dist/public/dbm -I../../../dist/public/seccmd  rsaperf.c
cc -o Linux6.6_x86_64_cc_glibc_PTH_64_OPT.OBJ/defkey.o -c -std=c99 -O2 -fPIC  -m64 -pipe -ffunction-sections -fdata-sections -DHAVE_STRERROR -DLINUX -Dlinux -Wall -Wshadow -Werror -DXP_UNIX -DXP_UNIX -UDEBUG -DNDEBUG -D_DEFAULT_SOURCE -D_BSD_SOURCE -D_POSIX_SOURCE -DSDB_MEASURE_USE_TEMP_DIR -D_REENTRANT -UDEBUG -DNDEBUG -D_DEFAULT_SOURCE -D_BSD_SOURCE -D_POSIX_SOURCE -DSDB_MEASURE_USE_TEMP_DIR -D_REENTRANT -DNSS_DISABLE_SSE3 -DNSS_NO_INIT_SUPPORT -DUSE_UTIL_DIRECTLY -DNO_NSPR_10_SUPPORT -DSSL_DISABLE_DEPRECATED_CIPHER_SUITE_NAMES -DNSS_USE_STATIC_LIBS -I../../nss/lib/softoken -I/home/ffortier/code/perso/nss/../nspr/dist/include/nspr -I../../../dist/Linux6.6_x86_64_cc_glibc_PTH_64_OPT.OBJ/include -I../../../dist/public/nss -I../../../dist/private/nss -I../../../dist/public/dbm -I../../../dist/public/seccmd  defkey.c
rm -f Linux6.6_x86_64_cc_glibc_PTH_64_OPT.OBJ/rsaperf
cc -o Linux6.6_x86_64_cc_glibc_PTH_64_OPT.OBJ/rsaperf -O2 -fPIC  -m64 -pipe -ffunction-sections -fdata-sections -DHAVE_STRERROR -DLINUX -Dlinux -Wall -Wshadow -Werror -DXP_UNIX -DXP_UNIX -UDEBUG -DNDEBUG -D_DEFAULT_SOURCE -D_BSD_SOURCE -D_POSIX_SOURCE -DSDB_MEASURE_USE_TEMP_DIR -D_REENTRANT -UDEBUG -DNDEBUG -D_DEFAULT_SOURCE -D_BSD_SOURCE -D_POSIX_SOURCE -DSDB_MEASURE_USE_TEMP_DIR -D_REENTRANT -DNSS_DISABLE_SSE3 -DNSS_NO_INIT_SUPPORT -DUSE_UTIL_DIRECTLY -DNO_NSPR_10_SUPPORT -DSSL_DISABLE_DEPRECATED_CIPHER_SUITE_NAMES -DNSS_USE_STATIC_LIBS -I../../nss/lib/softoken -I/home/ffortier/code/perso/nss/../nspr/dist/include/nspr -I../../../dist/Linux6.6_x86_64_cc_glibc_PTH_64_OPT.OBJ/include -I../../../dist/public/nss -I../../../dist/private/nss -I../../../dist/public/dbm -I../../../dist/public/seccmd  Linux6.6_x86_64_cc_glibc_PTH_64_OPT.OBJ/rsaperf.o Linux6.6_x86_64_cc_glibc_PTH_64_OPT.OBJ/defkey.o -m64 -z noexecstack -m64 -z noexecstack ../../../dist/Linux6.6_x86_64_cc_glibc_PTH_64_OPT.OBJ/lib/libsectool.a ../../../dist/Linux6.6_x86_64_cc_glibc_PTH_64_OPT.OBJ/lib/libsmime.a ../../../dist/Linux6.6_x86_64_cc_glibc_PTH_64_OPT.OBJ/lib/libssl.a ../../../dist/Linux6.6_x86_64_cc_glibc_PTH_64_OPT.OBJ/lib/libnss.a  ../../../dist/Linux6.6_x86_64_cc_glibc_PTH_64_OPT.OBJ/lib/libpkcs12.a ../../../dist/Linux6.6_x86_64_cc_glibc_PTH_64_OPT.OBJ/lib/libpkcs7.a ../../../dist/Linux6.6_x86_64_cc_glibc_PTH_64_OPT.OBJ/lib/libcerthi.a ../../../dist/Linux6.6_x86_64_cc_glibc_PTH_64_OPT.OBJ/lib/libcryptohi.a ../../../dist/Linux6.6_x86_64_cc_glibc_PTH_64_OPT.OBJ/lib/libpk11wrap.a  ../../../dist/Linux6.6_x86_64_cc_glibc_PTH_64_OPT.OBJ/lib/libsoftokn.a ../../../dist/Linux6.6_x86_64_cc_glibc_PTH_64_OPT.OBJ/lib/libcertdb.a ../../../dist/Linux6.6_x86_64_cc_glibc_PTH_64_OPT.OBJ/lib/libnsspki.a ../../../dist/Linux6.6_x86_64_cc_glibc_PTH_64_OPT.OBJ/lib/libnssdev.a ../../../dist/Linux6.6_x86_64_cc_glibc_PTH_64_OPT.OBJ/lib/libnssb.a  ../../../dist/Linux6.6_x86_64_cc_glibc_PTH_64_OPT.OBJ/lib/libfreebl.a ../../../dist/Linux6.6_x86_64_cc_glibc_PTH_64_OPT.OBJ/lib/libdbm.a  ../../../dist/Linux6.6_x86_64_cc_glibc_PTH_64_OPT.OBJ/lib/libpkixtop.a ../../../dist/Linux6.6_x86_64_cc_glibc_PTH_64_OPT.OBJ/lib/libpkixutil.a ../../../dist/Linux6.6_x86_64_cc_glibc_PTH_64_OPT.OBJ/lib/libpkixsystem.a ../../../dist/Linux6.6_x86_64_cc_glibc_PTH_64_OPT.OBJ/lib/libpkixcrlsel.a ../../../dist/Linux6.6_x86_64_cc_glibc_PTH_64_OPT.OBJ/lib/libpkixmodule.a ../../../dist/Linux6.6_x86_64_cc_glibc_PTH_64_OPT.OBJ/lib/libpkixstore.a ../../../dist/Linux6.6_x86_64_cc_glibc_PTH_64_OPT.OBJ/lib/libpkixparams.a ../../../dist/Linux6.6_x86_64_cc_glibc_PTH_64_OPT.OBJ/lib/libpkixchecker.a ../../../dist/Linux6.6_x86_64_cc_glibc_PTH_64_OPT.OBJ/lib/libpkixpki.a ../../../dist/Linux6.6_x86_64_cc_glibc_PTH_64_OPT.OBJ/lib/libpkixtop.a ../../../dist/Linux6.6_x86_64_cc_glibc_PTH_64_OPT.OBJ/lib/libpkixresults.a ../../../dist/Linux6.6_x86_64_cc_glibc_PTH_64_OPT.OBJ/lib/libpkixcertsel.a ../../../dist/Linux6.6_x86_64_cc_glibc_PTH_64_OPT.OBJ/lib/libnss.a ../../../dist/Linux6.6_x86_64_cc_glibc_PTH_64_OPT.OBJ/lib/libpk11wrap.a ../../../dist/Linux6.6_x86_64_cc_glibc_PTH_64_OPT.OBJ/lib/libcerthi.a   -L../../../dist/Linux6.6_x86_64_cc_glibc_PTH_64_OPT.OBJ/lib -lsqlite3 -L../../../dist/Linux6.6_x86_64_cc_glibc_PTH_64_OPT.OBJ/lib -lnssutil3 -L/home/ffortier/code/perso/nss/../nspr/dist -lplc4 -lplds4 -lnspr4  -lpthread  -ldl -lc
../../coreconf/nsinstall/Linux6.6_x86_64_cc_glibc_PTH_64_OPT.OBJ/nsinstall -R -m 775 Linux6.6_x86_64_cc_glibc_PTH_64_OPT.OBJ/rsaperf ../../../dist/Linux6.6_x86_64_cc_glibc_PTH_64_OPT.OBJ/bin
make[3]: Leaving directory '/home/ffortier/code/perso/nss/cmd/rsaperf'
make[3]: Entering directory '/home/ffortier/code/perso/nss/cmd/rsapoptst'
cc -o Linux6.6_x86_64_cc_glibc_PTH_64_OPT.OBJ/rsapoptst.o -c -std=c99 -O2 -fPIC  -m64 -pipe -ffunction-sections -fdata-sections -DHAVE_STRERROR -DLINUX -Dlinux -Wall -Wshadow -Werror -DXP_UNIX -DXP_UNIX -UDEBUG -DNDEBUG -D_DEFAULT_SOURCE -D_BSD_SOURCE -D_POSIX_SOURCE -DSDB_MEASURE_USE_TEMP_DIR -D_REENTRANT -UDEBUG -DNDEBUG -D_DEFAULT_SOURCE -D_BSD_SOURCE -D_POSIX_SOURCE -DSDB_MEASURE_USE_TEMP_DIR -D_REENTRANT -DNSS_DISABLE_SSE3 -DNSS_NO_INIT_SUPPORT -DUSE_UTIL_DIRECTLY -DNO_NSPR_10_SUPPORT -DSSL_DISABLE_DEPRECATED_CIPHER_SUITE_NAMES -I/home/ffortier/code/perso/nss/../nspr/dist/include/nspr -I../../../dist/Linux6.6_x86_64_cc_glibc_PTH_64_OPT.OBJ/include -I../../../dist/public/nss -I../../../dist/private/nss -I../../../dist/public/seccmd -I../../../dist/public/dbm -I../../../dist/public/softoken  rsapoptst.c
rm -f Linux6.6_x86_64_cc_glibc_PTH_64_OPT.OBJ/rsapoptst
cc -o Linux6.6_x86_64_cc_glibc_PTH_64_OPT.OBJ/rsapoptst -O2 -fPIC  -m64 -pipe -ffunction-sections -fdata-sections -DHAVE_STRERROR -DLINUX -Dlinux -Wall -Wshadow -Werror -DXP_UNIX -DXP_UNIX -UDEBUG -DNDEBUG -D_DEFAULT_SOURCE -D_BSD_SOURCE -D_POSIX_SOURCE -DSDB_MEASURE_USE_TEMP_DIR -D_REENTRANT -UDEBUG -DNDEBUG -D_DEFAULT_SOURCE -D_BSD_SOURCE -D_POSIX_SOURCE -DSDB_MEASURE_USE_TEMP_DIR -D_REENTRANT -DNSS_DISABLE_SSE3 -DNSS_NO_INIT_SUPPORT -DUSE_UTIL_DIRECTLY -DNO_NSPR_10_SUPPORT -DSSL_DISABLE_DEPRECATED_CIPHER_SUITE_NAMES -I/home/ffortier/code/perso/nss/../nspr/dist/include/nspr -I../../../dist/Linux6.6_x86_64_cc_glibc_PTH_64_OPT.OBJ/include -I../../../dist/public/nss -I../../../dist/private/nss -I../../../dist/public/seccmd -I../../../dist/public/dbm -I../../../dist/public/softoken  Linux6.6_x86_64_cc_glibc_PTH_64_OPT.OBJ/rsapoptst.o -m64 -z noexecstack -m64 -z noexecstack ../../../dist/Linux6.6_x86_64_cc_glibc_PTH_64_OPT.OBJ/lib/libsectool.a  -L../../../dist/Linux6.6_x86_64_cc_glibc_PTH_64_OPT.OBJ/lib -L../../../dist/Linux6.6_x86_64_cc_glibc_PTH_64_OPT.OBJ/lib -lnssutil3 -L/home/ffortier/code/perso/nss/../nspr/dist -lplc4 -lplds4 -lnspr4  -lssl3 -lsmime3 -lnss3 -lpthread  -ldl -lc
../../coreconf/nsinstall/Linux6.6_x86_64_cc_glibc_PTH_64_OPT.OBJ/nsinstall -R -m 775 Linux6.6_x86_64_cc_glibc_PTH_64_OPT.OBJ/rsapoptst ../../../dist/Linux6.6_x86_64_cc_glibc_PTH_64_OPT.OBJ/bin
make[3]: Leaving directory '/home/ffortier/code/perso/nss/cmd/rsapoptst'
make[3]: Entering directory '/home/ffortier/code/perso/nss/cmd/sdbthreadtst'
cc -o Linux6.6_x86_64_cc_glibc_PTH_64_OPT.OBJ/sdbthreadtst.o -c -std=c99 -O2 -fPIC  -m64 -pipe -ffunction-sections -fdata-sections -DHAVE_STRERROR -DLINUX -Dlinux -Wall -Wshadow -Werror -DXP_UNIX -DXP_UNIX -DNSPR20 -UDEBUG -DNDEBUG -D_DEFAULT_SOURCE -D_BSD_SOURCE -D_POSIX_SOURCE -DSDB_MEASURE_USE_TEMP_DIR -D_REENTRANT -UDEBUG -DNDEBUG -D_DEFAULT_SOURCE -D_BSD_SOURCE -D_POSIX_SOURCE -DSDB_MEASURE_USE_TEMP_DIR -D_REENTRANT -DNSS_DISABLE_SSE3 -DNSS_NO_INIT_SUPPORT -DUSE_UTIL_DIRECTLY -DNO_NSPR_10_SUPPORT -DSSL_DISABLE_DEPRECATED_CIPHER_SUITE_NAMES -I/home/ffortier/code/perso/nss/../nspr/dist/include/nspr -I../../../dist/Linux6.6_x86_64_cc_glibc_PTH_64_OPT.OBJ/include -I../../../dist/public/nss -I../../../dist/private/nss  sdbthreadtst.c
rm -f Linux6.6_x86_64_cc_glibc_PTH_64_OPT.OBJ/sdbthreadtst
cc -o Linux6.6_x86_64_cc_glibc_PTH_64_OPT.OBJ/sdbthreadtst -O2 -fPIC  -m64 -pipe -ffunction-sections -fdata-sections -DHAVE_STRERROR -DLINUX -Dlinux -Wall -Wshadow -Werror -DXP_UNIX -DXP_UNIX -DNSPR20 -UDEBUG -DNDEBUG -D_DEFAULT_SOURCE -D_BSD_SOURCE -D_POSIX_SOURCE -DSDB_MEASURE_USE_TEMP_DIR -D_REENTRANT -UDEBUG -DNDEBUG -D_DEFAULT_SOURCE -D_BSD_SOURCE -D_POSIX_SOURCE -DSDB_MEASURE_USE_TEMP_DIR -D_REENTRANT -DNSS_DISABLE_SSE3 -DNSS_NO_INIT_SUPPORT -DUSE_UTIL_DIRECTLY -DNO_NSPR_10_SUPPORT -DSSL_DISABLE_DEPRECATED_CIPHER_SUITE_NAMES -I/home/ffortier/code/perso/nss/../nspr/dist/include/nspr -I../../../dist/Linux6.6_x86_64_cc_glibc_PTH_64_OPT.OBJ/include -I../../../dist/public/nss -I../../../dist/private/nss  Linux6.6_x86_64_cc_glibc_PTH_64_OPT.OBJ/sdbthreadtst.o -m64 -z noexecstack -m64 -z noexecstack ../../../dist/Linux6.6_x86_64_cc_glibc_PTH_64_OPT.OBJ/lib/libsectool.a  -L../../../dist/Linux6.6_x86_64_cc_glibc_PTH_64_OPT.OBJ/lib -L../../../dist/Linux6.6_x86_64_cc_glibc_PTH_64_OPT.OBJ/lib -lnssutil3 -L/home/ffortier/code/perso/nss/../nspr/dist -lplc4 -lplds4 -lnspr4  -lssl3 -lsmime3 -lnss3 -lpthread  -ldl -lc
../../coreconf/nsinstall/Linux6.6_x86_64_cc_glibc_PTH_64_OPT.OBJ/nsinstall -R -m 775 Linux6.6_x86_64_cc_glibc_PTH_64_OPT.OBJ/sdbthreadtst ../../../dist/Linux6.6_x86_64_cc_glibc_PTH_64_OPT.OBJ/bin
make[3]: Leaving directory '/home/ffortier/code/perso/nss/cmd/sdbthreadtst'
make[3]: Entering directory '/home/ffortier/code/perso/nss/cmd/sdrtest'
cc -o Linux6.6_x86_64_cc_glibc_PTH_64_OPT.OBJ/sdrtest.o -c -std=c99 -O2 -fPIC  -m64 -pipe -ffunction-sections -fdata-sections -DHAVE_STRERROR -DLINUX -Dlinux -Wall -Wshadow -Werror -DXP_UNIX -DXP_UNIX -UDEBUG -DNDEBUG -D_DEFAULT_SOURCE -D_BSD_SOURCE -D_POSIX_SOURCE -DSDB_MEASURE_USE_TEMP_DIR -D_REENTRANT -UDEBUG -DNDEBUG -D_DEFAULT_SOURCE -D_BSD_SOURCE -D_POSIX_SOURCE -DSDB_MEASURE_USE_TEMP_DIR -D_REENTRANT -DNSS_DISABLE_SSE3 -DNSS_NO_INIT_SUPPORT -DUSE_UTIL_DIRECTLY -DNO_NSPR_10_SUPPORT -DSSL_DISABLE_DEPRECATED_CIPHER_SUITE_NAMES -I/home/ffortier/code/perso/nss/../nspr/dist/include/nspr -I../../../dist/Linux6.6_x86_64_cc_glibc_PTH_64_OPT.OBJ/include -I../../../dist/public/nss -I../../../dist/private/nss -I../../../dist/public/dbm -I../../../dist/public/seccmd  sdrtest.c
rm -f Linux6.6_x86_64_cc_glibc_PTH_64_OPT.OBJ/sdrtest
cc -o Linux6.6_x86_64_cc_glibc_PTH_64_OPT.OBJ/sdrtest -O2 -fPIC  -m64 -pipe -ffunction-sections -fdata-sections -DHAVE_STRERROR -DLINUX -Dlinux -Wall -Wshadow -Werror -DXP_UNIX -DXP_UNIX -UDEBUG -DNDEBUG -D_DEFAULT_SOURCE -D_BSD_SOURCE -D_POSIX_SOURCE -DSDB_MEASURE_USE_TEMP_DIR -D_REENTRANT -UDEBUG -DNDEBUG -D_DEFAULT_SOURCE -D_BSD_SOURCE -D_POSIX_SOURCE -DSDB_MEASURE_USE_TEMP_DIR -D_REENTRANT -DNSS_DISABLE_SSE3 -DNSS_NO_INIT_SUPPORT -DUSE_UTIL_DIRECTLY -DNO_NSPR_10_SUPPORT -DSSL_DISABLE_DEPRECATED_CIPHER_SUITE_NAMES -I/home/ffortier/code/perso/nss/../nspr/dist/include/nspr -I../../../dist/Linux6.6_x86_64_cc_glibc_PTH_64_OPT.OBJ/include -I../../../dist/public/nss -I../../../dist/private/nss -I../../../dist/public/dbm -I../../../dist/public/seccmd  Linux6.6_x86_64_cc_glibc_PTH_64_OPT.OBJ/sdrtest.o -m64 -z noexecstack -m64 -z noexecstack ../../../dist/Linux6.6_x86_64_cc_glibc_PTH_64_OPT.OBJ/lib/libsectool.a  -L../../../dist/Linux6.6_x86_64_cc_glibc_PTH_64_OPT.OBJ/lib -L../../../dist/Linux6.6_x86_64_cc_glibc_PTH_64_OPT.OBJ/lib -lnssutil3 -L/home/ffortier/code/perso/nss/../nspr/dist -lplc4 -lplds4 -lnspr4  -lssl3 -lsmime3 -lnss3 -lpthread  -ldl -lc
../../coreconf/nsinstall/Linux6.6_x86_64_cc_glibc_PTH_64_OPT.OBJ/nsinstall -R -m 775 Linux6.6_x86_64_cc_glibc_PTH_64_OPT.OBJ/sdrtest ../../../dist/Linux6.6_x86_64_cc_glibc_PTH_64_OPT.OBJ/bin
make[3]: Leaving directory '/home/ffortier/code/perso/nss/cmd/sdrtest'
make[3]: Entering directory '/home/ffortier/code/perso/nss/cmd/selfserv'
cc -o Linux6.6_x86_64_cc_glibc_PTH_64_OPT.OBJ/selfserv.o -c -std=c99 -O2 -fPIC  -m64 -pipe -ffunction-sections -fdata-sections -DHAVE_STRERROR -DLINUX -Dlinux -Wall -Wshadow -Werror -DXP_UNIX -DXP_UNIX -DNSPR20 -UDEBUG -DNDEBUG -D_DEFAULT_SOURCE -D_BSD_SOURCE -D_POSIX_SOURCE -DSDB_MEASURE_USE_TEMP_DIR -D_REENTRANT -UDEBUG -DNDEBUG -D_DEFAULT_SOURCE -D_BSD_SOURCE -D_POSIX_SOURCE -DSDB_MEASURE_USE_TEMP_DIR -D_REENTRANT -DNSS_DISABLE_SSE3 -DNSS_NO_INIT_SUPPORT -DUSE_UTIL_DIRECTLY -DNO_NSPR_10_SUPPORT -DSSL_DISABLE_DEPRECATED_CIPHER_SUITE_NAMES -I/home/ffortier/code/perso/nss/../nspr/dist/include/nspr -I../../../dist/Linux6.6_x86_64_cc_glibc_PTH_64_OPT.OBJ/include -I../../../dist/public/nss -I../../../dist/private/nss -I../../../dist/public/seccmd -I../../../dist/public/dbm  selfserv.c
rm -f Linux6.6_x86_64_cc_glibc_PTH_64_OPT.OBJ/selfserv
cc -o Linux6.6_x86_64_cc_glibc_PTH_64_OPT.OBJ/selfserv -O2 -fPIC  -m64 -pipe -ffunction-sections -fdata-sections -DHAVE_STRERROR -DLINUX -Dlinux -Wall -Wshadow -Werror -DXP_UNIX -DXP_UNIX -DNSPR20 -UDEBUG -DNDEBUG -D_DEFAULT_SOURCE -D_BSD_SOURCE -D_POSIX_SOURCE -DSDB_MEASURE_USE_TEMP_DIR -D_REENTRANT -UDEBUG -DNDEBUG -D_DEFAULT_SOURCE -D_BSD_SOURCE -D_POSIX_SOURCE -DSDB_MEASURE_USE_TEMP_DIR -D_REENTRANT -DNSS_DISABLE_SSE3 -DNSS_NO_INIT_SUPPORT -DUSE_UTIL_DIRECTLY -DNO_NSPR_10_SUPPORT -DSSL_DISABLE_DEPRECATED_CIPHER_SUITE_NAMES -I/home/ffortier/code/perso/nss/../nspr/dist/include/nspr -I../../../dist/Linux6.6_x86_64_cc_glibc_PTH_64_OPT.OBJ/include -I../../../dist/public/nss -I../../../dist/private/nss -I../../../dist/public/seccmd -I../../../dist/public/dbm  Linux6.6_x86_64_cc_glibc_PTH_64_OPT.OBJ/selfserv.o -m64 -z noexecstack -m64 -z noexecstack ../../../dist/Linux6.6_x86_64_cc_glibc_PTH_64_OPT.OBJ/lib/libsectool.a  -L../../../dist/Linux6.6_x86_64_cc_glibc_PTH_64_OPT.OBJ/lib -L../../../dist/Linux6.6_x86_64_cc_glibc_PTH_64_OPT.OBJ/lib -lnssutil3 -L/home/ffortier/code/perso/nss/../nspr/dist -lplc4 -lplds4 -lnspr4  -lssl3 -lsmime3 -lnss3 -lpthread  -ldl -lc -lz
../../coreconf/nsinstall/Linux6.6_x86_64_cc_glibc_PTH_64_OPT.OBJ/nsinstall -R -m 775 Linux6.6_x86_64_cc_glibc_PTH_64_OPT.OBJ/selfserv ../../../dist/Linux6.6_x86_64_cc_glibc_PTH_64_OPT.OBJ/bin
make[3]: Leaving directory '/home/ffortier/code/perso/nss/cmd/selfserv'
make[3]: Entering directory '/home/ffortier/code/perso/nss/cmd/signtool'
cc -o Linux6.6_x86_64_cc_glibc_PTH_64_OPT.OBJ/signtool.o -c -std=c99 -O2 -fPIC  -m64 -pipe -ffunction-sections -fdata-sections -DHAVE_STRERROR -DLINUX -Dlinux -Wall -Wshadow -Werror -DXP_UNIX -DXP_UNIX -UDEBUG -DNDEBUG -D_DEFAULT_SOURCE -D_BSD_SOURCE -D_POSIX_SOURCE -DSDB_MEASURE_USE_TEMP_DIR -D_REENTRANT -UDEBUG -DNDEBUG -D_DEFAULT_SOURCE -D_BSD_SOURCE -D_POSIX_SOURCE -DSDB_MEASURE_USE_TEMP_DIR -D_REENTRANT -DNSS_DISABLE_SSE3 -DNSS_NO_INIT_SUPPORT -DUSE_UTIL_DIRECTLY -DNO_NSPR_10_SUPPORT -DSSL_DISABLE_DEPRECATED_CIPHER_SUITE_NAMES -I/home/ffortier/code/perso/nss/../nspr/dist/include/nspr -I../../../dist/Linux6.6_x86_64_cc_glibc_PTH_64_OPT.OBJ/include -I../../../dist/public/nss -I../../../dist/private/nss -I../../../dist/public/seccmd  signtool.c
cc -o Linux6.6_x86_64_cc_glibc_PTH_64_OPT.OBJ/certgen.o -c -std=c99 -O2 -fPIC  -m64 -pipe -ffunction-sections -fdata-sections -DHAVE_STRERROR -DLINUX -Dlinux -Wall -Wshadow -Werror -DXP_UNIX -DXP_UNIX -UDEBUG -DNDEBUG -D_DEFAULT_SOURCE -D_BSD_SOURCE -D_POSIX_SOURCE -DSDB_MEASURE_USE_TEMP_DIR -D_REENTRANT -UDEBUG -DNDEBUG -D_DEFAULT_SOURCE -D_BSD_SOURCE -D_POSIX_SOURCE -DSDB_MEASURE_USE_TEMP_DIR -D_REENTRANT -DNSS_DISABLE_SSE3 -DNSS_NO_INIT_SUPPORT -DUSE_UTIL_DIRECTLY -DNO_NSPR_10_SUPPORT -DSSL_DISABLE_DEPRECATED_CIPHER_SUITE_NAMES -I/home/ffortier/code/perso/nss/../nspr/dist/include/nspr -I../../../dist/Linux6.6_x86_64_cc_glibc_PTH_64_OPT.OBJ/include -I../../../dist/public/nss -I../../../dist/private/nss -I../../../dist/public/seccmd  certgen.c
cc -o Linux6.6_x86_64_cc_glibc_PTH_64_OPT.OBJ/javascript.o -c -std=c99 -O2 -fPIC  -m64 -pipe -ffunction-sections -fdata-sections -DHAVE_STRERROR -DLINUX -Dlinux -Wall -Wshadow -Werror -DXP_UNIX -DXP_UNIX -UDEBUG -DNDEBUG -D_DEFAULT_SOURCE -D_BSD_SOURCE -D_POSIX_SOURCE -DSDB_MEASURE_USE_TEMP_DIR -D_REENTRANT -UDEBUG -DNDEBUG -D_DEFAULT_SOURCE -D_BSD_SOURCE -D_POSIX_SOURCE -DSDB_MEASURE_USE_TEMP_DIR -D_REENTRANT -DNSS_DISABLE_SSE3 -DNSS_NO_INIT_SUPPORT -DUSE_UTIL_DIRECTLY -DNO_NSPR_10_SUPPORT -DSSL_DISABLE_DEPRECATED_CIPHER_SUITE_NAMES -I/home/ffortier/code/perso/nss/../nspr/dist/include/nspr -I../../../dist/Linux6.6_x86_64_cc_glibc_PTH_64_OPT.OBJ/include -I../../../dist/public/nss -I../../../dist/private/nss -I../../../dist/public/seccmd  javascript.c
cc -o Linux6.6_x86_64_cc_glibc_PTH_64_OPT.OBJ/list.o -c -std=c99 -O2 -fPIC  -m64 -pipe -ffunction-sections -fdata-sections -DHAVE_STRERROR -DLINUX -Dlinux -Wall -Wshadow -Werror -DXP_UNIX -DXP_UNIX -UDEBUG -DNDEBUG -D_DEFAULT_SOURCE -D_BSD_SOURCE -D_POSIX_SOURCE -DSDB_MEASURE_USE_TEMP_DIR -D_REENTRANT -UDEBUG -DNDEBUG -D_DEFAULT_SOURCE -D_BSD_SOURCE -D_POSIX_SOURCE -DSDB_MEASURE_USE_TEMP_DIR -D_REENTRANT -DNSS_DISABLE_SSE3 -DNSS_NO_INIT_SUPPORT -DUSE_UTIL_DIRECTLY -DNO_NSPR_10_SUPPORT -DSSL_DISABLE_DEPRECATED_CIPHER_SUITE_NAMES -I/home/ffortier/code/perso/nss/../nspr/dist/include/nspr -I../../../dist/Linux6.6_x86_64_cc_glibc_PTH_64_OPT.OBJ/include -I../../../dist/public/nss -I../../../dist/private/nss -I../../../dist/public/seccmd  list.c
cc -o Linux6.6_x86_64_cc_glibc_PTH_64_OPT.OBJ/sign.o -c -std=c99 -O2 -fPIC  -m64 -pipe -ffunction-sections -fdata-sections -DHAVE_STRERROR -DLINUX -Dlinux -Wall -Wshadow -Werror -DXP_UNIX -DXP_UNIX -UDEBUG -DNDEBUG -D_DEFAULT_SOURCE -D_BSD_SOURCE -D_POSIX_SOURCE -DSDB_MEASURE_USE_TEMP_DIR -D_REENTRANT -UDEBUG -DNDEBUG -D_DEFAULT_SOURCE -D_BSD_SOURCE -D_POSIX_SOURCE -DSDB_MEASURE_USE_TEMP_DIR -D_REENTRANT -DNSS_DISABLE_SSE3 -DNSS_NO_INIT_SUPPORT -DUSE_UTIL_DIRECTLY -DNO_NSPR_10_SUPPORT -DSSL_DISABLE_DEPRECATED_CIPHER_SUITE_NAMES -I/home/ffortier/code/perso/nss/../nspr/dist/include/nspr -I../../../dist/Linux6.6_x86_64_cc_glibc_PTH_64_OPT.OBJ/include -I../../../dist/public/nss -I../../../dist/private/nss -I../../../dist/public/seccmd  sign.c
cc -o Linux6.6_x86_64_cc_glibc_PTH_64_OPT.OBJ/util.o -c -std=c99 -O2 -fPIC  -m64 -pipe -ffunction-sections -fdata-sections -DHAVE_STRERROR -DLINUX -Dlinux -Wall -Wshadow -Werror -DXP_UNIX -DXP_UNIX -UDEBUG -DNDEBUG -D_DEFAULT_SOURCE -D_BSD_SOURCE -D_POSIX_SOURCE -DSDB_MEASURE_USE_TEMP_DIR -D_REENTRANT -UDEBUG -DNDEBUG -D_DEFAULT_SOURCE -D_BSD_SOURCE -D_POSIX_SOURCE -DSDB_MEASURE_USE_TEMP_DIR -D_REENTRANT -DNSS_DISABLE_SSE3 -DNSS_NO_INIT_SUPPORT -DUSE_UTIL_DIRECTLY -DNO_NSPR_10_SUPPORT -DSSL_DISABLE_DEPRECATED_CIPHER_SUITE_NAMES -I/home/ffortier/code/perso/nss/../nspr/dist/include/nspr -I../../../dist/Linux6.6_x86_64_cc_glibc_PTH_64_OPT.OBJ/include -I../../../dist/public/nss -I../../../dist/private/nss -I../../../dist/public/seccmd  util.c
cc -o Linux6.6_x86_64_cc_glibc_PTH_64_OPT.OBJ/verify.o -c -std=c99 -O2 -fPIC  -m64 -pipe -ffunction-sections -fdata-sections -DHAVE_STRERROR -DLINUX -Dlinux -Wall -Wshadow -Werror -DXP_UNIX -DXP_UNIX -UDEBUG -DNDEBUG -D_DEFAULT_SOURCE -D_BSD_SOURCE -D_POSIX_SOURCE -DSDB_MEASURE_USE_TEMP_DIR -D_REENTRANT -UDEBUG -DNDEBUG -D_DEFAULT_SOURCE -D_BSD_SOURCE -D_POSIX_SOURCE -DSDB_MEASURE_USE_TEMP_DIR -D_REENTRANT -DNSS_DISABLE_SSE3 -DNSS_NO_INIT_SUPPORT -DUSE_UTIL_DIRECTLY -DNO_NSPR_10_SUPPORT -DSSL_DISABLE_DEPRECATED_CIPHER_SUITE_NAMES -I/home/ffortier/code/perso/nss/../nspr/dist/include/nspr -I../../../dist/Linux6.6_x86_64_cc_glibc_PTH_64_OPT.OBJ/include -I../../../dist/public/nss -I../../../dist/private/nss -I../../../dist/public/seccmd  verify.c
cc -o Linux6.6_x86_64_cc_glibc_PTH_64_OPT.OBJ/zip.o -c -std=c99 -O2 -fPIC  -m64 -pipe -ffunction-sections -fdata-sections -DHAVE_STRERROR -DLINUX -Dlinux -Wall -Wshadow -Werror -DXP_UNIX -DXP_UNIX -UDEBUG -DNDEBUG -D_DEFAULT_SOURCE -D_BSD_SOURCE -D_POSIX_SOURCE -DSDB_MEASURE_USE_TEMP_DIR -D_REENTRANT -UDEBUG -DNDEBUG -D_DEFAULT_SOURCE -D_BSD_SOURCE -D_POSIX_SOURCE -DSDB_MEASURE_USE_TEMP_DIR -D_REENTRANT -DNSS_DISABLE_SSE3 -DNSS_NO_INIT_SUPPORT -DUSE_UTIL_DIRECTLY -DNO_NSPR_10_SUPPORT -DSSL_DISABLE_DEPRECATED_CIPHER_SUITE_NAMES -I/home/ffortier/code/perso/nss/../nspr/dist/include/nspr -I../../../dist/Linux6.6_x86_64_cc_glibc_PTH_64_OPT.OBJ/include -I../../../dist/public/nss -I../../../dist/private/nss -I../../../dist/public/seccmd  zip.c
rm -f Linux6.6_x86_64_cc_glibc_PTH_64_OPT.OBJ/signtool
cc -o Linux6.6_x86_64_cc_glibc_PTH_64_OPT.OBJ/signtool -O2 -fPIC  -m64 -pipe -ffunction-sections -fdata-sections -DHAVE_STRERROR -DLINUX -Dlinux -Wall -Wshadow -Werror -DXP_UNIX -DXP_UNIX -UDEBUG -DNDEBUG -D_DEFAULT_SOURCE -D_BSD_SOURCE -D_POSIX_SOURCE -DSDB_MEASURE_USE_TEMP_DIR -D_REENTRANT -UDEBUG -DNDEBUG -D_DEFAULT_SOURCE -D_BSD_SOURCE -D_POSIX_SOURCE -DSDB_MEASURE_USE_TEMP_DIR -D_REENTRANT -DNSS_DISABLE_SSE3 -DNSS_NO_INIT_SUPPORT -DUSE_UTIL_DIRECTLY -DNO_NSPR_10_SUPPORT -DSSL_DISABLE_DEPRECATED_CIPHER_SUITE_NAMES -I/home/ffortier/code/perso/nss/../nspr/dist/include/nspr -I../../../dist/Linux6.6_x86_64_cc_glibc_PTH_64_OPT.OBJ/include -I../../../dist/public/nss -I../../../dist/private/nss -I../../../dist/public/seccmd  Linux6.6_x86_64_cc_glibc_PTH_64_OPT.OBJ/signtool.o Linux6.6_x86_64_cc_glibc_PTH_64_OPT.OBJ/certgen.o Linux6.6_x86_64_cc_glibc_PTH_64_OPT.OBJ/javascript.o Linux6.6_x86_64_cc_glibc_PTH_64_OPT.OBJ/list.o Linux6.6_x86_64_cc_glibc_PTH_64_OPT.OBJ/sign.o Linux6.6_x86_64_cc_glibc_PTH_64_OPT.OBJ/util.o Linux6.6_x86_64_cc_glibc_PTH_64_OPT.OBJ/verify.o Linux6.6_x86_64_cc_glibc_PTH_64_OPT.OBJ/zip.o -m64 -z noexecstack -m64 -z noexecstack ../../../dist/Linux6.6_x86_64_cc_glibc_PTH_64_OPT.OBJ/lib/libjar.a ../../../dist/Linux6.6_x86_64_cc_glibc_PTH_64_OPT.OBJ/lib/libsectool.a  -L../../../dist/Linux6.6_x86_64_cc_glibc_PTH_64_OPT.OBJ/lib -L../../../dist/Linux6.6_x86_64_cc_glibc_PTH_64_OPT.OBJ/lib -lnssutil3 -L/home/ffortier/code/perso/nss/../nspr/dist -lplc4 -lplds4 -lnspr4  -lssl3 -lsmime3 -lnss3 -lpthread  -ldl -lc -lz
../../coreconf/nsinstall/Linux6.6_x86_64_cc_glibc_PTH_64_OPT.OBJ/nsinstall -R -m 775 Linux6.6_x86_64_cc_glibc_PTH_64_OPT.OBJ/signtool ../../../dist/Linux6.6_x86_64_cc_glibc_PTH_64_OPT.OBJ/bin
make[3]: Leaving directory '/home/ffortier/code/perso/nss/cmd/signtool'
make[3]: Entering directory '/home/ffortier/code/perso/nss/cmd/signver'
cc -o Linux6.6_x86_64_cc_glibc_PTH_64_OPT.OBJ/signver.o -c -std=c99 -O2 -fPIC  -m64 -pipe -ffunction-sections -fdata-sections -DHAVE_STRERROR -DLINUX -Dlinux -Wall -Wshadow -Werror -DXP_UNIX -DXP_UNIX -UDEBUG -DNDEBUG -D_DEFAULT_SOURCE -D_BSD_SOURCE -D_POSIX_SOURCE -DSDB_MEASURE_USE_TEMP_DIR -D_REENTRANT -UDEBUG -DNDEBUG -D_DEFAULT_SOURCE -D_BSD_SOURCE -D_POSIX_SOURCE -DSDB_MEASURE_USE_TEMP_DIR -D_REENTRANT -DNSS_DISABLE_SSE3 -DNSS_NO_INIT_SUPPORT -DUSE_UTIL_DIRECTLY -DNO_NSPR_10_SUPPORT -DSSL_DISABLE_DEPRECATED_CIPHER_SUITE_NAMES -I/home/ffortier/code/perso/nss/../nspr/dist/include/nspr -I../../../dist/Linux6.6_x86_64_cc_glibc_PTH_64_OPT.OBJ/include -I../../../dist/public/nss -I../../../dist/private/nss -I../../../dist/public/dbm -I../../../dist/public/seccmd  signver.c
cc -o Linux6.6_x86_64_cc_glibc_PTH_64_OPT.OBJ/pk7print.o -c -std=c99 -O2 -fPIC  -m64 -pipe -ffunction-sections -fdata-sections -DHAVE_STRERROR -DLINUX -Dlinux -Wall -Wshadow -Werror -DXP_UNIX -DXP_UNIX -UDEBUG -DNDEBUG -D_DEFAULT_SOURCE -D_BSD_SOURCE -D_POSIX_SOURCE -DSDB_MEASURE_USE_TEMP_DIR -D_REENTRANT -UDEBUG -DNDEBUG -D_DEFAULT_SOURCE -D_BSD_SOURCE -D_POSIX_SOURCE -DSDB_MEASURE_USE_TEMP_DIR -D_REENTRANT -DNSS_DISABLE_SSE3 -DNSS_NO_INIT_SUPPORT -DUSE_UTIL_DIRECTLY -DNO_NSPR_10_SUPPORT -DSSL_DISABLE_DEPRECATED_CIPHER_SUITE_NAMES -I/home/ffortier/code/perso/nss/../nspr/dist/include/nspr -I../../../dist/Linux6.6_x86_64_cc_glibc_PTH_64_OPT.OBJ/include -I../../../dist/public/nss -I../../../dist/private/nss -I../../../dist/public/dbm -I../../../dist/public/seccmd  pk7print.c
rm -f Linux6.6_x86_64_cc_glibc_PTH_64_OPT.OBJ/signver
cc -o Linux6.6_x86_64_cc_glibc_PTH_64_OPT.OBJ/signver -O2 -fPIC  -m64 -pipe -ffunction-sections -fdata-sections -DHAVE_STRERROR -DLINUX -Dlinux -Wall -Wshadow -Werror -DXP_UNIX -DXP_UNIX -UDEBUG -DNDEBUG -D_DEFAULT_SOURCE -D_BSD_SOURCE -D_POSIX_SOURCE -DSDB_MEASURE_USE_TEMP_DIR -D_REENTRANT -UDEBUG -DNDEBUG -D_DEFAULT_SOURCE -D_BSD_SOURCE -D_POSIX_SOURCE -DSDB_MEASURE_USE_TEMP_DIR -D_REENTRANT -DNSS_DISABLE_SSE3 -DNSS_NO_INIT_SUPPORT -DUSE_UTIL_DIRECTLY -DNO_NSPR_10_SUPPORT -DSSL_DISABLE_DEPRECATED_CIPHER_SUITE_NAMES -I/home/ffortier/code/perso/nss/../nspr/dist/include/nspr -I../../../dist/Linux6.6_x86_64_cc_glibc_PTH_64_OPT.OBJ/include -I../../../dist/public/nss -I../../../dist/private/nss -I../../../dist/public/dbm -I../../../dist/public/seccmd  Linux6.6_x86_64_cc_glibc_PTH_64_OPT.OBJ/signver.o Linux6.6_x86_64_cc_glibc_PTH_64_OPT.OBJ/pk7print.o -m64 -z noexecstack -m64 -z noexecstack ../../../dist/Linux6.6_x86_64_cc_glibc_PTH_64_OPT.OBJ/lib/libsectool.a  -L../../../dist/Linux6.6_x86_64_cc_glibc_PTH_64_OPT.OBJ/lib -L../../../dist/Linux6.6_x86_64_cc_glibc_PTH_64_OPT.OBJ/lib -lnssutil3 -L/home/ffortier/code/perso/nss/../nspr/dist -lplc4 -lplds4 -lnspr4  -lssl3 -lsmime3 -lnss3 -lpthread  -ldl -lc
../../coreconf/nsinstall/Linux6.6_x86_64_cc_glibc_PTH_64_OPT.OBJ/nsinstall -R -m 775 Linux6.6_x86_64_cc_glibc_PTH_64_OPT.OBJ/signver ../../../dist/Linux6.6_x86_64_cc_glibc_PTH_64_OPT.OBJ/bin
make[3]: Leaving directory '/home/ffortier/code/perso/nss/cmd/signver'
make[3]: Entering directory '/home/ffortier/code/perso/nss/cmd/smimetools'
cc -o Linux6.6_x86_64_cc_glibc_PTH_64_OPT.OBJ/cmsutil.o -c -std=c99 -O2 -fPIC  -m64 -pipe -ffunction-sections -fdata-sections -DHAVE_STRERROR -DLINUX -Dlinux -Wall -Wshadow -Werror -DXP_UNIX -DXP_UNIX -UDEBUG -DNDEBUG -D_DEFAULT_SOURCE -D_BSD_SOURCE -D_POSIX_SOURCE -DSDB_MEASURE_USE_TEMP_DIR -D_REENTRANT -UDEBUG -DNDEBUG -D_DEFAULT_SOURCE -D_BSD_SOURCE -D_POSIX_SOURCE -DSDB_MEASURE_USE_TEMP_DIR -D_REENTRANT -DNSS_DISABLE_SSE3 -DNSS_NO_INIT_SUPPORT -DUSE_UTIL_DIRECTLY -DNO_NSPR_10_SUPPORT -DSSL_DISABLE_DEPRECATED_CIPHER_SUITE_NAMES -I/home/ffortier/code/perso/nss/../nspr/dist/include/nspr -I../../../dist/Linux6.6_x86_64_cc_glibc_PTH_64_OPT.OBJ/include -I../../../dist/public/nss -I../../../dist/private/nss -I../../../dist/public/seccmd -I../../../dist/public/dbm  cmsutil.c
rm -f Linux6.6_x86_64_cc_glibc_PTH_64_OPT.OBJ/cmsutil
cc -o Linux6.6_x86_64_cc_glibc_PTH_64_OPT.OBJ/cmsutil -O2 -fPIC  -m64 -pipe -ffunction-sections -fdata-sections -DHAVE_STRERROR -DLINUX -Dlinux -Wall -Wshadow -Werror -DXP_UNIX -DXP_UNIX -UDEBUG -DNDEBUG -D_DEFAULT_SOURCE -D_BSD_SOURCE -D_POSIX_SOURCE -DSDB_MEASURE_USE_TEMP_DIR -D_REENTRANT -UDEBUG -DNDEBUG -D_DEFAULT_SOURCE -D_BSD_SOURCE -D_POSIX_SOURCE -DSDB_MEASURE_USE_TEMP_DIR -D_REENTRANT -DNSS_DISABLE_SSE3 -DNSS_NO_INIT_SUPPORT -DUSE_UTIL_DIRECTLY -DNO_NSPR_10_SUPPORT -DSSL_DISABLE_DEPRECATED_CIPHER_SUITE_NAMES -I/home/ffortier/code/perso/nss/../nspr/dist/include/nspr -I../../../dist/Linux6.6_x86_64_cc_glibc_PTH_64_OPT.OBJ/include -I../../../dist/public/nss -I../../../dist/private/nss -I../../../dist/public/seccmd -I../../../dist/public/dbm  Linux6.6_x86_64_cc_glibc_PTH_64_OPT.OBJ/cmsutil.o -m64 -z noexecstack -m64 -z noexecstack ../../../dist/Linux6.6_x86_64_cc_glibc_PTH_64_OPT.OBJ/lib/libsectool.a  -L../../../dist/Linux6.6_x86_64_cc_glibc_PTH_64_OPT.OBJ/lib -L../../../dist/Linux6.6_x86_64_cc_glibc_PTH_64_OPT.OBJ/lib -lnssutil3 -L/home/ffortier/code/perso/nss/../nspr/dist -lplc4 -lplds4 -lnspr4  -lssl3 -lsmime3 -lnss3 -lpthread  -ldl -lc
../../coreconf/nsinstall/Linux6.6_x86_64_cc_glibc_PTH_64_OPT.OBJ/nsinstall -R -m 775 Linux6.6_x86_64_cc_glibc_PTH_64_OPT.OBJ/cmsutil ../../../dist/Linux6.6_x86_64_cc_glibc_PTH_64_OPT.OBJ/bin
make[3]: Leaving directory '/home/ffortier/code/perso/nss/cmd/smimetools'
make[3]: Entering directory '/home/ffortier/code/perso/nss/cmd/ssltap'
cc -o Linux6.6_x86_64_cc_glibc_PTH_64_OPT.OBJ/ssltap.o -c -std=c99 -O2 -fPIC  -m64 -pipe -ffunction-sections -fdata-sections -DHAVE_STRERROR -DLINUX -Dlinux -Wall -Wshadow -Werror -DXP_UNIX -DXP_UNIX -UDEBUG -DNDEBUG -D_DEFAULT_SOURCE -D_BSD_SOURCE -D_POSIX_SOURCE -DSDB_MEASURE_USE_TEMP_DIR -D_REENTRANT -UDEBUG -DNDEBUG -D_DEFAULT_SOURCE -D_BSD_SOURCE -D_POSIX_SOURCE -DSDB_MEASURE_USE_TEMP_DIR -D_REENTRANT -DNSS_DISABLE_SSE3 -DNSS_NO_INIT_SUPPORT -DUSE_UTIL_DIRECTLY -DNO_NSPR_10_SUPPORT -DSSL_DISABLE_DEPRECATED_CIPHER_SUITE_NAMES -I/home/ffortier/code/perso/nss/../nspr/dist/include/nspr -I../../../dist/Linux6.6_x86_64_cc_glibc_PTH_64_OPT.OBJ/include -I../../../dist/public/nss -I../../../dist/private/nss -I../../../dist/public/seccmd -I../../../dist/public/dbm  ssltap.c
rm -f Linux6.6_x86_64_cc_glibc_PTH_64_OPT.OBJ/ssltap
cc -o Linux6.6_x86_64_cc_glibc_PTH_64_OPT.OBJ/ssltap -O2 -fPIC  -m64 -pipe -ffunction-sections -fdata-sections -DHAVE_STRERROR -DLINUX -Dlinux -Wall -Wshadow -Werror -DXP_UNIX -DXP_UNIX -UDEBUG -DNDEBUG -D_DEFAULT_SOURCE -D_BSD_SOURCE -D_POSIX_SOURCE -DSDB_MEASURE_USE_TEMP_DIR -D_REENTRANT -UDEBUG -DNDEBUG -D_DEFAULT_SOURCE -D_BSD_SOURCE -D_POSIX_SOURCE -DSDB_MEASURE_USE_TEMP_DIR -D_REENTRANT -DNSS_DISABLE_SSE3 -DNSS_NO_INIT_SUPPORT -DUSE_UTIL_DIRECTLY -DNO_NSPR_10_SUPPORT -DSSL_DISABLE_DEPRECATED_CIPHER_SUITE_NAMES -I/home/ffortier/code/perso/nss/../nspr/dist/include/nspr -I../../../dist/Linux6.6_x86_64_cc_glibc_PTH_64_OPT.OBJ/include -I../../../dist/public/nss -I../../../dist/private/nss -I../../../dist/public/seccmd -I../../../dist/public/dbm  Linux6.6_x86_64_cc_glibc_PTH_64_OPT.OBJ/ssltap.o -m64 -z noexecstack -m64 -z noexecstack ../../../dist/Linux6.6_x86_64_cc_glibc_PTH_64_OPT.OBJ/lib/libsectool.a  -L../../../dist/Linux6.6_x86_64_cc_glibc_PTH_64_OPT.OBJ/lib -L../../../dist/Linux6.6_x86_64_cc_glibc_PTH_64_OPT.OBJ/lib -lnssutil3 -L/home/ffortier/code/perso/nss/../nspr/dist -lplc4 -lplds4 -lnspr4  -lssl3 -lsmime3 -lnss3 -lpthread  -ldl -lc
../../coreconf/nsinstall/Linux6.6_x86_64_cc_glibc_PTH_64_OPT.OBJ/nsinstall -R -m 775 Linux6.6_x86_64_cc_glibc_PTH_64_OPT.OBJ/ssltap ../../../dist/Linux6.6_x86_64_cc_glibc_PTH_64_OPT.OBJ/bin
make[3]: Leaving directory '/home/ffortier/code/perso/nss/cmd/ssltap'
make[3]: Entering directory '/home/ffortier/code/perso/nss/cmd/strsclnt'
cc -o Linux6.6_x86_64_cc_glibc_PTH_64_OPT.OBJ/strsclnt.o -c -std=c99 -O2 -fPIC  -m64 -pipe -ffunction-sections -fdata-sections -DHAVE_STRERROR -DLINUX -Dlinux -Wall -Wshadow -Werror -DXP_UNIX -DXP_UNIX -DNSPR20 -UDEBUG -DNDEBUG -D_DEFAULT_SOURCE -D_BSD_SOURCE -D_POSIX_SOURCE -DSDB_MEASURE_USE_TEMP_DIR -D_REENTRANT -UDEBUG -DNDEBUG -D_DEFAULT_SOURCE -D_BSD_SOURCE -D_POSIX_SOURCE -DSDB_MEASURE_USE_TEMP_DIR -D_REENTRANT -DNSS_DISABLE_SSE3 -DNSS_NO_INIT_SUPPORT -DUSE_UTIL_DIRECTLY -DNO_NSPR_10_SUPPORT -DSSL_DISABLE_DEPRECATED_CIPHER_SUITE_NAMES -I/home/ffortier/code/perso/nss/../nspr/dist/include/nspr -I../../../dist/Linux6.6_x86_64_cc_glibc_PTH_64_OPT.OBJ/include -I../../../dist/public/nss -I../../../dist/private/nss -I../../../dist/public/seccmd -I../../../dist/public/dbm  strsclnt.c
rm -f Linux6.6_x86_64_cc_glibc_PTH_64_OPT.OBJ/strsclnt
cc -o Linux6.6_x86_64_cc_glibc_PTH_64_OPT.OBJ/strsclnt -O2 -fPIC  -m64 -pipe -ffunction-sections -fdata-sections -DHAVE_STRERROR -DLINUX -Dlinux -Wall -Wshadow -Werror -DXP_UNIX -DXP_UNIX -DNSPR20 -UDEBUG -DNDEBUG -D_DEFAULT_SOURCE -D_BSD_SOURCE -D_POSIX_SOURCE -DSDB_MEASURE_USE_TEMP_DIR -D_REENTRANT -UDEBUG -DNDEBUG -D_DEFAULT_SOURCE -D_BSD_SOURCE -D_POSIX_SOURCE -DSDB_MEASURE_USE_TEMP_DIR -D_REENTRANT -DNSS_DISABLE_SSE3 -DNSS_NO_INIT_SUPPORT -DUSE_UTIL_DIRECTLY -DNO_NSPR_10_SUPPORT -DSSL_DISABLE_DEPRECATED_CIPHER_SUITE_NAMES -I/home/ffortier/code/perso/nss/../nspr/dist/include/nspr -I../../../dist/Linux6.6_x86_64_cc_glibc_PTH_64_OPT.OBJ/include -I../../../dist/public/nss -I../../../dist/private/nss -I../../../dist/public/seccmd -I../../../dist/public/dbm  Linux6.6_x86_64_cc_glibc_PTH_64_OPT.OBJ/strsclnt.o -m64 -z noexecstack -m64 -z noexecstack ../../../dist/Linux6.6_x86_64_cc_glibc_PTH_64_OPT.OBJ/lib/libsectool.a  -L../../../dist/Linux6.6_x86_64_cc_glibc_PTH_64_OPT.OBJ/lib -L../../../dist/Linux6.6_x86_64_cc_glibc_PTH_64_OPT.OBJ/lib -lnssutil3 -L/home/ffortier/code/perso/nss/../nspr/dist -lplc4 -lplds4 -lnspr4  -lssl3 -lsmime3 -lnss3 -lpthread  -ldl -lc
../../coreconf/nsinstall/Linux6.6_x86_64_cc_glibc_PTH_64_OPT.OBJ/nsinstall -R -m 775 Linux6.6_x86_64_cc_glibc_PTH_64_OPT.OBJ/strsclnt ../../../dist/Linux6.6_x86_64_cc_glibc_PTH_64_OPT.OBJ/bin
make[3]: Leaving directory '/home/ffortier/code/perso/nss/cmd/strsclnt'
make[3]: Entering directory '/home/ffortier/code/perso/nss/cmd/symkeyutil'
cc -o Linux6.6_x86_64_cc_glibc_PTH_64_OPT.OBJ/symkeyutil.o -c -std=c99 -O2 -fPIC  -m64 -pipe -ffunction-sections -fdata-sections -DHAVE_STRERROR -DLINUX -Dlinux -Wall -Wshadow -Werror -DXP_UNIX -DXP_UNIX -DNSPR20 -UDEBUG -DNDEBUG -D_DEFAULT_SOURCE -D_BSD_SOURCE -D_POSIX_SOURCE -DSDB_MEASURE_USE_TEMP_DIR -D_REENTRANT -UDEBUG -DNDEBUG -D_DEFAULT_SOURCE -D_BSD_SOURCE -D_POSIX_SOURCE -DSDB_MEASURE_USE_TEMP_DIR -D_REENTRANT -DNSS_DISABLE_SSE3 -DNSS_NO_INIT_SUPPORT -DUSE_UTIL_DIRECTLY -DNO_NSPR_10_SUPPORT -DSSL_DISABLE_DEPRECATED_CIPHER_SUITE_NAMES -I/home/ffortier/code/perso/nss/../nspr/dist/include/nspr -I../../../dist/Linux6.6_x86_64_cc_glibc_PTH_64_OPT.OBJ/include -I../../../dist/public/nss  -I../../../dist/private/nss  -I../../../dist/public/dbm -I../../../dist/public/seccmd  symkeyutil.c
rm -f Linux6.6_x86_64_cc_glibc_PTH_64_OPT.OBJ/symkeyutil
cc -o Linux6.6_x86_64_cc_glibc_PTH_64_OPT.OBJ/symkeyutil -O2 -fPIC  -m64 -pipe -ffunction-sections -fdata-sections -DHAVE_STRERROR -DLINUX -Dlinux -Wall -Wshadow -Werror -DXP_UNIX -DXP_UNIX -DNSPR20 -UDEBUG -DNDEBUG -D_DEFAULT_SOURCE -D_BSD_SOURCE -D_POSIX_SOURCE -DSDB_MEASURE_USE_TEMP_DIR -D_REENTRANT -UDEBUG -DNDEBUG -D_DEFAULT_SOURCE -D_BSD_SOURCE -D_POSIX_SOURCE -DSDB_MEASURE_USE_TEMP_DIR -D_REENTRANT -DNSS_DISABLE_SSE3 -DNSS_NO_INIT_SUPPORT -DUSE_UTIL_DIRECTLY -DNO_NSPR_10_SUPPORT -DSSL_DISABLE_DEPRECATED_CIPHER_SUITE_NAMES -I/home/ffortier/code/perso/nss/../nspr/dist/include/nspr -I../../../dist/Linux6.6_x86_64_cc_glibc_PTH_64_OPT.OBJ/include -I../../../dist/public/nss  -I../../../dist/private/nss  -I../../../dist/public/dbm -I../../../dist/public/seccmd  Linux6.6_x86_64_cc_glibc_PTH_64_OPT.OBJ/symkeyutil.o -m64 -z noexecstack -m64 -z noexecstack ../../../dist/Linux6.6_x86_64_cc_glibc_PTH_64_OPT.OBJ/lib/libsectool.a  -L../../../dist/Linux6.6_x86_64_cc_glibc_PTH_64_OPT.OBJ/lib -L../../../dist/Linux6.6_x86_64_cc_glibc_PTH_64_OPT.OBJ/lib -lnssutil3 -L/home/ffortier/code/perso/nss/../nspr/dist -lplc4 -lplds4 -lnspr4  -lssl3 -lsmime3 -lnss3 -lpthread  -ldl -lc
../../coreconf/nsinstall/Linux6.6_x86_64_cc_glibc_PTH_64_OPT.OBJ/nsinstall -R -m 775 Linux6.6_x86_64_cc_glibc_PTH_64_OPT.OBJ/symkeyutil ../../../dist/Linux6.6_x86_64_cc_glibc_PTH_64_OPT.OBJ/bin
make[3]: Leaving directory '/home/ffortier/code/perso/nss/cmd/symkeyutil'
make[3]: Entering directory '/home/ffortier/code/perso/nss/cmd/tests'
cc -o Linux6.6_x86_64_cc_glibc_PTH_64_OPT.OBJ/baddbdir.o -c -std=c99 -O2 -fPIC  -m64 -pipe -ffunction-sections -fdata-sections -DHAVE_STRERROR -DLINUX -Dlinux -Wall -Wshadow -Werror -DXP_UNIX -DXP_UNIX -UDEBUG -DNDEBUG -D_DEFAULT_SOURCE -D_BSD_SOURCE -D_POSIX_SOURCE -DSDB_MEASURE_USE_TEMP_DIR -D_REENTRANT -UDEBUG -DNDEBUG -D_DEFAULT_SOURCE -D_BSD_SOURCE -D_POSIX_SOURCE -DSDB_MEASURE_USE_TEMP_DIR -D_REENTRANT -DNSS_DISABLE_SSE3 -DNSS_NO_INIT_SUPPORT -DUSE_UTIL_DIRECTLY -DNO_NSPR_10_SUPPORT -DSSL_DISABLE_DEPRECATED_CIPHER_SUITE_NAMES -I/home/ffortier/code/perso/nss/../nspr/dist/include/nspr -I../../../dist/Linux6.6_x86_64_cc_glibc_PTH_64_OPT.OBJ/include -I../../../dist/public/nss -I../../../dist/private/nss -I../../../dist/public/seccmd -I../../../dist/public/dbm  baddbdir.c
rm -f Linux6.6_x86_64_cc_glibc_PTH_64_OPT.OBJ/baddbdir
cc -o Linux6.6_x86_64_cc_glibc_PTH_64_OPT.OBJ/baddbdir -O2 -fPIC  -m64 -pipe -ffunction-sections -fdata-sections -DHAVE_STRERROR -DLINUX -Dlinux -Wall -Wshadow -Werror -DXP_UNIX -DXP_UNIX -UDEBUG -DNDEBUG -D_DEFAULT_SOURCE -D_BSD_SOURCE -D_POSIX_SOURCE -DSDB_MEASURE_USE_TEMP_DIR -D_REENTRANT -UDEBUG -DNDEBUG -D_DEFAULT_SOURCE -D_BSD_SOURCE -D_POSIX_SOURCE -DSDB_MEASURE_USE_TEMP_DIR -D_REENTRANT -DNSS_DISABLE_SSE3 -DNSS_NO_INIT_SUPPORT -DUSE_UTIL_DIRECTLY -DNO_NSPR_10_SUPPORT -DSSL_DISABLE_DEPRECATED_CIPHER_SUITE_NAMES -I/home/ffortier/code/perso/nss/../nspr/dist/include/nspr -I../../../dist/Linux6.6_x86_64_cc_glibc_PTH_64_OPT.OBJ/include -I../../../dist/public/nss -I../../../dist/private/nss -I../../../dist/public/seccmd -I../../../dist/public/dbm  Linux6.6_x86_64_cc_glibc_PTH_64_OPT.OBJ/baddbdir.o -m64 -z noexecstack -m64 -z noexecstack ../../../dist/Linux6.6_x86_64_cc_glibc_PTH_64_OPT.OBJ/lib/libsectool.a  -L../../../dist/Linux6.6_x86_64_cc_glibc_PTH_64_OPT.OBJ/lib -L../../../dist/Linux6.6_x86_64_cc_glibc_PTH_64_OPT.OBJ/lib -lnssutil3 -L/home/ffortier/code/perso/nss/../nspr/dist -lplc4 -lplds4 -lnspr4  -lssl3 -lsmime3 -lnss3 -lpthread  -ldl -lc
cc -o Linux6.6_x86_64_cc_glibc_PTH_64_OPT.OBJ/conflict.o -c -std=c99 -O2 -fPIC  -m64 -pipe -ffunction-sections -fdata-sections -DHAVE_STRERROR -DLINUX -Dlinux -Wall -Wshadow -Werror -DXP_UNIX -DXP_UNIX -UDEBUG -DNDEBUG -D_DEFAULT_SOURCE -D_BSD_SOURCE -D_POSIX_SOURCE -DSDB_MEASURE_USE_TEMP_DIR -D_REENTRANT -UDEBUG -DNDEBUG -D_DEFAULT_SOURCE -D_BSD_SOURCE -D_POSIX_SOURCE -DSDB_MEASURE_USE_TEMP_DIR -D_REENTRANT -DNSS_DISABLE_SSE3 -DNSS_NO_INIT_SUPPORT -DUSE_UTIL_DIRECTLY -DNO_NSPR_10_SUPPORT -DSSL_DISABLE_DEPRECATED_CIPHER_SUITE_NAMES -I/home/ffortier/code/perso/nss/../nspr/dist/include/nspr -I../../../dist/Linux6.6_x86_64_cc_glibc_PTH_64_OPT.OBJ/include -I../../../dist/public/nss -I../../../dist/private/nss -I../../../dist/public/seccmd -I../../../dist/public/dbm  conflict.c
rm -f Linux6.6_x86_64_cc_glibc_PTH_64_OPT.OBJ/conflict
cc -o Linux6.6_x86_64_cc_glibc_PTH_64_OPT.OBJ/conflict -O2 -fPIC  -m64 -pipe -ffunction-sections -fdata-sections -DHAVE_STRERROR -DLINUX -Dlinux -Wall -Wshadow -Werror -DXP_UNIX -DXP_UNIX -UDEBUG -DNDEBUG -D_DEFAULT_SOURCE -D_BSD_SOURCE -D_POSIX_SOURCE -DSDB_MEASURE_USE_TEMP_DIR -D_REENTRANT -UDEBUG -DNDEBUG -D_DEFAULT_SOURCE -D_BSD_SOURCE -D_POSIX_SOURCE -DSDB_MEASURE_USE_TEMP_DIR -D_REENTRANT -DNSS_DISABLE_SSE3 -DNSS_NO_INIT_SUPPORT -DUSE_UTIL_DIRECTLY -DNO_NSPR_10_SUPPORT -DSSL_DISABLE_DEPRECATED_CIPHER_SUITE_NAMES -I/home/ffortier/code/perso/nss/../nspr/dist/include/nspr -I../../../dist/Linux6.6_x86_64_cc_glibc_PTH_64_OPT.OBJ/include -I../../../dist/public/nss -I../../../dist/private/nss -I../../../dist/public/seccmd -I../../../dist/public/dbm  Linux6.6_x86_64_cc_glibc_PTH_64_OPT.OBJ/conflict.o -m64 -z noexecstack -m64 -z noexecstack ../../../dist/Linux6.6_x86_64_cc_glibc_PTH_64_OPT.OBJ/lib/libsectool.a  -L../../../dist/Linux6.6_x86_64_cc_glibc_PTH_64_OPT.OBJ/lib -L../../../dist/Linux6.6_x86_64_cc_glibc_PTH_64_OPT.OBJ/lib -lnssutil3 -L/home/ffortier/code/perso/nss/../nspr/dist -lplc4 -lplds4 -lnspr4  -lssl3 -lsmime3 -lnss3 -lpthread  -ldl -lc
cc -o Linux6.6_x86_64_cc_glibc_PTH_64_OPT.OBJ/dertimetest.o -c -std=c99 -O2 -fPIC  -m64 -pipe -ffunction-sections -fdata-sections -DHAVE_STRERROR -DLINUX -Dlinux -Wall -Wshadow -Werror -DXP_UNIX -DXP_UNIX -UDEBUG -DNDEBUG -D_DEFAULT_SOURCE -D_BSD_SOURCE -D_POSIX_SOURCE -DSDB_MEASURE_USE_TEMP_DIR -D_REENTRANT -UDEBUG -DNDEBUG -D_DEFAULT_SOURCE -D_BSD_SOURCE -D_POSIX_SOURCE -DSDB_MEASURE_USE_TEMP_DIR -D_REENTRANT -DNSS_DISABLE_SSE3 -DNSS_NO_INIT_SUPPORT -DUSE_UTIL_DIRECTLY -DNO_NSPR_10_SUPPORT -DSSL_DISABLE_DEPRECATED_CIPHER_SUITE_NAMES -I/home/ffortier/code/perso/nss/../nspr/dist/include/nspr -I../../../dist/Linux6.6_x86_64_cc_glibc_PTH_64_OPT.OBJ/include -I../../../dist/public/nss -I../../../dist/private/nss -I../../../dist/public/seccmd -I../../../dist/public/dbm  dertimetest.c
rm -f Linux6.6_x86_64_cc_glibc_PTH_64_OPT.OBJ/dertimetest
cc -o Linux6.6_x86_64_cc_glibc_PTH_64_OPT.OBJ/dertimetest -O2 -fPIC  -m64 -pipe -ffunction-sections -fdata-sections -DHAVE_STRERROR -DLINUX -Dlinux -Wall -Wshadow -Werror -DXP_UNIX -DXP_UNIX -UDEBUG -DNDEBUG -D_DEFAULT_SOURCE -D_BSD_SOURCE -D_POSIX_SOURCE -DSDB_MEASURE_USE_TEMP_DIR -D_REENTRANT -UDEBUG -DNDEBUG -D_DEFAULT_SOURCE -D_BSD_SOURCE -D_POSIX_SOURCE -DSDB_MEASURE_USE_TEMP_DIR -D_REENTRANT -DNSS_DISABLE_SSE3 -DNSS_NO_INIT_SUPPORT -DUSE_UTIL_DIRECTLY -DNO_NSPR_10_SUPPORT -DSSL_DISABLE_DEPRECATED_CIPHER_SUITE_NAMES -I/home/ffortier/code/perso/nss/../nspr/dist/include/nspr -I../../../dist/Linux6.6_x86_64_cc_glibc_PTH_64_OPT.OBJ/include -I../../../dist/public/nss -I../../../dist/private/nss -I../../../dist/public/seccmd -I../../../dist/public/dbm  Linux6.6_x86_64_cc_glibc_PTH_64_OPT.OBJ/dertimetest.o -m64 -z noexecstack -m64 -z noexecstack ../../../dist/Linux6.6_x86_64_cc_glibc_PTH_64_OPT.OBJ/lib/libsectool.a  -L../../../dist/Linux6.6_x86_64_cc_glibc_PTH_64_OPT.OBJ/lib -L../../../dist/Linux6.6_x86_64_cc_glibc_PTH_64_OPT.OBJ/lib -lnssutil3 -L/home/ffortier/code/perso/nss/../nspr/dist -lplc4 -lplds4 -lnspr4  -lssl3 -lsmime3 -lnss3 -lpthread  -ldl -lc
cc -o Linux6.6_x86_64_cc_glibc_PTH_64_OPT.OBJ/encodeinttest.o -c -std=c99 -O2 -fPIC  -m64 -pipe -ffunction-sections -fdata-sections -DHAVE_STRERROR -DLINUX -Dlinux -Wall -Wshadow -Werror -DXP_UNIX -DXP_UNIX -UDEBUG -DNDEBUG -D_DEFAULT_SOURCE -D_BSD_SOURCE -D_POSIX_SOURCE -DSDB_MEASURE_USE_TEMP_DIR -D_REENTRANT -UDEBUG -DNDEBUG -D_DEFAULT_SOURCE -D_BSD_SOURCE -D_POSIX_SOURCE -DSDB_MEASURE_USE_TEMP_DIR -D_REENTRANT -DNSS_DISABLE_SSE3 -DNSS_NO_INIT_SUPPORT -DUSE_UTIL_DIRECTLY -DNO_NSPR_10_SUPPORT -DSSL_DISABLE_DEPRECATED_CIPHER_SUITE_NAMES -I/home/ffortier/code/perso/nss/../nspr/dist/include/nspr -I../../../dist/Linux6.6_x86_64_cc_glibc_PTH_64_OPT.OBJ/include -I../../../dist/public/nss -I../../../dist/private/nss -I../../../dist/public/seccmd -I../../../dist/public/dbm  encodeinttest.c
rm -f Linux6.6_x86_64_cc_glibc_PTH_64_OPT.OBJ/encodeinttest
cc -o Linux6.6_x86_64_cc_glibc_PTH_64_OPT.OBJ/encodeinttest -O2 -fPIC  -m64 -pipe -ffunction-sections -fdata-sections -DHAVE_STRERROR -DLINUX -Dlinux -Wall -Wshadow -Werror -DXP_UNIX -DXP_UNIX -UDEBUG -DNDEBUG -D_DEFAULT_SOURCE -D_BSD_SOURCE -D_POSIX_SOURCE -DSDB_MEASURE_USE_TEMP_DIR -D_REENTRANT -UDEBUG -DNDEBUG -D_DEFAULT_SOURCE -D_BSD_SOURCE -D_POSIX_SOURCE -DSDB_MEASURE_USE_TEMP_DIR -D_REENTRANT -DNSS_DISABLE_SSE3 -DNSS_NO_INIT_SUPPORT -DUSE_UTIL_DIRECTLY -DNO_NSPR_10_SUPPORT -DSSL_DISABLE_DEPRECATED_CIPHER_SUITE_NAMES -I/home/ffortier/code/perso/nss/../nspr/dist/include/nspr -I../../../dist/Linux6.6_x86_64_cc_glibc_PTH_64_OPT.OBJ/include -I../../../dist/public/nss -I../../../dist/private/nss -I../../../dist/public/seccmd -I../../../dist/public/dbm  Linux6.6_x86_64_cc_glibc_PTH_64_OPT.OBJ/encodeinttest.o -m64 -z noexecstack -m64 -z noexecstack ../../../dist/Linux6.6_x86_64_cc_glibc_PTH_64_OPT.OBJ/lib/libsectool.a  -L../../../dist/Linux6.6_x86_64_cc_glibc_PTH_64_OPT.OBJ/lib -L../../../dist/Linux6.6_x86_64_cc_glibc_PTH_64_OPT.OBJ/lib -lnssutil3 -L/home/ffortier/code/perso/nss/../nspr/dist -lplc4 -lplds4 -lnspr4  -lssl3 -lsmime3 -lnss3 -lpthread  -ldl -lc
cc -o Linux6.6_x86_64_cc_glibc_PTH_64_OPT.OBJ/nonspr10.o -c -std=c99 -O2 -fPIC  -m64 -pipe -ffunction-sections -fdata-sections -DHAVE_STRERROR -DLINUX -Dlinux -Wall -Wshadow -Werror -DXP_UNIX -DXP_UNIX -UDEBUG -DNDEBUG -D_DEFAULT_SOURCE -D_BSD_SOURCE -D_POSIX_SOURCE -DSDB_MEASURE_USE_TEMP_DIR -D_REENTRANT -UDEBUG -DNDEBUG -D_DEFAULT_SOURCE -D_BSD_SOURCE -D_POSIX_SOURCE -DSDB_MEASURE_USE_TEMP_DIR -D_REENTRANT -DNSS_DISABLE_SSE3 -DNSS_NO_INIT_SUPPORT -DUSE_UTIL_DIRECTLY -DNO_NSPR_10_SUPPORT -DSSL_DISABLE_DEPRECATED_CIPHER_SUITE_NAMES -I/home/ffortier/code/perso/nss/../nspr/dist/include/nspr -I../../../dist/Linux6.6_x86_64_cc_glibc_PTH_64_OPT.OBJ/include -I../../../dist/public/nss -I../../../dist/private/nss -I../../../dist/public/seccmd -I../../../dist/public/dbm  nonspr10.c
rm -f Linux6.6_x86_64_cc_glibc_PTH_64_OPT.OBJ/nonspr10
cc -o Linux6.6_x86_64_cc_glibc_PTH_64_OPT.OBJ/nonspr10 -O2 -fPIC  -m64 -pipe -ffunction-sections -fdata-sections -DHAVE_STRERROR -DLINUX -Dlinux -Wall -Wshadow -Werror -DXP_UNIX -DXP_UNIX -UDEBUG -DNDEBUG -D_DEFAULT_SOURCE -D_BSD_SOURCE -D_POSIX_SOURCE -DSDB_MEASURE_USE_TEMP_DIR -D_REENTRANT -UDEBUG -DNDEBUG -D_DEFAULT_SOURCE -D_BSD_SOURCE -D_POSIX_SOURCE -DSDB_MEASURE_USE_TEMP_DIR -D_REENTRANT -DNSS_DISABLE_SSE3 -DNSS_NO_INIT_SUPPORT -DUSE_UTIL_DIRECTLY -DNO_NSPR_10_SUPPORT -DSSL_DISABLE_DEPRECATED_CIPHER_SUITE_NAMES -I/home/ffortier/code/perso/nss/../nspr/dist/include/nspr -I../../../dist/Linux6.6_x86_64_cc_glibc_PTH_64_OPT.OBJ/include -I../../../dist/public/nss -I../../../dist/private/nss -I../../../dist/public/seccmd -I../../../dist/public/dbm  Linux6.6_x86_64_cc_glibc_PTH_64_OPT.OBJ/nonspr10.o -m64 -z noexecstack -m64 -z noexecstack ../../../dist/Linux6.6_x86_64_cc_glibc_PTH_64_OPT.OBJ/lib/libsectool.a  -L../../../dist/Linux6.6_x86_64_cc_glibc_PTH_64_OPT.OBJ/lib -L../../../dist/Linux6.6_x86_64_cc_glibc_PTH_64_OPT.OBJ/lib -lnssutil3 -L/home/ffortier/code/perso/nss/../nspr/dist -lplc4 -lplds4 -lnspr4  -lssl3 -lsmime3 -lnss3 -lpthread  -ldl -lc
cc -o Linux6.6_x86_64_cc_glibc_PTH_64_OPT.OBJ/remtest.o -c -std=c99 -O2 -fPIC  -m64 -pipe -ffunction-sections -fdata-sections -DHAVE_STRERROR -DLINUX -Dlinux -Wall -Wshadow -Werror -DXP_UNIX -DXP_UNIX -UDEBUG -DNDEBUG -D_DEFAULT_SOURCE -D_BSD_SOURCE -D_POSIX_SOURCE -DSDB_MEASURE_USE_TEMP_DIR -D_REENTRANT -UDEBUG -DNDEBUG -D_DEFAULT_SOURCE -D_BSD_SOURCE -D_POSIX_SOURCE -DSDB_MEASURE_USE_TEMP_DIR -D_REENTRANT -DNSS_DISABLE_SSE3 -DNSS_NO_INIT_SUPPORT -DUSE_UTIL_DIRECTLY -DNO_NSPR_10_SUPPORT -DSSL_DISABLE_DEPRECATED_CIPHER_SUITE_NAMES -I/home/ffortier/code/perso/nss/../nspr/dist/include/nspr -I../../../dist/Linux6.6_x86_64_cc_glibc_PTH_64_OPT.OBJ/include -I../../../dist/public/nss -I../../../dist/private/nss -I../../../dist/public/seccmd -I../../../dist/public/dbm  remtest.c
rm -f Linux6.6_x86_64_cc_glibc_PTH_64_OPT.OBJ/remtest
cc -o Linux6.6_x86_64_cc_glibc_PTH_64_OPT.OBJ/remtest -O2 -fPIC  -m64 -pipe -ffunction-sections -fdata-sections -DHAVE_STRERROR -DLINUX -Dlinux -Wall -Wshadow -Werror -DXP_UNIX -DXP_UNIX -UDEBUG -DNDEBUG -D_DEFAULT_SOURCE -D_BSD_SOURCE -D_POSIX_SOURCE -DSDB_MEASURE_USE_TEMP_DIR -D_REENTRANT -UDEBUG -DNDEBUG -D_DEFAULT_SOURCE -D_BSD_SOURCE -D_POSIX_SOURCE -DSDB_MEASURE_USE_TEMP_DIR -D_REENTRANT -DNSS_DISABLE_SSE3 -DNSS_NO_INIT_SUPPORT -DUSE_UTIL_DIRECTLY -DNO_NSPR_10_SUPPORT -DSSL_DISABLE_DEPRECATED_CIPHER_SUITE_NAMES -I/home/ffortier/code/perso/nss/../nspr/dist/include/nspr -I../../../dist/Linux6.6_x86_64_cc_glibc_PTH_64_OPT.OBJ/include -I../../../dist/public/nss -I../../../dist/private/nss -I../../../dist/public/seccmd -I../../../dist/public/dbm  Linux6.6_x86_64_cc_glibc_PTH_64_OPT.OBJ/remtest.o -m64 -z noexecstack -m64 -z noexecstack ../../../dist/Linux6.6_x86_64_cc_glibc_PTH_64_OPT.OBJ/lib/libsectool.a  -L../../../dist/Linux6.6_x86_64_cc_glibc_PTH_64_OPT.OBJ/lib -L../../../dist/Linux6.6_x86_64_cc_glibc_PTH_64_OPT.OBJ/lib -lnssutil3 -L/home/ffortier/code/perso/nss/../nspr/dist -lplc4 -lplds4 -lnspr4  -lssl3 -lsmime3 -lnss3 -lpthread  -ldl -lc
cc -o Linux6.6_x86_64_cc_glibc_PTH_64_OPT.OBJ/secmodtest.o -c -std=c99 -O2 -fPIC  -m64 -pipe -ffunction-sections -fdata-sections -DHAVE_STRERROR -DLINUX -Dlinux -Wall -Wshadow -Werror -DXP_UNIX -DXP_UNIX -UDEBUG -DNDEBUG -D_DEFAULT_SOURCE -D_BSD_SOURCE -D_POSIX_SOURCE -DSDB_MEASURE_USE_TEMP_DIR -D_REENTRANT -UDEBUG -DNDEBUG -D_DEFAULT_SOURCE -D_BSD_SOURCE -D_POSIX_SOURCE -DSDB_MEASURE_USE_TEMP_DIR -D_REENTRANT -DNSS_DISABLE_SSE3 -DNSS_NO_INIT_SUPPORT -DUSE_UTIL_DIRECTLY -DNO_NSPR_10_SUPPORT -DSSL_DISABLE_DEPRECATED_CIPHER_SUITE_NAMES -I/home/ffortier/code/perso/nss/../nspr/dist/include/nspr -I../../../dist/Linux6.6_x86_64_cc_glibc_PTH_64_OPT.OBJ/include -I../../../dist/public/nss -I../../../dist/private/nss -I../../../dist/public/seccmd -I../../../dist/public/dbm  secmodtest.c
rm -f Linux6.6_x86_64_cc_glibc_PTH_64_OPT.OBJ/secmodtest
cc -o Linux6.6_x86_64_cc_glibc_PTH_64_OPT.OBJ/secmodtest -O2 -fPIC  -m64 -pipe -ffunction-sections -fdata-sections -DHAVE_STRERROR -DLINUX -Dlinux -Wall -Wshadow -Werror -DXP_UNIX -DXP_UNIX -UDEBUG -DNDEBUG -D_DEFAULT_SOURCE -D_BSD_SOURCE -D_POSIX_SOURCE -DSDB_MEASURE_USE_TEMP_DIR -D_REENTRANT -UDEBUG -DNDEBUG -D_DEFAULT_SOURCE -D_BSD_SOURCE -D_POSIX_SOURCE -DSDB_MEASURE_USE_TEMP_DIR -D_REENTRANT -DNSS_DISABLE_SSE3 -DNSS_NO_INIT_SUPPORT -DUSE_UTIL_DIRECTLY -DNO_NSPR_10_SUPPORT -DSSL_DISABLE_DEPRECATED_CIPHER_SUITE_NAMES -I/home/ffortier/code/perso/nss/../nspr/dist/include/nspr -I../../../dist/Linux6.6_x86_64_cc_glibc_PTH_64_OPT.OBJ/include -I../../../dist/public/nss -I../../../dist/private/nss -I../../../dist/public/seccmd -I../../../dist/public/dbm  Linux6.6_x86_64_cc_glibc_PTH_64_OPT.OBJ/secmodtest.o -m64 -z noexecstack -m64 -z noexecstack ../../../dist/Linux6.6_x86_64_cc_glibc_PTH_64_OPT.OBJ/lib/libsectool.a  -L../../../dist/Linux6.6_x86_64_cc_glibc_PTH_64_OPT.OBJ/lib -L../../../dist/Linux6.6_x86_64_cc_glibc_PTH_64_OPT.OBJ/lib -lnssutil3 -L/home/ffortier/code/perso/nss/../nspr/dist -lplc4 -lplds4 -lnspr4  -lssl3 -lsmime3 -lnss3 -lpthread  -ldl -lc
../../coreconf/nsinstall/Linux6.6_x86_64_cc_glibc_PTH_64_OPT.OBJ/nsinstall -R -m 775 Linux6.6_x86_64_cc_glibc_PTH_64_OPT.OBJ/baddbdir Linux6.6_x86_64_cc_glibc_PTH_64_OPT.OBJ/conflict Linux6.6_x86_64_cc_glibc_PTH_64_OPT.OBJ/dertimetest Linux6.6_x86_64_cc_glibc_PTH_64_OPT.OBJ/encodeinttest Linux6.6_x86_64_cc_glibc_PTH_64_OPT.OBJ/nonspr10 Linux6.6_x86_64_cc_glibc_PTH_64_OPT.OBJ/remtest Linux6.6_x86_64_cc_glibc_PTH_64_OPT.OBJ/secmodtest ../../../dist/Linux6.6_x86_64_cc_glibc_PTH_64_OPT.OBJ/bin
make[3]: Leaving directory '/home/ffortier/code/perso/nss/cmd/tests'
make[3]: Entering directory '/home/ffortier/code/perso/nss/cmd/tstclnt'
cc -o Linux6.6_x86_64_cc_glibc_PTH_64_OPT.OBJ/tstclnt.o -c -std=c99 -O2 -fPIC  -m64 -pipe -ffunction-sections -fdata-sections -DHAVE_STRERROR -DLINUX -Dlinux -Wall -Wshadow -Werror -DXP_UNIX -DXP_UNIX -DDLL_PREFIX=\"lib\" -DDLL_SUFFIX=\"so\" -UDEBUG -DNDEBUG -D_DEFAULT_SOURCE -D_BSD_SOURCE -D_POSIX_SOURCE -DSDB_MEASURE_USE_TEMP_DIR -D_REENTRANT -UDEBUG -DNDEBUG -D_DEFAULT_SOURCE -D_BSD_SOURCE -D_POSIX_SOURCE -DSDB_MEASURE_USE_TEMP_DIR -D_REENTRANT -DNSS_DISABLE_SSE3 -DNSS_NO_INIT_SUPPORT -DUSE_UTIL_DIRECTLY -DNO_NSPR_10_SUPPORT -DSSL_DISABLE_DEPRECATED_CIPHER_SUITE_NAMES -I/home/ffortier/code/perso/nss/../nspr/dist/include/nspr -I../../../dist/Linux6.6_x86_64_cc_glibc_PTH_64_OPT.OBJ/include -I../../../dist/public/nss -I../../../dist/private/nss -I../../../dist/public/seccmd -I../../../dist/public/dbm  tstclnt.c
rm -f Linux6.6_x86_64_cc_glibc_PTH_64_OPT.OBJ/tstclnt
cc -o Linux6.6_x86_64_cc_glibc_PTH_64_OPT.OBJ/tstclnt -O2 -fPIC  -m64 -pipe -ffunction-sections -fdata-sections -DHAVE_STRERROR -DLINUX -Dlinux -Wall -Wshadow -Werror -DXP_UNIX -DXP_UNIX -DDLL_PREFIX=\"lib\" -DDLL_SUFFIX=\"so\" -UDEBUG -DNDEBUG -D_DEFAULT_SOURCE -D_BSD_SOURCE -D_POSIX_SOURCE -DSDB_MEASURE_USE_TEMP_DIR -D_REENTRANT -UDEBUG -DNDEBUG -D_DEFAULT_SOURCE -D_BSD_SOURCE -D_POSIX_SOURCE -DSDB_MEASURE_USE_TEMP_DIR -D_REENTRANT -DNSS_DISABLE_SSE3 -DNSS_NO_INIT_SUPPORT -DUSE_UTIL_DIRECTLY -DNO_NSPR_10_SUPPORT -DSSL_DISABLE_DEPRECATED_CIPHER_SUITE_NAMES -I/home/ffortier/code/perso/nss/../nspr/dist/include/nspr -I../../../dist/Linux6.6_x86_64_cc_glibc_PTH_64_OPT.OBJ/include -I../../../dist/public/nss -I../../../dist/private/nss -I../../../dist/public/seccmd -I../../../dist/public/dbm  Linux6.6_x86_64_cc_glibc_PTH_64_OPT.OBJ/tstclnt.o -m64 -z noexecstack -m64 -z noexecstack ../../../dist/Linux6.6_x86_64_cc_glibc_PTH_64_OPT.OBJ/lib/libsectool.a  -L../../../dist/Linux6.6_x86_64_cc_glibc_PTH_64_OPT.OBJ/lib -L../../../dist/Linux6.6_x86_64_cc_glibc_PTH_64_OPT.OBJ/lib -lnssutil3 -L/home/ffortier/code/perso/nss/../nspr/dist -lplc4 -lplds4 -lnspr4  -lssl3 -lsmime3 -lnss3 -lpthread  -ldl -lc -lz
../../coreconf/nsinstall/Linux6.6_x86_64_cc_glibc_PTH_64_OPT.OBJ/nsinstall -R -m 775 Linux6.6_x86_64_cc_glibc_PTH_64_OPT.OBJ/tstclnt ../../../dist/Linux6.6_x86_64_cc_glibc_PTH_64_OPT.OBJ/bin
make[3]: Leaving directory '/home/ffortier/code/perso/nss/cmd/tstclnt'
make[3]: Entering directory '/home/ffortier/code/perso/nss/cmd/validation'
cc -o Linux6.6_x86_64_cc_glibc_PTH_64_OPT.OBJ/validation.o -c -std=c99 -O2 -fPIC  -m64 -pipe -ffunction-sections -fdata-sections -DHAVE_STRERROR -DLINUX -Dlinux -Wall -Wshadow -Werror -DXP_UNIX -DXP_UNIX -DNSPR20 -UDEBUG -DNDEBUG -D_DEFAULT_SOURCE -D_BSD_SOURCE -D_POSIX_SOURCE -DSDB_MEASURE_USE_TEMP_DIR -D_REENTRANT -UDEBUG -DNDEBUG -D_DEFAULT_SOURCE -D_BSD_SOURCE -D_POSIX_SOURCE -DSDB_MEASURE_USE_TEMP_DIR -D_REENTRANT -DNSS_DISABLE_SSE3 -DNSS_NO_INIT_SUPPORT -DUSE_UTIL_DIRECTLY -DNO_NSPR_10_SUPPORT -DSSL_DISABLE_DEPRECATED_CIPHER_SUITE_NAMES -I/home/ffortier/code/perso/nss/../nspr/dist/include/nspr -I../../../dist/Linux6.6_x86_64_cc_glibc_PTH_64_OPT.OBJ/include -I../../../dist/public/nss -I../../../dist/private/nss -I../../../dist/public/dbm -I../../../dist/public/seccmd  validation.c
rm -f Linux6.6_x86_64_cc_glibc_PTH_64_OPT.OBJ/validation
cc -o Linux6.6_x86_64_cc_glibc_PTH_64_OPT.OBJ/validation -O2 -fPIC  -m64 -pipe -ffunction-sections -fdata-sections -DHAVE_STRERROR -DLINUX -Dlinux -Wall -Wshadow -Werror -DXP_UNIX -DXP_UNIX -DNSPR20 -UDEBUG -DNDEBUG -D_DEFAULT_SOURCE -D_BSD_SOURCE -D_POSIX_SOURCE -DSDB_MEASURE_USE_TEMP_DIR -D_REENTRANT -UDEBUG -DNDEBUG -D_DEFAULT_SOURCE -D_BSD_SOURCE -D_POSIX_SOURCE -DSDB_MEASURE_USE_TEMP_DIR -D_REENTRANT -DNSS_DISABLE_SSE3 -DNSS_NO_INIT_SUPPORT -DUSE_UTIL_DIRECTLY -DNO_NSPR_10_SUPPORT -DSSL_DISABLE_DEPRECATED_CIPHER_SUITE_NAMES -I/home/ffortier/code/perso/nss/../nspr/dist/include/nspr -I../../../dist/Linux6.6_x86_64_cc_glibc_PTH_64_OPT.OBJ/include -I../../../dist/public/nss -I../../../dist/private/nss -I../../../dist/public/dbm -I../../../dist/public/seccmd  Linux6.6_x86_64_cc_glibc_PTH_64_OPT.OBJ/validation.o -m64 -z noexecstack -m64 -z noexecstack ../../../dist/Linux6.6_x86_64_cc_glibc_PTH_64_OPT.OBJ/lib/libsectool.a  -L../../../dist/Linux6.6_x86_64_cc_glibc_PTH_64_OPT.OBJ/lib -L../../../dist/Linux6.6_x86_64_cc_glibc_PTH_64_OPT.OBJ/lib -lnssutil3 -L/home/ffortier/code/perso/nss/../nspr/dist -lplc4 -lplds4 -lnspr4  -lssl3 -lsmime3 -lnss3 -lpthread  -ldl -lc
../../coreconf/nsinstall/Linux6.6_x86_64_cc_glibc_PTH_64_OPT.OBJ/nsinstall -R -m 775 Linux6.6_x86_64_cc_glibc_PTH_64_OPT.OBJ/validation ../../../dist/Linux6.6_x86_64_cc_glibc_PTH_64_OPT.OBJ/bin
make[3]: Leaving directory '/home/ffortier/code/perso/nss/cmd/validation'
make[3]: Entering directory '/home/ffortier/code/perso/nss/cmd/vfychain'
cc -o Linux6.6_x86_64_cc_glibc_PTH_64_OPT.OBJ/vfychain.o -c -std=c99 -O2 -fPIC  -m64 -pipe -ffunction-sections -fdata-sections -DHAVE_STRERROR -DLINUX -Dlinux -Wall -Wshadow -Werror -DXP_UNIX -DXP_UNIX -DDLL_PREFIX=\"lib\" -DDLL_SUFFIX=\"so\" -UDEBUG -DNDEBUG -D_DEFAULT_SOURCE -D_BSD_SOURCE -D_POSIX_SOURCE -DSDB_MEASURE_USE_TEMP_DIR -D_REENTRANT -UDEBUG -DNDEBUG -D_DEFAULT_SOURCE -D_BSD_SOURCE -D_POSIX_SOURCE -DSDB_MEASURE_USE_TEMP_DIR -D_REENTRANT -DNSS_DISABLE_SSE3 -DNSS_NO_INIT_SUPPORT -DUSE_UTIL_DIRECTLY -DNO_NSPR_10_SUPPORT -DSSL_DISABLE_DEPRECATED_CIPHER_SUITE_NAMES -I/home/ffortier/code/perso/nss/../nspr/dist/include/nspr -I../../../dist/Linux6.6_x86_64_cc_glibc_PTH_64_OPT.OBJ/include -I../../../dist/public/nss -I../../../dist/private/nss -I../../../dist/public/seccmd  vfychain.c
rm -f Linux6.6_x86_64_cc_glibc_PTH_64_OPT.OBJ/vfychain
cc -o Linux6.6_x86_64_cc_glibc_PTH_64_OPT.OBJ/vfychain -O2 -fPIC  -m64 -pipe -ffunction-sections -fdata-sections -DHAVE_STRERROR -DLINUX -Dlinux -Wall -Wshadow -Werror -DXP_UNIX -DXP_UNIX -DDLL_PREFIX=\"lib\" -DDLL_SUFFIX=\"so\" -UDEBUG -DNDEBUG -D_DEFAULT_SOURCE -D_BSD_SOURCE -D_POSIX_SOURCE -DSDB_MEASURE_USE_TEMP_DIR -D_REENTRANT -UDEBUG -DNDEBUG -D_DEFAULT_SOURCE -D_BSD_SOURCE -D_POSIX_SOURCE -DSDB_MEASURE_USE_TEMP_DIR -D_REENTRANT -DNSS_DISABLE_SSE3 -DNSS_NO_INIT_SUPPORT -DUSE_UTIL_DIRECTLY -DNO_NSPR_10_SUPPORT -DSSL_DISABLE_DEPRECATED_CIPHER_SUITE_NAMES -I/home/ffortier/code/perso/nss/../nspr/dist/include/nspr -I../../../dist/Linux6.6_x86_64_cc_glibc_PTH_64_OPT.OBJ/include -I../../../dist/public/nss -I../../../dist/private/nss -I../../../dist/public/seccmd  Linux6.6_x86_64_cc_glibc_PTH_64_OPT.OBJ/vfychain.o -m64 -z noexecstack -m64 -z noexecstack ../../../dist/Linux6.6_x86_64_cc_glibc_PTH_64_OPT.OBJ/lib/libsectool.a  -L../../../dist/Linux6.6_x86_64_cc_glibc_PTH_64_OPT.OBJ/lib -L../../../dist/Linux6.6_x86_64_cc_glibc_PTH_64_OPT.OBJ/lib -lnssutil3 -L/home/ffortier/code/perso/nss/../nspr/dist -lplc4 -lplds4 -lnspr4  -lssl3 -lsmime3 -lnss3 -lpthread  -ldl -lc
../../coreconf/nsinstall/Linux6.6_x86_64_cc_glibc_PTH_64_OPT.OBJ/nsinstall -R -m 775 Linux6.6_x86_64_cc_glibc_PTH_64_OPT.OBJ/vfychain ../../../dist/Linux6.6_x86_64_cc_glibc_PTH_64_OPT.OBJ/bin
make[3]: Leaving directory '/home/ffortier/code/perso/nss/cmd/vfychain'
make[3]: Entering directory '/home/ffortier/code/perso/nss/cmd/vfyserv'
cc -o Linux6.6_x86_64_cc_glibc_PTH_64_OPT.OBJ/vfyserv.o -c -std=c99 -O2 -fPIC  -m64 -pipe -ffunction-sections -fdata-sections -DHAVE_STRERROR -DLINUX -Dlinux -Wall -Wshadow -Werror -DXP_UNIX -DXP_UNIX -DDLL_PREFIX=\"lib\" -DDLL_SUFFIX=\"so\" -UDEBUG -DNDEBUG -D_DEFAULT_SOURCE -D_BSD_SOURCE -D_POSIX_SOURCE -DSDB_MEASURE_USE_TEMP_DIR -D_REENTRANT -UDEBUG -DNDEBUG -D_DEFAULT_SOURCE -D_BSD_SOURCE -D_POSIX_SOURCE -DSDB_MEASURE_USE_TEMP_DIR -D_REENTRANT -DNSS_DISABLE_SSE3 -DNSS_NO_INIT_SUPPORT -DUSE_UTIL_DIRECTLY -DNO_NSPR_10_SUPPORT -DSSL_DISABLE_DEPRECATED_CIPHER_SUITE_NAMES -I/home/ffortier/code/perso/nss/../nspr/dist/include/nspr -I../../../dist/Linux6.6_x86_64_cc_glibc_PTH_64_OPT.OBJ/include -I../../../dist/public/nss -I../../../dist/private/nss -I../../../dist/public/seccmd -I../../../dist/public/dbm  vfyserv.c
cc -o Linux6.6_x86_64_cc_glibc_PTH_64_OPT.OBJ/vfyutil.o -c -std=c99 -O2 -fPIC  -m64 -pipe -ffunction-sections -fdata-sections -DHAVE_STRERROR -DLINUX -Dlinux -Wall -Wshadow -Werror -DXP_UNIX -DXP_UNIX -DDLL_PREFIX=\"lib\" -DDLL_SUFFIX=\"so\" -UDEBUG -DNDEBUG -D_DEFAULT_SOURCE -D_BSD_SOURCE -D_POSIX_SOURCE -DSDB_MEASURE_USE_TEMP_DIR -D_REENTRANT -UDEBUG -DNDEBUG -D_DEFAULT_SOURCE -D_BSD_SOURCE -D_POSIX_SOURCE -DSDB_MEASURE_USE_TEMP_DIR -D_REENTRANT -DNSS_DISABLE_SSE3 -DNSS_NO_INIT_SUPPORT -DUSE_UTIL_DIRECTLY -DNO_NSPR_10_SUPPORT -DSSL_DISABLE_DEPRECATED_CIPHER_SUITE_NAMES -I/home/ffortier/code/perso/nss/../nspr/dist/include/nspr -I../../../dist/Linux6.6_x86_64_cc_glibc_PTH_64_OPT.OBJ/include -I../../../dist/public/nss -I../../../dist/private/nss -I../../../dist/public/seccmd -I../../../dist/public/dbm  vfyutil.c
rm -f Linux6.6_x86_64_cc_glibc_PTH_64_OPT.OBJ/vfyserv
cc -o Linux6.6_x86_64_cc_glibc_PTH_64_OPT.OBJ/vfyserv -O2 -fPIC  -m64 -pipe -ffunction-sections -fdata-sections -DHAVE_STRERROR -DLINUX -Dlinux -Wall -Wshadow -Werror -DXP_UNIX -DXP_UNIX -DDLL_PREFIX=\"lib\" -DDLL_SUFFIX=\"so\" -UDEBUG -DNDEBUG -D_DEFAULT_SOURCE -D_BSD_SOURCE -D_POSIX_SOURCE -DSDB_MEASURE_USE_TEMP_DIR -D_REENTRANT -UDEBUG -DNDEBUG -D_DEFAULT_SOURCE -D_BSD_SOURCE -D_POSIX_SOURCE -DSDB_MEASURE_USE_TEMP_DIR -D_REENTRANT -DNSS_DISABLE_SSE3 -DNSS_NO_INIT_SUPPORT -DUSE_UTIL_DIRECTLY -DNO_NSPR_10_SUPPORT -DSSL_DISABLE_DEPRECATED_CIPHER_SUITE_NAMES -I/home/ffortier/code/perso/nss/../nspr/dist/include/nspr -I../../../dist/Linux6.6_x86_64_cc_glibc_PTH_64_OPT.OBJ/include -I../../../dist/public/nss -I../../../dist/private/nss -I../../../dist/public/seccmd -I../../../dist/public/dbm  Linux6.6_x86_64_cc_glibc_PTH_64_OPT.OBJ/vfyserv.o Linux6.6_x86_64_cc_glibc_PTH_64_OPT.OBJ/vfyutil.o -m64 -z noexecstack -m64 -z noexecstack ../../../dist/Linux6.6_x86_64_cc_glibc_PTH_64_OPT.OBJ/lib/libsectool.a  -L../../../dist/Linux6.6_x86_64_cc_glibc_PTH_64_OPT.OBJ/lib -L../../../dist/Linux6.6_x86_64_cc_glibc_PTH_64_OPT.OBJ/lib -lnssutil3 -L/home/ffortier/code/perso/nss/../nspr/dist -lplc4 -lplds4 -lnspr4  -lssl3 -lsmime3 -lnss3 -lpthread  -ldl -lc
../../coreconf/nsinstall/Linux6.6_x86_64_cc_glibc_PTH_64_OPT.OBJ/nsinstall -R -m 775 Linux6.6_x86_64_cc_glibc_PTH_64_OPT.OBJ/vfyserv ../../../dist/Linux6.6_x86_64_cc_glibc_PTH_64_OPT.OBJ/bin
make[3]: Leaving directory '/home/ffortier/code/perso/nss/cmd/vfyserv'
make[3]: Entering directory '/home/ffortier/code/perso/nss/cmd/modutil'
cc -o Linux6.6_x86_64_cc_glibc_PTH_64_OPT.OBJ/modutil.o -c -std=c99 -O2 -fPIC  -m64 -pipe -ffunction-sections -fdata-sections -DHAVE_STRERROR -DLINUX -Dlinux -Wall -Wshadow -Werror -DXP_UNIX -DXP_UNIX -DNSPR20 -DYY_NO_UNPUT -DYY_NO_INPUT -UDEBUG -DNDEBUG -D_DEFAULT_SOURCE -D_BSD_SOURCE -D_POSIX_SOURCE -DSDB_MEASURE_USE_TEMP_DIR -D_REENTRANT -UDEBUG -DNDEBUG -D_DEFAULT_SOURCE -D_BSD_SOURCE -D_POSIX_SOURCE -DSDB_MEASURE_USE_TEMP_DIR -D_REENTRANT -DNSS_DISABLE_SSE3 -DNSS_NO_INIT_SUPPORT -DUSE_UTIL_DIRECTLY -DNO_NSPR_10_SUPPORT -DSSL_DISABLE_DEPRECATED_CIPHER_SUITE_NAMES -I/home/ffortier/code/perso/nss/../nspr/dist/include/nspr -I../../../dist/Linux6.6_x86_64_cc_glibc_PTH_64_OPT.OBJ/include -I../../../dist/public/sectools -I../../../dist/private/sectools -I../../../dist/public/seccmd -I../../../dist/public/nss -I../../../dist/public/dbm -I../../../dist/private/seccmd -I../../../dist/private/nss -I../../../dist/private/dbm  modutil.c
cc -o Linux6.6_x86_64_cc_glibc_PTH_64_OPT.OBJ/pk11.o -c -std=c99 -O2 -fPIC  -m64 -pipe -ffunction-sections -fdata-sections -DHAVE_STRERROR -DLINUX -Dlinux -Wall -Wshadow -Werror -DXP_UNIX -DXP_UNIX -DNSPR20 -DYY_NO_UNPUT -DYY_NO_INPUT -UDEBUG -DNDEBUG -D_DEFAULT_SOURCE -D_BSD_SOURCE -D_POSIX_SOURCE -DSDB_MEASURE_USE_TEMP_DIR -D_REENTRANT -UDEBUG -DNDEBUG -D_DEFAULT_SOURCE -D_BSD_SOURCE -D_POSIX_SOURCE -DSDB_MEASURE_USE_TEMP_DIR -D_REENTRANT -DNSS_DISABLE_SSE3 -DNSS_NO_INIT_SUPPORT -DUSE_UTIL_DIRECTLY -DNO_NSPR_10_SUPPORT -DSSL_DISABLE_DEPRECATED_CIPHER_SUITE_NAMES -I/home/ffortier/code/perso/nss/../nspr/dist/include/nspr -I../../../dist/Linux6.6_x86_64_cc_glibc_PTH_64_OPT.OBJ/include -I../../../dist/public/sectools -I../../../dist/private/sectools -I../../../dist/public/seccmd -I../../../dist/public/nss -I../../../dist/public/dbm -I../../../dist/private/seccmd -I../../../dist/private/nss -I../../../dist/private/dbm  pk11.c
cc -o Linux6.6_x86_64_cc_glibc_PTH_64_OPT.OBJ/instsec.o -c -std=c99 -O2 -fPIC  -m64 -pipe -ffunction-sections -fdata-sections -DHAVE_STRERROR -DLINUX -Dlinux -Wall -Wshadow -Werror -DXP_UNIX -DXP_UNIX -DNSPR20 -DYY_NO_UNPUT -DYY_NO_INPUT -UDEBUG -DNDEBUG -D_DEFAULT_SOURCE -D_BSD_SOURCE -D_POSIX_SOURCE -DSDB_MEASURE_USE_TEMP_DIR -D_REENTRANT -UDEBUG -DNDEBUG -D_DEFAULT_SOURCE -D_BSD_SOURCE -D_POSIX_SOURCE -DSDB_MEASURE_USE_TEMP_DIR -D_REENTRANT -DNSS_DISABLE_SSE3 -DNSS_NO_INIT_SUPPORT -DUSE_UTIL_DIRECTLY -DNO_NSPR_10_SUPPORT -DSSL_DISABLE_DEPRECATED_CIPHER_SUITE_NAMES -I/home/ffortier/code/perso/nss/../nspr/dist/include/nspr -I../../../dist/Linux6.6_x86_64_cc_glibc_PTH_64_OPT.OBJ/include -I../../../dist/public/sectools -I../../../dist/private/sectools -I../../../dist/public/seccmd -I../../../dist/public/nss -I../../../dist/public/dbm -I../../../dist/private/seccmd -I../../../dist/private/nss -I../../../dist/private/dbm  instsec.c
cc -o Linux6.6_x86_64_cc_glibc_PTH_64_OPT.OBJ/install.o -c -std=c99 -O2 -fPIC  -m64 -pipe -ffunction-sections -fdata-sections -DHAVE_STRERROR -DLINUX -Dlinux -Wall -Wshadow -Werror -DXP_UNIX -DXP_UNIX -DNSPR20 -DYY_NO_UNPUT -DYY_NO_INPUT -UDEBUG -DNDEBUG -D_DEFAULT_SOURCE -D_BSD_SOURCE -D_POSIX_SOURCE -DSDB_MEASURE_USE_TEMP_DIR -D_REENTRANT -UDEBUG -DNDEBUG -D_DEFAULT_SOURCE -D_BSD_SOURCE -D_POSIX_SOURCE -DSDB_MEASURE_USE_TEMP_DIR -D_REENTRANT -DNSS_DISABLE_SSE3 -DNSS_NO_INIT_SUPPORT -DUSE_UTIL_DIRECTLY -DNO_NSPR_10_SUPPORT -DSSL_DISABLE_DEPRECATED_CIPHER_SUITE_NAMES -I/home/ffortier/code/perso/nss/../nspr/dist/include/nspr -I../../../dist/Linux6.6_x86_64_cc_glibc_PTH_64_OPT.OBJ/include -I../../../dist/public/sectools -I../../../dist/private/sectools -I../../../dist/public/seccmd -I../../../dist/public/nss -I../../../dist/public/dbm -I../../../dist/private/seccmd -I../../../dist/private/nss -I../../../dist/private/dbm  install.c
cc -o Linux6.6_x86_64_cc_glibc_PTH_64_OPT.OBJ/installparse.o -c -std=c99 -O2 -fPIC  -m64 -pipe -ffunction-sections -fdata-sections -DHAVE_STRERROR -DLINUX -Dlinux -Wall -Wshadow -Werror -DXP_UNIX -DXP_UNIX -DNSPR20 -DYY_NO_UNPUT -DYY_NO_INPUT -UDEBUG -DNDEBUG -D_DEFAULT_SOURCE -D_BSD_SOURCE -D_POSIX_SOURCE -DSDB_MEASURE_USE_TEMP_DIR -D_REENTRANT -UDEBUG -DNDEBUG -D_DEFAULT_SOURCE -D_BSD_SOURCE -D_POSIX_SOURCE -DSDB_MEASURE_USE_TEMP_DIR -D_REENTRANT -DNSS_DISABLE_SSE3 -DNSS_NO_INIT_SUPPORT -DUSE_UTIL_DIRECTLY -DNO_NSPR_10_SUPPORT -DSSL_DISABLE_DEPRECATED_CIPHER_SUITE_NAMES -I/home/ffortier/code/perso/nss/../nspr/dist/include/nspr -I../../../dist/Linux6.6_x86_64_cc_glibc_PTH_64_OPT.OBJ/include -I../../../dist/public/sectools -I../../../dist/private/sectools -I../../../dist/public/seccmd -I../../../dist/public/nss -I../../../dist/public/dbm -I../../../dist/private/seccmd -I../../../dist/private/nss -I../../../dist/private/dbm  installparse.c
cc -o Linux6.6_x86_64_cc_glibc_PTH_64_OPT.OBJ/install-ds.o -c -std=c99 -O2 -fPIC  -m64 -pipe -ffunction-sections -fdata-sections -DHAVE_STRERROR -DLINUX -Dlinux -Wall -Wshadow -Werror -DXP_UNIX -DXP_UNIX -DNSPR20 -DYY_NO_UNPUT -DYY_NO_INPUT -UDEBUG -DNDEBUG -D_DEFAULT_SOURCE -D_BSD_SOURCE -D_POSIX_SOURCE -DSDB_MEASURE_USE_TEMP_DIR -D_REENTRANT -UDEBUG -DNDEBUG -D_DEFAULT_SOURCE -D_BSD_SOURCE -D_POSIX_SOURCE -DSDB_MEASURE_USE_TEMP_DIR -D_REENTRANT -DNSS_DISABLE_SSE3 -DNSS_NO_INIT_SUPPORT -DUSE_UTIL_DIRECTLY -DNO_NSPR_10_SUPPORT -DSSL_DISABLE_DEPRECATED_CIPHER_SUITE_NAMES -I/home/ffortier/code/perso/nss/../nspr/dist/include/nspr -I../../../dist/Linux6.6_x86_64_cc_glibc_PTH_64_OPT.OBJ/include -I../../../dist/public/sectools -I../../../dist/private/sectools -I../../../dist/public/seccmd -I../../../dist/public/nss -I../../../dist/public/dbm -I../../../dist/private/seccmd -I../../../dist/private/nss -I../../../dist/private/dbm  install-ds.c
cc -o Linux6.6_x86_64_cc_glibc_PTH_64_OPT.OBJ/lex.Pk11Install_yy.o -c -std=c99 -O2 -fPIC  -m64 -pipe -ffunction-sections -fdata-sections -DHAVE_STRERROR -DLINUX -Dlinux -Wall -Wshadow -Werror -DXP_UNIX -DXP_UNIX -DNSPR20 -DYY_NO_UNPUT -DYY_NO_INPUT -UDEBUG -DNDEBUG -D_DEFAULT_SOURCE -D_BSD_SOURCE -D_POSIX_SOURCE -DSDB_MEASURE_USE_TEMP_DIR -D_REENTRANT -UDEBUG -DNDEBUG -D_DEFAULT_SOURCE -D_BSD_SOURCE -D_POSIX_SOURCE -DSDB_MEASURE_USE_TEMP_DIR -D_REENTRANT -DNSS_DISABLE_SSE3 -DNSS_NO_INIT_SUPPORT -DUSE_UTIL_DIRECTLY -DNO_NSPR_10_SUPPORT -DSSL_DISABLE_DEPRECATED_CIPHER_SUITE_NAMES -I/home/ffortier/code/perso/nss/../nspr/dist/include/nspr -I../../../dist/Linux6.6_x86_64_cc_glibc_PTH_64_OPT.OBJ/include -I../../../dist/public/sectools -I../../../dist/private/sectools -I../../../dist/public/seccmd -I../../../dist/public/nss -I../../../dist/public/dbm -I../../../dist/private/seccmd -I../../../dist/private/nss -I../../../dist/private/dbm  lex.Pk11Install_yy.c
rm -f Linux6.6_x86_64_cc_glibc_PTH_64_OPT.OBJ/modutil
cc -o Linux6.6_x86_64_cc_glibc_PTH_64_OPT.OBJ/modutil -O2 -fPIC  -m64 -pipe -ffunction-sections -fdata-sections -DHAVE_STRERROR -DLINUX -Dlinux -Wall -Wshadow -Werror -DXP_UNIX -DXP_UNIX -DNSPR20 -DYY_NO_UNPUT -DYY_NO_INPUT -UDEBUG -DNDEBUG -D_DEFAULT_SOURCE -D_BSD_SOURCE -D_POSIX_SOURCE -DSDB_MEASURE_USE_TEMP_DIR -D_REENTRANT -UDEBUG -DNDEBUG -D_DEFAULT_SOURCE -D_BSD_SOURCE -D_POSIX_SOURCE -DSDB_MEASURE_USE_TEMP_DIR -D_REENTRANT -DNSS_DISABLE_SSE3 -DNSS_NO_INIT_SUPPORT -DUSE_UTIL_DIRECTLY -DNO_NSPR_10_SUPPORT -DSSL_DISABLE_DEPRECATED_CIPHER_SUITE_NAMES -I/home/ffortier/code/perso/nss/../nspr/dist/include/nspr -I../../../dist/Linux6.6_x86_64_cc_glibc_PTH_64_OPT.OBJ/include -I../../../dist/public/sectools -I../../../dist/private/sectools -I../../../dist/public/seccmd -I../../../dist/public/nss -I../../../dist/public/dbm -I../../../dist/private/seccmd -I../../../dist/private/nss -I../../../dist/private/dbm  Linux6.6_x86_64_cc_glibc_PTH_64_OPT.OBJ/modutil.o Linux6.6_x86_64_cc_glibc_PTH_64_OPT.OBJ/pk11.o Linux6.6_x86_64_cc_glibc_PTH_64_OPT.OBJ/instsec.o Linux6.6_x86_64_cc_glibc_PTH_64_OPT.OBJ/install.o Linux6.6_x86_64_cc_glibc_PTH_64_OPT.OBJ/installparse.o Linux6.6_x86_64_cc_glibc_PTH_64_OPT.OBJ/install-ds.o Linux6.6_x86_64_cc_glibc_PTH_64_OPT.OBJ/lex.Pk11Install_yy.o -m64 -z noexecstack -m64 -z noexecstack ../../../dist/Linux6.6_x86_64_cc_glibc_PTH_64_OPT.OBJ/lib/libjar.a ../../../dist/Linux6.6_x86_64_cc_glibc_PTH_64_OPT.OBJ/lib/libsectool.a  -L../../../dist/Linux6.6_x86_64_cc_glibc_PTH_64_OPT.OBJ/lib -L../../../dist/Linux6.6_x86_64_cc_glibc_PTH_64_OPT.OBJ/lib -lnssutil3 -L/home/ffortier/code/perso/nss/../nspr/dist -lplc4 -lplds4 -lnspr4  -lssl3 -lsmime3 -lnss3 -lpthread  -ldl -lc -lz
../../coreconf/nsinstall/Linux6.6_x86_64_cc_glibc_PTH_64_OPT.OBJ/nsinstall -R -m 775 Linux6.6_x86_64_cc_glibc_PTH_64_OPT.OBJ/modutil ../../../dist/Linux6.6_x86_64_cc_glibc_PTH_64_OPT.OBJ/bin
make[3]: Leaving directory '/home/ffortier/code/perso/nss/cmd/modutil'
make[3]: Entering directory '/home/ffortier/code/perso/nss/cmd/pkix-errcodes'
cc -o Linux6.6_x86_64_cc_glibc_PTH_64_OPT.OBJ/pkix-errcodes.o -c -std=c99 -O2 -fPIC  -m64 -pipe -ffunction-sections -fdata-sections -DHAVE_STRERROR -DLINUX -Dlinux -Wall -Wshadow -Werror -DXP_UNIX -DXP_UNIX -UDEBUG -DNDEBUG -D_DEFAULT_SOURCE -D_BSD_SOURCE -D_POSIX_SOURCE -DSDB_MEASURE_USE_TEMP_DIR -D_REENTRANT -UDEBUG -DNDEBUG -D_DEFAULT_SOURCE -D_BSD_SOURCE -D_POSIX_SOURCE -DSDB_MEASURE_USE_TEMP_DIR -D_REENTRANT -DNSS_DISABLE_SSE3 -DNSS_NO_INIT_SUPPORT -DUSE_UTIL_DIRECTLY -DNO_NSPR_10_SUPPORT -DSSL_DISABLE_DEPRECATED_CIPHER_SUITE_NAMES -I/home/ffortier/code/perso/nss/../nspr/dist/include/nspr -I../../../dist/Linux6.6_x86_64_cc_glibc_PTH_64_OPT.OBJ/include -I../../../dist/public/nss -I../../../dist/private/nss -I../../../dist/public/seccmd  pkix-errcodes.c
rm -f Linux6.6_x86_64_cc_glibc_PTH_64_OPT.OBJ/pkix-errcodes
cc -o Linux6.6_x86_64_cc_glibc_PTH_64_OPT.OBJ/pkix-errcodes -O2 -fPIC  -m64 -pipe -ffunction-sections -fdata-sections -DHAVE_STRERROR -DLINUX -Dlinux -Wall -Wshadow -Werror -DXP_UNIX -DXP_UNIX -UDEBUG -DNDEBUG -D_DEFAULT_SOURCE -D_BSD_SOURCE -D_POSIX_SOURCE -DSDB_MEASURE_USE_TEMP_DIR -D_REENTRANT -UDEBUG -DNDEBUG -D_DEFAULT_SOURCE -D_BSD_SOURCE -D_POSIX_SOURCE -DSDB_MEASURE_USE_TEMP_DIR -D_REENTRANT -DNSS_DISABLE_SSE3 -DNSS_NO_INIT_SUPPORT -DUSE_UTIL_DIRECTLY -DNO_NSPR_10_SUPPORT -DSSL_DISABLE_DEPRECATED_CIPHER_SUITE_NAMES -I/home/ffortier/code/perso/nss/../nspr/dist/include/nspr -I../../../dist/Linux6.6_x86_64_cc_glibc_PTH_64_OPT.OBJ/include -I../../../dist/public/nss -I../../../dist/private/nss -I../../../dist/public/seccmd  Linux6.6_x86_64_cc_glibc_PTH_64_OPT.OBJ/pkix-errcodes.o -m64 -z noexecstack -m64 -z noexecstack ../../../dist/Linux6.6_x86_64_cc_glibc_PTH_64_OPT.OBJ/lib/libsectool.a  -L../../../dist/Linux6.6_x86_64_cc_glibc_PTH_64_OPT.OBJ/lib -L../../../dist/Linux6.6_x86_64_cc_glibc_PTH_64_OPT.OBJ/lib -lnssutil3 -L/home/ffortier/code/perso/nss/../nspr/dist -lplc4 -lplds4 -lnspr4  -lssl3 -lsmime3 -lnss3 -lpthread  -ldl -lc
../../coreconf/nsinstall/Linux6.6_x86_64_cc_glibc_PTH_64_OPT.OBJ/nsinstall -R -m 775 Linux6.6_x86_64_cc_glibc_PTH_64_OPT.OBJ/pkix-errcodes ../../../dist/Linux6.6_x86_64_cc_glibc_PTH_64_OPT.OBJ/bin
make[3]: Leaving directory '/home/ffortier/code/perso/nss/cmd/pkix-errcodes'
make[2]: Leaving directory '/home/ffortier/code/perso/nss/cmd'
make[2]: Entering directory '/home/ffortier/code/perso/nss/cpputil'
g++ -o Linux6.6_x86_64_cc_glibc_PTH_64_OPT.OBJ/databuffer.o -c -std=c++11 -O2 -fPIC  -m64 -pipe -ffunction-sections -fdata-sections -DHAVE_STRERROR -DLINUX -Dlinux -Wall -Wshadow -Werror -DXP_UNIX -DXP_UNIX -UDEBUG -DNDEBUG -D_DEFAULT_SOURCE -D_BSD_SOURCE -D_POSIX_SOURCE -DSDB_MEASURE_USE_TEMP_DIR -D_REENTRANT -UDEBUG -DNDEBUG -D_DEFAULT_SOURCE -D_BSD_SOURCE -D_POSIX_SOURCE -DSDB_MEASURE_USE_TEMP_DIR -D_REENTRANT -DNSS_DISABLE_SSE3 -DNSS_NO_INIT_SUPPORT -DUSE_UTIL_DIRECTLY -DNO_NSPR_10_SUPPORT -DSSL_DISABLE_DEPRECATED_CIPHER_SUITE_NAMES -I/home/ffortier/code/perso/nss/../nspr/dist/include/nspr -I../../dist/Linux6.6_x86_64_cc_glibc_PTH_64_OPT.OBJ/include -I../../dist/public/nss -I../../dist/private/nss  -std=c++0x databuffer.cc
g++ -o Linux6.6_x86_64_cc_glibc_PTH_64_OPT.OBJ/dummy_io.o -c -std=c++11 -O2 -fPIC  -m64 -pipe -ffunction-sections -fdata-sections -DHAVE_STRERROR -DLINUX -Dlinux -Wall -Wshadow -Werror -DXP_UNIX -DXP_UNIX -UDEBUG -DNDEBUG -D_DEFAULT_SOURCE -D_BSD_SOURCE -D_POSIX_SOURCE -DSDB_MEASURE_USE_TEMP_DIR -D_REENTRANT -UDEBUG -DNDEBUG -D_DEFAULT_SOURCE -D_BSD_SOURCE -D_POSIX_SOURCE -DSDB_MEASURE_USE_TEMP_DIR -D_REENTRANT -DNSS_DISABLE_SSE3 -DNSS_NO_INIT_SUPPORT -DUSE_UTIL_DIRECTLY -DNO_NSPR_10_SUPPORT -DSSL_DISABLE_DEPRECATED_CIPHER_SUITE_NAMES -I/home/ffortier/code/perso/nss/../nspr/dist/include/nspr -I../../dist/Linux6.6_x86_64_cc_glibc_PTH_64_OPT.OBJ/include -I../../dist/public/nss -I../../dist/private/nss  -std=c++0x dummy_io.cc
g++ -o Linux6.6_x86_64_cc_glibc_PTH_64_OPT.OBJ/dummy_io_fwd.o -c -std=c++11 -O2 -fPIC  -m64 -pipe -ffunction-sections -fdata-sections -DHAVE_STRERROR -DLINUX -Dlinux -Wall -Wshadow -Werror -DXP_UNIX -DXP_UNIX -UDEBUG -DNDEBUG -D_DEFAULT_SOURCE -D_BSD_SOURCE -D_POSIX_SOURCE -DSDB_MEASURE_USE_TEMP_DIR -D_REENTRANT -UDEBUG -DNDEBUG -D_DEFAULT_SOURCE -D_BSD_SOURCE -D_POSIX_SOURCE -DSDB_MEASURE_USE_TEMP_DIR -D_REENTRANT -DNSS_DISABLE_SSE3 -DNSS_NO_INIT_SUPPORT -DUSE_UTIL_DIRECTLY -DNO_NSPR_10_SUPPORT -DSSL_DISABLE_DEPRECATED_CIPHER_SUITE_NAMES -I/home/ffortier/code/perso/nss/../nspr/dist/include/nspr -I../../dist/Linux6.6_x86_64_cc_glibc_PTH_64_OPT.OBJ/include -I../../dist/public/nss -I../../dist/private/nss  -std=c++0x dummy_io_fwd.cc
g++ -o Linux6.6_x86_64_cc_glibc_PTH_64_OPT.OBJ/tls_parser.o -c -std=c++11 -O2 -fPIC  -m64 -pipe -ffunction-sections -fdata-sections -DHAVE_STRERROR -DLINUX -Dlinux -Wall -Wshadow -Werror -DXP_UNIX -DXP_UNIX -UDEBUG -DNDEBUG -D_DEFAULT_SOURCE -D_BSD_SOURCE -D_POSIX_SOURCE -DSDB_MEASURE_USE_TEMP_DIR -D_REENTRANT -UDEBUG -DNDEBUG -D_DEFAULT_SOURCE -D_BSD_SOURCE -D_POSIX_SOURCE -DSDB_MEASURE_USE_TEMP_DIR -D_REENTRANT -DNSS_DISABLE_SSE3 -DNSS_NO_INIT_SUPPORT -DUSE_UTIL_DIRECTLY -DNO_NSPR_10_SUPPORT -DSSL_DISABLE_DEPRECATED_CIPHER_SUITE_NAMES -I/home/ffortier/code/perso/nss/../nspr/dist/include/nspr -I../../dist/Linux6.6_x86_64_cc_glibc_PTH_64_OPT.OBJ/include -I../../dist/public/nss -I../../dist/private/nss  -std=c++0x tls_parser.cc
rm -f Linux6.6_x86_64_cc_glibc_PTH_64_OPT.OBJ/libcpputil.a
ar cr Linux6.6_x86_64_cc_glibc_PTH_64_OPT.OBJ/libcpputil.a Linux6.6_x86_64_cc_glibc_PTH_64_OPT.OBJ/databuffer.o Linux6.6_x86_64_cc_glibc_PTH_64_OPT.OBJ/dummy_io.o Linux6.6_x86_64_cc_glibc_PTH_64_OPT.OBJ/dummy_io_fwd.o Linux6.6_x86_64_cc_glibc_PTH_64_OPT.OBJ/tls_parser.o
echo Linux6.6_x86_64_cc_glibc_PTH_64_OPT.OBJ/libcpputil.a
Linux6.6_x86_64_cc_glibc_PTH_64_OPT.OBJ/libcpputil.a
../coreconf/nsinstall/Linux6.6_x86_64_cc_glibc_PTH_64_OPT.OBJ/nsinstall -R -m 664 Linux6.6_x86_64_cc_glibc_PTH_64_OPT.OBJ/libcpputil.a ../../dist/Linux6.6_x86_64_cc_glibc_PTH_64_OPT.OBJ/lib
make[2]: Leaving directory '/home/ffortier/code/perso/nss/cpputil'
make[2]: Entering directory '/home/ffortier/code/perso/nss/gtests'
make[3]: Entering directory '/home/ffortier/code/perso/nss/gtests/google_test'
g++ -o Linux6.6_x86_64_cc_glibc_PTH_64_OPT.OBJ/gtest/src/gtest-all.o -c -std=c++11 -O2 -fPIC  -m64 -pipe -ffunction-sections -fdata-sections -DHAVE_STRERROR -DLINUX -Dlinux -Wall -Wshadow -Werror -Wsign-compare -DXP_UNIX -DXP_UNIX -UDEBUG -DNDEBUG -D_DEFAULT_SOURCE -D_BSD_SOURCE -D_POSIX_SOURCE -DSDB_MEASURE_USE_TEMP_DIR -D_REENTRANT -UDEBUG -DNDEBUG -D_DEFAULT_SOURCE -D_BSD_SOURCE -D_POSIX_SOURCE -DSDB_MEASURE_USE_TEMP_DIR -D_REENTRANT -DNSS_DISABLE_SSE3 -DNSS_NO_INIT_SUPPORT -DUSE_UTIL_DIRECTLY -DNO_NSPR_10_SUPPORT -DSSL_DISABLE_DEPRECATED_CIPHER_SUITE_NAMES -Igtest/include/ -Igtest -I/home/ffortier/code/perso/nss/../nspr/dist/include/nspr -I../../../dist/Linux6.6_x86_64_cc_glibc_PTH_64_OPT.OBJ/include -I../../../dist/public/gtest -I../../../dist/private/gtest  -std=c++0x gtest/src/gtest-all.cc
rm -f Linux6.6_x86_64_cc_glibc_PTH_64_OPT.OBJ/libgtest.a
ar cr Linux6.6_x86_64_cc_glibc_PTH_64_OPT.OBJ/libgtest.a Linux6.6_x86_64_cc_glibc_PTH_64_OPT.OBJ/gtest/src/gtest-all.o
echo Linux6.6_x86_64_cc_glibc_PTH_64_OPT.OBJ/libgtest.a
Linux6.6_x86_64_cc_glibc_PTH_64_OPT.OBJ/libgtest.a
../../coreconf/nsinstall/Linux6.6_x86_64_cc_glibc_PTH_64_OPT.OBJ/nsinstall -R -m 664 Linux6.6_x86_64_cc_glibc_PTH_64_OPT.OBJ/libgtest.a ../../../dist/Linux6.6_x86_64_cc_glibc_PTH_64_OPT.OBJ/lib
make[3]: Leaving directory '/home/ffortier/code/perso/nss/gtests/google_test'
make[3]: Entering directory '/home/ffortier/code/perso/nss/gtests/common'
g++ -o Linux6.6_x86_64_cc_glibc_PTH_64_OPT.OBJ/gtests.o -c -std=c++11 -O2 -fPIC  -m64 -pipe -ffunction-sections -fdata-sections -DHAVE_STRERROR -DLINUX -Dlinux -Wall -Wshadow -Werror -Wsign-compare -DXP_UNIX -DXP_UNIX -UDEBUG -DNDEBUG -D_DEFAULT_SOURCE -D_BSD_SOURCE -D_POSIX_SOURCE -DSDB_MEASURE_USE_TEMP_DIR -D_REENTRANT -UDEBUG -DNDEBUG -D_DEFAULT_SOURCE -D_BSD_SOURCE -D_POSIX_SOURCE -DSDB_MEASURE_USE_TEMP_DIR -D_REENTRANT -DNSS_DISABLE_SSE3 -DNSS_NO_INIT_SUPPORT -DUSE_UTIL_DIRECTLY -DNO_NSPR_10_SUPPORT -DSSL_DISABLE_DEPRECATED_CIPHER_SUITE_NAMES -I../../gtests/google_test/gtest/include -I../../gtests/common -I../../cpputil -I/home/ffortier/code/perso/nss/../nspr/dist/include/nspr -I../../../dist/Linux6.6_x86_64_cc_glibc_PTH_64_OPT.OBJ/include -I../../../dist/public/nss -I../../../dist/private/nss -I../../../dist/public/gtest  -std=c++0x gtests.cc
rm -f Linux6.6_x86_64_cc_glibc_PTH_64_OPT.OBJ/libgtestutil.a
ar cr Linux6.6_x86_64_cc_glibc_PTH_64_OPT.OBJ/libgtestutil.a Linux6.6_x86_64_cc_glibc_PTH_64_OPT.OBJ/gtests.o
echo Linux6.6_x86_64_cc_glibc_PTH_64_OPT.OBJ/libgtestutil.a
Linux6.6_x86_64_cc_glibc_PTH_64_OPT.OBJ/libgtestutil.a
../../coreconf/nsinstall/Linux6.6_x86_64_cc_glibc_PTH_64_OPT.OBJ/nsinstall -R -m 664 Linux6.6_x86_64_cc_glibc_PTH_64_OPT.OBJ/libgtestutil.a ../../../dist/Linux6.6_x86_64_cc_glibc_PTH_64_OPT.OBJ/lib
make[3]: Leaving directory '/home/ffortier/code/perso/nss/gtests/common'
make[3]: Entering directory '/home/ffortier/code/perso/nss/gtests/util_gtest'
g++ -o Linux6.6_x86_64_cc_glibc_PTH_64_OPT.OBJ/util_aligned_malloc_unittest.o -c -std=c++11 -O2 -fPIC  -m64 -pipe -ffunction-sections -fdata-sections -DHAVE_STRERROR -DLINUX -Dlinux -Wall -Wshadow -Werror -Wsign-compare -DXP_UNIX -DXP_UNIX -UDEBUG -DNDEBUG -D_DEFAULT_SOURCE -D_BSD_SOURCE -D_POSIX_SOURCE -DSDB_MEASURE_USE_TEMP_DIR -D_REENTRANT -UDEBUG -DNDEBUG -D_DEFAULT_SOURCE -D_BSD_SOURCE -D_POSIX_SOURCE -DSDB_MEASURE_USE_TEMP_DIR -D_REENTRANT -DNSS_DISABLE_SSE3 -DNSS_NO_INIT_SUPPORT -DUSE_UTIL_DIRECTLY -DNO_NSPR_10_SUPPORT -DSSL_DISABLE_DEPRECATED_CIPHER_SUITE_NAMES -I../../gtests/google_test/gtest/include -I../../gtests/common -I../../cpputil  -I/home/ffortier/code/perso/nss/../nspr/dist/include/nspr -I../../../dist/Linux6.6_x86_64_cc_glibc_PTH_64_OPT.OBJ/include -I../../../dist/public/nss -I../../../dist/private/nss -I../../../dist/public/nspr -I../../../dist/public/gtest  -I../../lib/util -std=c++0x util_aligned_malloc_unittest.cc
g++ -o Linux6.6_x86_64_cc_glibc_PTH_64_OPT.OBJ/util_b64_unittest.o -c -std=c++11 -O2 -fPIC  -m64 -pipe -ffunction-sections -fdata-sections -DHAVE_STRERROR -DLINUX -Dlinux -Wall -Wshadow -Werror -Wsign-compare -DXP_UNIX -DXP_UNIX -UDEBUG -DNDEBUG -D_DEFAULT_SOURCE -D_BSD_SOURCE -D_POSIX_SOURCE -DSDB_MEASURE_USE_TEMP_DIR -D_REENTRANT -UDEBUG -DNDEBUG -D_DEFAULT_SOURCE -D_BSD_SOURCE -D_POSIX_SOURCE -DSDB_MEASURE_USE_TEMP_DIR -D_REENTRANT -DNSS_DISABLE_SSE3 -DNSS_NO_INIT_SUPPORT -DUSE_UTIL_DIRECTLY -DNO_NSPR_10_SUPPORT -DSSL_DISABLE_DEPRECATED_CIPHER_SUITE_NAMES -I../../gtests/google_test/gtest/include -I../../gtests/common -I../../cpputil  -I/home/ffortier/code/perso/nss/../nspr/dist/include/nspr -I../../../dist/Linux6.6_x86_64_cc_glibc_PTH_64_OPT.OBJ/include -I../../../dist/public/nss -I../../../dist/private/nss -I../../../dist/public/nspr -I../../../dist/public/gtest  -I../../lib/util -std=c++0x util_b64_unittest.cc
g++ -o Linux6.6_x86_64_cc_glibc_PTH_64_OPT.OBJ/util_gtests.o -c -std=c++11 -O2 -fPIC  -m64 -pipe -ffunction-sections -fdata-sections -DHAVE_STRERROR -DLINUX -Dlinux -Wall -Wshadow -Werror -Wsign-compare -DXP_UNIX -DXP_UNIX -UDEBUG -DNDEBUG -D_DEFAULT_SOURCE -D_BSD_SOURCE -D_POSIX_SOURCE -DSDB_MEASURE_USE_TEMP_DIR -D_REENTRANT -UDEBUG -DNDEBUG -D_DEFAULT_SOURCE -D_BSD_SOURCE -D_POSIX_SOURCE -DSDB_MEASURE_USE_TEMP_DIR -D_REENTRANT -DNSS_DISABLE_SSE3 -DNSS_NO_INIT_SUPPORT -DUSE_UTIL_DIRECTLY -DNO_NSPR_10_SUPPORT -DSSL_DISABLE_DEPRECATED_CIPHER_SUITE_NAMES -I../../gtests/google_test/gtest/include -I../../gtests/common -I../../cpputil  -I/home/ffortier/code/perso/nss/../nspr/dist/include/nspr -I../../../dist/Linux6.6_x86_64_cc_glibc_PTH_64_OPT.OBJ/include -I../../../dist/public/nss -I../../../dist/private/nss -I../../../dist/public/nspr -I../../../dist/public/gtest  -I../../lib/util -std=c++0x util_gtests.cc
g++ -o Linux6.6_x86_64_cc_glibc_PTH_64_OPT.OBJ/util_memcmpzero_unittest.o -c -std=c++11 -O2 -fPIC  -m64 -pipe -ffunction-sections -fdata-sections -DHAVE_STRERROR -DLINUX -Dlinux -Wall -Wshadow -Werror -Wsign-compare -DXP_UNIX -DXP_UNIX -UDEBUG -DNDEBUG -D_DEFAULT_SOURCE -D_BSD_SOURCE -D_POSIX_SOURCE -DSDB_MEASURE_USE_TEMP_DIR -D_REENTRANT -UDEBUG -DNDEBUG -D_DEFAULT_SOURCE -D_BSD_SOURCE -D_POSIX_SOURCE -DSDB_MEASURE_USE_TEMP_DIR -D_REENTRANT -DNSS_DISABLE_SSE3 -DNSS_NO_INIT_SUPPORT -DUSE_UTIL_DIRECTLY -DNO_NSPR_10_SUPPORT -DSSL_DISABLE_DEPRECATED_CIPHER_SUITE_NAMES -I../../gtests/google_test/gtest/include -I../../gtests/common -I../../cpputil  -I/home/ffortier/code/perso/nss/../nspr/dist/include/nspr -I../../../dist/Linux6.6_x86_64_cc_glibc_PTH_64_OPT.OBJ/include -I../../../dist/public/nss -I../../../dist/private/nss -I../../../dist/public/nspr -I../../../dist/public/gtest  -I../../lib/util -std=c++0x util_memcmpzero_unittest.cc
g++ -o Linux6.6_x86_64_cc_glibc_PTH_64_OPT.OBJ/util_pkcs11uri_unittest.o -c -std=c++11 -O2 -fPIC  -m64 -pipe -ffunction-sections -fdata-sections -DHAVE_STRERROR -DLINUX -Dlinux -Wall -Wshadow -Werror -Wsign-compare -DXP_UNIX -DXP_UNIX -UDEBUG -DNDEBUG -D_DEFAULT_SOURCE -D_BSD_SOURCE -D_POSIX_SOURCE -DSDB_MEASURE_USE_TEMP_DIR -D_REENTRANT -UDEBUG -DNDEBUG -D_DEFAULT_SOURCE -D_BSD_SOURCE -D_POSIX_SOURCE -DSDB_MEASURE_USE_TEMP_DIR -D_REENTRANT -DNSS_DISABLE_SSE3 -DNSS_NO_INIT_SUPPORT -DUSE_UTIL_DIRECTLY -DNO_NSPR_10_SUPPORT -DSSL_DISABLE_DEPRECATED_CIPHER_SUITE_NAMES -I../../gtests/google_test/gtest/include -I../../gtests/common -I../../cpputil  -I/home/ffortier/code/perso/nss/../nspr/dist/include/nspr -I../../../dist/Linux6.6_x86_64_cc_glibc_PTH_64_OPT.OBJ/include -I../../../dist/public/nss -I../../../dist/private/nss -I../../../dist/public/nspr -I../../../dist/public/gtest  -I../../lib/util -std=c++0x util_pkcs11uri_unittest.cc
g++ -o Linux6.6_x86_64_cc_glibc_PTH_64_OPT.OBJ/util_secasn1d_unittest.o -c -std=c++11 -O2 -fPIC  -m64 -pipe -ffunction-sections -fdata-sections -DHAVE_STRERROR -DLINUX -Dlinux -Wall -Wshadow -Werror -Wsign-compare -DXP_UNIX -DXP_UNIX -UDEBUG -DNDEBUG -D_DEFAULT_SOURCE -D_BSD_SOURCE -D_POSIX_SOURCE -DSDB_MEASURE_USE_TEMP_DIR -D_REENTRANT -UDEBUG -DNDEBUG -D_DEFAULT_SOURCE -D_BSD_SOURCE -D_POSIX_SOURCE -DSDB_MEASURE_USE_TEMP_DIR -D_REENTRANT -DNSS_DISABLE_SSE3 -DNSS_NO_INIT_SUPPORT -DUSE_UTIL_DIRECTLY -DNO_NSPR_10_SUPPORT -DSSL_DISABLE_DEPRECATED_CIPHER_SUITE_NAMES -I../../gtests/google_test/gtest/include -I../../gtests/common -I../../cpputil  -I/home/ffortier/code/perso/nss/../nspr/dist/include/nspr -I../../../dist/Linux6.6_x86_64_cc_glibc_PTH_64_OPT.OBJ/include -I../../../dist/public/nss -I../../../dist/private/nss -I../../../dist/public/nspr -I../../../dist/public/gtest  -I../../lib/util -std=c++0x util_secasn1d_unittest.cc
g++ -o Linux6.6_x86_64_cc_glibc_PTH_64_OPT.OBJ/util_select_unittest.o -c -std=c++11 -O2 -fPIC  -m64 -pipe -ffunction-sections -fdata-sections -DHAVE_STRERROR -DLINUX -Dlinux -Wall -Wshadow -Werror -Wsign-compare -DXP_UNIX -DXP_UNIX -UDEBUG -DNDEBUG -D_DEFAULT_SOURCE -D_BSD_SOURCE -D_POSIX_SOURCE -DSDB_MEASURE_USE_TEMP_DIR -D_REENTRANT -UDEBUG -DNDEBUG -D_DEFAULT_SOURCE -D_BSD_SOURCE -D_POSIX_SOURCE -DSDB_MEASURE_USE_TEMP_DIR -D_REENTRANT -DNSS_DISABLE_SSE3 -DNSS_NO_INIT_SUPPORT -DUSE_UTIL_DIRECTLY -DNO_NSPR_10_SUPPORT -DSSL_DISABLE_DEPRECATED_CIPHER_SUITE_NAMES -I../../gtests/google_test/gtest/include -I../../gtests/common -I../../cpputil  -I/home/ffortier/code/perso/nss/../nspr/dist/include/nspr -I../../../dist/Linux6.6_x86_64_cc_glibc_PTH_64_OPT.OBJ/include -I../../../dist/public/nss -I../../../dist/private/nss -I../../../dist/public/nspr -I../../../dist/public/gtest  -I../../lib/util -std=c++0x util_select_unittest.cc
g++ -o Linux6.6_x86_64_cc_glibc_PTH_64_OPT.OBJ/util_utf8_unittest.o -c -std=c++11 -O2 -fPIC  -m64 -pipe -ffunction-sections -fdata-sections -DHAVE_STRERROR -DLINUX -Dlinux -Wall -Wshadow -Werror -Wsign-compare -DXP_UNIX -DXP_UNIX -UDEBUG -DNDEBUG -D_DEFAULT_SOURCE -D_BSD_SOURCE -D_POSIX_SOURCE -DSDB_MEASURE_USE_TEMP_DIR -D_REENTRANT -UDEBUG -DNDEBUG -D_DEFAULT_SOURCE -D_BSD_SOURCE -D_POSIX_SOURCE -DSDB_MEASURE_USE_TEMP_DIR -D_REENTRANT -DNSS_DISABLE_SSE3 -DNSS_NO_INIT_SUPPORT -DUSE_UTIL_DIRECTLY -DNO_NSPR_10_SUPPORT -DSSL_DISABLE_DEPRECATED_CIPHER_SUITE_NAMES -I../../gtests/google_test/gtest/include -I../../gtests/common -I../../cpputil  -I/home/ffortier/code/perso/nss/../nspr/dist/include/nspr -I../../../dist/Linux6.6_x86_64_cc_glibc_PTH_64_OPT.OBJ/include -I../../../dist/public/nss -I../../../dist/private/nss -I../../../dist/public/nspr -I../../../dist/public/gtest  -I../../lib/util -std=c++0x util_utf8_unittest.cc
rm -f Linux6.6_x86_64_cc_glibc_PTH_64_OPT.OBJ/util_gtest
g++ -o Linux6.6_x86_64_cc_glibc_PTH_64_OPT.OBJ/util_gtest -O2 -fPIC  -m64 -pipe -ffunction-sections -fdata-sections -DHAVE_STRERROR -DLINUX -Dlinux -Wall -Wshadow -Werror -Wsign-compare -DXP_UNIX -DXP_UNIX -UDEBUG -DNDEBUG -D_DEFAULT_SOURCE -D_BSD_SOURCE -D_POSIX_SOURCE -DSDB_MEASURE_USE_TEMP_DIR -D_REENTRANT -UDEBUG -DNDEBUG -D_DEFAULT_SOURCE -D_BSD_SOURCE -D_POSIX_SOURCE -DSDB_MEASURE_USE_TEMP_DIR -D_REENTRANT -DNSS_DISABLE_SSE3 -DNSS_NO_INIT_SUPPORT -DUSE_UTIL_DIRECTLY -DNO_NSPR_10_SUPPORT -DSSL_DISABLE_DEPRECATED_CIPHER_SUITE_NAMES -I../../gtests/google_test/gtest/include -I../../gtests/common -I../../cpputil  -I/home/ffortier/code/perso/nss/../nspr/dist/include/nspr -I../../../dist/Linux6.6_x86_64_cc_glibc_PTH_64_OPT.OBJ/include -I../../../dist/public/nss -I../../../dist/private/nss -I../../../dist/public/nspr -I../../../dist/public/gtest  -I../../lib/util Linux6.6_x86_64_cc_glibc_PTH_64_OPT.OBJ/util_aligned_malloc_unittest.o Linux6.6_x86_64_cc_glibc_PTH_64_OPT.OBJ/util_b64_unittest.o Linux6.6_x86_64_cc_glibc_PTH_64_OPT.OBJ/util_gtests.o Linux6.6_x86_64_cc_glibc_PTH_64_OPT.OBJ/util_memcmpzero_unittest.o Linux6.6_x86_64_cc_glibc_PTH_64_OPT.OBJ/util_pkcs11uri_unittest.o Linux6.6_x86_64_cc_glibc_PTH_64_OPT.OBJ/util_secasn1d_unittest.o Linux6.6_x86_64_cc_glibc_PTH_64_OPT.OBJ/util_select_unittest.o Linux6.6_x86_64_cc_glibc_PTH_64_OPT.OBJ/util_utf8_unittest.o -m64 -z noexecstack -m64 -z noexecstack ../../../dist/Linux6.6_x86_64_cc_glibc_PTH_64_OPT.OBJ/lib/libgtest.a ../../../dist/Linux6.6_x86_64_cc_glibc_PTH_64_OPT.OBJ/lib/libnssutil.a ../../../dist/Linux6.6_x86_64_cc_glibc_PTH_64_OPT.OBJ/lib/libgtestutil.a  ../../../dist/Linux6.6_x86_64_cc_glibc_PTH_64_OPT.OBJ/lib/libsectool.a  -L../../../dist/Linux6.6_x86_64_cc_glibc_PTH_64_OPT.OBJ/lib -L../../../dist/Linux6.6_x86_64_cc_glibc_PTH_64_OPT.OBJ/lib -lnssutil3 -L/home/ffortier/code/perso/nss/../nspr/dist -lplc4 -lplds4 -lnspr4  -lssl3 -lsmime3 -lnss3 -lpthread  -ldl -lc
../../coreconf/nsinstall/Linux6.6_x86_64_cc_glibc_PTH_64_OPT.OBJ/nsinstall -R -m 775 Linux6.6_x86_64_cc_glibc_PTH_64_OPT.OBJ/util_gtest ../../../dist/Linux6.6_x86_64_cc_glibc_PTH_64_OPT.OBJ/bin
make[3]: Leaving directory '/home/ffortier/code/perso/nss/gtests/util_gtest'
make[3]: Entering directory '/home/ffortier/code/perso/nss/gtests/base_gtest'
g++ -o Linux6.6_x86_64_cc_glibc_PTH_64_OPT.OBJ/utf8_unittest.o -c -std=c++11 -O2 -fPIC  -m64 -pipe -ffunction-sections -fdata-sections -DHAVE_STRERROR -DLINUX -Dlinux -Wall -Wshadow -Werror -Wsign-compare -DXP_UNIX -DXP_UNIX -UDEBUG -DNDEBUG -D_DEFAULT_SOURCE -D_BSD_SOURCE -D_POSIX_SOURCE -DSDB_MEASURE_USE_TEMP_DIR -D_REENTRANT -UDEBUG -DNDEBUG -D_DEFAULT_SOURCE -D_BSD_SOURCE -D_POSIX_SOURCE -DSDB_MEASURE_USE_TEMP_DIR -D_REENTRANT -DNSS_DISABLE_SSE3 -DNSS_NO_INIT_SUPPORT -DUSE_UTIL_DIRECTLY -DNO_NSPR_10_SUPPORT -DSSL_DISABLE_DEPRECATED_CIPHER_SUITE_NAMES -I../../gtests/google_test/gtest/include -I../../gtests/common -I../../cpputil -I/home/ffortier/code/perso/nss/../nspr/dist/include/nspr -I../../../dist/Linux6.6_x86_64_cc_glibc_PTH_64_OPT.OBJ/include -I../../../dist/public/nss -I../../../dist/private/nss -I../../../dist/public/nspr -I../../../dist/public/nss -I../../../dist/public/libdbm -I../../../dist/public/gtest  -std=c++0x utf8_unittest.cc
rm -f Linux6.6_x86_64_cc_glibc_PTH_64_OPT.OBJ/base_gtest
g++ -o Linux6.6_x86_64_cc_glibc_PTH_64_OPT.OBJ/base_gtest -O2 -fPIC  -m64 -pipe -ffunction-sections -fdata-sections -DHAVE_STRERROR -DLINUX -Dlinux -Wall -Wshadow -Werror -Wsign-compare -DXP_UNIX -DXP_UNIX -UDEBUG -DNDEBUG -D_DEFAULT_SOURCE -D_BSD_SOURCE -D_POSIX_SOURCE -DSDB_MEASURE_USE_TEMP_DIR -D_REENTRANT -UDEBUG -DNDEBUG -D_DEFAULT_SOURCE -D_BSD_SOURCE -D_POSIX_SOURCE -DSDB_MEASURE_USE_TEMP_DIR -D_REENTRANT -DNSS_DISABLE_SSE3 -DNSS_NO_INIT_SUPPORT -DUSE_UTIL_DIRECTLY -DNO_NSPR_10_SUPPORT -DSSL_DISABLE_DEPRECATED_CIPHER_SUITE_NAMES -I../../gtests/google_test/gtest/include -I../../gtests/common -I../../cpputil -I/home/ffortier/code/perso/nss/../nspr/dist/include/nspr -I../../../dist/Linux6.6_x86_64_cc_glibc_PTH_64_OPT.OBJ/include -I../../../dist/public/nss -I../../../dist/private/nss -I../../../dist/public/nspr -I../../../dist/public/nss -I../../../dist/public/libdbm -I../../../dist/public/gtest  Linux6.6_x86_64_cc_glibc_PTH_64_OPT.OBJ/utf8_unittest.o -m64 -z noexecstack -m64 -z noexecstack ../../../dist/Linux6.6_x86_64_cc_glibc_PTH_64_OPT.OBJ/lib/libgtest.a  ../../../dist/Linux6.6_x86_64_cc_glibc_PTH_64_OPT.OBJ/lib/libnssb.a ../../../dist/Linux6.6_x86_64_cc_glibc_PTH_64_OPT.OBJ/lib/libgtestutil.a ../../../dist/Linux6.6_x86_64_cc_glibc_PTH_64_OPT.OBJ/lib/libsectool.a  -L../../../dist/Linux6.6_x86_64_cc_glibc_PTH_64_OPT.OBJ/lib -L../../../dist/Linux6.6_x86_64_cc_glibc_PTH_64_OPT.OBJ/lib -lnssutil3 -L/home/ffortier/code/perso/nss/../nspr/dist -lplc4 -lplds4 -lnspr4  -lssl3 -lsmime3 -lnss3 -lpthread  -ldl -lc
../../coreconf/nsinstall/Linux6.6_x86_64_cc_glibc_PTH_64_OPT.OBJ/nsinstall -R -m 775 Linux6.6_x86_64_cc_glibc_PTH_64_OPT.OBJ/base_gtest ../../../dist/Linux6.6_x86_64_cc_glibc_PTH_64_OPT.OBJ/bin
make[3]: Leaving directory '/home/ffortier/code/perso/nss/gtests/base_gtest'
make[3]: Entering directory '/home/ffortier/code/perso/nss/gtests/certdb_gtest'
g++ -o Linux6.6_x86_64_cc_glibc_PTH_64_OPT.OBJ/alg1485_unittest.o -c -std=c++11 -O2 -fPIC  -m64 -pipe -ffunction-sections -fdata-sections -DHAVE_STRERROR -DLINUX -Dlinux -Wall -Wshadow -Werror -Wsign-compare -DXP_UNIX -DXP_UNIX -UDEBUG -DNDEBUG -D_DEFAULT_SOURCE -D_BSD_SOURCE -D_POSIX_SOURCE -DSDB_MEASURE_USE_TEMP_DIR -D_REENTRANT -UDEBUG -DNDEBUG -D_DEFAULT_SOURCE -D_BSD_SOURCE -D_POSIX_SOURCE -DSDB_MEASURE_USE_TEMP_DIR -D_REENTRANT -DNSS_DISABLE_SSE3 -DNSS_NO_INIT_SUPPORT -DUSE_UTIL_DIRECTLY -DNO_NSPR_10_SUPPORT -DSSL_DISABLE_DEPRECATED_CIPHER_SUITE_NAMES -I../../gtests/google_test/gtest/include -I../../gtests/common -I../../cpputil -I/home/ffortier/code/perso/nss/../nspr/dist/include/nspr -I../../../dist/Linux6.6_x86_64_cc_glibc_PTH_64_OPT.OBJ/include -I../../../dist/public/nss -I../../../dist/private/nss -I../../../dist/public/nspr -I../../../dist/public/nss -I../../../dist/public/libdbm -I../../../dist/public/gtest  -std=c++0x alg1485_unittest.cc
g++ -o Linux6.6_x86_64_cc_glibc_PTH_64_OPT.OBJ/cert_unittest.o -c -std=c++11 -O2 -fPIC  -m64 -pipe -ffunction-sections -fdata-sections -DHAVE_STRERROR -DLINUX -Dlinux -Wall -Wshadow -Werror -Wsign-compare -DXP_UNIX -DXP_UNIX -UDEBUG -DNDEBUG -D_DEFAULT_SOURCE -D_BSD_SOURCE -D_POSIX_SOURCE -DSDB_MEASURE_USE_TEMP_DIR -D_REENTRANT -UDEBUG -DNDEBUG -D_DEFAULT_SOURCE -D_BSD_SOURCE -D_POSIX_SOURCE -DSDB_MEASURE_USE_TEMP_DIR -D_REENTRANT -DNSS_DISABLE_SSE3 -DNSS_NO_INIT_SUPPORT -DUSE_UTIL_DIRECTLY -DNO_NSPR_10_SUPPORT -DSSL_DISABLE_DEPRECATED_CIPHER_SUITE_NAMES -I../../gtests/google_test/gtest/include -I../../gtests/common -I../../cpputil -I/home/ffortier/code/perso/nss/../nspr/dist/include/nspr -I../../../dist/Linux6.6_x86_64_cc_glibc_PTH_64_OPT.OBJ/include -I../../../dist/public/nss -I../../../dist/private/nss -I../../../dist/public/nspr -I../../../dist/public/nss -I../../../dist/public/libdbm -I../../../dist/public/gtest  -std=c++0x cert_unittest.cc
g++ -o Linux6.6_x86_64_cc_glibc_PTH_64_OPT.OBJ/decode_certs_unittest.o -c -std=c++11 -O2 -fPIC  -m64 -pipe -ffunction-sections -fdata-sections -DHAVE_STRERROR -DLINUX -Dlinux -Wall -Wshadow -Werror -Wsign-compare -DXP_UNIX -DXP_UNIX -UDEBUG -DNDEBUG -D_DEFAULT_SOURCE -D_BSD_SOURCE -D_POSIX_SOURCE -DSDB_MEASURE_USE_TEMP_DIR -D_REENTRANT -UDEBUG -DNDEBUG -D_DEFAULT_SOURCE -D_BSD_SOURCE -D_POSIX_SOURCE -DSDB_MEASURE_USE_TEMP_DIR -D_REENTRANT -DNSS_DISABLE_SSE3 -DNSS_NO_INIT_SUPPORT -DUSE_UTIL_DIRECTLY -DNO_NSPR_10_SUPPORT -DSSL_DISABLE_DEPRECATED_CIPHER_SUITE_NAMES -I../../gtests/google_test/gtest/include -I../../gtests/common -I../../cpputil -I/home/ffortier/code/perso/nss/../nspr/dist/include/nspr -I../../../dist/Linux6.6_x86_64_cc_glibc_PTH_64_OPT.OBJ/include -I../../../dist/public/nss -I../../../dist/private/nss -I../../../dist/public/nspr -I../../../dist/public/nss -I../../../dist/public/libdbm -I../../../dist/public/gtest  -std=c++0x decode_certs_unittest.cc
rm -f Linux6.6_x86_64_cc_glibc_PTH_64_OPT.OBJ/certdb_gtest
g++ -o Linux6.6_x86_64_cc_glibc_PTH_64_OPT.OBJ/certdb_gtest -O2 -fPIC  -m64 -pipe -ffunction-sections -fdata-sections -DHAVE_STRERROR -DLINUX -Dlinux -Wall -Wshadow -Werror -Wsign-compare -DXP_UNIX -DXP_UNIX -UDEBUG -DNDEBUG -D_DEFAULT_SOURCE -D_BSD_SOURCE -D_POSIX_SOURCE -DSDB_MEASURE_USE_TEMP_DIR -D_REENTRANT -UDEBUG -DNDEBUG -D_DEFAULT_SOURCE -D_BSD_SOURCE -D_POSIX_SOURCE -DSDB_MEASURE_USE_TEMP_DIR -D_REENTRANT -DNSS_DISABLE_SSE3 -DNSS_NO_INIT_SUPPORT -DUSE_UTIL_DIRECTLY -DNO_NSPR_10_SUPPORT -DSSL_DISABLE_DEPRECATED_CIPHER_SUITE_NAMES -I../../gtests/google_test/gtest/include -I../../gtests/common -I../../cpputil -I/home/ffortier/code/perso/nss/../nspr/dist/include/nspr -I../../../dist/Linux6.6_x86_64_cc_glibc_PTH_64_OPT.OBJ/include -I../../../dist/public/nss -I../../../dist/private/nss -I../../../dist/public/nspr -I../../../dist/public/nss -I../../../dist/public/libdbm -I../../../dist/public/gtest  Linux6.6_x86_64_cc_glibc_PTH_64_OPT.OBJ/alg1485_unittest.o Linux6.6_x86_64_cc_glibc_PTH_64_OPT.OBJ/cert_unittest.o Linux6.6_x86_64_cc_glibc_PTH_64_OPT.OBJ/decode_certs_unittest.o -m64 -z noexecstack -m64 -z noexecstack ../../../dist/Linux6.6_x86_64_cc_glibc_PTH_64_OPT.OBJ/lib/libgtest.a  ../../../dist/Linux6.6_x86_64_cc_glibc_PTH_64_OPT.OBJ/lib/libgtestutil.a ../../../dist/Linux6.6_x86_64_cc_glibc_PTH_64_OPT.OBJ/lib/libsectool.a  -L../../../dist/Linux6.6_x86_64_cc_glibc_PTH_64_OPT.OBJ/lib -L../../../dist/Linux6.6_x86_64_cc_glibc_PTH_64_OPT.OBJ/lib -lnssutil3 -L/home/ffortier/code/perso/nss/../nspr/dist -lplc4 -lplds4 -lnspr4  -lssl3 -lsmime3 -lnss3 -lpthread  -ldl -lc
../../coreconf/nsinstall/Linux6.6_x86_64_cc_glibc_PTH_64_OPT.OBJ/nsinstall -R -m 775 Linux6.6_x86_64_cc_glibc_PTH_64_OPT.OBJ/certdb_gtest ../../../dist/Linux6.6_x86_64_cc_glibc_PTH_64_OPT.OBJ/bin
make[3]: Leaving directory '/home/ffortier/code/perso/nss/gtests/certdb_gtest'
make[3]: Entering directory '/home/ffortier/code/perso/nss/gtests/certhigh_gtest'
g++ -o Linux6.6_x86_64_cc_glibc_PTH_64_OPT.OBJ/certhigh_unittest.o -c -std=c++11 -O2 -fPIC  -m64 -pipe -ffunction-sections -fdata-sections -DHAVE_STRERROR -DLINUX -Dlinux -Wall -Wshadow -Werror -Wsign-compare -DXP_UNIX -DXP_UNIX -UDEBUG -DNDEBUG -D_DEFAULT_SOURCE -D_BSD_SOURCE -D_POSIX_SOURCE -DSDB_MEASURE_USE_TEMP_DIR -D_REENTRANT -UDEBUG -DNDEBUG -D_DEFAULT_SOURCE -D_BSD_SOURCE -D_POSIX_SOURCE -DSDB_MEASURE_USE_TEMP_DIR -D_REENTRANT -DNSS_DISABLE_SSE3 -DNSS_NO_INIT_SUPPORT -DUSE_UTIL_DIRECTLY -DNO_NSPR_10_SUPPORT -DSSL_DISABLE_DEPRECATED_CIPHER_SUITE_NAMES -I../../gtests/google_test/gtest/include -I../../gtests/common -I../../cpputil -I/home/ffortier/code/perso/nss/../nspr/dist/include/nspr -I../../../dist/Linux6.6_x86_64_cc_glibc_PTH_64_OPT.OBJ/include -I../../../dist/public/nss -I../../../dist/private/nss -I../../../dist/public/nspr -I../../../dist/public/gtest  -std=c++0x certhigh_unittest.cc
rm -f Linux6.6_x86_64_cc_glibc_PTH_64_OPT.OBJ/certhigh_gtest
g++ -o Linux6.6_x86_64_cc_glibc_PTH_64_OPT.OBJ/certhigh_gtest -O2 -fPIC  -m64 -pipe -ffunction-sections -fdata-sections -DHAVE_STRERROR -DLINUX -Dlinux -Wall -Wshadow -Werror -Wsign-compare -DXP_UNIX -DXP_UNIX -UDEBUG -DNDEBUG -D_DEFAULT_SOURCE -D_BSD_SOURCE -D_POSIX_SOURCE -DSDB_MEASURE_USE_TEMP_DIR -D_REENTRANT -UDEBUG -DNDEBUG -D_DEFAULT_SOURCE -D_BSD_SOURCE -D_POSIX_SOURCE -DSDB_MEASURE_USE_TEMP_DIR -D_REENTRANT -DNSS_DISABLE_SSE3 -DNSS_NO_INIT_SUPPORT -DUSE_UTIL_DIRECTLY -DNO_NSPR_10_SUPPORT -DSSL_DISABLE_DEPRECATED_CIPHER_SUITE_NAMES -I../../gtests/google_test/gtest/include -I../../gtests/common -I../../cpputil -I/home/ffortier/code/perso/nss/../nspr/dist/include/nspr -I../../../dist/Linux6.6_x86_64_cc_glibc_PTH_64_OPT.OBJ/include -I../../../dist/public/nss -I../../../dist/private/nss -I../../../dist/public/nspr -I../../../dist/public/gtest  Linux6.6_x86_64_cc_glibc_PTH_64_OPT.OBJ/certhigh_unittest.o -m64 -z noexecstack -m64 -z noexecstack ../../../dist/Linux6.6_x86_64_cc_glibc_PTH_64_OPT.OBJ/lib/libgtest.a  ../../../dist/Linux6.6_x86_64_cc_glibc_PTH_64_OPT.OBJ/lib/libgtestutil.a ../../../dist/Linux6.6_x86_64_cc_glibc_PTH_64_OPT.OBJ/lib/libsectool.a  -L../../../dist/Linux6.6_x86_64_cc_glibc_PTH_64_OPT.OBJ/lib -L../../../dist/Linux6.6_x86_64_cc_glibc_PTH_64_OPT.OBJ/lib -lnssutil3 -L/home/ffortier/code/perso/nss/../nspr/dist -lplc4 -lplds4 -lnspr4  -lssl3 -lsmime3 -lnss3 -lpthread  -ldl -lc
../../coreconf/nsinstall/Linux6.6_x86_64_cc_glibc_PTH_64_OPT.OBJ/nsinstall -R -m 775 Linux6.6_x86_64_cc_glibc_PTH_64_OPT.OBJ/certhigh_gtest ../../../dist/Linux6.6_x86_64_cc_glibc_PTH_64_OPT.OBJ/bin
make[3]: Leaving directory '/home/ffortier/code/perso/nss/gtests/certhigh_gtest'
make[3]: Entering directory '/home/ffortier/code/perso/nss/gtests/cryptohi_gtest'
g++ -o Linux6.6_x86_64_cc_glibc_PTH_64_OPT.OBJ/cryptohi_unittest.o -c -std=c++11 -O2 -fPIC  -m64 -pipe -ffunction-sections -fdata-sections -DHAVE_STRERROR -DLINUX -Dlinux -Wall -Wshadow -Werror -Wsign-compare -DXP_UNIX -DXP_UNIX -UDEBUG -DNDEBUG -D_DEFAULT_SOURCE -D_BSD_SOURCE -D_POSIX_SOURCE -DSDB_MEASURE_USE_TEMP_DIR -D_REENTRANT -UDEBUG -DNDEBUG -D_DEFAULT_SOURCE -D_BSD_SOURCE -D_POSIX_SOURCE -DSDB_MEASURE_USE_TEMP_DIR -D_REENTRANT -DNSS_DISABLE_SSE3 -DNSS_NO_INIT_SUPPORT -DUSE_UTIL_DIRECTLY -DNO_NSPR_10_SUPPORT -DSSL_DISABLE_DEPRECATED_CIPHER_SUITE_NAMES -I../../gtests/google_test/gtest/include -I../../gtests/common -I../../cpputil -I/home/ffortier/code/perso/nss/../nspr/dist/include/nspr -I../../../dist/Linux6.6_x86_64_cc_glibc_PTH_64_OPT.OBJ/include -I../../../dist/public/nss -I../../../dist/private/nss -I../../../dist/public/nspr -I../../../dist/public/gtest  -std=c++0x cryptohi_unittest.cc
rm -f Linux6.6_x86_64_cc_glibc_PTH_64_OPT.OBJ/cryptohi_gtest
g++ -o Linux6.6_x86_64_cc_glibc_PTH_64_OPT.OBJ/cryptohi_gtest -O2 -fPIC  -m64 -pipe -ffunction-sections -fdata-sections -DHAVE_STRERROR -DLINUX -Dlinux -Wall -Wshadow -Werror -Wsign-compare -DXP_UNIX -DXP_UNIX -UDEBUG -DNDEBUG -D_DEFAULT_SOURCE -D_BSD_SOURCE -D_POSIX_SOURCE -DSDB_MEASURE_USE_TEMP_DIR -D_REENTRANT -UDEBUG -DNDEBUG -D_DEFAULT_SOURCE -D_BSD_SOURCE -D_POSIX_SOURCE -DSDB_MEASURE_USE_TEMP_DIR -D_REENTRANT -DNSS_DISABLE_SSE3 -DNSS_NO_INIT_SUPPORT -DUSE_UTIL_DIRECTLY -DNO_NSPR_10_SUPPORT -DSSL_DISABLE_DEPRECATED_CIPHER_SUITE_NAMES -I../../gtests/google_test/gtest/include -I../../gtests/common -I../../cpputil -I/home/ffortier/code/perso/nss/../nspr/dist/include/nspr -I../../../dist/Linux6.6_x86_64_cc_glibc_PTH_64_OPT.OBJ/include -I../../../dist/public/nss -I../../../dist/private/nss -I../../../dist/public/nspr -I../../../dist/public/gtest  Linux6.6_x86_64_cc_glibc_PTH_64_OPT.OBJ/cryptohi_unittest.o -m64 -z noexecstack -m64 -z noexecstack ../../../dist/Linux6.6_x86_64_cc_glibc_PTH_64_OPT.OBJ/lib/libgtest.a  ../../../dist/Linux6.6_x86_64_cc_glibc_PTH_64_OPT.OBJ/lib/libgtestutil.a ../../../dist/Linux6.6_x86_64_cc_glibc_PTH_64_OPT.OBJ/lib/libsectool.a  -L../../../dist/Linux6.6_x86_64_cc_glibc_PTH_64_OPT.OBJ/lib -L../../../dist/Linux6.6_x86_64_cc_glibc_PTH_64_OPT.OBJ/lib -lnssutil3 -L/home/ffortier/code/perso/nss/../nspr/dist -lplc4 -lplds4 -lnspr4  -lssl3 -lsmime3 -lnss3 -lpthread  -ldl -lc
../../coreconf/nsinstall/Linux6.6_x86_64_cc_glibc_PTH_64_OPT.OBJ/nsinstall -R -m 775 Linux6.6_x86_64_cc_glibc_PTH_64_OPT.OBJ/cryptohi_gtest ../../../dist/Linux6.6_x86_64_cc_glibc_PTH_64_OPT.OBJ/bin
make[3]: Leaving directory '/home/ffortier/code/perso/nss/gtests/cryptohi_gtest'
make[3]: Entering directory '/home/ffortier/code/perso/nss/gtests/der_gtest'
g++ -o Linux6.6_x86_64_cc_glibc_PTH_64_OPT.OBJ/der_getint_unittest.o -c -std=c++11 -O2 -fPIC  -m64 -pipe -ffunction-sections -fdata-sections -DHAVE_STRERROR -DLINUX -Dlinux -Wall -Wshadow -Werror -Wsign-compare -DXP_UNIX -DXP_UNIX -UDEBUG -DNDEBUG -D_DEFAULT_SOURCE -D_BSD_SOURCE -D_POSIX_SOURCE -DSDB_MEASURE_USE_TEMP_DIR -D_REENTRANT -UDEBUG -DNDEBUG -D_DEFAULT_SOURCE -D_BSD_SOURCE -D_POSIX_SOURCE -DSDB_MEASURE_USE_TEMP_DIR -D_REENTRANT -DNSS_DISABLE_SSE3 -DNSS_NO_INIT_SUPPORT -DUSE_UTIL_DIRECTLY -DNO_NSPR_10_SUPPORT -DSSL_DISABLE_DEPRECATED_CIPHER_SUITE_NAMES -I../../gtests/google_test/gtest/include -I../../gtests/common -I../../cpputil -I/home/ffortier/code/perso/nss/../nspr/dist/include/nspr -I../../../dist/Linux6.6_x86_64_cc_glibc_PTH_64_OPT.OBJ/include -I../../../dist/public/nss -I../../../dist/private/nss -I../../../dist/public/nspr -I../../../dist/public/gtest  -std=c++0x der_getint_unittest.cc
g++ -o Linux6.6_x86_64_cc_glibc_PTH_64_OPT.OBJ/der_quickder_unittest.o -c -std=c++11 -O2 -fPIC  -m64 -pipe -ffunction-sections -fdata-sections -DHAVE_STRERROR -DLINUX -Dlinux -Wall -Wshadow -Werror -Wsign-compare -DXP_UNIX -DXP_UNIX -UDEBUG -DNDEBUG -D_DEFAULT_SOURCE -D_BSD_SOURCE -D_POSIX_SOURCE -DSDB_MEASURE_USE_TEMP_DIR -D_REENTRANT -UDEBUG -DNDEBUG -D_DEFAULT_SOURCE -D_BSD_SOURCE -D_POSIX_SOURCE -DSDB_MEASURE_USE_TEMP_DIR -D_REENTRANT -DNSS_DISABLE_SSE3 -DNSS_NO_INIT_SUPPORT -DUSE_UTIL_DIRECTLY -DNO_NSPR_10_SUPPORT -DSSL_DISABLE_DEPRECATED_CIPHER_SUITE_NAMES -I../../gtests/google_test/gtest/include -I../../gtests/common -I../../cpputil -I/home/ffortier/code/perso/nss/../nspr/dist/include/nspr -I../../../dist/Linux6.6_x86_64_cc_glibc_PTH_64_OPT.OBJ/include -I../../../dist/public/nss -I../../../dist/private/nss -I../../../dist/public/nspr -I../../../dist/public/gtest  -std=c++0x der_quickder_unittest.cc
g++ -o Linux6.6_x86_64_cc_glibc_PTH_64_OPT.OBJ/p12_import_unittest.o -c -std=c++11 -O2 -fPIC  -m64 -pipe -ffunction-sections -fdata-sections -DHAVE_STRERROR -DLINUX -Dlinux -Wall -Wshadow -Werror -Wsign-compare -DXP_UNIX -DXP_UNIX -UDEBUG -DNDEBUG -D_DEFAULT_SOURCE -D_BSD_SOURCE -D_POSIX_SOURCE -DSDB_MEASURE_USE_TEMP_DIR -D_REENTRANT -UDEBUG -DNDEBUG -D_DEFAULT_SOURCE -D_BSD_SOURCE -D_POSIX_SOURCE -DSDB_MEASURE_USE_TEMP_DIR -D_REENTRANT -DNSS_DISABLE_SSE3 -DNSS_NO_INIT_SUPPORT -DUSE_UTIL_DIRECTLY -DNO_NSPR_10_SUPPORT -DSSL_DISABLE_DEPRECATED_CIPHER_SUITE_NAMES -I../../gtests/google_test/gtest/include -I../../gtests/common -I../../cpputil -I/home/ffortier/code/perso/nss/../nspr/dist/include/nspr -I../../../dist/Linux6.6_x86_64_cc_glibc_PTH_64_OPT.OBJ/include -I../../../dist/public/nss -I../../../dist/private/nss -I../../../dist/public/nspr -I../../../dist/public/gtest  -std=c++0x p12_import_unittest.cc
rm -f Linux6.6_x86_64_cc_glibc_PTH_64_OPT.OBJ/der_gtest
g++ -o Linux6.6_x86_64_cc_glibc_PTH_64_OPT.OBJ/der_gtest -O2 -fPIC  -m64 -pipe -ffunction-sections -fdata-sections -DHAVE_STRERROR -DLINUX -Dlinux -Wall -Wshadow -Werror -Wsign-compare -DXP_UNIX -DXP_UNIX -UDEBUG -DNDEBUG -D_DEFAULT_SOURCE -D_BSD_SOURCE -D_POSIX_SOURCE -DSDB_MEASURE_USE_TEMP_DIR -D_REENTRANT -UDEBUG -DNDEBUG -D_DEFAULT_SOURCE -D_BSD_SOURCE -D_POSIX_SOURCE -DSDB_MEASURE_USE_TEMP_DIR -D_REENTRANT -DNSS_DISABLE_SSE3 -DNSS_NO_INIT_SUPPORT -DUSE_UTIL_DIRECTLY -DNO_NSPR_10_SUPPORT -DSSL_DISABLE_DEPRECATED_CIPHER_SUITE_NAMES -I../../gtests/google_test/gtest/include -I../../gtests/common -I../../cpputil -I/home/ffortier/code/perso/nss/../nspr/dist/include/nspr -I../../../dist/Linux6.6_x86_64_cc_glibc_PTH_64_OPT.OBJ/include -I../../../dist/public/nss -I../../../dist/private/nss -I../../../dist/public/nspr -I../../../dist/public/gtest  Linux6.6_x86_64_cc_glibc_PTH_64_OPT.OBJ/der_getint_unittest.o Linux6.6_x86_64_cc_glibc_PTH_64_OPT.OBJ/der_quickder_unittest.o Linux6.6_x86_64_cc_glibc_PTH_64_OPT.OBJ/p12_import_unittest.o -m64 -z noexecstack -m64 -z noexecstack ../../../dist/Linux6.6_x86_64_cc_glibc_PTH_64_OPT.OBJ/lib/libgtest.a  ../../../dist/Linux6.6_x86_64_cc_glibc_PTH_64_OPT.OBJ/lib/libgtestutil.a ../../../dist/Linux6.6_x86_64_cc_glibc_PTH_64_OPT.OBJ/lib/libsectool.a  -L../../../dist/Linux6.6_x86_64_cc_glibc_PTH_64_OPT.OBJ/lib -L../../../dist/Linux6.6_x86_64_cc_glibc_PTH_64_OPT.OBJ/lib -lnssutil3 -L/home/ffortier/code/perso/nss/../nspr/dist -lplc4 -lplds4 -lnspr4  -lssl3 -lsmime3 -lnss3 -lpthread  -ldl -lc
../../coreconf/nsinstall/Linux6.6_x86_64_cc_glibc_PTH_64_OPT.OBJ/nsinstall -R -m 775 Linux6.6_x86_64_cc_glibc_PTH_64_OPT.OBJ/der_gtest ../../../dist/Linux6.6_x86_64_cc_glibc_PTH_64_OPT.OBJ/bin
make[3]: Leaving directory '/home/ffortier/code/perso/nss/gtests/der_gtest'
make[3]: Entering directory '/home/ffortier/code/perso/nss/gtests/freebl_gtest'
g++ -o Linux6.6_x86_64_cc_glibc_PTH_64_OPT.OBJ/dh_unittest.o -c -std=c++11 -O2 -fPIC  -m64 -pipe -ffunction-sections -fdata-sections -DHAVE_STRERROR -DLINUX -Dlinux -Wall -Wshadow -Werror -Wsign-compare -DXP_UNIX -DXP_UNIX -DDLL_PREFIX=\"lib\" -DDLL_SUFFIX=\"so\" -UDEBUG -DNDEBUG -D_DEFAULT_SOURCE -D_BSD_SOURCE -D_POSIX_SOURCE -DSDB_MEASURE_USE_TEMP_DIR -D_REENTRANT -UDEBUG -DNDEBUG -D_DEFAULT_SOURCE -D_BSD_SOURCE -D_POSIX_SOURCE -DSDB_MEASURE_USE_TEMP_DIR -D_REENTRANT -DNSS_DISABLE_SSE3 -DNSS_NO_INIT_SUPPORT -DUSE_UTIL_DIRECTLY -DNO_NSPR_10_SUPPORT -DSSL_DISABLE_DEPRECATED_CIPHER_SUITE_NAMES -DNSS_USE_STATIC_LIBS -I../../gtests/google_test/gtest/include -I../../lib/freebl/ecl -I../../lib/freebl/mpi -I../../lib/freebl -I../../gtests/common -I../../cpputil -I/home/ffortier/code/perso/nss/../nspr/dist/include/nspr -I../../../dist/Linux6.6_x86_64_cc_glibc_PTH_64_OPT.OBJ/include -I../../../dist/public/nss -I../../../dist/private/nss -I../../../dist/public/nspr -I../../../dist/public/nss -I../../../dist/public/libdbm -I../../../dist/public/gtest -I../../../dist/public/cpputil  -std=c++0x dh_unittest.cc
g++ -o Linux6.6_x86_64_cc_glibc_PTH_64_OPT.OBJ/ecl_unittest.o -c -std=c++11 -O2 -fPIC  -m64 -pipe -ffunction-sections -fdata-sections -DHAVE_STRERROR -DLINUX -Dlinux -Wall -Wshadow -Werror -Wsign-compare -DXP_UNIX -DXP_UNIX -DDLL_PREFIX=\"lib\" -DDLL_SUFFIX=\"so\" -UDEBUG -DNDEBUG -D_DEFAULT_SOURCE -D_BSD_SOURCE -D_POSIX_SOURCE -DSDB_MEASURE_USE_TEMP_DIR -D_REENTRANT -UDEBUG -DNDEBUG -D_DEFAULT_SOURCE -D_BSD_SOURCE -D_POSIX_SOURCE -DSDB_MEASURE_USE_TEMP_DIR -D_REENTRANT -DNSS_DISABLE_SSE3 -DNSS_NO_INIT_SUPPORT -DUSE_UTIL_DIRECTLY -DNO_NSPR_10_SUPPORT -DSSL_DISABLE_DEPRECATED_CIPHER_SUITE_NAMES -DNSS_USE_STATIC_LIBS -I../../gtests/google_test/gtest/include -I../../lib/freebl/ecl -I../../lib/freebl/mpi -I../../lib/freebl -I../../gtests/common -I../../cpputil -I/home/ffortier/code/perso/nss/../nspr/dist/include/nspr -I../../../dist/Linux6.6_x86_64_cc_glibc_PTH_64_OPT.OBJ/include -I../../../dist/public/nss -I../../../dist/private/nss -I../../../dist/public/nspr -I../../../dist/public/nss -I../../../dist/public/libdbm -I../../../dist/public/gtest -I../../../dist/public/cpputil  -std=c++0x ecl_unittest.cc
g++ -o Linux6.6_x86_64_cc_glibc_PTH_64_OPT.OBJ/rsa_unittest.o -c -std=c++11 -O2 -fPIC  -m64 -pipe -ffunction-sections -fdata-sections -DHAVE_STRERROR -DLINUX -Dlinux -Wall -Wshadow -Werror -Wsign-compare -DXP_UNIX -DXP_UNIX -DDLL_PREFIX=\"lib\" -DDLL_SUFFIX=\"so\" -UDEBUG -DNDEBUG -D_DEFAULT_SOURCE -D_BSD_SOURCE -D_POSIX_SOURCE -DSDB_MEASURE_USE_TEMP_DIR -D_REENTRANT -UDEBUG -DNDEBUG -D_DEFAULT_SOURCE -D_BSD_SOURCE -D_POSIX_SOURCE -DSDB_MEASURE_USE_TEMP_DIR -D_REENTRANT -DNSS_DISABLE_SSE3 -DNSS_NO_INIT_SUPPORT -DUSE_UTIL_DIRECTLY -DNO_NSPR_10_SUPPORT -DSSL_DISABLE_DEPRECATED_CIPHER_SUITE_NAMES -DNSS_USE_STATIC_LIBS -I../../gtests/google_test/gtest/include -I../../lib/freebl/ecl -I../../lib/freebl/mpi -I../../lib/freebl -I../../gtests/common -I../../cpputil -I/home/ffortier/code/perso/nss/../nspr/dist/include/nspr -I../../../dist/Linux6.6_x86_64_cc_glibc_PTH_64_OPT.OBJ/include -I../../../dist/public/nss -I../../../dist/private/nss -I../../../dist/public/nspr -I../../../dist/public/nss -I../../../dist/public/libdbm -I../../../dist/public/gtest -I../../../dist/public/cpputil  -std=c++0x rsa_unittest.cc
g++ -o Linux6.6_x86_64_cc_glibc_PTH_64_OPT.OBJ/cmac_unittests.o -c -std=c++11 -O2 -fPIC  -m64 -pipe -ffunction-sections -fdata-sections -DHAVE_STRERROR -DLINUX -Dlinux -Wall -Wshadow -Werror -Wsign-compare -DXP_UNIX -DXP_UNIX -DDLL_PREFIX=\"lib\" -DDLL_SUFFIX=\"so\" -UDEBUG -DNDEBUG -D_DEFAULT_SOURCE -D_BSD_SOURCE -D_POSIX_SOURCE -DSDB_MEASURE_USE_TEMP_DIR -D_REENTRANT -UDEBUG -DNDEBUG -D_DEFAULT_SOURCE -D_BSD_SOURCE -D_POSIX_SOURCE -DSDB_MEASURE_USE_TEMP_DIR -D_REENTRANT -DNSS_DISABLE_SSE3 -DNSS_NO_INIT_SUPPORT -DUSE_UTIL_DIRECTLY -DNO_NSPR_10_SUPPORT -DSSL_DISABLE_DEPRECATED_CIPHER_SUITE_NAMES -DNSS_USE_STATIC_LIBS -I../../gtests/google_test/gtest/include -I../../lib/freebl/ecl -I../../lib/freebl/mpi -I../../lib/freebl -I../../gtests/common -I../../cpputil -I/home/ffortier/code/perso/nss/../nspr/dist/include/nspr -I../../../dist/Linux6.6_x86_64_cc_glibc_PTH_64_OPT.OBJ/include -I../../../dist/public/nss -I../../../dist/private/nss -I../../../dist/public/nspr -I../../../dist/public/nss -I../../../dist/public/libdbm -I../../../dist/public/gtest -I../../../dist/public/cpputil  -std=c++0x cmac_unittests.cc
g++ -o Linux6.6_x86_64_cc_glibc_PTH_64_OPT.OBJ/kyber_unittest.o -c -std=c++11 -O2 -fPIC  -m64 -pipe -ffunction-sections -fdata-sections -DHAVE_STRERROR -DLINUX -Dlinux -Wall -Wshadow -Werror -Wsign-compare -DXP_UNIX -DXP_UNIX -DDLL_PREFIX=\"lib\" -DDLL_SUFFIX=\"so\" -UDEBUG -DNDEBUG -D_DEFAULT_SOURCE -D_BSD_SOURCE -D_POSIX_SOURCE -DSDB_MEASURE_USE_TEMP_DIR -D_REENTRANT -UDEBUG -DNDEBUG -D_DEFAULT_SOURCE -D_BSD_SOURCE -D_POSIX_SOURCE -DSDB_MEASURE_USE_TEMP_DIR -D_REENTRANT -DNSS_DISABLE_SSE3 -DNSS_NO_INIT_SUPPORT -DUSE_UTIL_DIRECTLY -DNO_NSPR_10_SUPPORT -DSSL_DISABLE_DEPRECATED_CIPHER_SUITE_NAMES -DNSS_USE_STATIC_LIBS -I../../gtests/google_test/gtest/include -I../../lib/freebl/ecl -I../../lib/freebl/mpi -I../../lib/freebl -I../../gtests/common -I../../cpputil -I/home/ffortier/code/perso/nss/../nspr/dist/include/nspr -I../../../dist/Linux6.6_x86_64_cc_glibc_PTH_64_OPT.OBJ/include -I../../../dist/public/nss -I../../../dist/private/nss -I../../../dist/public/nspr -I../../../dist/public/nss -I../../../dist/public/libdbm -I../../../dist/public/gtest -I../../../dist/public/cpputil  -std=c++0x kyber_unittest.cc
rm -f Linux6.6_x86_64_cc_glibc_PTH_64_OPT.OBJ/freebl_gtest
g++ -o Linux6.6_x86_64_cc_glibc_PTH_64_OPT.OBJ/freebl_gtest -O2 -fPIC  -m64 -pipe -ffunction-sections -fdata-sections -DHAVE_STRERROR -DLINUX -Dlinux -Wall -Wshadow -Werror -Wsign-compare -DXP_UNIX -DXP_UNIX -DDLL_PREFIX=\"lib\" -DDLL_SUFFIX=\"so\" -UDEBUG -DNDEBUG -D_DEFAULT_SOURCE -D_BSD_SOURCE -D_POSIX_SOURCE -DSDB_MEASURE_USE_TEMP_DIR -D_REENTRANT -UDEBUG -DNDEBUG -D_DEFAULT_SOURCE -D_BSD_SOURCE -D_POSIX_SOURCE -DSDB_MEASURE_USE_TEMP_DIR -D_REENTRANT -DNSS_DISABLE_SSE3 -DNSS_NO_INIT_SUPPORT -DUSE_UTIL_DIRECTLY -DNO_NSPR_10_SUPPORT -DSSL_DISABLE_DEPRECATED_CIPHER_SUITE_NAMES -DNSS_USE_STATIC_LIBS -I../../gtests/google_test/gtest/include -I../../lib/freebl/ecl -I../../lib/freebl/mpi -I../../lib/freebl -I../../gtests/common -I../../cpputil -I/home/ffortier/code/perso/nss/../nspr/dist/include/nspr -I../../../dist/Linux6.6_x86_64_cc_glibc_PTH_64_OPT.OBJ/include -I../../../dist/public/nss -I../../../dist/private/nss -I../../../dist/public/nspr -I../../../dist/public/nss -I../../../dist/public/libdbm -I../../../dist/public/gtest -I../../../dist/public/cpputil  Linux6.6_x86_64_cc_glibc_PTH_64_OPT.OBJ/dh_unittest.o Linux6.6_x86_64_cc_glibc_PTH_64_OPT.OBJ/ecl_unittest.o Linux6.6_x86_64_cc_glibc_PTH_64_OPT.OBJ/rsa_unittest.o Linux6.6_x86_64_cc_glibc_PTH_64_OPT.OBJ/cmac_unittests.o Linux6.6_x86_64_cc_glibc_PTH_64_OPT.OBJ/kyber_unittest.o -m64 -z noexecstack -m64 -z noexecstack ../../../dist/Linux6.6_x86_64_cc_glibc_PTH_64_OPT.OBJ/lib/libgtest.a ../../../dist/Linux6.6_x86_64_cc_glibc_PTH_64_OPT.OBJ/lib/libcpputil.a ../../../dist/Linux6.6_x86_64_cc_glibc_PTH_64_OPT.OBJ/lib/libgtestutil.a  ../../../dist/Linux6.6_x86_64_cc_glibc_PTH_64_OPT.OBJ/lib/libsectool.a ../../../dist/Linux6.6_x86_64_cc_glibc_PTH_64_OPT.OBJ/lib/libsmime.a ../../../dist/Linux6.6_x86_64_cc_glibc_PTH_64_OPT.OBJ/lib/libssl.a ../../../dist/Linux6.6_x86_64_cc_glibc_PTH_64_OPT.OBJ/lib/libnss.a  ../../../dist/Linux6.6_x86_64_cc_glibc_PTH_64_OPT.OBJ/lib/libpkcs12.a ../../../dist/Linux6.6_x86_64_cc_glibc_PTH_64_OPT.OBJ/lib/libpkcs7.a ../../../dist/Linux6.6_x86_64_cc_glibc_PTH_64_OPT.OBJ/lib/libcerthi.a ../../../dist/Linux6.6_x86_64_cc_glibc_PTH_64_OPT.OBJ/lib/libcryptohi.a ../../../dist/Linux6.6_x86_64_cc_glibc_PTH_64_OPT.OBJ/lib/libpk11wrap.a  ../../../dist/Linux6.6_x86_64_cc_glibc_PTH_64_OPT.OBJ/lib/libsoftokn.a ../../../dist/Linux6.6_x86_64_cc_glibc_PTH_64_OPT.OBJ/lib/libcertdb.a ../../../dist/Linux6.6_x86_64_cc_glibc_PTH_64_OPT.OBJ/lib/libnsspki.a ../../../dist/Linux6.6_x86_64_cc_glibc_PTH_64_OPT.OBJ/lib/libnssdev.a ../../../dist/Linux6.6_x86_64_cc_glibc_PTH_64_OPT.OBJ/lib/libnssb.a  ../../../dist/Linux6.6_x86_64_cc_glibc_PTH_64_OPT.OBJ/lib/libfreebl.a ../../../dist/Linux6.6_x86_64_cc_glibc_PTH_64_OPT.OBJ/lib/libdbm.a  ../../../dist/Linux6.6_x86_64_cc_glibc_PTH_64_OPT.OBJ/lib/libpkixtop.a ../../../dist/Linux6.6_x86_64_cc_glibc_PTH_64_OPT.OBJ/lib/libpkixutil.a ../../../dist/Linux6.6_x86_64_cc_glibc_PTH_64_OPT.OBJ/lib/libpkixsystem.a ../../../dist/Linux6.6_x86_64_cc_glibc_PTH_64_OPT.OBJ/lib/libpkixcrlsel.a ../../../dist/Linux6.6_x86_64_cc_glibc_PTH_64_OPT.OBJ/lib/libpkixmodule.a ../../../dist/Linux6.6_x86_64_cc_glibc_PTH_64_OPT.OBJ/lib/libpkixstore.a ../../../dist/Linux6.6_x86_64_cc_glibc_PTH_64_OPT.OBJ/lib/libpkixparams.a ../../../dist/Linux6.6_x86_64_cc_glibc_PTH_64_OPT.OBJ/lib/libpkixchecker.a ../../../dist/Linux6.6_x86_64_cc_glibc_PTH_64_OPT.OBJ/lib/libpkixpki.a ../../../dist/Linux6.6_x86_64_cc_glibc_PTH_64_OPT.OBJ/lib/libpkixtop.a ../../../dist/Linux6.6_x86_64_cc_glibc_PTH_64_OPT.OBJ/lib/libpkixresults.a ../../../dist/Linux6.6_x86_64_cc_glibc_PTH_64_OPT.OBJ/lib/libpkixcertsel.a ../../../dist/Linux6.6_x86_64_cc_glibc_PTH_64_OPT.OBJ/lib/libnss.a ../../../dist/Linux6.6_x86_64_cc_glibc_PTH_64_OPT.OBJ/lib/libpk11wrap.a ../../../dist/Linux6.6_x86_64_cc_glibc_PTH_64_OPT.OBJ/lib/libcerthi.a   -L../../../dist/Linux6.6_x86_64_cc_glibc_PTH_64_OPT.OBJ/lib -lsqlite3 -L../../../dist/Linux6.6_x86_64_cc_glibc_PTH_64_OPT.OBJ/lib -lnssutil3 -L/home/ffortier/code/perso/nss/../nspr/dist -lplc4 -lplds4 -lnspr4  -lpthread  -ldl -lc
../../coreconf/nsinstall/Linux6.6_x86_64_cc_glibc_PTH_64_OPT.OBJ/nsinstall -R -m 775 Linux6.6_x86_64_cc_glibc_PTH_64_OPT.OBJ/freebl_gtest ../../../dist/Linux6.6_x86_64_cc_glibc_PTH_64_OPT.OBJ/bin
make[3]: Leaving directory '/home/ffortier/code/perso/nss/gtests/freebl_gtest'
make[3]: Entering directory '/home/ffortier/code/perso/nss/gtests/pkcs11testmodule'
g++ -o Linux6.6_x86_64_cc_glibc_PTH_64_OPT.OBJ/pkcs11testmodule.o -c -std=c++11 -O2 -fPIC  -m64 -pipe -ffunction-sections -fdata-sections -DHAVE_STRERROR -DLINUX -Dlinux -Wall -Wshadow -Werror -DXP_UNIX -DXP_UNIX -UDEBUG -DNDEBUG -D_DEFAULT_SOURCE -D_BSD_SOURCE -D_POSIX_SOURCE -DSDB_MEASURE_USE_TEMP_DIR -D_REENTRANT -UDEBUG -DNDEBUG -D_DEFAULT_SOURCE -D_BSD_SOURCE -D_POSIX_SOURCE -DSDB_MEASURE_USE_TEMP_DIR -D_REENTRANT -DNSS_DISABLE_SSE3 -DNSS_NO_INIT_SUPPORT -DUSE_UTIL_DIRECTLY -DNO_NSPR_10_SUPPORT -DSSL_DISABLE_DEPRECATED_CIPHER_SUITE_NAMES -I../../cpputil -I/home/ffortier/code/perso/nss/../nspr/dist/include/nspr -I../../../dist/Linux6.6_x86_64_cc_glibc_PTH_64_OPT.OBJ/include -I../../../dist/public/nss -I../../../dist/private/nss -I../../../dist/public/cpputil   pkcs11testmodule.cpp
grep -v ';-' pkcs11testmodule.def | sed -e 's,;+,,' -e 's; DATA ;;' -e 's,;;,,' -e 's,;.*,;,' > Linux6.6_x86_64_cc_glibc_PTH_64_OPT.OBJ/pkcs11testmodule.def
rm -f Linux6.6_x86_64_cc_glibc_PTH_64_OPT.OBJ/libpkcs11testmodule.so
cc -shared -m64 -Wl,--gc-sections -Wl,-z,defs -Wl,-soname -Wl,libpkcs11testmodule.so  -Wl,--version-script,Linux6.6_x86_64_cc_glibc_PTH_64_OPT.OBJ/pkcs11testmodule.def -o Linux6.6_x86_64_cc_glibc_PTH_64_OPT.OBJ/libpkcs11testmodule.so Linux6.6_x86_64_cc_glibc_PTH_64_OPT.OBJ/pkcs11testmodule.o   ../../../dist/Linux6.6_x86_64_cc_glibc_PTH_64_OPT.OBJ/lib/libcpputil.a   -lpthread  -ldl -lc
chmod +x Linux6.6_x86_64_cc_glibc_PTH_64_OPT.OBJ/libpkcs11testmodule.so
../../coreconf/nsinstall/Linux6.6_x86_64_cc_glibc_PTH_64_OPT.OBJ/nsinstall -R -m 775 Linux6.6_x86_64_cc_glibc_PTH_64_OPT.OBJ/libpkcs11testmodule.so ../../../dist/Linux6.6_x86_64_cc_glibc_PTH_64_OPT.OBJ/lib
make[3]: Leaving directory '/home/ffortier/code/perso/nss/gtests/pkcs11testmodule'
make[3]: Entering directory '/home/ffortier/code/perso/nss/gtests/pk11_gtest'
g++ -o Linux6.6_x86_64_cc_glibc_PTH_64_OPT.OBJ/json_reader.o -c -std=c++11 -O2 -fPIC  -m64 -pipe -ffunction-sections -fdata-sections -DHAVE_STRERROR -DLINUX -Dlinux -Wall -Wshadow -Werror -Wsign-compare -DXP_UNIX -DXP_UNIX -DDLL_PREFIX=\"lib\" -DDLL_SUFFIX=\"so\" -UDEBUG -DNDEBUG -D_DEFAULT_SOURCE -D_BSD_SOURCE -D_POSIX_SOURCE -DSDB_MEASURE_USE_TEMP_DIR -D_REENTRANT -UDEBUG -DNDEBUG -D_DEFAULT_SOURCE -D_BSD_SOURCE -D_POSIX_SOURCE -DSDB_MEASURE_USE_TEMP_DIR -D_REENTRANT -DNSS_DISABLE_SSE3 -DNSS_NO_INIT_SUPPORT -DUSE_UTIL_DIRECTLY -DNO_NSPR_10_SUPPORT -DSSL_DISABLE_DEPRECATED_CIPHER_SUITE_NAMES -I../../gtests/google_test/gtest/include -I../../gtests/common -I../../cpputil -I/home/ffortier/code/perso/nss/../nspr/dist/include/nspr -I../../../dist/Linux6.6_x86_64_cc_glibc_PTH_64_OPT.OBJ/include -I../../../dist/public/nss -I../../../dist/private/nss -I../../../dist/public/nspr -I../../../dist/public/nss -I../../../dist/public/libdbm -I../../../dist/public/gtest -I../../../dist/public/cpputil  -std=c++0x json_reader.cc
g++ -o Linux6.6_x86_64_cc_glibc_PTH_64_OPT.OBJ/pk11_aes_gcm_unittest.o -c -std=c++11 -O2 -fPIC  -m64 -pipe -ffunction-sections -fdata-sections -DHAVE_STRERROR -DLINUX -Dlinux -Wall -Wshadow -Werror -Wsign-compare -DXP_UNIX -DXP_UNIX -DDLL_PREFIX=\"lib\" -DDLL_SUFFIX=\"so\" -UDEBUG -DNDEBUG -D_DEFAULT_SOURCE -D_BSD_SOURCE -D_POSIX_SOURCE -DSDB_MEASURE_USE_TEMP_DIR -D_REENTRANT -UDEBUG -DNDEBUG -D_DEFAULT_SOURCE -D_BSD_SOURCE -D_POSIX_SOURCE -DSDB_MEASURE_USE_TEMP_DIR -D_REENTRANT -DNSS_DISABLE_SSE3 -DNSS_NO_INIT_SUPPORT -DUSE_UTIL_DIRECTLY -DNO_NSPR_10_SUPPORT -DSSL_DISABLE_DEPRECATED_CIPHER_SUITE_NAMES -I../../gtests/google_test/gtest/include -I../../gtests/common -I../../cpputil -I/home/ffortier/code/perso/nss/../nspr/dist/include/nspr -I../../../dist/Linux6.6_x86_64_cc_glibc_PTH_64_OPT.OBJ/include -I../../../dist/public/nss -I../../../dist/private/nss -I../../../dist/public/nspr -I../../../dist/public/nss -I../../../dist/public/libdbm -I../../../dist/public/gtest -I../../../dist/public/cpputil  -std=c++0x pk11_aes_gcm_unittest.cc
g++ -o Linux6.6_x86_64_cc_glibc_PTH_64_OPT.OBJ/pk11_aeskeywrap_unittest.o -c -std=c++11 -O2 -fPIC  -m64 -pipe -ffunction-sections -fdata-sections -DHAVE_STRERROR -DLINUX -Dlinux -Wall -Wshadow -Werror -Wsign-compare -DXP_UNIX -DXP_UNIX -DDLL_PREFIX=\"lib\" -DDLL_SUFFIX=\"so\" -UDEBUG -DNDEBUG -D_DEFAULT_SOURCE -D_BSD_SOURCE -D_POSIX_SOURCE -DSDB_MEASURE_USE_TEMP_DIR -D_REENTRANT -UDEBUG -DNDEBUG -D_DEFAULT_SOURCE -D_BSD_SOURCE -D_POSIX_SOURCE -DSDB_MEASURE_USE_TEMP_DIR -D_REENTRANT -DNSS_DISABLE_SSE3 -DNSS_NO_INIT_SUPPORT -DUSE_UTIL_DIRECTLY -DNO_NSPR_10_SUPPORT -DSSL_DISABLE_DEPRECATED_CIPHER_SUITE_NAMES -I../../gtests/google_test/gtest/include -I../../gtests/common -I../../cpputil -I/home/ffortier/code/perso/nss/../nspr/dist/include/nspr -I../../../dist/Linux6.6_x86_64_cc_glibc_PTH_64_OPT.OBJ/include -I../../../dist/public/nss -I../../../dist/private/nss -I../../../dist/public/nspr -I../../../dist/public/nss -I../../../dist/public/libdbm -I../../../dist/public/gtest -I../../../dist/public/cpputil  -std=c++0x pk11_aeskeywrap_unittest.cc
g++ -o Linux6.6_x86_64_cc_glibc_PTH_64_OPT.OBJ/pk11_aeskeywrapkwp_unittest.o -c -std=c++11 -O2 -fPIC  -m64 -pipe -ffunction-sections -fdata-sections -DHAVE_STRERROR -DLINUX -Dlinux -Wall -Wshadow -Werror -Wsign-compare -DXP_UNIX -DXP_UNIX -DDLL_PREFIX=\"lib\" -DDLL_SUFFIX=\"so\" -UDEBUG -DNDEBUG -D_DEFAULT_SOURCE -D_BSD_SOURCE -D_POSIX_SOURCE -DSDB_MEASURE_USE_TEMP_DIR -D_REENTRANT -UDEBUG -DNDEBUG -D_DEFAULT_SOURCE -D_BSD_SOURCE -D_POSIX_SOURCE -DSDB_MEASURE_USE_TEMP_DIR -D_REENTRANT -DNSS_DISABLE_SSE3 -DNSS_NO_INIT_SUPPORT -DUSE_UTIL_DIRECTLY -DNO_NSPR_10_SUPPORT -DSSL_DISABLE_DEPRECATED_CIPHER_SUITE_NAMES -I../../gtests/google_test/gtest/include -I../../gtests/common -I../../cpputil -I/home/ffortier/code/perso/nss/../nspr/dist/include/nspr -I../../../dist/Linux6.6_x86_64_cc_glibc_PTH_64_OPT.OBJ/include -I../../../dist/public/nss -I../../../dist/private/nss -I../../../dist/public/nspr -I../../../dist/public/nss -I../../../dist/public/libdbm -I../../../dist/public/gtest -I../../../dist/public/cpputil  -std=c++0x pk11_aeskeywrapkwp_unittest.cc
g++ -o Linux6.6_x86_64_cc_glibc_PTH_64_OPT.OBJ/pk11_aeskeywrappad_unittest.o -c -std=c++11 -O2 -fPIC  -m64 -pipe -ffunction-sections -fdata-sections -DHAVE_STRERROR -DLINUX -Dlinux -Wall -Wshadow -Werror -Wsign-compare -DXP_UNIX -DXP_UNIX -DDLL_PREFIX=\"lib\" -DDLL_SUFFIX=\"so\" -UDEBUG -DNDEBUG -D_DEFAULT_SOURCE -D_BSD_SOURCE -D_POSIX_SOURCE -DSDB_MEASURE_USE_TEMP_DIR -D_REENTRANT -UDEBUG -DNDEBUG -D_DEFAULT_SOURCE -D_BSD_SOURCE -D_POSIX_SOURCE -DSDB_MEASURE_USE_TEMP_DIR -D_REENTRANT -DNSS_DISABLE_SSE3 -DNSS_NO_INIT_SUPPORT -DUSE_UTIL_DIRECTLY -DNO_NSPR_10_SUPPORT -DSSL_DISABLE_DEPRECATED_CIPHER_SUITE_NAMES -I../../gtests/google_test/gtest/include -I../../gtests/common -I../../cpputil -I/home/ffortier/code/perso/nss/../nspr/dist/include/nspr -I../../../dist/Linux6.6_x86_64_cc_glibc_PTH_64_OPT.OBJ/include -I../../../dist/public/nss -I../../../dist/private/nss -I../../../dist/public/nspr -I../../../dist/public/nss -I../../../dist/public/libdbm -I../../../dist/public/gtest -I../../../dist/public/cpputil  -std=c++0x pk11_aeskeywrappad_unittest.cc
g++ -o Linux6.6_x86_64_cc_glibc_PTH_64_OPT.OBJ/pk11_cbc_unittest.o -c -std=c++11 -O2 -fPIC  -m64 -pipe -ffunction-sections -fdata-sections -DHAVE_STRERROR -DLINUX -Dlinux -Wall -Wshadow -Werror -Wsign-compare -DXP_UNIX -DXP_UNIX -DDLL_PREFIX=\"lib\" -DDLL_SUFFIX=\"so\" -UDEBUG -DNDEBUG -D_DEFAULT_SOURCE -D_BSD_SOURCE -D_POSIX_SOURCE -DSDB_MEASURE_USE_TEMP_DIR -D_REENTRANT -UDEBUG -DNDEBUG -D_DEFAULT_SOURCE -D_BSD_SOURCE -D_POSIX_SOURCE -DSDB_MEASURE_USE_TEMP_DIR -D_REENTRANT -DNSS_DISABLE_SSE3 -DNSS_NO_INIT_SUPPORT -DUSE_UTIL_DIRECTLY -DNO_NSPR_10_SUPPORT -DSSL_DISABLE_DEPRECATED_CIPHER_SUITE_NAMES -I../../gtests/google_test/gtest/include -I../../gtests/common -I../../cpputil -I/home/ffortier/code/perso/nss/../nspr/dist/include/nspr -I../../../dist/Linux6.6_x86_64_cc_glibc_PTH_64_OPT.OBJ/include -I../../../dist/public/nss -I../../../dist/private/nss -I../../../dist/public/nspr -I../../../dist/public/nss -I../../../dist/public/libdbm -I../../../dist/public/gtest -I../../../dist/public/cpputil  -std=c++0x pk11_cbc_unittest.cc
g++ -o Linux6.6_x86_64_cc_glibc_PTH_64_OPT.OBJ/pk11_chacha20poly1305_unittest.o -c -std=c++11 -O2 -fPIC  -m64 -pipe -ffunction-sections -fdata-sections -DHAVE_STRERROR -DLINUX -Dlinux -Wall -Wshadow -Werror -Wsign-compare -DXP_UNIX -DXP_UNIX -DDLL_PREFIX=\"lib\" -DDLL_SUFFIX=\"so\" -UDEBUG -DNDEBUG -D_DEFAULT_SOURCE -D_BSD_SOURCE -D_POSIX_SOURCE -DSDB_MEASURE_USE_TEMP_DIR -D_REENTRANT -UDEBUG -DNDEBUG -D_DEFAULT_SOURCE -D_BSD_SOURCE -D_POSIX_SOURCE -DSDB_MEASURE_USE_TEMP_DIR -D_REENTRANT -DNSS_DISABLE_SSE3 -DNSS_NO_INIT_SUPPORT -DUSE_UTIL_DIRECTLY -DNO_NSPR_10_SUPPORT -DSSL_DISABLE_DEPRECATED_CIPHER_SUITE_NAMES -I../../gtests/google_test/gtest/include -I../../gtests/common -I../../cpputil -I/home/ffortier/code/perso/nss/../nspr/dist/include/nspr -I../../../dist/Linux6.6_x86_64_cc_glibc_PTH_64_OPT.OBJ/include -I../../../dist/public/nss -I../../../dist/private/nss -I../../../dist/public/nspr -I../../../dist/public/nss -I../../../dist/public/libdbm -I../../../dist/public/gtest -I../../../dist/public/cpputil  -std=c++0x pk11_chacha20poly1305_unittest.cc
g++ -o Linux6.6_x86_64_cc_glibc_PTH_64_OPT.OBJ/pk11_curve25519_unittest.o -c -std=c++11 -O2 -fPIC  -m64 -pipe -ffunction-sections -fdata-sections -DHAVE_STRERROR -DLINUX -Dlinux -Wall -Wshadow -Werror -Wsign-compare -DXP_UNIX -DXP_UNIX -DDLL_PREFIX=\"lib\" -DDLL_SUFFIX=\"so\" -UDEBUG -DNDEBUG -D_DEFAULT_SOURCE -D_BSD_SOURCE -D_POSIX_SOURCE -DSDB_MEASURE_USE_TEMP_DIR -D_REENTRANT -UDEBUG -DNDEBUG -D_DEFAULT_SOURCE -D_BSD_SOURCE -D_POSIX_SOURCE -DSDB_MEASURE_USE_TEMP_DIR -D_REENTRANT -DNSS_DISABLE_SSE3 -DNSS_NO_INIT_SUPPORT -DUSE_UTIL_DIRECTLY -DNO_NSPR_10_SUPPORT -DSSL_DISABLE_DEPRECATED_CIPHER_SUITE_NAMES -I../../gtests/google_test/gtest/include -I../../gtests/common -I../../cpputil -I/home/ffortier/code/perso/nss/../nspr/dist/include/nspr -I../../../dist/Linux6.6_x86_64_cc_glibc_PTH_64_OPT.OBJ/include -I../../../dist/public/nss -I../../../dist/private/nss -I../../../dist/public/nspr -I../../../dist/public/nss -I../../../dist/public/libdbm -I../../../dist/public/gtest -I../../../dist/public/cpputil  -std=c++0x pk11_curve25519_unittest.cc
g++ -o Linux6.6_x86_64_cc_glibc_PTH_64_OPT.OBJ/pk11_der_private_key_import_unittest.o -c -std=c++11 -O2 -fPIC  -m64 -pipe -ffunction-sections -fdata-sections -DHAVE_STRERROR -DLINUX -Dlinux -Wall -Wshadow -Werror -Wsign-compare -DXP_UNIX -DXP_UNIX -DDLL_PREFIX=\"lib\" -DDLL_SUFFIX=\"so\" -UDEBUG -DNDEBUG -D_DEFAULT_SOURCE -D_BSD_SOURCE -D_POSIX_SOURCE -DSDB_MEASURE_USE_TEMP_DIR -D_REENTRANT -UDEBUG -DNDEBUG -D_DEFAULT_SOURCE -D_BSD_SOURCE -D_POSIX_SOURCE -DSDB_MEASURE_USE_TEMP_DIR -D_REENTRANT -DNSS_DISABLE_SSE3 -DNSS_NO_INIT_SUPPORT -DUSE_UTIL_DIRECTLY -DNO_NSPR_10_SUPPORT -DSSL_DISABLE_DEPRECATED_CIPHER_SUITE_NAMES -I../../gtests/google_test/gtest/include -I../../gtests/common -I../../cpputil -I/home/ffortier/code/perso/nss/../nspr/dist/include/nspr -I../../../dist/Linux6.6_x86_64_cc_glibc_PTH_64_OPT.OBJ/include -I../../../dist/public/nss -I../../../dist/private/nss -I../../../dist/public/nspr -I../../../dist/public/nss -I../../../dist/public/libdbm -I../../../dist/public/gtest -I../../../dist/public/cpputil  -std=c++0x pk11_der_private_key_import_unittest.cc
g++ -o Linux6.6_x86_64_cc_glibc_PTH_64_OPT.OBJ/pk11_des_unittest.o -c -std=c++11 -O2 -fPIC  -m64 -pipe -ffunction-sections -fdata-sections -DHAVE_STRERROR -DLINUX -Dlinux -Wall -Wshadow -Werror -Wsign-compare -DXP_UNIX -DXP_UNIX -DDLL_PREFIX=\"lib\" -DDLL_SUFFIX=\"so\" -UDEBUG -DNDEBUG -D_DEFAULT_SOURCE -D_BSD_SOURCE -D_POSIX_SOURCE -DSDB_MEASURE_USE_TEMP_DIR -D_REENTRANT -UDEBUG -DNDEBUG -D_DEFAULT_SOURCE -D_BSD_SOURCE -D_POSIX_SOURCE -DSDB_MEASURE_USE_TEMP_DIR -D_REENTRANT -DNSS_DISABLE_SSE3 -DNSS_NO_INIT_SUPPORT -DUSE_UTIL_DIRECTLY -DNO_NSPR_10_SUPPORT -DSSL_DISABLE_DEPRECATED_CIPHER_SUITE_NAMES -I../../gtests/google_test/gtest/include -I../../gtests/common -I../../cpputil -I/home/ffortier/code/perso/nss/../nspr/dist/include/nspr -I../../../dist/Linux6.6_x86_64_cc_glibc_PTH_64_OPT.OBJ/include -I../../../dist/public/nss -I../../../dist/private/nss -I../../../dist/public/nspr -I../../../dist/public/nss -I../../../dist/public/libdbm -I../../../dist/public/gtest -I../../../dist/public/cpputil  -std=c++0x pk11_des_unittest.cc
g++ -o Linux6.6_x86_64_cc_glibc_PTH_64_OPT.OBJ/pk11_dsa_unittest.o -c -std=c++11 -O2 -fPIC  -m64 -pipe -ffunction-sections -fdata-sections -DHAVE_STRERROR -DLINUX -Dlinux -Wall -Wshadow -Werror -Wsign-compare -DXP_UNIX -DXP_UNIX -DDLL_PREFIX=\"lib\" -DDLL_SUFFIX=\"so\" -UDEBUG -DNDEBUG -D_DEFAULT_SOURCE -D_BSD_SOURCE -D_POSIX_SOURCE -DSDB_MEASURE_USE_TEMP_DIR -D_REENTRANT -UDEBUG -DNDEBUG -D_DEFAULT_SOURCE -D_BSD_SOURCE -D_POSIX_SOURCE -DSDB_MEASURE_USE_TEMP_DIR -D_REENTRANT -DNSS_DISABLE_SSE3 -DNSS_NO_INIT_SUPPORT -DUSE_UTIL_DIRECTLY -DNO_NSPR_10_SUPPORT -DSSL_DISABLE_DEPRECATED_CIPHER_SUITE_NAMES -I../../gtests/google_test/gtest/include -I../../gtests/common -I../../cpputil -I/home/ffortier/code/perso/nss/../nspr/dist/include/nspr -I../../../dist/Linux6.6_x86_64_cc_glibc_PTH_64_OPT.OBJ/include -I../../../dist/public/nss -I../../../dist/private/nss -I../../../dist/public/nspr -I../../../dist/public/nss -I../../../dist/public/libdbm -I../../../dist/public/gtest -I../../../dist/public/cpputil  -std=c++0x pk11_dsa_unittest.cc
g++ -o Linux6.6_x86_64_cc_glibc_PTH_64_OPT.OBJ/pk11_ecdsa_unittest.o -c -std=c++11 -O2 -fPIC  -m64 -pipe -ffunction-sections -fdata-sections -DHAVE_STRERROR -DLINUX -Dlinux -Wall -Wshadow -Werror -Wsign-compare -DXP_UNIX -DXP_UNIX -DDLL_PREFIX=\"lib\" -DDLL_SUFFIX=\"so\" -UDEBUG -DNDEBUG -D_DEFAULT_SOURCE -D_BSD_SOURCE -D_POSIX_SOURCE -DSDB_MEASURE_USE_TEMP_DIR -D_REENTRANT -UDEBUG -DNDEBUG -D_DEFAULT_SOURCE -D_BSD_SOURCE -D_POSIX_SOURCE -DSDB_MEASURE_USE_TEMP_DIR -D_REENTRANT -DNSS_DISABLE_SSE3 -DNSS_NO_INIT_SUPPORT -DUSE_UTIL_DIRECTLY -DNO_NSPR_10_SUPPORT -DSSL_DISABLE_DEPRECATED_CIPHER_SUITE_NAMES -I../../gtests/google_test/gtest/include -I../../gtests/common -I../../cpputil -I/home/ffortier/code/perso/nss/../nspr/dist/include/nspr -I../../../dist/Linux6.6_x86_64_cc_glibc_PTH_64_OPT.OBJ/include -I../../../dist/public/nss -I../../../dist/private/nss -I../../../dist/public/nspr -I../../../dist/public/nss -I../../../dist/public/libdbm -I../../../dist/public/gtest -I../../../dist/public/cpputil  -std=c++0x pk11_ecdsa_unittest.cc
g++ -o Linux6.6_x86_64_cc_glibc_PTH_64_OPT.OBJ/pk11_eddsa_unittest.o -c -std=c++11 -O2 -fPIC  -m64 -pipe -ffunction-sections -fdata-sections -DHAVE_STRERROR -DLINUX -Dlinux -Wall -Wshadow -Werror -Wsign-compare -DXP_UNIX -DXP_UNIX -DDLL_PREFIX=\"lib\" -DDLL_SUFFIX=\"so\" -UDEBUG -DNDEBUG -D_DEFAULT_SOURCE -D_BSD_SOURCE -D_POSIX_SOURCE -DSDB_MEASURE_USE_TEMP_DIR -D_REENTRANT -UDEBUG -DNDEBUG -D_DEFAULT_SOURCE -D_BSD_SOURCE -D_POSIX_SOURCE -DSDB_MEASURE_USE_TEMP_DIR -D_REENTRANT -DNSS_DISABLE_SSE3 -DNSS_NO_INIT_SUPPORT -DUSE_UTIL_DIRECTLY -DNO_NSPR_10_SUPPORT -DSSL_DISABLE_DEPRECATED_CIPHER_SUITE_NAMES -I../../gtests/google_test/gtest/include -I../../gtests/common -I../../cpputil -I/home/ffortier/code/perso/nss/../nspr/dist/include/nspr -I../../../dist/Linux6.6_x86_64_cc_glibc_PTH_64_OPT.OBJ/include -I../../../dist/public/nss -I../../../dist/private/nss -I../../../dist/public/nspr -I../../../dist/public/nss -I../../../dist/public/libdbm -I../../../dist/public/gtest -I../../../dist/public/cpputil  -std=c++0x pk11_eddsa_unittest.cc
g++ -o Linux6.6_x86_64_cc_glibc_PTH_64_OPT.OBJ/pk11_ecdh_unittest.o -c -std=c++11 -O2 -fPIC  -m64 -pipe -ffunction-sections -fdata-sections -DHAVE_STRERROR -DLINUX -Dlinux -Wall -Wshadow -Werror -Wsign-compare -DXP_UNIX -DXP_UNIX -DDLL_PREFIX=\"lib\" -DDLL_SUFFIX=\"so\" -UDEBUG -DNDEBUG -D_DEFAULT_SOURCE -D_BSD_SOURCE -D_POSIX_SOURCE -DSDB_MEASURE_USE_TEMP_DIR -D_REENTRANT -UDEBUG -DNDEBUG -D_DEFAULT_SOURCE -D_BSD_SOURCE -D_POSIX_SOURCE -DSDB_MEASURE_USE_TEMP_DIR -D_REENTRANT -DNSS_DISABLE_SSE3 -DNSS_NO_INIT_SUPPORT -DUSE_UTIL_DIRECTLY -DNO_NSPR_10_SUPPORT -DSSL_DISABLE_DEPRECATED_CIPHER_SUITE_NAMES -I../../gtests/google_test/gtest/include -I../../gtests/common -I../../cpputil -I/home/ffortier/code/perso/nss/../nspr/dist/include/nspr -I../../../dist/Linux6.6_x86_64_cc_glibc_PTH_64_OPT.OBJ/include -I../../../dist/public/nss -I../../../dist/private/nss -I../../../dist/public/nspr -I../../../dist/public/nss -I../../../dist/public/libdbm -I../../../dist/public/gtest -I../../../dist/public/cpputil  -std=c++0x pk11_ecdh_unittest.cc
g++ -o Linux6.6_x86_64_cc_glibc_PTH_64_OPT.OBJ/pk11_encrypt_derive_unittest.o -c -std=c++11 -O2 -fPIC  -m64 -pipe -ffunction-sections -fdata-sections -DHAVE_STRERROR -DLINUX -Dlinux -Wall -Wshadow -Werror -Wsign-compare -DXP_UNIX -DXP_UNIX -DDLL_PREFIX=\"lib\" -DDLL_SUFFIX=\"so\" -UDEBUG -DNDEBUG -D_DEFAULT_SOURCE -D_BSD_SOURCE -D_POSIX_SOURCE -DSDB_MEASURE_USE_TEMP_DIR -D_REENTRANT -UDEBUG -DNDEBUG -D_DEFAULT_SOURCE -D_BSD_SOURCE -D_POSIX_SOURCE -DSDB_MEASURE_USE_TEMP_DIR -D_REENTRANT -DNSS_DISABLE_SSE3 -DNSS_NO_INIT_SUPPORT -DUSE_UTIL_DIRECTLY -DNO_NSPR_10_SUPPORT -DSSL_DISABLE_DEPRECATED_CIPHER_SUITE_NAMES -I../../gtests/google_test/gtest/include -I../../gtests/common -I../../cpputil -I/home/ffortier/code/perso/nss/../nspr/dist/include/nspr -I../../../dist/Linux6.6_x86_64_cc_glibc_PTH_64_OPT.OBJ/include -I../../../dist/public/nss -I../../../dist/private/nss -I../../../dist/public/nspr -I../../../dist/public/nss -I../../../dist/public/libdbm -I../../../dist/public/gtest -I../../../dist/public/cpputil  -std=c++0x pk11_encrypt_derive_unittest.cc
g++ -o Linux6.6_x86_64_cc_glibc_PTH_64_OPT.OBJ/pk11_export_unittest.o -c -std=c++11 -O2 -fPIC  -m64 -pipe -ffunction-sections -fdata-sections -DHAVE_STRERROR -DLINUX -Dlinux -Wall -Wshadow -Werror -Wsign-compare -DXP_UNIX -DXP_UNIX -DDLL_PREFIX=\"lib\" -DDLL_SUFFIX=\"so\" -UDEBUG -DNDEBUG -D_DEFAULT_SOURCE -D_BSD_SOURCE -D_POSIX_SOURCE -DSDB_MEASURE_USE_TEMP_DIR -D_REENTRANT -UDEBUG -DNDEBUG -D_DEFAULT_SOURCE -D_BSD_SOURCE -D_POSIX_SOURCE -DSDB_MEASURE_USE_TEMP_DIR -D_REENTRANT -DNSS_DISABLE_SSE3 -DNSS_NO_INIT_SUPPORT -DUSE_UTIL_DIRECTLY -DNO_NSPR_10_SUPPORT -DSSL_DISABLE_DEPRECATED_CIPHER_SUITE_NAMES -I../../gtests/google_test/gtest/include -I../../gtests/common -I../../cpputil -I/home/ffortier/code/perso/nss/../nspr/dist/include/nspr -I../../../dist/Linux6.6_x86_64_cc_glibc_PTH_64_OPT.OBJ/include -I../../../dist/public/nss -I../../../dist/private/nss -I../../../dist/public/nspr -I../../../dist/public/nss -I../../../dist/public/libdbm -I../../../dist/public/gtest -I../../../dist/public/cpputil  -std=c++0x pk11_export_unittest.cc
g++ -o Linux6.6_x86_64_cc_glibc_PTH_64_OPT.OBJ/pk11_find_certs_unittest.o -c -std=c++11 -O2 -fPIC  -m64 -pipe -ffunction-sections -fdata-sections -DHAVE_STRERROR -DLINUX -Dlinux -Wall -Wshadow -Werror -Wsign-compare -DXP_UNIX -DXP_UNIX -DDLL_PREFIX=\"lib\" -DDLL_SUFFIX=\"so\" -UDEBUG -DNDEBUG -D_DEFAULT_SOURCE -D_BSD_SOURCE -D_POSIX_SOURCE -DSDB_MEASURE_USE_TEMP_DIR -D_REENTRANT -UDEBUG -DNDEBUG -D_DEFAULT_SOURCE -D_BSD_SOURCE -D_POSIX_SOURCE -DSDB_MEASURE_USE_TEMP_DIR -D_REENTRANT -DNSS_DISABLE_SSE3 -DNSS_NO_INIT_SUPPORT -DUSE_UTIL_DIRECTLY -DNO_NSPR_10_SUPPORT -DSSL_DISABLE_DEPRECATED_CIPHER_SUITE_NAMES -I../../gtests/google_test/gtest/include -I../../gtests/common -I../../cpputil -I/home/ffortier/code/perso/nss/../nspr/dist/include/nspr -I../../../dist/Linux6.6_x86_64_cc_glibc_PTH_64_OPT.OBJ/include -I../../../dist/public/nss -I../../../dist/private/nss -I../../../dist/public/nspr -I../../../dist/public/nss -I../../../dist/public/libdbm -I../../../dist/public/gtest -I../../../dist/public/cpputil  -std=c++0x pk11_find_certs_unittest.cc
g++ -o Linux6.6_x86_64_cc_glibc_PTH_64_OPT.OBJ/pk11_hkdf_unittest.o -c -std=c++11 -O2 -fPIC  -m64 -pipe -ffunction-sections -fdata-sections -DHAVE_STRERROR -DLINUX -Dlinux -Wall -Wshadow -Werror -Wsign-compare -DXP_UNIX -DXP_UNIX -DDLL_PREFIX=\"lib\" -DDLL_SUFFIX=\"so\" -UDEBUG -DNDEBUG -D_DEFAULT_SOURCE -D_BSD_SOURCE -D_POSIX_SOURCE -DSDB_MEASURE_USE_TEMP_DIR -D_REENTRANT -UDEBUG -DNDEBUG -D_DEFAULT_SOURCE -D_BSD_SOURCE -D_POSIX_SOURCE -DSDB_MEASURE_USE_TEMP_DIR -D_REENTRANT -DNSS_DISABLE_SSE3 -DNSS_NO_INIT_SUPPORT -DUSE_UTIL_DIRECTLY -DNO_NSPR_10_SUPPORT -DSSL_DISABLE_DEPRECATED_CIPHER_SUITE_NAMES -I../../gtests/google_test/gtest/include -I../../gtests/common -I../../cpputil -I/home/ffortier/code/perso/nss/../nspr/dist/include/nspr -I../../../dist/Linux6.6_x86_64_cc_glibc_PTH_64_OPT.OBJ/include -I../../../dist/public/nss -I../../../dist/private/nss -I../../../dist/public/nspr -I../../../dist/public/nss -I../../../dist/public/libdbm -I../../../dist/public/gtest -I../../../dist/public/cpputil  -std=c++0x pk11_hkdf_unittest.cc
g++ -o Linux6.6_x86_64_cc_glibc_PTH_64_OPT.OBJ/pk11_hmac_unittest.o -c -std=c++11 -O2 -fPIC  -m64 -pipe -ffunction-sections -fdata-sections -DHAVE_STRERROR -DLINUX -Dlinux -Wall -Wshadow -Werror -Wsign-compare -DXP_UNIX -DXP_UNIX -DDLL_PREFIX=\"lib\" -DDLL_SUFFIX=\"so\" -UDEBUG -DNDEBUG -D_DEFAULT_SOURCE -D_BSD_SOURCE -D_POSIX_SOURCE -DSDB_MEASURE_USE_TEMP_DIR -D_REENTRANT -UDEBUG -DNDEBUG -D_DEFAULT_SOURCE -D_BSD_SOURCE -D_POSIX_SOURCE -DSDB_MEASURE_USE_TEMP_DIR -D_REENTRANT -DNSS_DISABLE_SSE3 -DNSS_NO_INIT_SUPPORT -DUSE_UTIL_DIRECTLY -DNO_NSPR_10_SUPPORT -DSSL_DISABLE_DEPRECATED_CIPHER_SUITE_NAMES -I../../gtests/google_test/gtest/include -I../../gtests/common -I../../cpputil -I/home/ffortier/code/perso/nss/../nspr/dist/include/nspr -I../../../dist/Linux6.6_x86_64_cc_glibc_PTH_64_OPT.OBJ/include -I../../../dist/public/nss -I../../../dist/private/nss -I../../../dist/public/nspr -I../../../dist/public/nss -I../../../dist/public/libdbm -I../../../dist/public/gtest -I../../../dist/public/cpputil  -std=c++0x pk11_hmac_unittest.cc
g++ -o Linux6.6_x86_64_cc_glibc_PTH_64_OPT.OBJ/pk11_hpke_unittest.o -c -std=c++11 -O2 -fPIC  -m64 -pipe -ffunction-sections -fdata-sections -DHAVE_STRERROR -DLINUX -Dlinux -Wall -Wshadow -Werror -Wsign-compare -DXP_UNIX -DXP_UNIX -DDLL_PREFIX=\"lib\" -DDLL_SUFFIX=\"so\" -UDEBUG -DNDEBUG -D_DEFAULT_SOURCE -D_BSD_SOURCE -D_POSIX_SOURCE -DSDB_MEASURE_USE_TEMP_DIR -D_REENTRANT -UDEBUG -DNDEBUG -D_DEFAULT_SOURCE -D_BSD_SOURCE -D_POSIX_SOURCE -DSDB_MEASURE_USE_TEMP_DIR -D_REENTRANT -DNSS_DISABLE_SSE3 -DNSS_NO_INIT_SUPPORT -DUSE_UTIL_DIRECTLY -DNO_NSPR_10_SUPPORT -DSSL_DISABLE_DEPRECATED_CIPHER_SUITE_NAMES -I../../gtests/google_test/gtest/include -I../../gtests/common -I../../cpputil -I/home/ffortier/code/perso/nss/../nspr/dist/include/nspr -I../../../dist/Linux6.6_x86_64_cc_glibc_PTH_64_OPT.OBJ/include -I../../../dist/public/nss -I../../../dist/private/nss -I../../../dist/public/nspr -I../../../dist/public/nss -I../../../dist/public/libdbm -I../../../dist/public/gtest -I../../../dist/public/cpputil  -std=c++0x pk11_hpke_unittest.cc
g++ -o Linux6.6_x86_64_cc_glibc_PTH_64_OPT.OBJ/pk11_ike_unittest.o -c -std=c++11 -O2 -fPIC  -m64 -pipe -ffunction-sections -fdata-sections -DHAVE_STRERROR -DLINUX -Dlinux -Wall -Wshadow -Werror -Wsign-compare -DXP_UNIX -DXP_UNIX -DDLL_PREFIX=\"lib\" -DDLL_SUFFIX=\"so\" -UDEBUG -DNDEBUG -D_DEFAULT_SOURCE -D_BSD_SOURCE -D_POSIX_SOURCE -DSDB_MEASURE_USE_TEMP_DIR -D_REENTRANT -UDEBUG -DNDEBUG -D_DEFAULT_SOURCE -D_BSD_SOURCE -D_POSIX_SOURCE -DSDB_MEASURE_USE_TEMP_DIR -D_REENTRANT -DNSS_DISABLE_SSE3 -DNSS_NO_INIT_SUPPORT -DUSE_UTIL_DIRECTLY -DNO_NSPR_10_SUPPORT -DSSL_DISABLE_DEPRECATED_CIPHER_SUITE_NAMES -I../../gtests/google_test/gtest/include -I../../gtests/common -I../../cpputil -I/home/ffortier/code/perso/nss/../nspr/dist/include/nspr -I../../../dist/Linux6.6_x86_64_cc_glibc_PTH_64_OPT.OBJ/include -I../../../dist/public/nss -I../../../dist/private/nss -I../../../dist/public/nspr -I../../../dist/public/nss -I../../../dist/public/libdbm -I../../../dist/public/gtest -I../../../dist/public/cpputil  -std=c++0x pk11_ike_unittest.cc
g++ -o Linux6.6_x86_64_cc_glibc_PTH_64_OPT.OBJ/pk11_import_unittest.o -c -std=c++11 -O2 -fPIC  -m64 -pipe -ffunction-sections -fdata-sections -DHAVE_STRERROR -DLINUX -Dlinux -Wall -Wshadow -Werror -Wsign-compare -DXP_UNIX -DXP_UNIX -DDLL_PREFIX=\"lib\" -DDLL_SUFFIX=\"so\" -UDEBUG -DNDEBUG -D_DEFAULT_SOURCE -D_BSD_SOURCE -D_POSIX_SOURCE -DSDB_MEASURE_USE_TEMP_DIR -D_REENTRANT -UDEBUG -DNDEBUG -D_DEFAULT_SOURCE -D_BSD_SOURCE -D_POSIX_SOURCE -DSDB_MEASURE_USE_TEMP_DIR -D_REENTRANT -DNSS_DISABLE_SSE3 -DNSS_NO_INIT_SUPPORT -DUSE_UTIL_DIRECTLY -DNO_NSPR_10_SUPPORT -DSSL_DISABLE_DEPRECATED_CIPHER_SUITE_NAMES -I../../gtests/google_test/gtest/include -I../../gtests/common -I../../cpputil -I/home/ffortier/code/perso/nss/../nspr/dist/include/nspr -I../../../dist/Linux6.6_x86_64_cc_glibc_PTH_64_OPT.OBJ/include -I../../../dist/public/nss -I../../../dist/private/nss -I../../../dist/public/nspr -I../../../dist/public/nss -I../../../dist/public/libdbm -I../../../dist/public/gtest -I../../../dist/public/cpputil  -std=c++0x pk11_import_unittest.cc
g++ -o Linux6.6_x86_64_cc_glibc_PTH_64_OPT.OBJ/pk11_kbkdf.o -c -std=c++11 -O2 -fPIC  -m64 -pipe -ffunction-sections -fdata-sections -DHAVE_STRERROR -DLINUX -Dlinux -Wall -Wshadow -Werror -Wsign-compare -DXP_UNIX -DXP_UNIX -DDLL_PREFIX=\"lib\" -DDLL_SUFFIX=\"so\" -UDEBUG -DNDEBUG -D_DEFAULT_SOURCE -D_BSD_SOURCE -D_POSIX_SOURCE -DSDB_MEASURE_USE_TEMP_DIR -D_REENTRANT -UDEBUG -DNDEBUG -D_DEFAULT_SOURCE -D_BSD_SOURCE -D_POSIX_SOURCE -DSDB_MEASURE_USE_TEMP_DIR -D_REENTRANT -DNSS_DISABLE_SSE3 -DNSS_NO_INIT_SUPPORT -DUSE_UTIL_DIRECTLY -DNO_NSPR_10_SUPPORT -DSSL_DISABLE_DEPRECATED_CIPHER_SUITE_NAMES -I../../gtests/google_test/gtest/include -I../../gtests/common -I../../cpputil -I/home/ffortier/code/perso/nss/../nspr/dist/include/nspr -I../../../dist/Linux6.6_x86_64_cc_glibc_PTH_64_OPT.OBJ/include -I../../../dist/public/nss -I../../../dist/private/nss -I../../../dist/public/nspr -I../../../dist/public/nss -I../../../dist/public/libdbm -I../../../dist/public/gtest -I../../../dist/public/cpputil  -std=c++0x pk11_kbkdf.cc
g++ -o Linux6.6_x86_64_cc_glibc_PTH_64_OPT.OBJ/pk11_kem_unittest.o -c -std=c++11 -O2 -fPIC  -m64 -pipe -ffunction-sections -fdata-sections -DHAVE_STRERROR -DLINUX -Dlinux -Wall -Wshadow -Werror -Wsign-compare -DXP_UNIX -DXP_UNIX -DDLL_PREFIX=\"lib\" -DDLL_SUFFIX=\"so\" -UDEBUG -DNDEBUG -D_DEFAULT_SOURCE -D_BSD_SOURCE -D_POSIX_SOURCE -DSDB_MEASURE_USE_TEMP_DIR -D_REENTRANT -UDEBUG -DNDEBUG -D_DEFAULT_SOURCE -D_BSD_SOURCE -D_POSIX_SOURCE -DSDB_MEASURE_USE_TEMP_DIR -D_REENTRANT -DNSS_DISABLE_SSE3 -DNSS_NO_INIT_SUPPORT -DUSE_UTIL_DIRECTLY -DNO_NSPR_10_SUPPORT -DSSL_DISABLE_DEPRECATED_CIPHER_SUITE_NAMES -I../../gtests/google_test/gtest/include -I../../gtests/common -I../../cpputil -I/home/ffortier/code/perso/nss/../nspr/dist/include/nspr -I../../../dist/Linux6.6_x86_64_cc_glibc_PTH_64_OPT.OBJ/include -I../../../dist/public/nss -I../../../dist/private/nss -I../../../dist/public/nspr -I../../../dist/public/nss -I../../../dist/public/libdbm -I../../../dist/public/gtest -I../../../dist/public/cpputil  -std=c++0x pk11_kem_unittest.cc
g++ -o Linux6.6_x86_64_cc_glibc_PTH_64_OPT.OBJ/pk11_keygen.o -c -std=c++11 -O2 -fPIC  -m64 -pipe -ffunction-sections -fdata-sections -DHAVE_STRERROR -DLINUX -Dlinux -Wall -Wshadow -Werror -Wsign-compare -DXP_UNIX -DXP_UNIX -DDLL_PREFIX=\"lib\" -DDLL_SUFFIX=\"so\" -UDEBUG -DNDEBUG -D_DEFAULT_SOURCE -D_BSD_SOURCE -D_POSIX_SOURCE -DSDB_MEASURE_USE_TEMP_DIR -D_REENTRANT -UDEBUG -DNDEBUG -D_DEFAULT_SOURCE -D_BSD_SOURCE -D_POSIX_SOURCE -DSDB_MEASURE_USE_TEMP_DIR -D_REENTRANT -DNSS_DISABLE_SSE3 -DNSS_NO_INIT_SUPPORT -DUSE_UTIL_DIRECTLY -DNO_NSPR_10_SUPPORT -DSSL_DISABLE_DEPRECATED_CIPHER_SUITE_NAMES -I../../gtests/google_test/gtest/include -I../../gtests/common -I../../cpputil -I/home/ffortier/code/perso/nss/../nspr/dist/include/nspr -I../../../dist/Linux6.6_x86_64_cc_glibc_PTH_64_OPT.OBJ/include -I../../../dist/public/nss -I../../../dist/private/nss -I../../../dist/public/nspr -I../../../dist/public/nss -I../../../dist/public/libdbm -I../../../dist/public/gtest -I../../../dist/public/cpputil  -std=c++0x pk11_keygen.cc
g++ -o Linux6.6_x86_64_cc_glibc_PTH_64_OPT.OBJ/pk11_key_unittest.o -c -std=c++11 -O2 -fPIC  -m64 -pipe -ffunction-sections -fdata-sections -DHAVE_STRERROR -DLINUX -Dlinux -Wall -Wshadow -Werror -Wsign-compare -DXP_UNIX -DXP_UNIX -DDLL_PREFIX=\"lib\" -DDLL_SUFFIX=\"so\" -UDEBUG -DNDEBUG -D_DEFAULT_SOURCE -D_BSD_SOURCE -D_POSIX_SOURCE -DSDB_MEASURE_USE_TEMP_DIR -D_REENTRANT -UDEBUG -DNDEBUG -D_DEFAULT_SOURCE -D_BSD_SOURCE -D_POSIX_SOURCE -DSDB_MEASURE_USE_TEMP_DIR -D_REENTRANT -DNSS_DISABLE_SSE3 -DNSS_NO_INIT_SUPPORT -DUSE_UTIL_DIRECTLY -DNO_NSPR_10_SUPPORT -DSSL_DISABLE_DEPRECATED_CIPHER_SUITE_NAMES -I../../gtests/google_test/gtest/include -I../../gtests/common -I../../cpputil -I/home/ffortier/code/perso/nss/../nspr/dist/include/nspr -I../../../dist/Linux6.6_x86_64_cc_glibc_PTH_64_OPT.OBJ/include -I../../../dist/public/nss -I../../../dist/private/nss -I../../../dist/public/nspr -I../../../dist/public/nss -I../../../dist/public/libdbm -I../../../dist/public/gtest -I../../../dist/public/cpputil  -std=c++0x pk11_key_unittest.cc
g++ -o Linux6.6_x86_64_cc_glibc_PTH_64_OPT.OBJ/pk11_module_unittest.o -c -std=c++11 -O2 -fPIC  -m64 -pipe -ffunction-sections -fdata-sections -DHAVE_STRERROR -DLINUX -Dlinux -Wall -Wshadow -Werror -Wsign-compare -DXP_UNIX -DXP_UNIX -DDLL_PREFIX=\"lib\" -DDLL_SUFFIX=\"so\" -UDEBUG -DNDEBUG -D_DEFAULT_SOURCE -D_BSD_SOURCE -D_POSIX_SOURCE -DSDB_MEASURE_USE_TEMP_DIR -D_REENTRANT -UDEBUG -DNDEBUG -D_DEFAULT_SOURCE -D_BSD_SOURCE -D_POSIX_SOURCE -DSDB_MEASURE_USE_TEMP_DIR -D_REENTRANT -DNSS_DISABLE_SSE3 -DNSS_NO_INIT_SUPPORT -DUSE_UTIL_DIRECTLY -DNO_NSPR_10_SUPPORT -DSSL_DISABLE_DEPRECATED_CIPHER_SUITE_NAMES -I../../gtests/google_test/gtest/include -I../../gtests/common -I../../cpputil -I/home/ffortier/code/perso/nss/../nspr/dist/include/nspr -I../../../dist/Linux6.6_x86_64_cc_glibc_PTH_64_OPT.OBJ/include -I../../../dist/public/nss -I../../../dist/private/nss -I../../../dist/public/nspr -I../../../dist/public/nss -I../../../dist/public/libdbm -I../../../dist/public/gtest -I../../../dist/public/cpputil  -std=c++0x pk11_module_unittest.cc
g++ -o Linux6.6_x86_64_cc_glibc_PTH_64_OPT.OBJ/pk11_pbe_unittest.o -c -std=c++11 -O2 -fPIC  -m64 -pipe -ffunction-sections -fdata-sections -DHAVE_STRERROR -DLINUX -Dlinux -Wall -Wshadow -Werror -Wsign-compare -DXP_UNIX -DXP_UNIX -DDLL_PREFIX=\"lib\" -DDLL_SUFFIX=\"so\" -UDEBUG -DNDEBUG -D_DEFAULT_SOURCE -D_BSD_SOURCE -D_POSIX_SOURCE -DSDB_MEASURE_USE_TEMP_DIR -D_REENTRANT -UDEBUG -DNDEBUG -D_DEFAULT_SOURCE -D_BSD_SOURCE -D_POSIX_SOURCE -DSDB_MEASURE_USE_TEMP_DIR -D_REENTRANT -DNSS_DISABLE_SSE3 -DNSS_NO_INIT_SUPPORT -DUSE_UTIL_DIRECTLY -DNO_NSPR_10_SUPPORT -DSSL_DISABLE_DEPRECATED_CIPHER_SUITE_NAMES -I../../gtests/google_test/gtest/include -I../../gtests/common -I../../cpputil -I/home/ffortier/code/perso/nss/../nspr/dist/include/nspr -I../../../dist/Linux6.6_x86_64_cc_glibc_PTH_64_OPT.OBJ/include -I../../../dist/public/nss -I../../../dist/private/nss -I../../../dist/public/nspr -I../../../dist/public/nss -I../../../dist/public/libdbm -I../../../dist/public/gtest -I../../../dist/public/cpputil  -std=c++0x pk11_pbe_unittest.cc
g++ -o Linux6.6_x86_64_cc_glibc_PTH_64_OPT.OBJ/pk11_pbkdf2_unittest.o -c -std=c++11 -O2 -fPIC  -m64 -pipe -ffunction-sections -fdata-sections -DHAVE_STRERROR -DLINUX -Dlinux -Wall -Wshadow -Werror -Wsign-compare -DXP_UNIX -DXP_UNIX -DDLL_PREFIX=\"lib\" -DDLL_SUFFIX=\"so\" -UDEBUG -DNDEBUG -D_DEFAULT_SOURCE -D_BSD_SOURCE -D_POSIX_SOURCE -DSDB_MEASURE_USE_TEMP_DIR -D_REENTRANT -UDEBUG -DNDEBUG -D_DEFAULT_SOURCE -D_BSD_SOURCE -D_POSIX_SOURCE -DSDB_MEASURE_USE_TEMP_DIR -D_REENTRANT -DNSS_DISABLE_SSE3 -DNSS_NO_INIT_SUPPORT -DUSE_UTIL_DIRECTLY -DNO_NSPR_10_SUPPORT -DSSL_DISABLE_DEPRECATED_CIPHER_SUITE_NAMES -I../../gtests/google_test/gtest/include -I../../gtests/common -I../../cpputil -I/home/ffortier/code/perso/nss/../nspr/dist/include/nspr -I../../../dist/Linux6.6_x86_64_cc_glibc_PTH_64_OPT.OBJ/include -I../../../dist/public/nss -I../../../dist/private/nss -I../../../dist/public/nspr -I../../../dist/public/nss -I../../../dist/public/libdbm -I../../../dist/public/gtest -I../../../dist/public/cpputil  -std=c++0x pk11_pbkdf2_unittest.cc
g++ -o Linux6.6_x86_64_cc_glibc_PTH_64_OPT.OBJ/pk11_prf_unittest.o -c -std=c++11 -O2 -fPIC  -m64 -pipe -ffunction-sections -fdata-sections -DHAVE_STRERROR -DLINUX -Dlinux -Wall -Wshadow -Werror -Wsign-compare -DXP_UNIX -DXP_UNIX -DDLL_PREFIX=\"lib\" -DDLL_SUFFIX=\"so\" -UDEBUG -DNDEBUG -D_DEFAULT_SOURCE -D_BSD_SOURCE -D_POSIX_SOURCE -DSDB_MEASURE_USE_TEMP_DIR -D_REENTRANT -UDEBUG -DNDEBUG -D_DEFAULT_SOURCE -D_BSD_SOURCE -D_POSIX_SOURCE -DSDB_MEASURE_USE_TEMP_DIR -D_REENTRANT -DNSS_DISABLE_SSE3 -DNSS_NO_INIT_SUPPORT -DUSE_UTIL_DIRECTLY -DNO_NSPR_10_SUPPORT -DSSL_DISABLE_DEPRECATED_CIPHER_SUITE_NAMES -I../../gtests/google_test/gtest/include -I../../gtests/common -I../../cpputil -I/home/ffortier/code/perso/nss/../nspr/dist/include/nspr -I../../../dist/Linux6.6_x86_64_cc_glibc_PTH_64_OPT.OBJ/include -I../../../dist/public/nss -I../../../dist/private/nss -I../../../dist/public/nspr -I../../../dist/public/nss -I../../../dist/public/libdbm -I../../../dist/public/gtest -I../../../dist/public/cpputil  -std=c++0x pk11_prf_unittest.cc
g++ -o Linux6.6_x86_64_cc_glibc_PTH_64_OPT.OBJ/pk11_prng_unittest.o -c -std=c++11 -O2 -fPIC  -m64 -pipe -ffunction-sections -fdata-sections -DHAVE_STRERROR -DLINUX -Dlinux -Wall -Wshadow -Werror -Wsign-compare -DXP_UNIX -DXP_UNIX -DDLL_PREFIX=\"lib\" -DDLL_SUFFIX=\"so\" -UDEBUG -DNDEBUG -D_DEFAULT_SOURCE -D_BSD_SOURCE -D_POSIX_SOURCE -DSDB_MEASURE_USE_TEMP_DIR -D_REENTRANT -UDEBUG -DNDEBUG -D_DEFAULT_SOURCE -D_BSD_SOURCE -D_POSIX_SOURCE -DSDB_MEASURE_USE_TEMP_DIR -D_REENTRANT -DNSS_DISABLE_SSE3 -DNSS_NO_INIT_SUPPORT -DUSE_UTIL_DIRECTLY -DNO_NSPR_10_SUPPORT -DSSL_DISABLE_DEPRECATED_CIPHER_SUITE_NAMES -I../../gtests/google_test/gtest/include -I../../gtests/common -I../../cpputil -I/home/ffortier/code/perso/nss/../nspr/dist/include/nspr -I../../../dist/Linux6.6_x86_64_cc_glibc_PTH_64_OPT.OBJ/include -I../../../dist/public/nss -I../../../dist/private/nss -I../../../dist/public/nspr -I../../../dist/public/nss -I../../../dist/public/libdbm -I../../../dist/public/gtest -I../../../dist/public/cpputil  -std=c++0x pk11_prng_unittest.cc
g++ -o Linux6.6_x86_64_cc_glibc_PTH_64_OPT.OBJ/pk11_rsaencrypt_unittest.o -c -std=c++11 -O2 -fPIC  -m64 -pipe -ffunction-sections -fdata-sections -DHAVE_STRERROR -DLINUX -Dlinux -Wall -Wshadow -Werror -Wsign-compare -DXP_UNIX -DXP_UNIX -DDLL_PREFIX=\"lib\" -DDLL_SUFFIX=\"so\" -UDEBUG -DNDEBUG -D_DEFAULT_SOURCE -D_BSD_SOURCE -D_POSIX_SOURCE -DSDB_MEASURE_USE_TEMP_DIR -D_REENTRANT -UDEBUG -DNDEBUG -D_DEFAULT_SOURCE -D_BSD_SOURCE -D_POSIX_SOURCE -DSDB_MEASURE_USE_TEMP_DIR -D_REENTRANT -DNSS_DISABLE_SSE3 -DNSS_NO_INIT_SUPPORT -DUSE_UTIL_DIRECTLY -DNO_NSPR_10_SUPPORT -DSSL_DISABLE_DEPRECATED_CIPHER_SUITE_NAMES -I../../gtests/google_test/gtest/include -I../../gtests/common -I../../cpputil -I/home/ffortier/code/perso/nss/../nspr/dist/include/nspr -I../../../dist/Linux6.6_x86_64_cc_glibc_PTH_64_OPT.OBJ/include -I../../../dist/public/nss -I../../../dist/private/nss -I../../../dist/public/nspr -I../../../dist/public/nss -I../../../dist/public/libdbm -I../../../dist/public/gtest -I../../../dist/public/cpputil  -std=c++0x pk11_rsaencrypt_unittest.cc
g++ -o Linux6.6_x86_64_cc_glibc_PTH_64_OPT.OBJ/pk11_rsaoaep_unittest.o -c -std=c++11 -O2 -fPIC  -m64 -pipe -ffunction-sections -fdata-sections -DHAVE_STRERROR -DLINUX -Dlinux -Wall -Wshadow -Werror -Wsign-compare -DXP_UNIX -DXP_UNIX -DDLL_PREFIX=\"lib\" -DDLL_SUFFIX=\"so\" -UDEBUG -DNDEBUG -D_DEFAULT_SOURCE -D_BSD_SOURCE -D_POSIX_SOURCE -DSDB_MEASURE_USE_TEMP_DIR -D_REENTRANT -UDEBUG -DNDEBUG -D_DEFAULT_SOURCE -D_BSD_SOURCE -D_POSIX_SOURCE -DSDB_MEASURE_USE_TEMP_DIR -D_REENTRANT -DNSS_DISABLE_SSE3 -DNSS_NO_INIT_SUPPORT -DUSE_UTIL_DIRECTLY -DNO_NSPR_10_SUPPORT -DSSL_DISABLE_DEPRECATED_CIPHER_SUITE_NAMES -I../../gtests/google_test/gtest/include -I../../gtests/common -I../../cpputil -I/home/ffortier/code/perso/nss/../nspr/dist/include/nspr -I../../../dist/Linux6.6_x86_64_cc_glibc_PTH_64_OPT.OBJ/include -I../../../dist/public/nss -I../../../dist/private/nss -I../../../dist/public/nspr -I../../../dist/public/nss -I../../../dist/public/libdbm -I../../../dist/public/gtest -I../../../dist/public/cpputil  -std=c++0x pk11_rsaoaep_unittest.cc
g++ -o Linux6.6_x86_64_cc_glibc_PTH_64_OPT.OBJ/pk11_rsapkcs1_unittest.o -c -std=c++11 -O2 -fPIC  -m64 -pipe -ffunction-sections -fdata-sections -DHAVE_STRERROR -DLINUX -Dlinux -Wall -Wshadow -Werror -Wsign-compare -DXP_UNIX -DXP_UNIX -DDLL_PREFIX=\"lib\" -DDLL_SUFFIX=\"so\" -UDEBUG -DNDEBUG -D_DEFAULT_SOURCE -D_BSD_SOURCE -D_POSIX_SOURCE -DSDB_MEASURE_USE_TEMP_DIR -D_REENTRANT -UDEBUG -DNDEBUG -D_DEFAULT_SOURCE -D_BSD_SOURCE -D_POSIX_SOURCE -DSDB_MEASURE_USE_TEMP_DIR -D_REENTRANT -DNSS_DISABLE_SSE3 -DNSS_NO_INIT_SUPPORT -DUSE_UTIL_DIRECTLY -DNO_NSPR_10_SUPPORT -DSSL_DISABLE_DEPRECATED_CIPHER_SUITE_NAMES -I../../gtests/google_test/gtest/include -I../../gtests/common -I../../cpputil -I/home/ffortier/code/perso/nss/../nspr/dist/include/nspr -I../../../dist/Linux6.6_x86_64_cc_glibc_PTH_64_OPT.OBJ/include -I../../../dist/public/nss -I../../../dist/private/nss -I../../../dist/public/nspr -I../../../dist/public/nss -I../../../dist/public/libdbm -I../../../dist/public/gtest -I../../../dist/public/cpputil  -std=c++0x pk11_rsapkcs1_unittest.cc
g++ -o Linux6.6_x86_64_cc_glibc_PTH_64_OPT.OBJ/pk11_rsapss_unittest.o -c -std=c++11 -O2 -fPIC  -m64 -pipe -ffunction-sections -fdata-sections -DHAVE_STRERROR -DLINUX -Dlinux -Wall -Wshadow -Werror -Wsign-compare -DXP_UNIX -DXP_UNIX -DDLL_PREFIX=\"lib\" -DDLL_SUFFIX=\"so\" -UDEBUG -DNDEBUG -D_DEFAULT_SOURCE -D_BSD_SOURCE -D_POSIX_SOURCE -DSDB_MEASURE_USE_TEMP_DIR -D_REENTRANT -UDEBUG -DNDEBUG -D_DEFAULT_SOURCE -D_BSD_SOURCE -D_POSIX_SOURCE -DSDB_MEASURE_USE_TEMP_DIR -D_REENTRANT -DNSS_DISABLE_SSE3 -DNSS_NO_INIT_SUPPORT -DUSE_UTIL_DIRECTLY -DNO_NSPR_10_SUPPORT -DSSL_DISABLE_DEPRECATED_CIPHER_SUITE_NAMES -I../../gtests/google_test/gtest/include -I../../gtests/common -I../../cpputil -I/home/ffortier/code/perso/nss/../nspr/dist/include/nspr -I../../../dist/Linux6.6_x86_64_cc_glibc_PTH_64_OPT.OBJ/include -I../../../dist/public/nss -I../../../dist/private/nss -I../../../dist/public/nspr -I../../../dist/public/nss -I../../../dist/public/libdbm -I../../../dist/public/gtest -I../../../dist/public/cpputil  -std=c++0x pk11_rsapss_unittest.cc
g++ -o Linux6.6_x86_64_cc_glibc_PTH_64_OPT.OBJ/pk11_signature_test.o -c -std=c++11 -O2 -fPIC  -m64 -pipe -ffunction-sections -fdata-sections -DHAVE_STRERROR -DLINUX -Dlinux -Wall -Wshadow -Werror -Wsign-compare -DXP_UNIX -DXP_UNIX -DDLL_PREFIX=\"lib\" -DDLL_SUFFIX=\"so\" -UDEBUG -DNDEBUG -D_DEFAULT_SOURCE -D_BSD_SOURCE -D_POSIX_SOURCE -DSDB_MEASURE_USE_TEMP_DIR -D_REENTRANT -UDEBUG -DNDEBUG -D_DEFAULT_SOURCE -D_BSD_SOURCE -D_POSIX_SOURCE -DSDB_MEASURE_USE_TEMP_DIR -D_REENTRANT -DNSS_DISABLE_SSE3 -DNSS_NO_INIT_SUPPORT -DUSE_UTIL_DIRECTLY -DNO_NSPR_10_SUPPORT -DSSL_DISABLE_DEPRECATED_CIPHER_SUITE_NAMES -I../../gtests/google_test/gtest/include -I../../gtests/common -I../../cpputil -I/home/ffortier/code/perso/nss/../nspr/dist/include/nspr -I../../../dist/Linux6.6_x86_64_cc_glibc_PTH_64_OPT.OBJ/include -I../../../dist/public/nss -I../../../dist/private/nss -I../../../dist/public/nspr -I../../../dist/public/nss -I../../../dist/public/libdbm -I../../../dist/public/gtest -I../../../dist/public/cpputil  -std=c++0x pk11_signature_test.cc
g++ -o Linux6.6_x86_64_cc_glibc_PTH_64_OPT.OBJ/pk11_seed_cbc_unittest.o -c -std=c++11 -O2 -fPIC  -m64 -pipe -ffunction-sections -fdata-sections -DHAVE_STRERROR -DLINUX -Dlinux -Wall -Wshadow -Werror -Wsign-compare -DXP_UNIX -DXP_UNIX -DDLL_PREFIX=\"lib\" -DDLL_SUFFIX=\"so\" -UDEBUG -DNDEBUG -D_DEFAULT_SOURCE -D_BSD_SOURCE -D_POSIX_SOURCE -DSDB_MEASURE_USE_TEMP_DIR -D_REENTRANT -UDEBUG -DNDEBUG -D_DEFAULT_SOURCE -D_BSD_SOURCE -D_POSIX_SOURCE -DSDB_MEASURE_USE_TEMP_DIR -D_REENTRANT -DNSS_DISABLE_SSE3 -DNSS_NO_INIT_SUPPORT -DUSE_UTIL_DIRECTLY -DNO_NSPR_10_SUPPORT -DSSL_DISABLE_DEPRECATED_CIPHER_SUITE_NAMES -I../../gtests/google_test/gtest/include -I../../gtests/common -I../../cpputil -I/home/ffortier/code/perso/nss/../nspr/dist/include/nspr -I../../../dist/Linux6.6_x86_64_cc_glibc_PTH_64_OPT.OBJ/include -I../../../dist/public/nss -I../../../dist/private/nss -I../../../dist/public/nspr -I../../../dist/public/nss -I../../../dist/public/libdbm -I../../../dist/public/gtest -I../../../dist/public/cpputil  -std=c++0x pk11_seed_cbc_unittest.cc
g++ -o Linux6.6_x86_64_cc_glibc_PTH_64_OPT.OBJ/pk11_symkey_unittest.o -c -std=c++11 -O2 -fPIC  -m64 -pipe -ffunction-sections -fdata-sections -DHAVE_STRERROR -DLINUX -Dlinux -Wall -Wshadow -Werror -Wsign-compare -DXP_UNIX -DXP_UNIX -DDLL_PREFIX=\"lib\" -DDLL_SUFFIX=\"so\" -UDEBUG -DNDEBUG -D_DEFAULT_SOURCE -D_BSD_SOURCE -D_POSIX_SOURCE -DSDB_MEASURE_USE_TEMP_DIR -D_REENTRANT -UDEBUG -DNDEBUG -D_DEFAULT_SOURCE -D_BSD_SOURCE -D_POSIX_SOURCE -DSDB_MEASURE_USE_TEMP_DIR -D_REENTRANT -DNSS_DISABLE_SSE3 -DNSS_NO_INIT_SUPPORT -DUSE_UTIL_DIRECTLY -DNO_NSPR_10_SUPPORT -DSSL_DISABLE_DEPRECATED_CIPHER_SUITE_NAMES -I../../gtests/google_test/gtest/include -I../../gtests/common -I../../cpputil -I/home/ffortier/code/perso/nss/../nspr/dist/include/nspr -I../../../dist/Linux6.6_x86_64_cc_glibc_PTH_64_OPT.OBJ/include -I../../../dist/public/nss -I../../../dist/private/nss -I../../../dist/public/nspr -I../../../dist/public/nss -I../../../dist/public/libdbm -I../../../dist/public/gtest -I../../../dist/public/cpputil  -std=c++0x pk11_symkey_unittest.cc
rm -f Linux6.6_x86_64_cc_glibc_PTH_64_OPT.OBJ/pk11_gtest
g++ -o Linux6.6_x86_64_cc_glibc_PTH_64_OPT.OBJ/pk11_gtest -O2 -fPIC  -m64 -pipe -ffunction-sections -fdata-sections -DHAVE_STRERROR -DLINUX -Dlinux -Wall -Wshadow -Werror -Wsign-compare -DXP_UNIX -DXP_UNIX -DDLL_PREFIX=\"lib\" -DDLL_SUFFIX=\"so\" -UDEBUG -DNDEBUG -D_DEFAULT_SOURCE -D_BSD_SOURCE -D_POSIX_SOURCE -DSDB_MEASURE_USE_TEMP_DIR -D_REENTRANT -UDEBUG -DNDEBUG -D_DEFAULT_SOURCE -D_BSD_SOURCE -D_POSIX_SOURCE -DSDB_MEASURE_USE_TEMP_DIR -D_REENTRANT -DNSS_DISABLE_SSE3 -DNSS_NO_INIT_SUPPORT -DUSE_UTIL_DIRECTLY -DNO_NSPR_10_SUPPORT -DSSL_DISABLE_DEPRECATED_CIPHER_SUITE_NAMES -I../../gtests/google_test/gtest/include -I../../gtests/common -I../../cpputil -I/home/ffortier/code/perso/nss/../nspr/dist/include/nspr -I../../../dist/Linux6.6_x86_64_cc_glibc_PTH_64_OPT.OBJ/include -I../../../dist/public/nss -I../../../dist/private/nss -I../../../dist/public/nspr -I../../../dist/public/nss -I../../../dist/public/libdbm -I../../../dist/public/gtest -I../../../dist/public/cpputil  Linux6.6_x86_64_cc_glibc_PTH_64_OPT.OBJ/json_reader.o Linux6.6_x86_64_cc_glibc_PTH_64_OPT.OBJ/pk11_aes_gcm_unittest.o Linux6.6_x86_64_cc_glibc_PTH_64_OPT.OBJ/pk11_aeskeywrap_unittest.o Linux6.6_x86_64_cc_glibc_PTH_64_OPT.OBJ/pk11_aeskeywrapkwp_unittest.o Linux6.6_x86_64_cc_glibc_PTH_64_OPT.OBJ/pk11_aeskeywrappad_unittest.o Linux6.6_x86_64_cc_glibc_PTH_64_OPT.OBJ/pk11_cbc_unittest.o Linux6.6_x86_64_cc_glibc_PTH_64_OPT.OBJ/pk11_chacha20poly1305_unittest.o Linux6.6_x86_64_cc_glibc_PTH_64_OPT.OBJ/pk11_curve25519_unittest.o Linux6.6_x86_64_cc_glibc_PTH_64_OPT.OBJ/pk11_der_private_key_import_unittest.o Linux6.6_x86_64_cc_glibc_PTH_64_OPT.OBJ/pk11_des_unittest.o Linux6.6_x86_64_cc_glibc_PTH_64_OPT.OBJ/pk11_dsa_unittest.o Linux6.6_x86_64_cc_glibc_PTH_64_OPT.OBJ/pk11_ecdsa_unittest.o Linux6.6_x86_64_cc_glibc_PTH_64_OPT.OBJ/pk11_eddsa_unittest.o Linux6.6_x86_64_cc_glibc_PTH_64_OPT.OBJ/pk11_ecdh_unittest.o Linux6.6_x86_64_cc_glibc_PTH_64_OPT.OBJ/pk11_encrypt_derive_unittest.o Linux6.6_x86_64_cc_glibc_PTH_64_OPT.OBJ/pk11_export_unittest.o Linux6.6_x86_64_cc_glibc_PTH_64_OPT.OBJ/pk11_find_certs_unittest.o Linux6.6_x86_64_cc_glibc_PTH_64_OPT.OBJ/pk11_hkdf_unittest.o Linux6.6_x86_64_cc_glibc_PTH_64_OPT.OBJ/pk11_hmac_unittest.o Linux6.6_x86_64_cc_glibc_PTH_64_OPT.OBJ/pk11_hpke_unittest.o Linux6.6_x86_64_cc_glibc_PTH_64_OPT.OBJ/pk11_ike_unittest.o Linux6.6_x86_64_cc_glibc_PTH_64_OPT.OBJ/pk11_import_unittest.o Linux6.6_x86_64_cc_glibc_PTH_64_OPT.OBJ/pk11_kbkdf.o Linux6.6_x86_64_cc_glibc_PTH_64_OPT.OBJ/pk11_kem_unittest.o Linux6.6_x86_64_cc_glibc_PTH_64_OPT.OBJ/pk11_keygen.o Linux6.6_x86_64_cc_glibc_PTH_64_OPT.OBJ/pk11_key_unittest.o Linux6.6_x86_64_cc_glibc_PTH_64_OPT.OBJ/pk11_module_unittest.o Linux6.6_x86_64_cc_glibc_PTH_64_OPT.OBJ/pk11_pbe_unittest.o Linux6.6_x86_64_cc_glibc_PTH_64_OPT.OBJ/pk11_pbkdf2_unittest.o Linux6.6_x86_64_cc_glibc_PTH_64_OPT.OBJ/pk11_prf_unittest.o Linux6.6_x86_64_cc_glibc_PTH_64_OPT.OBJ/pk11_prng_unittest.o Linux6.6_x86_64_cc_glibc_PTH_64_OPT.OBJ/pk11_rsaencrypt_unittest.o Linux6.6_x86_64_cc_glibc_PTH_64_OPT.OBJ/pk11_rsaoaep_unittest.o Linux6.6_x86_64_cc_glibc_PTH_64_OPT.OBJ/pk11_rsapkcs1_unittest.o Linux6.6_x86_64_cc_glibc_PTH_64_OPT.OBJ/pk11_rsapss_unittest.o Linux6.6_x86_64_cc_glibc_PTH_64_OPT.OBJ/pk11_signature_test.o Linux6.6_x86_64_cc_glibc_PTH_64_OPT.OBJ/pk11_seed_cbc_unittest.o Linux6.6_x86_64_cc_glibc_PTH_64_OPT.OBJ/pk11_symkey_unittest.o -m64 -z noexecstack -m64 -z noexecstack ../../../dist/Linux6.6_x86_64_cc_glibc_PTH_64_OPT.OBJ/lib/libgtest.a ../../../dist/Linux6.6_x86_64_cc_glibc_PTH_64_OPT.OBJ/lib/libcpputil.a ../../../dist/Linux6.6_x86_64_cc_glibc_PTH_64_OPT.OBJ/lib/libgtestutil.a  ../../../dist/Linux6.6_x86_64_cc_glibc_PTH_64_OPT.OBJ/lib/libsectool.a  -L../../../dist/Linux6.6_x86_64_cc_glibc_PTH_64_OPT.OBJ/lib -L../../../dist/Linux6.6_x86_64_cc_glibc_PTH_64_OPT.OBJ/lib -lnssutil3 -L/home/ffortier/code/perso/nss/../nspr/dist -lplc4 -lplds4 -lnspr4  -lssl3 -lsmime3 -lnss3 -lpthread  -ldl -lc
../../coreconf/nsinstall/Linux6.6_x86_64_cc_glibc_PTH_64_OPT.OBJ/nsinstall -R -m 775 Linux6.6_x86_64_cc_glibc_PTH_64_OPT.OBJ/pk11_gtest ../../../dist/Linux6.6_x86_64_cc_glibc_PTH_64_OPT.OBJ/bin
make[3]: Leaving directory '/home/ffortier/code/perso/nss/gtests/pk11_gtest'
make[3]: Entering directory '/home/ffortier/code/perso/nss/gtests/smime_gtest'
g++ -o Linux6.6_x86_64_cc_glibc_PTH_64_OPT.OBJ/smime_unittest.o -c -std=c++11 -O2 -fPIC  -m64 -pipe -ffunction-sections -fdata-sections -DHAVE_STRERROR -DLINUX -Dlinux -Wall -Wshadow -Werror -Wsign-compare -DXP_UNIX -DXP_UNIX -UDEBUG -DNDEBUG -D_DEFAULT_SOURCE -D_BSD_SOURCE -D_POSIX_SOURCE -DSDB_MEASURE_USE_TEMP_DIR -D_REENTRANT -UDEBUG -DNDEBUG -D_DEFAULT_SOURCE -D_BSD_SOURCE -D_POSIX_SOURCE -DSDB_MEASURE_USE_TEMP_DIR -D_REENTRANT -DNSS_DISABLE_SSE3 -DNSS_NO_INIT_SUPPORT -DUSE_UTIL_DIRECTLY -DNO_NSPR_10_SUPPORT -DSSL_DISABLE_DEPRECATED_CIPHER_SUITE_NAMES -I../../gtests/google_test/gtest/include -I../../gtests/common -I../../cpputil -I/home/ffortier/code/perso/nss/../nspr/dist/include/nspr -I../../../dist/Linux6.6_x86_64_cc_glibc_PTH_64_OPT.OBJ/include -I../../../dist/public/nss -I../../../dist/private/nss -I../../../dist/public/nspr -I../../../dist/public/gtest  -std=c++0x smime_unittest.cc
rm -f Linux6.6_x86_64_cc_glibc_PTH_64_OPT.OBJ/smime_gtest
g++ -o Linux6.6_x86_64_cc_glibc_PTH_64_OPT.OBJ/smime_gtest -O2 -fPIC  -m64 -pipe -ffunction-sections -fdata-sections -DHAVE_STRERROR -DLINUX -Dlinux -Wall -Wshadow -Werror -Wsign-compare -DXP_UNIX -DXP_UNIX -UDEBUG -DNDEBUG -D_DEFAULT_SOURCE -D_BSD_SOURCE -D_POSIX_SOURCE -DSDB_MEASURE_USE_TEMP_DIR -D_REENTRANT -UDEBUG -DNDEBUG -D_DEFAULT_SOURCE -D_BSD_SOURCE -D_POSIX_SOURCE -DSDB_MEASURE_USE_TEMP_DIR -D_REENTRANT -DNSS_DISABLE_SSE3 -DNSS_NO_INIT_SUPPORT -DUSE_UTIL_DIRECTLY -DNO_NSPR_10_SUPPORT -DSSL_DISABLE_DEPRECATED_CIPHER_SUITE_NAMES -I../../gtests/google_test/gtest/include -I../../gtests/common -I../../cpputil -I/home/ffortier/code/perso/nss/../nspr/dist/include/nspr -I../../../dist/Linux6.6_x86_64_cc_glibc_PTH_64_OPT.OBJ/include -I../../../dist/public/nss -I../../../dist/private/nss -I../../../dist/public/nspr -I../../../dist/public/gtest  Linux6.6_x86_64_cc_glibc_PTH_64_OPT.OBJ/smime_unittest.o -m64 -z noexecstack -m64 -z noexecstack ../../../dist/Linux6.6_x86_64_cc_glibc_PTH_64_OPT.OBJ/lib/libgtest.a  ../../../dist/Linux6.6_x86_64_cc_glibc_PTH_64_OPT.OBJ/lib/libgtestutil.a ../../../dist/Linux6.6_x86_64_cc_glibc_PTH_64_OPT.OBJ/lib/libsectool.a  -L../../../dist/Linux6.6_x86_64_cc_glibc_PTH_64_OPT.OBJ/lib -L../../../dist/Linux6.6_x86_64_cc_glibc_PTH_64_OPT.OBJ/lib -lnssutil3 -L/home/ffortier/code/perso/nss/../nspr/dist -lplc4 -lplds4 -lnspr4  -lssl3 -lsmime3 -lnss3 -lpthread  -ldl -lc
../../coreconf/nsinstall/Linux6.6_x86_64_cc_glibc_PTH_64_OPT.OBJ/nsinstall -R -m 775 Linux6.6_x86_64_cc_glibc_PTH_64_OPT.OBJ/smime_gtest ../../../dist/Linux6.6_x86_64_cc_glibc_PTH_64_OPT.OBJ/bin
make[3]: Leaving directory '/home/ffortier/code/perso/nss/gtests/smime_gtest'
make[3]: Entering directory '/home/ffortier/code/perso/nss/gtests/softoken_gtest'
g++ -o Linux6.6_x86_64_cc_glibc_PTH_64_OPT.OBJ/softoken_gtest.o -c -std=c++11 -O2 -fPIC  -m64 -pipe -ffunction-sections -fdata-sections -DHAVE_STRERROR -DLINUX -Dlinux -Wall -Wshadow -Werror -Wsign-compare -DXP_UNIX -DXP_UNIX -DDLL_SUFFIX=\"so\" -DDLL_PREFIX=\"lib\" -UDEBUG -DNDEBUG -D_DEFAULT_SOURCE -D_BSD_SOURCE -D_POSIX_SOURCE -DSDB_MEASURE_USE_TEMP_DIR -D_REENTRANT -UDEBUG -DNDEBUG -D_DEFAULT_SOURCE -D_BSD_SOURCE -D_POSIX_SOURCE -DSDB_MEASURE_USE_TEMP_DIR -D_REENTRANT -DNSS_DISABLE_SSE3 -DNSS_NO_INIT_SUPPORT -DUSE_UTIL_DIRECTLY -DNO_NSPR_10_SUPPORT -DSSL_DISABLE_DEPRECATED_CIPHER_SUITE_NAMES -DNSS_USE_STATIC_LIBS -I../../gtests/google_test/gtest/include -I../../gtests/common -I../../cpputil  -I/home/ffortier/code/perso/nss/../nspr/dist/include/nspr -I../../../dist/Linux6.6_x86_64_cc_glibc_PTH_64_OPT.OBJ/include -I../../../dist/public/nss -I../../../dist/private/nss -I../../../dist/public/nspr -I../../../dist/public/gtest -I../../../dist/public/cpputil  -I../../lib/util -std=c++0x softoken_gtest.cc
g++ -o Linux6.6_x86_64_cc_glibc_PTH_64_OPT.OBJ/softoken_nssckbi_testlib_gtest.o -c -std=c++11 -O2 -fPIC  -m64 -pipe -ffunction-sections -fdata-sections -DHAVE_STRERROR -DLINUX -Dlinux -Wall -Wshadow -Werror -Wsign-compare -DXP_UNIX -DXP_UNIX -DDLL_SUFFIX=\"so\" -DDLL_PREFIX=\"lib\" -UDEBUG -DNDEBUG -D_DEFAULT_SOURCE -D_BSD_SOURCE -D_POSIX_SOURCE -DSDB_MEASURE_USE_TEMP_DIR -D_REENTRANT -UDEBUG -DNDEBUG -D_DEFAULT_SOURCE -D_BSD_SOURCE -D_POSIX_SOURCE -DSDB_MEASURE_USE_TEMP_DIR -D_REENTRANT -DNSS_DISABLE_SSE3 -DNSS_NO_INIT_SUPPORT -DUSE_UTIL_DIRECTLY -DNO_NSPR_10_SUPPORT -DSSL_DISABLE_DEPRECATED_CIPHER_SUITE_NAMES -DNSS_USE_STATIC_LIBS -I../../gtests/google_test/gtest/include -I../../gtests/common -I../../cpputil  -I/home/ffortier/code/perso/nss/../nspr/dist/include/nspr -I../../../dist/Linux6.6_x86_64_cc_glibc_PTH_64_OPT.OBJ/include -I../../../dist/public/nss -I../../../dist/private/nss -I../../../dist/public/nspr -I../../../dist/public/gtest -I../../../dist/public/cpputil  -I../../lib/util -std=c++0x softoken_nssckbi_testlib_gtest.cc
rm -f Linux6.6_x86_64_cc_glibc_PTH_64_OPT.OBJ/softoken_gtest
g++ -o Linux6.6_x86_64_cc_glibc_PTH_64_OPT.OBJ/softoken_gtest -O2 -fPIC  -m64 -pipe -ffunction-sections -fdata-sections -DHAVE_STRERROR -DLINUX -Dlinux -Wall -Wshadow -Werror -Wsign-compare -DXP_UNIX -DXP_UNIX -DDLL_SUFFIX=\"so\" -DDLL_PREFIX=\"lib\" -UDEBUG -DNDEBUG -D_DEFAULT_SOURCE -D_BSD_SOURCE -D_POSIX_SOURCE -DSDB_MEASURE_USE_TEMP_DIR -D_REENTRANT -UDEBUG -DNDEBUG -D_DEFAULT_SOURCE -D_BSD_SOURCE -D_POSIX_SOURCE -DSDB_MEASURE_USE_TEMP_DIR -D_REENTRANT -DNSS_DISABLE_SSE3 -DNSS_NO_INIT_SUPPORT -DUSE_UTIL_DIRECTLY -DNO_NSPR_10_SUPPORT -DSSL_DISABLE_DEPRECATED_CIPHER_SUITE_NAMES -DNSS_USE_STATIC_LIBS -I../../gtests/google_test/gtest/include -I../../gtests/common -I../../cpputil  -I/home/ffortier/code/perso/nss/../nspr/dist/include/nspr -I../../../dist/Linux6.6_x86_64_cc_glibc_PTH_64_OPT.OBJ/include -I../../../dist/public/nss -I../../../dist/private/nss -I../../../dist/public/nspr -I../../../dist/public/gtest -I../../../dist/public/cpputil  -I../../lib/util Linux6.6_x86_64_cc_glibc_PTH_64_OPT.OBJ/softoken_gtest.o Linux6.6_x86_64_cc_glibc_PTH_64_OPT.OBJ/softoken_nssckbi_testlib_gtest.o -m64 -z noexecstack -m64 -z noexecstack ../../../dist/Linux6.6_x86_64_cc_glibc_PTH_64_OPT.OBJ/lib/libgtest.a ../../../dist/Linux6.6_x86_64_cc_glibc_PTH_64_OPT.OBJ/lib/libcpputil.a ../../../dist/Linux6.6_x86_64_cc_glibc_PTH_64_OPT.OBJ/lib/libgtestutil.a  ../../../dist/Linux6.6_x86_64_cc_glibc_PTH_64_OPT.OBJ/lib/libsectool.a ../../../dist/Linux6.6_x86_64_cc_glibc_PTH_64_OPT.OBJ/lib/libsmime.a ../../../dist/Linux6.6_x86_64_cc_glibc_PTH_64_OPT.OBJ/lib/libssl.a ../../../dist/Linux6.6_x86_64_cc_glibc_PTH_64_OPT.OBJ/lib/libnss.a  ../../../dist/Linux6.6_x86_64_cc_glibc_PTH_64_OPT.OBJ/lib/libpkcs12.a ../../../dist/Linux6.6_x86_64_cc_glibc_PTH_64_OPT.OBJ/lib/libpkcs7.a ../../../dist/Linux6.6_x86_64_cc_glibc_PTH_64_OPT.OBJ/lib/libcerthi.a ../../../dist/Linux6.6_x86_64_cc_glibc_PTH_64_OPT.OBJ/lib/libcryptohi.a ../../../dist/Linux6.6_x86_64_cc_glibc_PTH_64_OPT.OBJ/lib/libpk11wrap.a  ../../../dist/Linux6.6_x86_64_cc_glibc_PTH_64_OPT.OBJ/lib/libsoftokn.a ../../../dist/Linux6.6_x86_64_cc_glibc_PTH_64_OPT.OBJ/lib/libcertdb.a ../../../dist/Linux6.6_x86_64_cc_glibc_PTH_64_OPT.OBJ/lib/libnsspki.a ../../../dist/Linux6.6_x86_64_cc_glibc_PTH_64_OPT.OBJ/lib/libnssdev.a ../../../dist/Linux6.6_x86_64_cc_glibc_PTH_64_OPT.OBJ/lib/libnssb.a  ../../../dist/Linux6.6_x86_64_cc_glibc_PTH_64_OPT.OBJ/lib/libfreebl.a ../../../dist/Linux6.6_x86_64_cc_glibc_PTH_64_OPT.OBJ/lib/libdbm.a  ../../../dist/Linux6.6_x86_64_cc_glibc_PTH_64_OPT.OBJ/lib/libpkixtop.a ../../../dist/Linux6.6_x86_64_cc_glibc_PTH_64_OPT.OBJ/lib/libpkixutil.a ../../../dist/Linux6.6_x86_64_cc_glibc_PTH_64_OPT.OBJ/lib/libpkixsystem.a ../../../dist/Linux6.6_x86_64_cc_glibc_PTH_64_OPT.OBJ/lib/libpkixcrlsel.a ../../../dist/Linux6.6_x86_64_cc_glibc_PTH_64_OPT.OBJ/lib/libpkixmodule.a ../../../dist/Linux6.6_x86_64_cc_glibc_PTH_64_OPT.OBJ/lib/libpkixstore.a ../../../dist/Linux6.6_x86_64_cc_glibc_PTH_64_OPT.OBJ/lib/libpkixparams.a ../../../dist/Linux6.6_x86_64_cc_glibc_PTH_64_OPT.OBJ/lib/libpkixchecker.a ../../../dist/Linux6.6_x86_64_cc_glibc_PTH_64_OPT.OBJ/lib/libpkixpki.a ../../../dist/Linux6.6_x86_64_cc_glibc_PTH_64_OPT.OBJ/lib/libpkixtop.a ../../../dist/Linux6.6_x86_64_cc_glibc_PTH_64_OPT.OBJ/lib/libpkixresults.a ../../../dist/Linux6.6_x86_64_cc_glibc_PTH_64_OPT.OBJ/lib/libpkixcertsel.a ../../../dist/Linux6.6_x86_64_cc_glibc_PTH_64_OPT.OBJ/lib/libnss.a ../../../dist/Linux6.6_x86_64_cc_glibc_PTH_64_OPT.OBJ/lib/libpk11wrap.a ../../../dist/Linux6.6_x86_64_cc_glibc_PTH_64_OPT.OBJ/lib/libcerthi.a   -L../../../dist/Linux6.6_x86_64_cc_glibc_PTH_64_OPT.OBJ/lib -lsqlite3 -L../../../dist/Linux6.6_x86_64_cc_glibc_PTH_64_OPT.OBJ/lib -lnssutil3 -L/home/ffortier/code/perso/nss/../nspr/dist -lplc4 -lplds4 -lnspr4  -lpthread  -ldl -lc
../../coreconf/nsinstall/Linux6.6_x86_64_cc_glibc_PTH_64_OPT.OBJ/nsinstall -R -m 775 Linux6.6_x86_64_cc_glibc_PTH_64_OPT.OBJ/softoken_gtest ../../../dist/Linux6.6_x86_64_cc_glibc_PTH_64_OPT.OBJ/bin
make[3]: Leaving directory '/home/ffortier/code/perso/nss/gtests/softoken_gtest'
make[3]: Entering directory '/home/ffortier/code/perso/nss/gtests/ssl_gtest'
cc -o Linux6.6_x86_64_cc_glibc_PTH_64_OPT.OBJ/libssl_internals.o -c -std=c99 -O2 -fPIC  -m64 -pipe -ffunction-sections -fdata-sections -DHAVE_STRERROR -DLINUX -Dlinux -Wall -Wshadow -Werror -Wsign-compare -DXP_UNIX -DXP_UNIX -UDEBUG -DNDEBUG -D_DEFAULT_SOURCE -D_BSD_SOURCE -D_POSIX_SOURCE -DSDB_MEASURE_USE_TEMP_DIR -D_REENTRANT -UDEBUG -DNDEBUG -D_DEFAULT_SOURCE -D_BSD_SOURCE -D_POSIX_SOURCE -DSDB_MEASURE_USE_TEMP_DIR -D_REENTRANT -DNSS_DISABLE_SSE3 -DNSS_NO_INIT_SUPPORT -DUSE_UTIL_DIRECTLY -DNO_NSPR_10_SUPPORT -DSSL_DISABLE_DEPRECATED_CIPHER_SUITE_NAMES -DNSS_USE_STATIC_LIBS -I../../gtests/google_test/gtest/include -I../../gtests/common -I../../cpputil -I/home/ffortier/code/perso/nss/../nspr/dist/include/nspr -I../../../dist/Linux6.6_x86_64_cc_glibc_PTH_64_OPT.OBJ/include -I../../../dist/public/nss -I../../../dist/private/nss -I../../../dist/public/nspr -I../../../dist/public/nss -I../../../dist/public/libdbm -I../../../dist/public/gtest -I../../../dist/public/cpputil  -I../../lib/ssl libssl_internals.c
g++ -o Linux6.6_x86_64_cc_glibc_PTH_64_OPT.OBJ/bloomfilter_unittest.o -c -std=c++11 -O2 -fPIC  -m64 -pipe -ffunction-sections -fdata-sections -DHAVE_STRERROR -DLINUX -Dlinux -Wall -Wshadow -Werror -Wsign-compare -DXP_UNIX -DXP_UNIX -UDEBUG -DNDEBUG -D_DEFAULT_SOURCE -D_BSD_SOURCE -D_POSIX_SOURCE -DSDB_MEASURE_USE_TEMP_DIR -D_REENTRANT -UDEBUG -DNDEBUG -D_DEFAULT_SOURCE -D_BSD_SOURCE -D_POSIX_SOURCE -DSDB_MEASURE_USE_TEMP_DIR -D_REENTRANT -DNSS_DISABLE_SSE3 -DNSS_NO_INIT_SUPPORT -DUSE_UTIL_DIRECTLY -DNO_NSPR_10_SUPPORT -DSSL_DISABLE_DEPRECATED_CIPHER_SUITE_NAMES -DNSS_USE_STATIC_LIBS -I../../gtests/google_test/gtest/include -I../../gtests/common -I../../cpputil -I/home/ffortier/code/perso/nss/../nspr/dist/include/nspr -I../../../dist/Linux6.6_x86_64_cc_glibc_PTH_64_OPT.OBJ/include -I../../../dist/public/nss -I../../../dist/private/nss -I../../../dist/public/nspr -I../../../dist/public/nss -I../../../dist/public/libdbm -I../../../dist/public/gtest -I../../../dist/public/cpputil  -I../../lib/ssl -std=c++0x bloomfilter_unittest.cc
g++ -o Linux6.6_x86_64_cc_glibc_PTH_64_OPT.OBJ/selfencrypt_unittest.o -c -std=c++11 -O2 -fPIC  -m64 -pipe -ffunction-sections -fdata-sections -DHAVE_STRERROR -DLINUX -Dlinux -Wall -Wshadow -Werror -Wsign-compare -DXP_UNIX -DXP_UNIX -UDEBUG -DNDEBUG -D_DEFAULT_SOURCE -D_BSD_SOURCE -D_POSIX_SOURCE -DSDB_MEASURE_USE_TEMP_DIR -D_REENTRANT -UDEBUG -DNDEBUG -D_DEFAULT_SOURCE -D_BSD_SOURCE -D_POSIX_SOURCE -DSDB_MEASURE_USE_TEMP_DIR -D_REENTRANT -DNSS_DISABLE_SSE3 -DNSS_NO_INIT_SUPPORT -DUSE_UTIL_DIRECTLY -DNO_NSPR_10_SUPPORT -DSSL_DISABLE_DEPRECATED_CIPHER_SUITE_NAMES -DNSS_USE_STATIC_LIBS -I../../gtests/google_test/gtest/include -I../../gtests/common -I../../cpputil -I/home/ffortier/code/perso/nss/../nspr/dist/include/nspr -I../../../dist/Linux6.6_x86_64_cc_glibc_PTH_64_OPT.OBJ/include -I../../../dist/public/nss -I../../../dist/private/nss -I../../../dist/public/nspr -I../../../dist/public/nss -I../../../dist/public/libdbm -I../../../dist/public/gtest -I../../../dist/public/cpputil  -I../../lib/ssl -std=c++0x selfencrypt_unittest.cc
g++ -o Linux6.6_x86_64_cc_glibc_PTH_64_OPT.OBJ/ssl_0rtt_unittest.o -c -std=c++11 -O2 -fPIC  -m64 -pipe -ffunction-sections -fdata-sections -DHAVE_STRERROR -DLINUX -Dlinux -Wall -Wshadow -Werror -Wsign-compare -DXP_UNIX -DXP_UNIX -UDEBUG -DNDEBUG -D_DEFAULT_SOURCE -D_BSD_SOURCE -D_POSIX_SOURCE -DSDB_MEASURE_USE_TEMP_DIR -D_REENTRANT -UDEBUG -DNDEBUG -D_DEFAULT_SOURCE -D_BSD_SOURCE -D_POSIX_SOURCE -DSDB_MEASURE_USE_TEMP_DIR -D_REENTRANT -DNSS_DISABLE_SSE3 -DNSS_NO_INIT_SUPPORT -DUSE_UTIL_DIRECTLY -DNO_NSPR_10_SUPPORT -DSSL_DISABLE_DEPRECATED_CIPHER_SUITE_NAMES -DNSS_USE_STATIC_LIBS -I../../gtests/google_test/gtest/include -I../../gtests/common -I../../cpputil -I/home/ffortier/code/perso/nss/../nspr/dist/include/nspr -I../../../dist/Linux6.6_x86_64_cc_glibc_PTH_64_OPT.OBJ/include -I../../../dist/public/nss -I../../../dist/private/nss -I../../../dist/public/nspr -I../../../dist/public/nss -I../../../dist/public/libdbm -I../../../dist/public/gtest -I../../../dist/public/cpputil  -I../../lib/ssl -std=c++0x ssl_0rtt_unittest.cc
g++ -o Linux6.6_x86_64_cc_glibc_PTH_64_OPT.OBJ/ssl_aead_unittest.o -c -std=c++11 -O2 -fPIC  -m64 -pipe -ffunction-sections -fdata-sections -DHAVE_STRERROR -DLINUX -Dlinux -Wall -Wshadow -Werror -Wsign-compare -DXP_UNIX -DXP_UNIX -UDEBUG -DNDEBUG -D_DEFAULT_SOURCE -D_BSD_SOURCE -D_POSIX_SOURCE -DSDB_MEASURE_USE_TEMP_DIR -D_REENTRANT -UDEBUG -DNDEBUG -D_DEFAULT_SOURCE -D_BSD_SOURCE -D_POSIX_SOURCE -DSDB_MEASURE_USE_TEMP_DIR -D_REENTRANT -DNSS_DISABLE_SSE3 -DNSS_NO_INIT_SUPPORT -DUSE_UTIL_DIRECTLY -DNO_NSPR_10_SUPPORT -DSSL_DISABLE_DEPRECATED_CIPHER_SUITE_NAMES -DNSS_USE_STATIC_LIBS -I../../gtests/google_test/gtest/include -I../../gtests/common -I../../cpputil -I/home/ffortier/code/perso/nss/../nspr/dist/include/nspr -I../../../dist/Linux6.6_x86_64_cc_glibc_PTH_64_OPT.OBJ/include -I../../../dist/public/nss -I../../../dist/private/nss -I../../../dist/public/nspr -I../../../dist/public/nss -I../../../dist/public/libdbm -I../../../dist/public/gtest -I../../../dist/public/cpputil  -I../../lib/ssl -std=c++0x ssl_aead_unittest.cc
g++ -o Linux6.6_x86_64_cc_glibc_PTH_64_OPT.OBJ/ssl_agent_unittest.o -c -std=c++11 -O2 -fPIC  -m64 -pipe -ffunction-sections -fdata-sections -DHAVE_STRERROR -DLINUX -Dlinux -Wall -Wshadow -Werror -Wsign-compare -DXP_UNIX -DXP_UNIX -UDEBUG -DNDEBUG -D_DEFAULT_SOURCE -D_BSD_SOURCE -D_POSIX_SOURCE -DSDB_MEASURE_USE_TEMP_DIR -D_REENTRANT -UDEBUG -DNDEBUG -D_DEFAULT_SOURCE -D_BSD_SOURCE -D_POSIX_SOURCE -DSDB_MEASURE_USE_TEMP_DIR -D_REENTRANT -DNSS_DISABLE_SSE3 -DNSS_NO_INIT_SUPPORT -DUSE_UTIL_DIRECTLY -DNO_NSPR_10_SUPPORT -DSSL_DISABLE_DEPRECATED_CIPHER_SUITE_NAMES -DNSS_USE_STATIC_LIBS -I../../gtests/google_test/gtest/include -I../../gtests/common -I../../cpputil -I/home/ffortier/code/perso/nss/../nspr/dist/include/nspr -I../../../dist/Linux6.6_x86_64_cc_glibc_PTH_64_OPT.OBJ/include -I../../../dist/public/nss -I../../../dist/private/nss -I../../../dist/public/nspr -I../../../dist/public/nss -I../../../dist/public/libdbm -I../../../dist/public/gtest -I../../../dist/public/cpputil  -I../../lib/ssl -std=c++0x ssl_agent_unittest.cc
g++ -o Linux6.6_x86_64_cc_glibc_PTH_64_OPT.OBJ/ssl_auth_unittest.o -c -std=c++11 -O2 -fPIC  -m64 -pipe -ffunction-sections -fdata-sections -DHAVE_STRERROR -DLINUX -Dlinux -Wall -Wshadow -Werror -Wsign-compare -DXP_UNIX -DXP_UNIX -UDEBUG -DNDEBUG -D_DEFAULT_SOURCE -D_BSD_SOURCE -D_POSIX_SOURCE -DSDB_MEASURE_USE_TEMP_DIR -D_REENTRANT -UDEBUG -DNDEBUG -D_DEFAULT_SOURCE -D_BSD_SOURCE -D_POSIX_SOURCE -DSDB_MEASURE_USE_TEMP_DIR -D_REENTRANT -DNSS_DISABLE_SSE3 -DNSS_NO_INIT_SUPPORT -DUSE_UTIL_DIRECTLY -DNO_NSPR_10_SUPPORT -DSSL_DISABLE_DEPRECATED_CIPHER_SUITE_NAMES -DNSS_USE_STATIC_LIBS -I../../gtests/google_test/gtest/include -I../../gtests/common -I../../cpputil -I/home/ffortier/code/perso/nss/../nspr/dist/include/nspr -I../../../dist/Linux6.6_x86_64_cc_glibc_PTH_64_OPT.OBJ/include -I../../../dist/public/nss -I../../../dist/private/nss -I../../../dist/public/nspr -I../../../dist/public/nss -I../../../dist/public/libdbm -I../../../dist/public/gtest -I../../../dist/public/cpputil  -I../../lib/ssl -std=c++0x ssl_auth_unittest.cc
g++ -o Linux6.6_x86_64_cc_glibc_PTH_64_OPT.OBJ/ssl_cert_ext_unittest.o -c -std=c++11 -O2 -fPIC  -m64 -pipe -ffunction-sections -fdata-sections -DHAVE_STRERROR -DLINUX -Dlinux -Wall -Wshadow -Werror -Wsign-compare -DXP_UNIX -DXP_UNIX -UDEBUG -DNDEBUG -D_DEFAULT_SOURCE -D_BSD_SOURCE -D_POSIX_SOURCE -DSDB_MEASURE_USE_TEMP_DIR -D_REENTRANT -UDEBUG -DNDEBUG -D_DEFAULT_SOURCE -D_BSD_SOURCE -D_POSIX_SOURCE -DSDB_MEASURE_USE_TEMP_DIR -D_REENTRANT -DNSS_DISABLE_SSE3 -DNSS_NO_INIT_SUPPORT -DUSE_UTIL_DIRECTLY -DNO_NSPR_10_SUPPORT -DSSL_DISABLE_DEPRECATED_CIPHER_SUITE_NAMES -DNSS_USE_STATIC_LIBS -I../../gtests/google_test/gtest/include -I../../gtests/common -I../../cpputil -I/home/ffortier/code/perso/nss/../nspr/dist/include/nspr -I../../../dist/Linux6.6_x86_64_cc_glibc_PTH_64_OPT.OBJ/include -I../../../dist/public/nss -I../../../dist/private/nss -I../../../dist/public/nspr -I../../../dist/public/nss -I../../../dist/public/libdbm -I../../../dist/public/gtest -I../../../dist/public/cpputil  -I../../lib/ssl -std=c++0x ssl_cert_ext_unittest.cc
g++ -o Linux6.6_x86_64_cc_glibc_PTH_64_OPT.OBJ/ssl_certificate_compression_unittest.o -c -std=c++11 -O2 -fPIC  -m64 -pipe -ffunction-sections -fdata-sections -DHAVE_STRERROR -DLINUX -Dlinux -Wall -Wshadow -Werror -Wsign-compare -DXP_UNIX -DXP_UNIX -UDEBUG -DNDEBUG -D_DEFAULT_SOURCE -D_BSD_SOURCE -D_POSIX_SOURCE -DSDB_MEASURE_USE_TEMP_DIR -D_REENTRANT -UDEBUG -DNDEBUG -D_DEFAULT_SOURCE -D_BSD_SOURCE -D_POSIX_SOURCE -DSDB_MEASURE_USE_TEMP_DIR -D_REENTRANT -DNSS_DISABLE_SSE3 -DNSS_NO_INIT_SUPPORT -DUSE_UTIL_DIRECTLY -DNO_NSPR_10_SUPPORT -DSSL_DISABLE_DEPRECATED_CIPHER_SUITE_NAMES -DNSS_USE_STATIC_LIBS -I../../gtests/google_test/gtest/include -I../../gtests/common -I../../cpputil -I/home/ffortier/code/perso/nss/../nspr/dist/include/nspr -I../../../dist/Linux6.6_x86_64_cc_glibc_PTH_64_OPT.OBJ/include -I../../../dist/public/nss -I../../../dist/private/nss -I../../../dist/public/nspr -I../../../dist/public/nss -I../../../dist/public/libdbm -I../../../dist/public/gtest -I../../../dist/public/cpputil  -I../../lib/ssl -std=c++0x ssl_certificate_compression_unittest.cc
g++ -o Linux6.6_x86_64_cc_glibc_PTH_64_OPT.OBJ/ssl_cipherorder_unittest.o -c -std=c++11 -O2 -fPIC  -m64 -pipe -ffunction-sections -fdata-sections -DHAVE_STRERROR -DLINUX -Dlinux -Wall -Wshadow -Werror -Wsign-compare -DXP_UNIX -DXP_UNIX -UDEBUG -DNDEBUG -D_DEFAULT_SOURCE -D_BSD_SOURCE -D_POSIX_SOURCE -DSDB_MEASURE_USE_TEMP_DIR -D_REENTRANT -UDEBUG -DNDEBUG -D_DEFAULT_SOURCE -D_BSD_SOURCE -D_POSIX_SOURCE -DSDB_MEASURE_USE_TEMP_DIR -D_REENTRANT -DNSS_DISABLE_SSE3 -DNSS_NO_INIT_SUPPORT -DUSE_UTIL_DIRECTLY -DNO_NSPR_10_SUPPORT -DSSL_DISABLE_DEPRECATED_CIPHER_SUITE_NAMES -DNSS_USE_STATIC_LIBS -I../../gtests/google_test/gtest/include -I../../gtests/common -I../../cpputil -I/home/ffortier/code/perso/nss/../nspr/dist/include/nspr -I../../../dist/Linux6.6_x86_64_cc_glibc_PTH_64_OPT.OBJ/include -I../../../dist/public/nss -I../../../dist/private/nss -I../../../dist/public/nspr -I../../../dist/public/nss -I../../../dist/public/libdbm -I../../../dist/public/gtest -I../../../dist/public/cpputil  -I../../lib/ssl -std=c++0x ssl_cipherorder_unittest.cc
g++ -o Linux6.6_x86_64_cc_glibc_PTH_64_OPT.OBJ/ssl_ciphersuite_unittest.o -c -std=c++11 -O2 -fPIC  -m64 -pipe -ffunction-sections -fdata-sections -DHAVE_STRERROR -DLINUX -Dlinux -Wall -Wshadow -Werror -Wsign-compare -DXP_UNIX -DXP_UNIX -UDEBUG -DNDEBUG -D_DEFAULT_SOURCE -D_BSD_SOURCE -D_POSIX_SOURCE -DSDB_MEASURE_USE_TEMP_DIR -D_REENTRANT -UDEBUG -DNDEBUG -D_DEFAULT_SOURCE -D_BSD_SOURCE -D_POSIX_SOURCE -DSDB_MEASURE_USE_TEMP_DIR -D_REENTRANT -DNSS_DISABLE_SSE3 -DNSS_NO_INIT_SUPPORT -DUSE_UTIL_DIRECTLY -DNO_NSPR_10_SUPPORT -DSSL_DISABLE_DEPRECATED_CIPHER_SUITE_NAMES -DNSS_USE_STATIC_LIBS -I../../gtests/google_test/gtest/include -I../../gtests/common -I../../cpputil -I/home/ffortier/code/perso/nss/../nspr/dist/include/nspr -I../../../dist/Linux6.6_x86_64_cc_glibc_PTH_64_OPT.OBJ/include -I../../../dist/public/nss -I../../../dist/private/nss -I../../../dist/public/nspr -I../../../dist/public/nss -I../../../dist/public/libdbm -I../../../dist/public/gtest -I../../../dist/public/cpputil  -I../../lib/ssl -std=c++0x ssl_ciphersuite_unittest.cc
g++ -o Linux6.6_x86_64_cc_glibc_PTH_64_OPT.OBJ/ssl_custext_unittest.o -c -std=c++11 -O2 -fPIC  -m64 -pipe -ffunction-sections -fdata-sections -DHAVE_STRERROR -DLINUX -Dlinux -Wall -Wshadow -Werror -Wsign-compare -DXP_UNIX -DXP_UNIX -UDEBUG -DNDEBUG -D_DEFAULT_SOURCE -D_BSD_SOURCE -D_POSIX_SOURCE -DSDB_MEASURE_USE_TEMP_DIR -D_REENTRANT -UDEBUG -DNDEBUG -D_DEFAULT_SOURCE -D_BSD_SOURCE -D_POSIX_SOURCE -DSDB_MEASURE_USE_TEMP_DIR -D_REENTRANT -DNSS_DISABLE_SSE3 -DNSS_NO_INIT_SUPPORT -DUSE_UTIL_DIRECTLY -DNO_NSPR_10_SUPPORT -DSSL_DISABLE_DEPRECATED_CIPHER_SUITE_NAMES -DNSS_USE_STATIC_LIBS -I../../gtests/google_test/gtest/include -I../../gtests/common -I../../cpputil -I/home/ffortier/code/perso/nss/../nspr/dist/include/nspr -I../../../dist/Linux6.6_x86_64_cc_glibc_PTH_64_OPT.OBJ/include -I../../../dist/public/nss -I../../../dist/private/nss -I../../../dist/public/nspr -I../../../dist/public/nss -I../../../dist/public/libdbm -I../../../dist/public/gtest -I../../../dist/public/cpputil  -I../../lib/ssl -std=c++0x ssl_custext_unittest.cc
g++ -o Linux6.6_x86_64_cc_glibc_PTH_64_OPT.OBJ/ssl_damage_unittest.o -c -std=c++11 -O2 -fPIC  -m64 -pipe -ffunction-sections -fdata-sections -DHAVE_STRERROR -DLINUX -Dlinux -Wall -Wshadow -Werror -Wsign-compare -DXP_UNIX -DXP_UNIX -UDEBUG -DNDEBUG -D_DEFAULT_SOURCE -D_BSD_SOURCE -D_POSIX_SOURCE -DSDB_MEASURE_USE_TEMP_DIR -D_REENTRANT -UDEBUG -DNDEBUG -D_DEFAULT_SOURCE -D_BSD_SOURCE -D_POSIX_SOURCE -DSDB_MEASURE_USE_TEMP_DIR -D_REENTRANT -DNSS_DISABLE_SSE3 -DNSS_NO_INIT_SUPPORT -DUSE_UTIL_DIRECTLY -DNO_NSPR_10_SUPPORT -DSSL_DISABLE_DEPRECATED_CIPHER_SUITE_NAMES -DNSS_USE_STATIC_LIBS -I../../gtests/google_test/gtest/include -I../../gtests/common -I../../cpputil -I/home/ffortier/code/perso/nss/../nspr/dist/include/nspr -I../../../dist/Linux6.6_x86_64_cc_glibc_PTH_64_OPT.OBJ/include -I../../../dist/public/nss -I../../../dist/private/nss -I../../../dist/public/nspr -I../../../dist/public/nss -I../../../dist/public/libdbm -I../../../dist/public/gtest -I../../../dist/public/cpputil  -I../../lib/ssl -std=c++0x ssl_damage_unittest.cc
g++ -o Linux6.6_x86_64_cc_glibc_PTH_64_OPT.OBJ/ssl_debug_env_unittest.o -c -std=c++11 -O2 -fPIC  -m64 -pipe -ffunction-sections -fdata-sections -DHAVE_STRERROR -DLINUX -Dlinux -Wall -Wshadow -Werror -Wsign-compare -DXP_UNIX -DXP_UNIX -UDEBUG -DNDEBUG -D_DEFAULT_SOURCE -D_BSD_SOURCE -D_POSIX_SOURCE -DSDB_MEASURE_USE_TEMP_DIR -D_REENTRANT -UDEBUG -DNDEBUG -D_DEFAULT_SOURCE -D_BSD_SOURCE -D_POSIX_SOURCE -DSDB_MEASURE_USE_TEMP_DIR -D_REENTRANT -DNSS_DISABLE_SSE3 -DNSS_NO_INIT_SUPPORT -DUSE_UTIL_DIRECTLY -DNO_NSPR_10_SUPPORT -DSSL_DISABLE_DEPRECATED_CIPHER_SUITE_NAMES -DNSS_USE_STATIC_LIBS -I../../gtests/google_test/gtest/include -I../../gtests/common -I../../cpputil -I/home/ffortier/code/perso/nss/../nspr/dist/include/nspr -I../../../dist/Linux6.6_x86_64_cc_glibc_PTH_64_OPT.OBJ/include -I../../../dist/public/nss -I../../../dist/private/nss -I../../../dist/public/nspr -I../../../dist/public/nss -I../../../dist/public/libdbm -I../../../dist/public/gtest -I../../../dist/public/cpputil  -I../../lib/ssl -std=c++0x ssl_debug_env_unittest.cc
g++ -o Linux6.6_x86_64_cc_glibc_PTH_64_OPT.OBJ/ssl_dhe_unittest.o -c -std=c++11 -O2 -fPIC  -m64 -pipe -ffunction-sections -fdata-sections -DHAVE_STRERROR -DLINUX -Dlinux -Wall -Wshadow -Werror -Wsign-compare -DXP_UNIX -DXP_UNIX -UDEBUG -DNDEBUG -D_DEFAULT_SOURCE -D_BSD_SOURCE -D_POSIX_SOURCE -DSDB_MEASURE_USE_TEMP_DIR -D_REENTRANT -UDEBUG -DNDEBUG -D_DEFAULT_SOURCE -D_BSD_SOURCE -D_POSIX_SOURCE -DSDB_MEASURE_USE_TEMP_DIR -D_REENTRANT -DNSS_DISABLE_SSE3 -DNSS_NO_INIT_SUPPORT -DUSE_UTIL_DIRECTLY -DNO_NSPR_10_SUPPORT -DSSL_DISABLE_DEPRECATED_CIPHER_SUITE_NAMES -DNSS_USE_STATIC_LIBS -I../../gtests/google_test/gtest/include -I../../gtests/common -I../../cpputil -I/home/ffortier/code/perso/nss/../nspr/dist/include/nspr -I../../../dist/Linux6.6_x86_64_cc_glibc_PTH_64_OPT.OBJ/include -I../../../dist/public/nss -I../../../dist/private/nss -I../../../dist/public/nspr -I../../../dist/public/nss -I../../../dist/public/libdbm -I../../../dist/public/gtest -I../../../dist/public/cpputil  -I../../lib/ssl -std=c++0x ssl_dhe_unittest.cc
g++ -o Linux6.6_x86_64_cc_glibc_PTH_64_OPT.OBJ/ssl_drop_unittest.o -c -std=c++11 -O2 -fPIC  -m64 -pipe -ffunction-sections -fdata-sections -DHAVE_STRERROR -DLINUX -Dlinux -Wall -Wshadow -Werror -Wsign-compare -DXP_UNIX -DXP_UNIX -UDEBUG -DNDEBUG -D_DEFAULT_SOURCE -D_BSD_SOURCE -D_POSIX_SOURCE -DSDB_MEASURE_USE_TEMP_DIR -D_REENTRANT -UDEBUG -DNDEBUG -D_DEFAULT_SOURCE -D_BSD_SOURCE -D_POSIX_SOURCE -DSDB_MEASURE_USE_TEMP_DIR -D_REENTRANT -DNSS_DISABLE_SSE3 -DNSS_NO_INIT_SUPPORT -DUSE_UTIL_DIRECTLY -DNO_NSPR_10_SUPPORT -DSSL_DISABLE_DEPRECATED_CIPHER_SUITE_NAMES -DNSS_USE_STATIC_LIBS -I../../gtests/google_test/gtest/include -I../../gtests/common -I../../cpputil -I/home/ffortier/code/perso/nss/../nspr/dist/include/nspr -I../../../dist/Linux6.6_x86_64_cc_glibc_PTH_64_OPT.OBJ/include -I../../../dist/public/nss -I../../../dist/private/nss -I../../../dist/public/nspr -I../../../dist/public/nss -I../../../dist/public/libdbm -I../../../dist/public/gtest -I../../../dist/public/cpputil  -I../../lib/ssl -std=c++0x ssl_drop_unittest.cc
g++ -o Linux6.6_x86_64_cc_glibc_PTH_64_OPT.OBJ/ssl_ecdh_unittest.o -c -std=c++11 -O2 -fPIC  -m64 -pipe -ffunction-sections -fdata-sections -DHAVE_STRERROR -DLINUX -Dlinux -Wall -Wshadow -Werror -Wsign-compare -DXP_UNIX -DXP_UNIX -UDEBUG -DNDEBUG -D_DEFAULT_SOURCE -D_BSD_SOURCE -D_POSIX_SOURCE -DSDB_MEASURE_USE_TEMP_DIR -D_REENTRANT -UDEBUG -DNDEBUG -D_DEFAULT_SOURCE -D_BSD_SOURCE -D_POSIX_SOURCE -DSDB_MEASURE_USE_TEMP_DIR -D_REENTRANT -DNSS_DISABLE_SSE3 -DNSS_NO_INIT_SUPPORT -DUSE_UTIL_DIRECTLY -DNO_NSPR_10_SUPPORT -DSSL_DISABLE_DEPRECATED_CIPHER_SUITE_NAMES -DNSS_USE_STATIC_LIBS -I../../gtests/google_test/gtest/include -I../../gtests/common -I../../cpputil -I/home/ffortier/code/perso/nss/../nspr/dist/include/nspr -I../../../dist/Linux6.6_x86_64_cc_glibc_PTH_64_OPT.OBJ/include -I../../../dist/public/nss -I../../../dist/private/nss -I../../../dist/public/nspr -I../../../dist/public/nss -I../../../dist/public/libdbm -I../../../dist/public/gtest -I../../../dist/public/cpputil  -I../../lib/ssl -std=c++0x ssl_ecdh_unittest.cc
g++ -o Linux6.6_x86_64_cc_glibc_PTH_64_OPT.OBJ/ssl_ems_unittest.o -c -std=c++11 -O2 -fPIC  -m64 -pipe -ffunction-sections -fdata-sections -DHAVE_STRERROR -DLINUX -Dlinux -Wall -Wshadow -Werror -Wsign-compare -DXP_UNIX -DXP_UNIX -UDEBUG -DNDEBUG -D_DEFAULT_SOURCE -D_BSD_SOURCE -D_POSIX_SOURCE -DSDB_MEASURE_USE_TEMP_DIR -D_REENTRANT -UDEBUG -DNDEBUG -D_DEFAULT_SOURCE -D_BSD_SOURCE -D_POSIX_SOURCE -DSDB_MEASURE_USE_TEMP_DIR -D_REENTRANT -DNSS_DISABLE_SSE3 -DNSS_NO_INIT_SUPPORT -DUSE_UTIL_DIRECTLY -DNO_NSPR_10_SUPPORT -DSSL_DISABLE_DEPRECATED_CIPHER_SUITE_NAMES -DNSS_USE_STATIC_LIBS -I../../gtests/google_test/gtest/include -I../../gtests/common -I../../cpputil -I/home/ffortier/code/perso/nss/../nspr/dist/include/nspr -I../../../dist/Linux6.6_x86_64_cc_glibc_PTH_64_OPT.OBJ/include -I../../../dist/public/nss -I../../../dist/private/nss -I../../../dist/public/nspr -I../../../dist/public/nss -I../../../dist/public/libdbm -I../../../dist/public/gtest -I../../../dist/public/cpputil  -I../../lib/ssl -std=c++0x ssl_ems_unittest.cc
g++ -o Linux6.6_x86_64_cc_glibc_PTH_64_OPT.OBJ/ssl_exporter_unittest.o -c -std=c++11 -O2 -fPIC  -m64 -pipe -ffunction-sections -fdata-sections -DHAVE_STRERROR -DLINUX -Dlinux -Wall -Wshadow -Werror -Wsign-compare -DXP_UNIX -DXP_UNIX -UDEBUG -DNDEBUG -D_DEFAULT_SOURCE -D_BSD_SOURCE -D_POSIX_SOURCE -DSDB_MEASURE_USE_TEMP_DIR -D_REENTRANT -UDEBUG -DNDEBUG -D_DEFAULT_SOURCE -D_BSD_SOURCE -D_POSIX_SOURCE -DSDB_MEASURE_USE_TEMP_DIR -D_REENTRANT -DNSS_DISABLE_SSE3 -DNSS_NO_INIT_SUPPORT -DUSE_UTIL_DIRECTLY -DNO_NSPR_10_SUPPORT -DSSL_DISABLE_DEPRECATED_CIPHER_SUITE_NAMES -DNSS_USE_STATIC_LIBS -I../../gtests/google_test/gtest/include -I../../gtests/common -I../../cpputil -I/home/ffortier/code/perso/nss/../nspr/dist/include/nspr -I../../../dist/Linux6.6_x86_64_cc_glibc_PTH_64_OPT.OBJ/include -I../../../dist/public/nss -I../../../dist/private/nss -I../../../dist/public/nspr -I../../../dist/public/nss -I../../../dist/public/libdbm -I../../../dist/public/gtest -I../../../dist/public/cpputil  -I../../lib/ssl -std=c++0x ssl_exporter_unittest.cc
g++ -o Linux6.6_x86_64_cc_glibc_PTH_64_OPT.OBJ/ssl_extension_unittest.o -c -std=c++11 -O2 -fPIC  -m64 -pipe -ffunction-sections -fdata-sections -DHAVE_STRERROR -DLINUX -Dlinux -Wall -Wshadow -Werror -Wsign-compare -DXP_UNIX -DXP_UNIX -UDEBUG -DNDEBUG -D_DEFAULT_SOURCE -D_BSD_SOURCE -D_POSIX_SOURCE -DSDB_MEASURE_USE_TEMP_DIR -D_REENTRANT -UDEBUG -DNDEBUG -D_DEFAULT_SOURCE -D_BSD_SOURCE -D_POSIX_SOURCE -DSDB_MEASURE_USE_TEMP_DIR -D_REENTRANT -DNSS_DISABLE_SSE3 -DNSS_NO_INIT_SUPPORT -DUSE_UTIL_DIRECTLY -DNO_NSPR_10_SUPPORT -DSSL_DISABLE_DEPRECATED_CIPHER_SUITE_NAMES -DNSS_USE_STATIC_LIBS -I../../gtests/google_test/gtest/include -I../../gtests/common -I../../cpputil -I/home/ffortier/code/perso/nss/../nspr/dist/include/nspr -I../../../dist/Linux6.6_x86_64_cc_glibc_PTH_64_OPT.OBJ/include -I../../../dist/public/nss -I../../../dist/private/nss -I../../../dist/public/nspr -I../../../dist/public/nss -I../../../dist/public/libdbm -I../../../dist/public/gtest -I../../../dist/public/cpputil  -I../../lib/ssl -std=c++0x ssl_extension_unittest.cc
g++ -o Linux6.6_x86_64_cc_glibc_PTH_64_OPT.OBJ/ssl_fragment_unittest.o -c -std=c++11 -O2 -fPIC  -m64 -pipe -ffunction-sections -fdata-sections -DHAVE_STRERROR -DLINUX -Dlinux -Wall -Wshadow -Werror -Wsign-compare -DXP_UNIX -DXP_UNIX -UDEBUG -DNDEBUG -D_DEFAULT_SOURCE -D_BSD_SOURCE -D_POSIX_SOURCE -DSDB_MEASURE_USE_TEMP_DIR -D_REENTRANT -UDEBUG -DNDEBUG -D_DEFAULT_SOURCE -D_BSD_SOURCE -D_POSIX_SOURCE -DSDB_MEASURE_USE_TEMP_DIR -D_REENTRANT -DNSS_DISABLE_SSE3 -DNSS_NO_INIT_SUPPORT -DUSE_UTIL_DIRECTLY -DNO_NSPR_10_SUPPORT -DSSL_DISABLE_DEPRECATED_CIPHER_SUITE_NAMES -DNSS_USE_STATIC_LIBS -I../../gtests/google_test/gtest/include -I../../gtests/common -I../../cpputil -I/home/ffortier/code/perso/nss/../nspr/dist/include/nspr -I../../../dist/Linux6.6_x86_64_cc_glibc_PTH_64_OPT.OBJ/include -I../../../dist/public/nss -I../../../dist/private/nss -I../../../dist/public/nspr -I../../../dist/public/nss -I../../../dist/public/libdbm -I../../../dist/public/gtest -I../../../dist/public/cpputil  -I../../lib/ssl -std=c++0x ssl_fragment_unittest.cc
g++ -o Linux6.6_x86_64_cc_glibc_PTH_64_OPT.OBJ/ssl_fuzz_unittest.o -c -std=c++11 -O2 -fPIC  -m64 -pipe -ffunction-sections -fdata-sections -DHAVE_STRERROR -DLINUX -Dlinux -Wall -Wshadow -Werror -Wsign-compare -DXP_UNIX -DXP_UNIX -UDEBUG -DNDEBUG -D_DEFAULT_SOURCE -D_BSD_SOURCE -D_POSIX_SOURCE -DSDB_MEASURE_USE_TEMP_DIR -D_REENTRANT -UDEBUG -DNDEBUG -D_DEFAULT_SOURCE -D_BSD_SOURCE -D_POSIX_SOURCE -DSDB_MEASURE_USE_TEMP_DIR -D_REENTRANT -DNSS_DISABLE_SSE3 -DNSS_NO_INIT_SUPPORT -DUSE_UTIL_DIRECTLY -DNO_NSPR_10_SUPPORT -DSSL_DISABLE_DEPRECATED_CIPHER_SUITE_NAMES -DNSS_USE_STATIC_LIBS -I../../gtests/google_test/gtest/include -I../../gtests/common -I../../cpputil -I/home/ffortier/code/perso/nss/../nspr/dist/include/nspr -I../../../dist/Linux6.6_x86_64_cc_glibc_PTH_64_OPT.OBJ/include -I../../../dist/public/nss -I../../../dist/private/nss -I../../../dist/public/nspr -I../../../dist/public/nss -I../../../dist/public/libdbm -I../../../dist/public/gtest -I../../../dist/public/cpputil  -I../../lib/ssl -std=c++0x ssl_fuzz_unittest.cc
g++ -o Linux6.6_x86_64_cc_glibc_PTH_64_OPT.OBJ/ssl_gather_unittest.o -c -std=c++11 -O2 -fPIC  -m64 -pipe -ffunction-sections -fdata-sections -DHAVE_STRERROR -DLINUX -Dlinux -Wall -Wshadow -Werror -Wsign-compare -DXP_UNIX -DXP_UNIX -UDEBUG -DNDEBUG -D_DEFAULT_SOURCE -D_BSD_SOURCE -D_POSIX_SOURCE -DSDB_MEASURE_USE_TEMP_DIR -D_REENTRANT -UDEBUG -DNDEBUG -D_DEFAULT_SOURCE -D_BSD_SOURCE -D_POSIX_SOURCE -DSDB_MEASURE_USE_TEMP_DIR -D_REENTRANT -DNSS_DISABLE_SSE3 -DNSS_NO_INIT_SUPPORT -DUSE_UTIL_DIRECTLY -DNO_NSPR_10_SUPPORT -DSSL_DISABLE_DEPRECATED_CIPHER_SUITE_NAMES -DNSS_USE_STATIC_LIBS -I../../gtests/google_test/gtest/include -I../../gtests/common -I../../cpputil -I/home/ffortier/code/perso/nss/../nspr/dist/include/nspr -I../../../dist/Linux6.6_x86_64_cc_glibc_PTH_64_OPT.OBJ/include -I../../../dist/public/nss -I../../../dist/private/nss -I../../../dist/public/nspr -I../../../dist/public/nss -I../../../dist/public/libdbm -I../../../dist/public/gtest -I../../../dist/public/cpputil  -I../../lib/ssl -std=c++0x ssl_gather_unittest.cc
g++ -o Linux6.6_x86_64_cc_glibc_PTH_64_OPT.OBJ/ssl_gtest.o -c -std=c++11 -O2 -fPIC  -m64 -pipe -ffunction-sections -fdata-sections -DHAVE_STRERROR -DLINUX -Dlinux -Wall -Wshadow -Werror -Wsign-compare -DXP_UNIX -DXP_UNIX -UDEBUG -DNDEBUG -D_DEFAULT_SOURCE -D_BSD_SOURCE -D_POSIX_SOURCE -DSDB_MEASURE_USE_TEMP_DIR -D_REENTRANT -UDEBUG -DNDEBUG -D_DEFAULT_SOURCE -D_BSD_SOURCE -D_POSIX_SOURCE -DSDB_MEASURE_USE_TEMP_DIR -D_REENTRANT -DNSS_DISABLE_SSE3 -DNSS_NO_INIT_SUPPORT -DUSE_UTIL_DIRECTLY -DNO_NSPR_10_SUPPORT -DSSL_DISABLE_DEPRECATED_CIPHER_SUITE_NAMES -DNSS_USE_STATIC_LIBS -I../../gtests/google_test/gtest/include -I../../gtests/common -I../../cpputil -I/home/ffortier/code/perso/nss/../nspr/dist/include/nspr -I../../../dist/Linux6.6_x86_64_cc_glibc_PTH_64_OPT.OBJ/include -I../../../dist/public/nss -I../../../dist/private/nss -I../../../dist/public/nspr -I../../../dist/public/nss -I../../../dist/public/libdbm -I../../../dist/public/gtest -I../../../dist/public/cpputil  -I../../lib/ssl -std=c++0x ssl_gtest.cc
g++ -o Linux6.6_x86_64_cc_glibc_PTH_64_OPT.OBJ/ssl_hrr_unittest.o -c -std=c++11 -O2 -fPIC  -m64 -pipe -ffunction-sections -fdata-sections -DHAVE_STRERROR -DLINUX -Dlinux -Wall -Wshadow -Werror -Wsign-compare -DXP_UNIX -DXP_UNIX -UDEBUG -DNDEBUG -D_DEFAULT_SOURCE -D_BSD_SOURCE -D_POSIX_SOURCE -DSDB_MEASURE_USE_TEMP_DIR -D_REENTRANT -UDEBUG -DNDEBUG -D_DEFAULT_SOURCE -D_BSD_SOURCE -D_POSIX_SOURCE -DSDB_MEASURE_USE_TEMP_DIR -D_REENTRANT -DNSS_DISABLE_SSE3 -DNSS_NO_INIT_SUPPORT -DUSE_UTIL_DIRECTLY -DNO_NSPR_10_SUPPORT -DSSL_DISABLE_DEPRECATED_CIPHER_SUITE_NAMES -DNSS_USE_STATIC_LIBS -I../../gtests/google_test/gtest/include -I../../gtests/common -I../../cpputil -I/home/ffortier/code/perso/nss/../nspr/dist/include/nspr -I../../../dist/Linux6.6_x86_64_cc_glibc_PTH_64_OPT.OBJ/include -I../../../dist/public/nss -I../../../dist/private/nss -I../../../dist/public/nspr -I../../../dist/public/nss -I../../../dist/public/libdbm -I../../../dist/public/gtest -I../../../dist/public/cpputil  -I../../lib/ssl -std=c++0x ssl_hrr_unittest.cc
g++ -o Linux6.6_x86_64_cc_glibc_PTH_64_OPT.OBJ/ssl_keyupdate_unittest.o -c -std=c++11 -O2 -fPIC  -m64 -pipe -ffunction-sections -fdata-sections -DHAVE_STRERROR -DLINUX -Dlinux -Wall -Wshadow -Werror -Wsign-compare -DXP_UNIX -DXP_UNIX -UDEBUG -DNDEBUG -D_DEFAULT_SOURCE -D_BSD_SOURCE -D_POSIX_SOURCE -DSDB_MEASURE_USE_TEMP_DIR -D_REENTRANT -UDEBUG -DNDEBUG -D_DEFAULT_SOURCE -D_BSD_SOURCE -D_POSIX_SOURCE -DSDB_MEASURE_USE_TEMP_DIR -D_REENTRANT -DNSS_DISABLE_SSE3 -DNSS_NO_INIT_SUPPORT -DUSE_UTIL_DIRECTLY -DNO_NSPR_10_SUPPORT -DSSL_DISABLE_DEPRECATED_CIPHER_SUITE_NAMES -DNSS_USE_STATIC_LIBS -I../../gtests/google_test/gtest/include -I../../gtests/common -I../../cpputil -I/home/ffortier/code/perso/nss/../nspr/dist/include/nspr -I../../../dist/Linux6.6_x86_64_cc_glibc_PTH_64_OPT.OBJ/include -I../../../dist/public/nss -I../../../dist/private/nss -I../../../dist/public/nspr -I../../../dist/public/nss -I../../../dist/public/libdbm -I../../../dist/public/gtest -I../../../dist/public/cpputil  -I../../lib/ssl -std=c++0x ssl_keyupdate_unittest.cc
g++ -o Linux6.6_x86_64_cc_glibc_PTH_64_OPT.OBJ/ssl_loopback_unittest.o -c -std=c++11 -O2 -fPIC  -m64 -pipe -ffunction-sections -fdata-sections -DHAVE_STRERROR -DLINUX -Dlinux -Wall -Wshadow -Werror -Wsign-compare -DXP_UNIX -DXP_UNIX -UDEBUG -DNDEBUG -D_DEFAULT_SOURCE -D_BSD_SOURCE -D_POSIX_SOURCE -DSDB_MEASURE_USE_TEMP_DIR -D_REENTRANT -UDEBUG -DNDEBUG -D_DEFAULT_SOURCE -D_BSD_SOURCE -D_POSIX_SOURCE -DSDB_MEASURE_USE_TEMP_DIR -D_REENTRANT -DNSS_DISABLE_SSE3 -DNSS_NO_INIT_SUPPORT -DUSE_UTIL_DIRECTLY -DNO_NSPR_10_SUPPORT -DSSL_DISABLE_DEPRECATED_CIPHER_SUITE_NAMES -DNSS_USE_STATIC_LIBS -I../../gtests/google_test/gtest/include -I../../gtests/common -I../../cpputil -I/home/ffortier/code/perso/nss/../nspr/dist/include/nspr -I../../../dist/Linux6.6_x86_64_cc_glibc_PTH_64_OPT.OBJ/include -I../../../dist/public/nss -I../../../dist/private/nss -I../../../dist/public/nspr -I../../../dist/public/nss -I../../../dist/public/libdbm -I../../../dist/public/gtest -I../../../dist/public/cpputil  -I../../lib/ssl -std=c++0x ssl_loopback_unittest.cc
g++ -o Linux6.6_x86_64_cc_glibc_PTH_64_OPT.OBJ/ssl_masking_unittest.o -c -std=c++11 -O2 -fPIC  -m64 -pipe -ffunction-sections -fdata-sections -DHAVE_STRERROR -DLINUX -Dlinux -Wall -Wshadow -Werror -Wsign-compare -DXP_UNIX -DXP_UNIX -UDEBUG -DNDEBUG -D_DEFAULT_SOURCE -D_BSD_SOURCE -D_POSIX_SOURCE -DSDB_MEASURE_USE_TEMP_DIR -D_REENTRANT -UDEBUG -DNDEBUG -D_DEFAULT_SOURCE -D_BSD_SOURCE -D_POSIX_SOURCE -DSDB_MEASURE_USE_TEMP_DIR -D_REENTRANT -DNSS_DISABLE_SSE3 -DNSS_NO_INIT_SUPPORT -DUSE_UTIL_DIRECTLY -DNO_NSPR_10_SUPPORT -DSSL_DISABLE_DEPRECATED_CIPHER_SUITE_NAMES -DNSS_USE_STATIC_LIBS -I../../gtests/google_test/gtest/include -I../../gtests/common -I../../cpputil -I/home/ffortier/code/perso/nss/../nspr/dist/include/nspr -I../../../dist/Linux6.6_x86_64_cc_glibc_PTH_64_OPT.OBJ/include -I../../../dist/public/nss -I../../../dist/private/nss -I../../../dist/public/nspr -I../../../dist/public/nss -I../../../dist/public/libdbm -I../../../dist/public/gtest -I../../../dist/public/cpputil  -I../../lib/ssl -std=c++0x ssl_masking_unittest.cc
g++ -o Linux6.6_x86_64_cc_glibc_PTH_64_OPT.OBJ/ssl_misc_unittest.o -c -std=c++11 -O2 -fPIC  -m64 -pipe -ffunction-sections -fdata-sections -DHAVE_STRERROR -DLINUX -Dlinux -Wall -Wshadow -Werror -Wsign-compare -DXP_UNIX -DXP_UNIX -UDEBUG -DNDEBUG -D_DEFAULT_SOURCE -D_BSD_SOURCE -D_POSIX_SOURCE -DSDB_MEASURE_USE_TEMP_DIR -D_REENTRANT -UDEBUG -DNDEBUG -D_DEFAULT_SOURCE -D_BSD_SOURCE -D_POSIX_SOURCE -DSDB_MEASURE_USE_TEMP_DIR -D_REENTRANT -DNSS_DISABLE_SSE3 -DNSS_NO_INIT_SUPPORT -DUSE_UTIL_DIRECTLY -DNO_NSPR_10_SUPPORT -DSSL_DISABLE_DEPRECATED_CIPHER_SUITE_NAMES -DNSS_USE_STATIC_LIBS -I../../gtests/google_test/gtest/include -I../../gtests/common -I../../cpputil -I/home/ffortier/code/perso/nss/../nspr/dist/include/nspr -I../../../dist/Linux6.6_x86_64_cc_glibc_PTH_64_OPT.OBJ/include -I../../../dist/public/nss -I../../../dist/private/nss -I../../../dist/public/nspr -I../../../dist/public/nss -I../../../dist/public/libdbm -I../../../dist/public/gtest -I../../../dist/public/cpputil  -I../../lib/ssl -std=c++0x ssl_misc_unittest.cc
g++ -o Linux6.6_x86_64_cc_glibc_PTH_64_OPT.OBJ/ssl_option_unittest.o -c -std=c++11 -O2 -fPIC  -m64 -pipe -ffunction-sections -fdata-sections -DHAVE_STRERROR -DLINUX -Dlinux -Wall -Wshadow -Werror -Wsign-compare -DXP_UNIX -DXP_UNIX -UDEBUG -DNDEBUG -D_DEFAULT_SOURCE -D_BSD_SOURCE -D_POSIX_SOURCE -DSDB_MEASURE_USE_TEMP_DIR -D_REENTRANT -UDEBUG -DNDEBUG -D_DEFAULT_SOURCE -D_BSD_SOURCE -D_POSIX_SOURCE -DSDB_MEASURE_USE_TEMP_DIR -D_REENTRANT -DNSS_DISABLE_SSE3 -DNSS_NO_INIT_SUPPORT -DUSE_UTIL_DIRECTLY -DNO_NSPR_10_SUPPORT -DSSL_DISABLE_DEPRECATED_CIPHER_SUITE_NAMES -DNSS_USE_STATIC_LIBS -I../../gtests/google_test/gtest/include -I../../gtests/common -I../../cpputil -I/home/ffortier/code/perso/nss/../nspr/dist/include/nspr -I../../../dist/Linux6.6_x86_64_cc_glibc_PTH_64_OPT.OBJ/include -I../../../dist/public/nss -I../../../dist/private/nss -I../../../dist/public/nspr -I../../../dist/public/nss -I../../../dist/public/libdbm -I../../../dist/public/gtest -I../../../dist/public/cpputil  -I../../lib/ssl -std=c++0x ssl_option_unittest.cc
g++ -o Linux6.6_x86_64_cc_glibc_PTH_64_OPT.OBJ/ssl_record_unittest.o -c -std=c++11 -O2 -fPIC  -m64 -pipe -ffunction-sections -fdata-sections -DHAVE_STRERROR -DLINUX -Dlinux -Wall -Wshadow -Werror -Wsign-compare -DXP_UNIX -DXP_UNIX -UDEBUG -DNDEBUG -D_DEFAULT_SOURCE -D_BSD_SOURCE -D_POSIX_SOURCE -DSDB_MEASURE_USE_TEMP_DIR -D_REENTRANT -UDEBUG -DNDEBUG -D_DEFAULT_SOURCE -D_BSD_SOURCE -D_POSIX_SOURCE -DSDB_MEASURE_USE_TEMP_DIR -D_REENTRANT -DNSS_DISABLE_SSE3 -DNSS_NO_INIT_SUPPORT -DUSE_UTIL_DIRECTLY -DNO_NSPR_10_SUPPORT -DSSL_DISABLE_DEPRECATED_CIPHER_SUITE_NAMES -DNSS_USE_STATIC_LIBS -I../../gtests/google_test/gtest/include -I../../gtests/common -I../../cpputil -I/home/ffortier/code/perso/nss/../nspr/dist/include/nspr -I../../../dist/Linux6.6_x86_64_cc_glibc_PTH_64_OPT.OBJ/include -I../../../dist/public/nss -I../../../dist/private/nss -I../../../dist/public/nspr -I../../../dist/public/nss -I../../../dist/public/libdbm -I../../../dist/public/gtest -I../../../dist/public/cpputil  -I../../lib/ssl -std=c++0x ssl_record_unittest.cc
g++ -o Linux6.6_x86_64_cc_glibc_PTH_64_OPT.OBJ/ssl_recordsep_unittest.o -c -std=c++11 -O2 -fPIC  -m64 -pipe -ffunction-sections -fdata-sections -DHAVE_STRERROR -DLINUX -Dlinux -Wall -Wshadow -Werror -Wsign-compare -DXP_UNIX -DXP_UNIX -UDEBUG -DNDEBUG -D_DEFAULT_SOURCE -D_BSD_SOURCE -D_POSIX_SOURCE -DSDB_MEASURE_USE_TEMP_DIR -D_REENTRANT -UDEBUG -DNDEBUG -D_DEFAULT_SOURCE -D_BSD_SOURCE -D_POSIX_SOURCE -DSDB_MEASURE_USE_TEMP_DIR -D_REENTRANT -DNSS_DISABLE_SSE3 -DNSS_NO_INIT_SUPPORT -DUSE_UTIL_DIRECTLY -DNO_NSPR_10_SUPPORT -DSSL_DISABLE_DEPRECATED_CIPHER_SUITE_NAMES -DNSS_USE_STATIC_LIBS -I../../gtests/google_test/gtest/include -I../../gtests/common -I../../cpputil -I/home/ffortier/code/perso/nss/../nspr/dist/include/nspr -I../../../dist/Linux6.6_x86_64_cc_glibc_PTH_64_OPT.OBJ/include -I../../../dist/public/nss -I../../../dist/private/nss -I../../../dist/public/nspr -I../../../dist/public/nss -I../../../dist/public/libdbm -I../../../dist/public/gtest -I../../../dist/public/cpputil  -I../../lib/ssl -std=c++0x ssl_recordsep_unittest.cc
g++ -o Linux6.6_x86_64_cc_glibc_PTH_64_OPT.OBJ/ssl_recordsize_unittest.o -c -std=c++11 -O2 -fPIC  -m64 -pipe -ffunction-sections -fdata-sections -DHAVE_STRERROR -DLINUX -Dlinux -Wall -Wshadow -Werror -Wsign-compare -DXP_UNIX -DXP_UNIX -UDEBUG -DNDEBUG -D_DEFAULT_SOURCE -D_BSD_SOURCE -D_POSIX_SOURCE -DSDB_MEASURE_USE_TEMP_DIR -D_REENTRANT -UDEBUG -DNDEBUG -D_DEFAULT_SOURCE -D_BSD_SOURCE -D_POSIX_SOURCE -DSDB_MEASURE_USE_TEMP_DIR -D_REENTRANT -DNSS_DISABLE_SSE3 -DNSS_NO_INIT_SUPPORT -DUSE_UTIL_DIRECTLY -DNO_NSPR_10_SUPPORT -DSSL_DISABLE_DEPRECATED_CIPHER_SUITE_NAMES -DNSS_USE_STATIC_LIBS -I../../gtests/google_test/gtest/include -I../../gtests/common -I../../cpputil -I/home/ffortier/code/perso/nss/../nspr/dist/include/nspr -I../../../dist/Linux6.6_x86_64_cc_glibc_PTH_64_OPT.OBJ/include -I../../../dist/public/nss -I../../../dist/private/nss -I../../../dist/public/nspr -I../../../dist/public/nss -I../../../dist/public/libdbm -I../../../dist/public/gtest -I../../../dist/public/cpputil  -I../../lib/ssl -std=c++0x ssl_recordsize_unittest.cc
g++ -o Linux6.6_x86_64_cc_glibc_PTH_64_OPT.OBJ/ssl_renegotiation_unittest.o -c -std=c++11 -O2 -fPIC  -m64 -pipe -ffunction-sections -fdata-sections -DHAVE_STRERROR -DLINUX -Dlinux -Wall -Wshadow -Werror -Wsign-compare -DXP_UNIX -DXP_UNIX -UDEBUG -DNDEBUG -D_DEFAULT_SOURCE -D_BSD_SOURCE -D_POSIX_SOURCE -DSDB_MEASURE_USE_TEMP_DIR -D_REENTRANT -UDEBUG -DNDEBUG -D_DEFAULT_SOURCE -D_BSD_SOURCE -D_POSIX_SOURCE -DSDB_MEASURE_USE_TEMP_DIR -D_REENTRANT -DNSS_DISABLE_SSE3 -DNSS_NO_INIT_SUPPORT -DUSE_UTIL_DIRECTLY -DNO_NSPR_10_SUPPORT -DSSL_DISABLE_DEPRECATED_CIPHER_SUITE_NAMES -DNSS_USE_STATIC_LIBS -I../../gtests/google_test/gtest/include -I../../gtests/common -I../../cpputil -I/home/ffortier/code/perso/nss/../nspr/dist/include/nspr -I../../../dist/Linux6.6_x86_64_cc_glibc_PTH_64_OPT.OBJ/include -I../../../dist/public/nss -I../../../dist/private/nss -I../../../dist/public/nspr -I../../../dist/public/nss -I../../../dist/public/libdbm -I../../../dist/public/gtest -I../../../dist/public/cpputil  -I../../lib/ssl -std=c++0x ssl_renegotiation_unittest.cc
g++ -o Linux6.6_x86_64_cc_glibc_PTH_64_OPT.OBJ/ssl_resumption_unittest.o -c -std=c++11 -O2 -fPIC  -m64 -pipe -ffunction-sections -fdata-sections -DHAVE_STRERROR -DLINUX -Dlinux -Wall -Wshadow -Werror -Wsign-compare -DXP_UNIX -DXP_UNIX -UDEBUG -DNDEBUG -D_DEFAULT_SOURCE -D_BSD_SOURCE -D_POSIX_SOURCE -DSDB_MEASURE_USE_TEMP_DIR -D_REENTRANT -UDEBUG -DNDEBUG -D_DEFAULT_SOURCE -D_BSD_SOURCE -D_POSIX_SOURCE -DSDB_MEASURE_USE_TEMP_DIR -D_REENTRANT -DNSS_DISABLE_SSE3 -DNSS_NO_INIT_SUPPORT -DUSE_UTIL_DIRECTLY -DNO_NSPR_10_SUPPORT -DSSL_DISABLE_DEPRECATED_CIPHER_SUITE_NAMES -DNSS_USE_STATIC_LIBS -I../../gtests/google_test/gtest/include -I../../gtests/common -I../../cpputil -I/home/ffortier/code/perso/nss/../nspr/dist/include/nspr -I../../../dist/Linux6.6_x86_64_cc_glibc_PTH_64_OPT.OBJ/include -I../../../dist/public/nss -I../../../dist/private/nss -I../../../dist/public/nspr -I../../../dist/public/nss -I../../../dist/public/libdbm -I../../../dist/public/gtest -I../../../dist/public/cpputil  -I../../lib/ssl -std=c++0x ssl_resumption_unittest.cc
g++ -o Linux6.6_x86_64_cc_glibc_PTH_64_OPT.OBJ/ssl_skip_unittest.o -c -std=c++11 -O2 -fPIC  -m64 -pipe -ffunction-sections -fdata-sections -DHAVE_STRERROR -DLINUX -Dlinux -Wall -Wshadow -Werror -Wsign-compare -DXP_UNIX -DXP_UNIX -UDEBUG -DNDEBUG -D_DEFAULT_SOURCE -D_BSD_SOURCE -D_POSIX_SOURCE -DSDB_MEASURE_USE_TEMP_DIR -D_REENTRANT -UDEBUG -DNDEBUG -D_DEFAULT_SOURCE -D_BSD_SOURCE -D_POSIX_SOURCE -DSDB_MEASURE_USE_TEMP_DIR -D_REENTRANT -DNSS_DISABLE_SSE3 -DNSS_NO_INIT_SUPPORT -DUSE_UTIL_DIRECTLY -DNO_NSPR_10_SUPPORT -DSSL_DISABLE_DEPRECATED_CIPHER_SUITE_NAMES -DNSS_USE_STATIC_LIBS -I../../gtests/google_test/gtest/include -I../../gtests/common -I../../cpputil -I/home/ffortier/code/perso/nss/../nspr/dist/include/nspr -I../../../dist/Linux6.6_x86_64_cc_glibc_PTH_64_OPT.OBJ/include -I../../../dist/public/nss -I../../../dist/private/nss -I../../../dist/public/nspr -I../../../dist/public/nss -I../../../dist/public/libdbm -I../../../dist/public/gtest -I../../../dist/public/cpputil  -I../../lib/ssl -std=c++0x ssl_skip_unittest.cc
g++ -o Linux6.6_x86_64_cc_glibc_PTH_64_OPT.OBJ/ssl_staticrsa_unittest.o -c -std=c++11 -O2 -fPIC  -m64 -pipe -ffunction-sections -fdata-sections -DHAVE_STRERROR -DLINUX -Dlinux -Wall -Wshadow -Werror -Wsign-compare -DXP_UNIX -DXP_UNIX -UDEBUG -DNDEBUG -D_DEFAULT_SOURCE -D_BSD_SOURCE -D_POSIX_SOURCE -DSDB_MEASURE_USE_TEMP_DIR -D_REENTRANT -UDEBUG -DNDEBUG -D_DEFAULT_SOURCE -D_BSD_SOURCE -D_POSIX_SOURCE -DSDB_MEASURE_USE_TEMP_DIR -D_REENTRANT -DNSS_DISABLE_SSE3 -DNSS_NO_INIT_SUPPORT -DUSE_UTIL_DIRECTLY -DNO_NSPR_10_SUPPORT -DSSL_DISABLE_DEPRECATED_CIPHER_SUITE_NAMES -DNSS_USE_STATIC_LIBS -I../../gtests/google_test/gtest/include -I../../gtests/common -I../../cpputil -I/home/ffortier/code/perso/nss/../nspr/dist/include/nspr -I../../../dist/Linux6.6_x86_64_cc_glibc_PTH_64_OPT.OBJ/include -I../../../dist/public/nss -I../../../dist/private/nss -I../../../dist/public/nspr -I../../../dist/public/nss -I../../../dist/public/libdbm -I../../../dist/public/gtest -I../../../dist/public/cpputil  -I../../lib/ssl -std=c++0x ssl_staticrsa_unittest.cc
g++ -o Linux6.6_x86_64_cc_glibc_PTH_64_OPT.OBJ/ssl_tls13compat_unittest.o -c -std=c++11 -O2 -fPIC  -m64 -pipe -ffunction-sections -fdata-sections -DHAVE_STRERROR -DLINUX -Dlinux -Wall -Wshadow -Werror -Wsign-compare -DXP_UNIX -DXP_UNIX -UDEBUG -DNDEBUG -D_DEFAULT_SOURCE -D_BSD_SOURCE -D_POSIX_SOURCE -DSDB_MEASURE_USE_TEMP_DIR -D_REENTRANT -UDEBUG -DNDEBUG -D_DEFAULT_SOURCE -D_BSD_SOURCE -D_POSIX_SOURCE -DSDB_MEASURE_USE_TEMP_DIR -D_REENTRANT -DNSS_DISABLE_SSE3 -DNSS_NO_INIT_SUPPORT -DUSE_UTIL_DIRECTLY -DNO_NSPR_10_SUPPORT -DSSL_DISABLE_DEPRECATED_CIPHER_SUITE_NAMES -DNSS_USE_STATIC_LIBS -I../../gtests/google_test/gtest/include -I../../gtests/common -I../../cpputil -I/home/ffortier/code/perso/nss/../nspr/dist/include/nspr -I../../../dist/Linux6.6_x86_64_cc_glibc_PTH_64_OPT.OBJ/include -I../../../dist/public/nss -I../../../dist/private/nss -I../../../dist/public/nspr -I../../../dist/public/nss -I../../../dist/public/libdbm -I../../../dist/public/gtest -I../../../dist/public/cpputil  -I../../lib/ssl -std=c++0x ssl_tls13compat_unittest.cc
g++ -o Linux6.6_x86_64_cc_glibc_PTH_64_OPT.OBJ/ssl_v2_client_hello_unittest.o -c -std=c++11 -O2 -fPIC  -m64 -pipe -ffunction-sections -fdata-sections -DHAVE_STRERROR -DLINUX -Dlinux -Wall -Wshadow -Werror -Wsign-compare -DXP_UNIX -DXP_UNIX -UDEBUG -DNDEBUG -D_DEFAULT_SOURCE -D_BSD_SOURCE -D_POSIX_SOURCE -DSDB_MEASURE_USE_TEMP_DIR -D_REENTRANT -UDEBUG -DNDEBUG -D_DEFAULT_SOURCE -D_BSD_SOURCE -D_POSIX_SOURCE -DSDB_MEASURE_USE_TEMP_DIR -D_REENTRANT -DNSS_DISABLE_SSE3 -DNSS_NO_INIT_SUPPORT -DUSE_UTIL_DIRECTLY -DNO_NSPR_10_SUPPORT -DSSL_DISABLE_DEPRECATED_CIPHER_SUITE_NAMES -DNSS_USE_STATIC_LIBS -I../../gtests/google_test/gtest/include -I../../gtests/common -I../../cpputil -I/home/ffortier/code/perso/nss/../nspr/dist/include/nspr -I../../../dist/Linux6.6_x86_64_cc_glibc_PTH_64_OPT.OBJ/include -I../../../dist/public/nss -I../../../dist/private/nss -I../../../dist/public/nspr -I../../../dist/public/nss -I../../../dist/public/libdbm -I../../../dist/public/gtest -I../../../dist/public/cpputil  -I../../lib/ssl -std=c++0x ssl_v2_client_hello_unittest.cc
g++ -o Linux6.6_x86_64_cc_glibc_PTH_64_OPT.OBJ/ssl_version_unittest.o -c -std=c++11 -O2 -fPIC  -m64 -pipe -ffunction-sections -fdata-sections -DHAVE_STRERROR -DLINUX -Dlinux -Wall -Wshadow -Werror -Wsign-compare -DXP_UNIX -DXP_UNIX -UDEBUG -DNDEBUG -D_DEFAULT_SOURCE -D_BSD_SOURCE -D_POSIX_SOURCE -DSDB_MEASURE_USE_TEMP_DIR -D_REENTRANT -UDEBUG -DNDEBUG -D_DEFAULT_SOURCE -D_BSD_SOURCE -D_POSIX_SOURCE -DSDB_MEASURE_USE_TEMP_DIR -D_REENTRANT -DNSS_DISABLE_SSE3 -DNSS_NO_INIT_SUPPORT -DUSE_UTIL_DIRECTLY -DNO_NSPR_10_SUPPORT -DSSL_DISABLE_DEPRECATED_CIPHER_SUITE_NAMES -DNSS_USE_STATIC_LIBS -I../../gtests/google_test/gtest/include -I../../gtests/common -I../../cpputil -I/home/ffortier/code/perso/nss/../nspr/dist/include/nspr -I../../../dist/Linux6.6_x86_64_cc_glibc_PTH_64_OPT.OBJ/include -I../../../dist/public/nss -I../../../dist/private/nss -I../../../dist/public/nspr -I../../../dist/public/nss -I../../../dist/public/libdbm -I../../../dist/public/gtest -I../../../dist/public/cpputil  -I../../lib/ssl -std=c++0x ssl_version_unittest.cc
g++ -o Linux6.6_x86_64_cc_glibc_PTH_64_OPT.OBJ/ssl_versionpolicy_unittest.o -c -std=c++11 -O2 -fPIC  -m64 -pipe -ffunction-sections -fdata-sections -DHAVE_STRERROR -DLINUX -Dlinux -Wall -Wshadow -Werror -Wsign-compare -DXP_UNIX -DXP_UNIX -UDEBUG -DNDEBUG -D_DEFAULT_SOURCE -D_BSD_SOURCE -D_POSIX_SOURCE -DSDB_MEASURE_USE_TEMP_DIR -D_REENTRANT -UDEBUG -DNDEBUG -D_DEFAULT_SOURCE -D_BSD_SOURCE -D_POSIX_SOURCE -DSDB_MEASURE_USE_TEMP_DIR -D_REENTRANT -DNSS_DISABLE_SSE3 -DNSS_NO_INIT_SUPPORT -DUSE_UTIL_DIRECTLY -DNO_NSPR_10_SUPPORT -DSSL_DISABLE_DEPRECATED_CIPHER_SUITE_NAMES -DNSS_USE_STATIC_LIBS -I../../gtests/google_test/gtest/include -I../../gtests/common -I../../cpputil -I/home/ffortier/code/perso/nss/../nspr/dist/include/nspr -I../../../dist/Linux6.6_x86_64_cc_glibc_PTH_64_OPT.OBJ/include -I../../../dist/public/nss -I../../../dist/private/nss -I../../../dist/public/nspr -I../../../dist/public/nss -I../../../dist/public/libdbm -I../../../dist/public/gtest -I../../../dist/public/cpputil  -I../../lib/ssl -std=c++0x ssl_versionpolicy_unittest.cc
g++ -o Linux6.6_x86_64_cc_glibc_PTH_64_OPT.OBJ/test_io.o -c -std=c++11 -O2 -fPIC  -m64 -pipe -ffunction-sections -fdata-sections -DHAVE_STRERROR -DLINUX -Dlinux -Wall -Wshadow -Werror -Wsign-compare -DXP_UNIX -DXP_UNIX -UDEBUG -DNDEBUG -D_DEFAULT_SOURCE -D_BSD_SOURCE -D_POSIX_SOURCE -DSDB_MEASURE_USE_TEMP_DIR -D_REENTRANT -UDEBUG -DNDEBUG -D_DEFAULT_SOURCE -D_BSD_SOURCE -D_POSIX_SOURCE -DSDB_MEASURE_USE_TEMP_DIR -D_REENTRANT -DNSS_DISABLE_SSE3 -DNSS_NO_INIT_SUPPORT -DUSE_UTIL_DIRECTLY -DNO_NSPR_10_SUPPORT -DSSL_DISABLE_DEPRECATED_CIPHER_SUITE_NAMES -DNSS_USE_STATIC_LIBS -I../../gtests/google_test/gtest/include -I../../gtests/common -I../../cpputil -I/home/ffortier/code/perso/nss/../nspr/dist/include/nspr -I../../../dist/Linux6.6_x86_64_cc_glibc_PTH_64_OPT.OBJ/include -I../../../dist/public/nss -I../../../dist/private/nss -I../../../dist/public/nspr -I../../../dist/public/nss -I../../../dist/public/libdbm -I../../../dist/public/gtest -I../../../dist/public/cpputil  -I../../lib/ssl -std=c++0x test_io.cc
g++ -o Linux6.6_x86_64_cc_glibc_PTH_64_OPT.OBJ/tls_agent.o -c -std=c++11 -O2 -fPIC  -m64 -pipe -ffunction-sections -fdata-sections -DHAVE_STRERROR -DLINUX -Dlinux -Wall -Wshadow -Werror -Wsign-compare -DXP_UNIX -DXP_UNIX -UDEBUG -DNDEBUG -D_DEFAULT_SOURCE -D_BSD_SOURCE -D_POSIX_SOURCE -DSDB_MEASURE_USE_TEMP_DIR -D_REENTRANT -UDEBUG -DNDEBUG -D_DEFAULT_SOURCE -D_BSD_SOURCE -D_POSIX_SOURCE -DSDB_MEASURE_USE_TEMP_DIR -D_REENTRANT -DNSS_DISABLE_SSE3 -DNSS_NO_INIT_SUPPORT -DUSE_UTIL_DIRECTLY -DNO_NSPR_10_SUPPORT -DSSL_DISABLE_DEPRECATED_CIPHER_SUITE_NAMES -DNSS_USE_STATIC_LIBS -I../../gtests/google_test/gtest/include -I../../gtests/common -I../../cpputil -I/home/ffortier/code/perso/nss/../nspr/dist/include/nspr -I../../../dist/Linux6.6_x86_64_cc_glibc_PTH_64_OPT.OBJ/include -I../../../dist/public/nss -I../../../dist/private/nss -I../../../dist/public/nspr -I../../../dist/public/nss -I../../../dist/public/libdbm -I../../../dist/public/gtest -I../../../dist/public/cpputil  -I../../lib/ssl -std=c++0x tls_agent.cc
g++ -o Linux6.6_x86_64_cc_glibc_PTH_64_OPT.OBJ/tls_connect.o -c -std=c++11 -O2 -fPIC  -m64 -pipe -ffunction-sections -fdata-sections -DHAVE_STRERROR -DLINUX -Dlinux -Wall -Wshadow -Werror -Wsign-compare -DXP_UNIX -DXP_UNIX -UDEBUG -DNDEBUG -D_DEFAULT_SOURCE -D_BSD_SOURCE -D_POSIX_SOURCE -DSDB_MEASURE_USE_TEMP_DIR -D_REENTRANT -UDEBUG -DNDEBUG -D_DEFAULT_SOURCE -D_BSD_SOURCE -D_POSIX_SOURCE -DSDB_MEASURE_USE_TEMP_DIR -D_REENTRANT -DNSS_DISABLE_SSE3 -DNSS_NO_INIT_SUPPORT -DUSE_UTIL_DIRECTLY -DNO_NSPR_10_SUPPORT -DSSL_DISABLE_DEPRECATED_CIPHER_SUITE_NAMES -DNSS_USE_STATIC_LIBS -I../../gtests/google_test/gtest/include -I../../gtests/common -I../../cpputil -I/home/ffortier/code/perso/nss/../nspr/dist/include/nspr -I../../../dist/Linux6.6_x86_64_cc_glibc_PTH_64_OPT.OBJ/include -I../../../dist/public/nss -I../../../dist/private/nss -I../../../dist/public/nspr -I../../../dist/public/nss -I../../../dist/public/libdbm -I../../../dist/public/gtest -I../../../dist/public/cpputil  -I../../lib/ssl -std=c++0x tls_connect.cc
g++ -o Linux6.6_x86_64_cc_glibc_PTH_64_OPT.OBJ/tls_ech_unittest.o -c -std=c++11 -O2 -fPIC  -m64 -pipe -ffunction-sections -fdata-sections -DHAVE_STRERROR -DLINUX -Dlinux -Wall -Wshadow -Werror -Wsign-compare -DXP_UNIX -DXP_UNIX -UDEBUG -DNDEBUG -D_DEFAULT_SOURCE -D_BSD_SOURCE -D_POSIX_SOURCE -DSDB_MEASURE_USE_TEMP_DIR -D_REENTRANT -UDEBUG -DNDEBUG -D_DEFAULT_SOURCE -D_BSD_SOURCE -D_POSIX_SOURCE -DSDB_MEASURE_USE_TEMP_DIR -D_REENTRANT -DNSS_DISABLE_SSE3 -DNSS_NO_INIT_SUPPORT -DUSE_UTIL_DIRECTLY -DNO_NSPR_10_SUPPORT -DSSL_DISABLE_DEPRECATED_CIPHER_SUITE_NAMES -DNSS_USE_STATIC_LIBS -I../../gtests/google_test/gtest/include -I../../gtests/common -I../../cpputil -I/home/ffortier/code/perso/nss/../nspr/dist/include/nspr -I../../../dist/Linux6.6_x86_64_cc_glibc_PTH_64_OPT.OBJ/include -I../../../dist/public/nss -I../../../dist/private/nss -I../../../dist/public/nspr -I../../../dist/public/nss -I../../../dist/public/libdbm -I../../../dist/public/gtest -I../../../dist/public/cpputil  -I../../lib/ssl -std=c++0x tls_ech_unittest.cc
g++ -o Linux6.6_x86_64_cc_glibc_PTH_64_OPT.OBJ/tls_filter.o -c -std=c++11 -O2 -fPIC  -m64 -pipe -ffunction-sections -fdata-sections -DHAVE_STRERROR -DLINUX -Dlinux -Wall -Wshadow -Werror -Wsign-compare -DXP_UNIX -DXP_UNIX -UDEBUG -DNDEBUG -D_DEFAULT_SOURCE -D_BSD_SOURCE -D_POSIX_SOURCE -DSDB_MEASURE_USE_TEMP_DIR -D_REENTRANT -UDEBUG -DNDEBUG -D_DEFAULT_SOURCE -D_BSD_SOURCE -D_POSIX_SOURCE -DSDB_MEASURE_USE_TEMP_DIR -D_REENTRANT -DNSS_DISABLE_SSE3 -DNSS_NO_INIT_SUPPORT -DUSE_UTIL_DIRECTLY -DNO_NSPR_10_SUPPORT -DSSL_DISABLE_DEPRECATED_CIPHER_SUITE_NAMES -DNSS_USE_STATIC_LIBS -I../../gtests/google_test/gtest/include -I../../gtests/common -I../../cpputil -I/home/ffortier/code/perso/nss/../nspr/dist/include/nspr -I../../../dist/Linux6.6_x86_64_cc_glibc_PTH_64_OPT.OBJ/include -I../../../dist/public/nss -I../../../dist/private/nss -I../../../dist/public/nspr -I../../../dist/public/nss -I../../../dist/public/libdbm -I../../../dist/public/gtest -I../../../dist/public/cpputil  -I../../lib/ssl -std=c++0x tls_filter.cc
g++ -o Linux6.6_x86_64_cc_glibc_PTH_64_OPT.OBJ/tls_hkdf_unittest.o -c -std=c++11 -O2 -fPIC  -m64 -pipe -ffunction-sections -fdata-sections -DHAVE_STRERROR -DLINUX -Dlinux -Wall -Wshadow -Werror -Wsign-compare -DXP_UNIX -DXP_UNIX -UDEBUG -DNDEBUG -D_DEFAULT_SOURCE -D_BSD_SOURCE -D_POSIX_SOURCE -DSDB_MEASURE_USE_TEMP_DIR -D_REENTRANT -UDEBUG -DNDEBUG -D_DEFAULT_SOURCE -D_BSD_SOURCE -D_POSIX_SOURCE -DSDB_MEASURE_USE_TEMP_DIR -D_REENTRANT -DNSS_DISABLE_SSE3 -DNSS_NO_INIT_SUPPORT -DUSE_UTIL_DIRECTLY -DNO_NSPR_10_SUPPORT -DSSL_DISABLE_DEPRECATED_CIPHER_SUITE_NAMES -DNSS_USE_STATIC_LIBS -I../../gtests/google_test/gtest/include -I../../gtests/common -I../../cpputil -I/home/ffortier/code/perso/nss/../nspr/dist/include/nspr -I../../../dist/Linux6.6_x86_64_cc_glibc_PTH_64_OPT.OBJ/include -I../../../dist/public/nss -I../../../dist/private/nss -I../../../dist/public/nspr -I../../../dist/public/nss -I../../../dist/public/libdbm -I../../../dist/public/gtest -I../../../dist/public/cpputil  -I../../lib/ssl -std=c++0x tls_hkdf_unittest.cc
g++ -o Linux6.6_x86_64_cc_glibc_PTH_64_OPT.OBJ/tls_mlkem_unittest.o -c -std=c++11 -O2 -fPIC  -m64 -pipe -ffunction-sections -fdata-sections -DHAVE_STRERROR -DLINUX -Dlinux -Wall -Wshadow -Werror -Wsign-compare -DXP_UNIX -DXP_UNIX -UDEBUG -DNDEBUG -D_DEFAULT_SOURCE -D_BSD_SOURCE -D_POSIX_SOURCE -DSDB_MEASURE_USE_TEMP_DIR -D_REENTRANT -UDEBUG -DNDEBUG -D_DEFAULT_SOURCE -D_BSD_SOURCE -D_POSIX_SOURCE -DSDB_MEASURE_USE_TEMP_DIR -D_REENTRANT -DNSS_DISABLE_SSE3 -DNSS_NO_INIT_SUPPORT -DUSE_UTIL_DIRECTLY -DNO_NSPR_10_SUPPORT -DSSL_DISABLE_DEPRECATED_CIPHER_SUITE_NAMES -DNSS_USE_STATIC_LIBS -I../../gtests/google_test/gtest/include -I../../gtests/common -I../../cpputil -I/home/ffortier/code/perso/nss/../nspr/dist/include/nspr -I../../../dist/Linux6.6_x86_64_cc_glibc_PTH_64_OPT.OBJ/include -I../../../dist/public/nss -I../../../dist/private/nss -I../../../dist/public/nspr -I../../../dist/public/nss -I../../../dist/public/libdbm -I../../../dist/public/gtest -I../../../dist/public/cpputil  -I../../lib/ssl -std=c++0x tls_mlkem_unittest.cc
g++ -o Linux6.6_x86_64_cc_glibc_PTH_64_OPT.OBJ/tls_protect.o -c -std=c++11 -O2 -fPIC  -m64 -pipe -ffunction-sections -fdata-sections -DHAVE_STRERROR -DLINUX -Dlinux -Wall -Wshadow -Werror -Wsign-compare -DXP_UNIX -DXP_UNIX -UDEBUG -DNDEBUG -D_DEFAULT_SOURCE -D_BSD_SOURCE -D_POSIX_SOURCE -DSDB_MEASURE_USE_TEMP_DIR -D_REENTRANT -UDEBUG -DNDEBUG -D_DEFAULT_SOURCE -D_BSD_SOURCE -D_POSIX_SOURCE -DSDB_MEASURE_USE_TEMP_DIR -D_REENTRANT -DNSS_DISABLE_SSE3 -DNSS_NO_INIT_SUPPORT -DUSE_UTIL_DIRECTLY -DNO_NSPR_10_SUPPORT -DSSL_DISABLE_DEPRECATED_CIPHER_SUITE_NAMES -DNSS_USE_STATIC_LIBS -I../../gtests/google_test/gtest/include -I../../gtests/common -I../../cpputil -I/home/ffortier/code/perso/nss/../nspr/dist/include/nspr -I../../../dist/Linux6.6_x86_64_cc_glibc_PTH_64_OPT.OBJ/include -I../../../dist/public/nss -I../../../dist/private/nss -I../../../dist/public/nspr -I../../../dist/public/nss -I../../../dist/public/libdbm -I../../../dist/public/gtest -I../../../dist/public/cpputil  -I../../lib/ssl -std=c++0x tls_protect.cc
g++ -o Linux6.6_x86_64_cc_glibc_PTH_64_OPT.OBJ/tls_psk_unittest.o -c -std=c++11 -O2 -fPIC  -m64 -pipe -ffunction-sections -fdata-sections -DHAVE_STRERROR -DLINUX -Dlinux -Wall -Wshadow -Werror -Wsign-compare -DXP_UNIX -DXP_UNIX -UDEBUG -DNDEBUG -D_DEFAULT_SOURCE -D_BSD_SOURCE -D_POSIX_SOURCE -DSDB_MEASURE_USE_TEMP_DIR -D_REENTRANT -UDEBUG -DNDEBUG -D_DEFAULT_SOURCE -D_BSD_SOURCE -D_POSIX_SOURCE -DSDB_MEASURE_USE_TEMP_DIR -D_REENTRANT -DNSS_DISABLE_SSE3 -DNSS_NO_INIT_SUPPORT -DUSE_UTIL_DIRECTLY -DNO_NSPR_10_SUPPORT -DSSL_DISABLE_DEPRECATED_CIPHER_SUITE_NAMES -DNSS_USE_STATIC_LIBS -I../../gtests/google_test/gtest/include -I../../gtests/common -I../../cpputil -I/home/ffortier/code/perso/nss/../nspr/dist/include/nspr -I../../../dist/Linux6.6_x86_64_cc_glibc_PTH_64_OPT.OBJ/include -I../../../dist/public/nss -I../../../dist/private/nss -I../../../dist/public/nspr -I../../../dist/public/nss -I../../../dist/public/libdbm -I../../../dist/public/gtest -I../../../dist/public/cpputil  -I../../lib/ssl -std=c++0x tls_psk_unittest.cc
g++ -o Linux6.6_x86_64_cc_glibc_PTH_64_OPT.OBJ/tls_subcerts_unittest.o -c -std=c++11 -O2 -fPIC  -m64 -pipe -ffunction-sections -fdata-sections -DHAVE_STRERROR -DLINUX -Dlinux -Wall -Wshadow -Werror -Wsign-compare -DXP_UNIX -DXP_UNIX -UDEBUG -DNDEBUG -D_DEFAULT_SOURCE -D_BSD_SOURCE -D_POSIX_SOURCE -DSDB_MEASURE_USE_TEMP_DIR -D_REENTRANT -UDEBUG -DNDEBUG -D_DEFAULT_SOURCE -D_BSD_SOURCE -D_POSIX_SOURCE -DSDB_MEASURE_USE_TEMP_DIR -D_REENTRANT -DNSS_DISABLE_SSE3 -DNSS_NO_INIT_SUPPORT -DUSE_UTIL_DIRECTLY -DNO_NSPR_10_SUPPORT -DSSL_DISABLE_DEPRECATED_CIPHER_SUITE_NAMES -DNSS_USE_STATIC_LIBS -I../../gtests/google_test/gtest/include -I../../gtests/common -I../../cpputil -I/home/ffortier/code/perso/nss/../nspr/dist/include/nspr -I../../../dist/Linux6.6_x86_64_cc_glibc_PTH_64_OPT.OBJ/include -I../../../dist/public/nss -I../../../dist/private/nss -I../../../dist/public/nspr -I../../../dist/public/nss -I../../../dist/public/libdbm -I../../../dist/public/gtest -I../../../dist/public/cpputil  -I../../lib/ssl -std=c++0x tls_subcerts_unittest.cc
g++ -o Linux6.6_x86_64_cc_glibc_PTH_64_OPT.OBJ/tls_xyber_unittest.o -c -std=c++11 -O2 -fPIC  -m64 -pipe -ffunction-sections -fdata-sections -DHAVE_STRERROR -DLINUX -Dlinux -Wall -Wshadow -Werror -Wsign-compare -DXP_UNIX -DXP_UNIX -UDEBUG -DNDEBUG -D_DEFAULT_SOURCE -D_BSD_SOURCE -D_POSIX_SOURCE -DSDB_MEASURE_USE_TEMP_DIR -D_REENTRANT -UDEBUG -DNDEBUG -D_DEFAULT_SOURCE -D_BSD_SOURCE -D_POSIX_SOURCE -DSDB_MEASURE_USE_TEMP_DIR -D_REENTRANT -DNSS_DISABLE_SSE3 -DNSS_NO_INIT_SUPPORT -DUSE_UTIL_DIRECTLY -DNO_NSPR_10_SUPPORT -DSSL_DISABLE_DEPRECATED_CIPHER_SUITE_NAMES -DNSS_USE_STATIC_LIBS -I../../gtests/google_test/gtest/include -I../../gtests/common -I../../cpputil -I/home/ffortier/code/perso/nss/../nspr/dist/include/nspr -I../../../dist/Linux6.6_x86_64_cc_glibc_PTH_64_OPT.OBJ/include -I../../../dist/public/nss -I../../../dist/private/nss -I../../../dist/public/nspr -I../../../dist/public/nss -I../../../dist/public/libdbm -I../../../dist/public/gtest -I../../../dist/public/cpputil  -I../../lib/ssl -std=c++0x tls_xyber_unittest.cc
rm -f Linux6.6_x86_64_cc_glibc_PTH_64_OPT.OBJ/ssl_gtest
g++ -o Linux6.6_x86_64_cc_glibc_PTH_64_OPT.OBJ/ssl_gtest -O2 -fPIC  -m64 -pipe -ffunction-sections -fdata-sections -DHAVE_STRERROR -DLINUX -Dlinux -Wall -Wshadow -Werror -Wsign-compare -DXP_UNIX -DXP_UNIX -UDEBUG -DNDEBUG -D_DEFAULT_SOURCE -D_BSD_SOURCE -D_POSIX_SOURCE -DSDB_MEASURE_USE_TEMP_DIR -D_REENTRANT -UDEBUG -DNDEBUG -D_DEFAULT_SOURCE -D_BSD_SOURCE -D_POSIX_SOURCE -DSDB_MEASURE_USE_TEMP_DIR -D_REENTRANT -DNSS_DISABLE_SSE3 -DNSS_NO_INIT_SUPPORT -DUSE_UTIL_DIRECTLY -DNO_NSPR_10_SUPPORT -DSSL_DISABLE_DEPRECATED_CIPHER_SUITE_NAMES -DNSS_USE_STATIC_LIBS -I../../gtests/google_test/gtest/include -I../../gtests/common -I../../cpputil -I/home/ffortier/code/perso/nss/../nspr/dist/include/nspr -I../../../dist/Linux6.6_x86_64_cc_glibc_PTH_64_OPT.OBJ/include -I../../../dist/public/nss -I../../../dist/private/nss -I../../../dist/public/nspr -I../../../dist/public/nss -I../../../dist/public/libdbm -I../../../dist/public/gtest -I../../../dist/public/cpputil  -I../../lib/ssl Linux6.6_x86_64_cc_glibc_PTH_64_OPT.OBJ/libssl_internals.o Linux6.6_x86_64_cc_glibc_PTH_64_OPT.OBJ/bloomfilter_unittest.o Linux6.6_x86_64_cc_glibc_PTH_64_OPT.OBJ/selfencrypt_unittest.o Linux6.6_x86_64_cc_glibc_PTH_64_OPT.OBJ/ssl_0rtt_unittest.o Linux6.6_x86_64_cc_glibc_PTH_64_OPT.OBJ/ssl_aead_unittest.o Linux6.6_x86_64_cc_glibc_PTH_64_OPT.OBJ/ssl_agent_unittest.o Linux6.6_x86_64_cc_glibc_PTH_64_OPT.OBJ/ssl_auth_unittest.o Linux6.6_x86_64_cc_glibc_PTH_64_OPT.OBJ/ssl_cert_ext_unittest.o Linux6.6_x86_64_cc_glibc_PTH_64_OPT.OBJ/ssl_certificate_compression_unittest.o Linux6.6_x86_64_cc_glibc_PTH_64_OPT.OBJ/ssl_cipherorder_unittest.o Linux6.6_x86_64_cc_glibc_PTH_64_OPT.OBJ/ssl_ciphersuite_unittest.o Linux6.6_x86_64_cc_glibc_PTH_64_OPT.OBJ/ssl_custext_unittest.o Linux6.6_x86_64_cc_glibc_PTH_64_OPT.OBJ/ssl_damage_unittest.o Linux6.6_x86_64_cc_glibc_PTH_64_OPT.OBJ/ssl_debug_env_unittest.o Linux6.6_x86_64_cc_glibc_PTH_64_OPT.OBJ/ssl_dhe_unittest.o Linux6.6_x86_64_cc_glibc_PTH_64_OPT.OBJ/ssl_drop_unittest.o Linux6.6_x86_64_cc_glibc_PTH_64_OPT.OBJ/ssl_ecdh_unittest.o Linux6.6_x86_64_cc_glibc_PTH_64_OPT.OBJ/ssl_ems_unittest.o Linux6.6_x86_64_cc_glibc_PTH_64_OPT.OBJ/ssl_exporter_unittest.o Linux6.6_x86_64_cc_glibc_PTH_64_OPT.OBJ/ssl_extension_unittest.o Linux6.6_x86_64_cc_glibc_PTH_64_OPT.OBJ/ssl_fragment_unittest.o Linux6.6_x86_64_cc_glibc_PTH_64_OPT.OBJ/ssl_fuzz_unittest.o Linux6.6_x86_64_cc_glibc_PTH_64_OPT.OBJ/ssl_gather_unittest.o Linux6.6_x86_64_cc_glibc_PTH_64_OPT.OBJ/ssl_gtest.o Linux6.6_x86_64_cc_glibc_PTH_64_OPT.OBJ/ssl_hrr_unittest.o Linux6.6_x86_64_cc_glibc_PTH_64_OPT.OBJ/ssl_keyupdate_unittest.o Linux6.6_x86_64_cc_glibc_PTH_64_OPT.OBJ/ssl_loopback_unittest.o Linux6.6_x86_64_cc_glibc_PTH_64_OPT.OBJ/ssl_masking_unittest.o Linux6.6_x86_64_cc_glibc_PTH_64_OPT.OBJ/ssl_misc_unittest.o Linux6.6_x86_64_cc_glibc_PTH_64_OPT.OBJ/ssl_option_unittest.o Linux6.6_x86_64_cc_glibc_PTH_64_OPT.OBJ/ssl_record_unittest.o Linux6.6_x86_64_cc_glibc_PTH_64_OPT.OBJ/ssl_recordsep_unittest.o Linux6.6_x86_64_cc_glibc_PTH_64_OPT.OBJ/ssl_recordsize_unittest.o Linux6.6_x86_64_cc_glibc_PTH_64_OPT.OBJ/ssl_renegotiation_unittest.o Linux6.6_x86_64_cc_glibc_PTH_64_OPT.OBJ/ssl_resumption_unittest.o Linux6.6_x86_64_cc_glibc_PTH_64_OPT.OBJ/ssl_skip_unittest.o Linux6.6_x86_64_cc_glibc_PTH_64_OPT.OBJ/ssl_staticrsa_unittest.o Linux6.6_x86_64_cc_glibc_PTH_64_OPT.OBJ/ssl_tls13compat_unittest.o Linux6.6_x86_64_cc_glibc_PTH_64_OPT.OBJ/ssl_v2_client_hello_unittest.o Linux6.6_x86_64_cc_glibc_PTH_64_OPT.OBJ/ssl_version_unittest.o Linux6.6_x86_64_cc_glibc_PTH_64_OPT.OBJ/ssl_versionpolicy_unittest.o Linux6.6_x86_64_cc_glibc_PTH_64_OPT.OBJ/test_io.o Linux6.6_x86_64_cc_glibc_PTH_64_OPT.OBJ/tls_agent.o Linux6.6_x86_64_cc_glibc_PTH_64_OPT.OBJ/tls_connect.o Linux6.6_x86_64_cc_glibc_PTH_64_OPT.OBJ/tls_ech_unittest.o Linux6.6_x86_64_cc_glibc_PTH_64_OPT.OBJ/tls_filter.o Linux6.6_x86_64_cc_glibc_PTH_64_OPT.OBJ/tls_hkdf_unittest.o Linux6.6_x86_64_cc_glibc_PTH_64_OPT.OBJ/tls_mlkem_unittest.o Linux6.6_x86_64_cc_glibc_PTH_64_OPT.OBJ/tls_protect.o Linux6.6_x86_64_cc_glibc_PTH_64_OPT.OBJ/tls_psk_unittest.o Linux6.6_x86_64_cc_glibc_PTH_64_OPT.OBJ/tls_subcerts_unittest.o Linux6.6_x86_64_cc_glibc_PTH_64_OPT.OBJ/tls_xyber_unittest.o -m64 -z noexecstack -m64 -z noexecstack ../../../dist/Linux6.6_x86_64_cc_glibc_PTH_64_OPT.OBJ/lib/libgtest.a ../../../dist/Linux6.6_x86_64_cc_glibc_PTH_64_OPT.OBJ/lib/libcpputil.a  ../../../dist/Linux6.6_x86_64_cc_glibc_PTH_64_OPT.OBJ/lib/libsectool.a ../../../dist/Linux6.6_x86_64_cc_glibc_PTH_64_OPT.OBJ/lib/libsmime.a ../../../dist/Linux6.6_x86_64_cc_glibc_PTH_64_OPT.OBJ/lib/libssl.a ../../../dist/Linux6.6_x86_64_cc_glibc_PTH_64_OPT.OBJ/lib/libnss.a  ../../../dist/Linux6.6_x86_64_cc_glibc_PTH_64_OPT.OBJ/lib/libpkcs12.a ../../../dist/Linux6.6_x86_64_cc_glibc_PTH_64_OPT.OBJ/lib/libpkcs7.a ../../../dist/Linux6.6_x86_64_cc_glibc_PTH_64_OPT.OBJ/lib/libcerthi.a ../../../dist/Linux6.6_x86_64_cc_glibc_PTH_64_OPT.OBJ/lib/libcryptohi.a ../../../dist/Linux6.6_x86_64_cc_glibc_PTH_64_OPT.OBJ/lib/libpk11wrap.a  ../../../dist/Linux6.6_x86_64_cc_glibc_PTH_64_OPT.OBJ/lib/libsoftokn.a ../../../dist/Linux6.6_x86_64_cc_glibc_PTH_64_OPT.OBJ/lib/libcertdb.a ../../../dist/Linux6.6_x86_64_cc_glibc_PTH_64_OPT.OBJ/lib/libnsspki.a ../../../dist/Linux6.6_x86_64_cc_glibc_PTH_64_OPT.OBJ/lib/libnssdev.a ../../../dist/Linux6.6_x86_64_cc_glibc_PTH_64_OPT.OBJ/lib/libnssb.a  ../../../dist/Linux6.6_x86_64_cc_glibc_PTH_64_OPT.OBJ/lib/libfreebl.a ../../../dist/Linux6.6_x86_64_cc_glibc_PTH_64_OPT.OBJ/lib/libdbm.a  ../../../dist/Linux6.6_x86_64_cc_glibc_PTH_64_OPT.OBJ/lib/libpkixtop.a ../../../dist/Linux6.6_x86_64_cc_glibc_PTH_64_OPT.OBJ/lib/libpkixutil.a ../../../dist/Linux6.6_x86_64_cc_glibc_PTH_64_OPT.OBJ/lib/libpkixsystem.a ../../../dist/Linux6.6_x86_64_cc_glibc_PTH_64_OPT.OBJ/lib/libpkixcrlsel.a ../../../dist/Linux6.6_x86_64_cc_glibc_PTH_64_OPT.OBJ/lib/libpkixmodule.a ../../../dist/Linux6.6_x86_64_cc_glibc_PTH_64_OPT.OBJ/lib/libpkixstore.a ../../../dist/Linux6.6_x86_64_cc_glibc_PTH_64_OPT.OBJ/lib/libpkixparams.a ../../../dist/Linux6.6_x86_64_cc_glibc_PTH_64_OPT.OBJ/lib/libpkixchecker.a ../../../dist/Linux6.6_x86_64_cc_glibc_PTH_64_OPT.OBJ/lib/libpkixpki.a ../../../dist/Linux6.6_x86_64_cc_glibc_PTH_64_OPT.OBJ/lib/libpkixtop.a ../../../dist/Linux6.6_x86_64_cc_glibc_PTH_64_OPT.OBJ/lib/libpkixresults.a ../../../dist/Linux6.6_x86_64_cc_glibc_PTH_64_OPT.OBJ/lib/libpkixcertsel.a ../../../dist/Linux6.6_x86_64_cc_glibc_PTH_64_OPT.OBJ/lib/libnss.a ../../../dist/Linux6.6_x86_64_cc_glibc_PTH_64_OPT.OBJ/lib/libpk11wrap.a ../../../dist/Linux6.6_x86_64_cc_glibc_PTH_64_OPT.OBJ/lib/libcerthi.a   -L../../../dist/Linux6.6_x86_64_cc_glibc_PTH_64_OPT.OBJ/lib -lsqlite3 -L../../../dist/Linux6.6_x86_64_cc_glibc_PTH_64_OPT.OBJ/lib -lnssutil3 -L/home/ffortier/code/perso/nss/../nspr/dist -lplc4 -lplds4 -lnspr4  -lpthread  -ldl -lc
../../coreconf/nsinstall/Linux6.6_x86_64_cc_glibc_PTH_64_OPT.OBJ/nsinstall -R -m 775 Linux6.6_x86_64_cc_glibc_PTH_64_OPT.OBJ/ssl_gtest ../../../dist/Linux6.6_x86_64_cc_glibc_PTH_64_OPT.OBJ/bin
make[3]: Leaving directory '/home/ffortier/code/perso/nss/gtests/ssl_gtest'
make[3]: Entering directory '/home/ffortier/code/perso/nss/gtests/sysinit_gtest'
g++ -o Linux6.6_x86_64_cc_glibc_PTH_64_OPT.OBJ/getUserDB_unittest.o -c -std=c++11 -O2 -fPIC  -m64 -pipe -ffunction-sections -fdata-sections -DHAVE_STRERROR -DLINUX -Dlinux -Wall -Wshadow -Werror -Wsign-compare -DXP_UNIX -DXP_UNIX -UDEBUG -DNDEBUG -D_DEFAULT_SOURCE -D_BSD_SOURCE -D_POSIX_SOURCE -DSDB_MEASURE_USE_TEMP_DIR -D_REENTRANT -UDEBUG -DNDEBUG -D_DEFAULT_SOURCE -D_BSD_SOURCE -D_POSIX_SOURCE -DSDB_MEASURE_USE_TEMP_DIR -D_REENTRANT -DNSS_DISABLE_SSE3 -DNSS_NO_INIT_SUPPORT -DUSE_UTIL_DIRECTLY -DNO_NSPR_10_SUPPORT -DSSL_DISABLE_DEPRECATED_CIPHER_SUITE_NAMES -DNSS_USE_STATIC_LIBS -I../../gtests/google_test/gtest/include -I../../gtests/common -I/home/ffortier/code/perso/nss/../nspr/dist/include/nspr -I../../../dist/Linux6.6_x86_64_cc_glibc_PTH_64_OPT.OBJ/include -I../../../dist/public/nss -I../../../dist/private/nss -I../../../dist/public/nspr -I../../../dist/public/nss -I../../../dist/public/libdbm -I../../../dist/public/gtest  -std=c++0x getUserDB_unittest.cc
g++ -o Linux6.6_x86_64_cc_glibc_PTH_64_OPT.OBJ/sysinit_gtest.o -c -std=c++11 -O2 -fPIC  -m64 -pipe -ffunction-sections -fdata-sections -DHAVE_STRERROR -DLINUX -Dlinux -Wall -Wshadow -Werror -Wsign-compare -DXP_UNIX -DXP_UNIX -UDEBUG -DNDEBUG -D_DEFAULT_SOURCE -D_BSD_SOURCE -D_POSIX_SOURCE -DSDB_MEASURE_USE_TEMP_DIR -D_REENTRANT -UDEBUG -DNDEBUG -D_DEFAULT_SOURCE -D_BSD_SOURCE -D_POSIX_SOURCE -DSDB_MEASURE_USE_TEMP_DIR -D_REENTRANT -DNSS_DISABLE_SSE3 -DNSS_NO_INIT_SUPPORT -DUSE_UTIL_DIRECTLY -DNO_NSPR_10_SUPPORT -DSSL_DISABLE_DEPRECATED_CIPHER_SUITE_NAMES -DNSS_USE_STATIC_LIBS -I../../gtests/google_test/gtest/include -I../../gtests/common -I/home/ffortier/code/perso/nss/../nspr/dist/include/nspr -I../../../dist/Linux6.6_x86_64_cc_glibc_PTH_64_OPT.OBJ/include -I../../../dist/public/nss -I../../../dist/private/nss -I../../../dist/public/nspr -I../../../dist/public/nss -I../../../dist/public/libdbm -I../../../dist/public/gtest  -std=c++0x sysinit_gtest.cc
rm -f Linux6.6_x86_64_cc_glibc_PTH_64_OPT.OBJ/sysinit_gtest
g++ -o Linux6.6_x86_64_cc_glibc_PTH_64_OPT.OBJ/sysinit_gtest -O2 -fPIC  -m64 -pipe -ffunction-sections -fdata-sections -DHAVE_STRERROR -DLINUX -Dlinux -Wall -Wshadow -Werror -Wsign-compare -DXP_UNIX -DXP_UNIX -UDEBUG -DNDEBUG -D_DEFAULT_SOURCE -D_BSD_SOURCE -D_POSIX_SOURCE -DSDB_MEASURE_USE_TEMP_DIR -D_REENTRANT -UDEBUG -DNDEBUG -D_DEFAULT_SOURCE -D_BSD_SOURCE -D_POSIX_SOURCE -DSDB_MEASURE_USE_TEMP_DIR -D_REENTRANT -DNSS_DISABLE_SSE3 -DNSS_NO_INIT_SUPPORT -DUSE_UTIL_DIRECTLY -DNO_NSPR_10_SUPPORT -DSSL_DISABLE_DEPRECATED_CIPHER_SUITE_NAMES -DNSS_USE_STATIC_LIBS -I../../gtests/google_test/gtest/include -I../../gtests/common -I/home/ffortier/code/perso/nss/../nspr/dist/include/nspr -I../../../dist/Linux6.6_x86_64_cc_glibc_PTH_64_OPT.OBJ/include -I../../../dist/public/nss -I../../../dist/private/nss -I../../../dist/public/nspr -I../../../dist/public/nss -I../../../dist/public/libdbm -I../../../dist/public/gtest  Linux6.6_x86_64_cc_glibc_PTH_64_OPT.OBJ/getUserDB_unittest.o Linux6.6_x86_64_cc_glibc_PTH_64_OPT.OBJ/sysinit_gtest.o -m64 -z noexecstack -m64 -z noexecstack ../../../dist/Linux6.6_x86_64_cc_glibc_PTH_64_OPT.OBJ/lib/libgtest.a  ../../../dist/Linux6.6_x86_64_cc_glibc_PTH_64_OPT.OBJ/lib/libnsssysinit.a  ../../../dist/Linux6.6_x86_64_cc_glibc_PTH_64_OPT.OBJ/lib/libsectool.a ../../../dist/Linux6.6_x86_64_cc_glibc_PTH_64_OPT.OBJ/lib/libsmime.a ../../../dist/Linux6.6_x86_64_cc_glibc_PTH_64_OPT.OBJ/lib/libssl.a ../../../dist/Linux6.6_x86_64_cc_glibc_PTH_64_OPT.OBJ/lib/libnss.a  ../../../dist/Linux6.6_x86_64_cc_glibc_PTH_64_OPT.OBJ/lib/libpkcs12.a ../../../dist/Linux6.6_x86_64_cc_glibc_PTH_64_OPT.OBJ/lib/libpkcs7.a ../../../dist/Linux6.6_x86_64_cc_glibc_PTH_64_OPT.OBJ/lib/libcerthi.a ../../../dist/Linux6.6_x86_64_cc_glibc_PTH_64_OPT.OBJ/lib/libcryptohi.a ../../../dist/Linux6.6_x86_64_cc_glibc_PTH_64_OPT.OBJ/lib/libpk11wrap.a  ../../../dist/Linux6.6_x86_64_cc_glibc_PTH_64_OPT.OBJ/lib/libsoftokn.a ../../../dist/Linux6.6_x86_64_cc_glibc_PTH_64_OPT.OBJ/lib/libcertdb.a ../../../dist/Linux6.6_x86_64_cc_glibc_PTH_64_OPT.OBJ/lib/libnsspki.a ../../../dist/Linux6.6_x86_64_cc_glibc_PTH_64_OPT.OBJ/lib/libnssdev.a ../../../dist/Linux6.6_x86_64_cc_glibc_PTH_64_OPT.OBJ/lib/libnssb.a  ../../../dist/Linux6.6_x86_64_cc_glibc_PTH_64_OPT.OBJ/lib/libfreebl.a ../../../dist/Linux6.6_x86_64_cc_glibc_PTH_64_OPT.OBJ/lib/libdbm.a  ../../../dist/Linux6.6_x86_64_cc_glibc_PTH_64_OPT.OBJ/lib/libpkixtop.a ../../../dist/Linux6.6_x86_64_cc_glibc_PTH_64_OPT.OBJ/lib/libpkixutil.a ../../../dist/Linux6.6_x86_64_cc_glibc_PTH_64_OPT.OBJ/lib/libpkixsystem.a ../../../dist/Linux6.6_x86_64_cc_glibc_PTH_64_OPT.OBJ/lib/libpkixcrlsel.a ../../../dist/Linux6.6_x86_64_cc_glibc_PTH_64_OPT.OBJ/lib/libpkixmodule.a ../../../dist/Linux6.6_x86_64_cc_glibc_PTH_64_OPT.OBJ/lib/libpkixstore.a ../../../dist/Linux6.6_x86_64_cc_glibc_PTH_64_OPT.OBJ/lib/libpkixparams.a ../../../dist/Linux6.6_x86_64_cc_glibc_PTH_64_OPT.OBJ/lib/libpkixchecker.a ../../../dist/Linux6.6_x86_64_cc_glibc_PTH_64_OPT.OBJ/lib/libpkixpki.a ../../../dist/Linux6.6_x86_64_cc_glibc_PTH_64_OPT.OBJ/lib/libpkixtop.a ../../../dist/Linux6.6_x86_64_cc_glibc_PTH_64_OPT.OBJ/lib/libpkixresults.a ../../../dist/Linux6.6_x86_64_cc_glibc_PTH_64_OPT.OBJ/lib/libpkixcertsel.a ../../../dist/Linux6.6_x86_64_cc_glibc_PTH_64_OPT.OBJ/lib/libnss.a ../../../dist/Linux6.6_x86_64_cc_glibc_PTH_64_OPT.OBJ/lib/libpk11wrap.a ../../../dist/Linux6.6_x86_64_cc_glibc_PTH_64_OPT.OBJ/lib/libcerthi.a   -L../../../dist/Linux6.6_x86_64_cc_glibc_PTH_64_OPT.OBJ/lib -lsqlite3 -L../../../dist/Linux6.6_x86_64_cc_glibc_PTH_64_OPT.OBJ/lib -lnssutil3 -L/home/ffortier/code/perso/nss/../nspr/dist -lplc4 -lplds4 -lnspr4  -lpthread  -ldl -lc
../../coreconf/nsinstall/Linux6.6_x86_64_cc_glibc_PTH_64_OPT.OBJ/nsinstall -R -m 775 Linux6.6_x86_64_cc_glibc_PTH_64_OPT.OBJ/sysinit_gtest ../../../dist/Linux6.6_x86_64_cc_glibc_PTH_64_OPT.OBJ/bin
make[3]: Leaving directory '/home/ffortier/code/perso/nss/gtests/sysinit_gtest'
make[3]: Entering directory '/home/ffortier/code/perso/nss/gtests/nss_bogo_shim'
g++ -o Linux6.6_x86_64_cc_glibc_PTH_64_OPT.OBJ/config.o -c -std=c++11 -O2 -fPIC  -m64 -pipe -ffunction-sections -fdata-sections -DHAVE_STRERROR -DLINUX -Dlinux -Wall -Wshadow -Werror -Wsign-compare -DXP_UNIX -DXP_UNIX -UDEBUG -DNDEBUG -D_DEFAULT_SOURCE -D_BSD_SOURCE -D_POSIX_SOURCE -DSDB_MEASURE_USE_TEMP_DIR -D_REENTRANT -UDEBUG -DNDEBUG -D_DEFAULT_SOURCE -D_BSD_SOURCE -D_POSIX_SOURCE -DSDB_MEASURE_USE_TEMP_DIR -D_REENTRANT -DNSS_DISABLE_SSE3 -DNSS_NO_INIT_SUPPORT -DUSE_UTIL_DIRECTLY -DNO_NSPR_10_SUPPORT -DSSL_DISABLE_DEPRECATED_CIPHER_SUITE_NAMES -DNSS_USE_STATIC_LIBS -I../../cpputil -I/home/ffortier/code/perso/nss/../nspr/dist/include/nspr -I../../../dist/Linux6.6_x86_64_cc_glibc_PTH_64_OPT.OBJ/include -I../../../dist/public/nss -I../../../dist/private/nss -I../../../dist/public/nspr -I../../../dist/public/nss -I../../../dist/public/libdbm -I../../../dist/public/cpputil  -I../../lib/ssl -std=c++0x -std=c++0x config.cc
g++ -o Linux6.6_x86_64_cc_glibc_PTH_64_OPT.OBJ/nsskeys.o -c -std=c++11 -O2 -fPIC  -m64 -pipe -ffunction-sections -fdata-sections -DHAVE_STRERROR -DLINUX -Dlinux -Wall -Wshadow -Werror -Wsign-compare -DXP_UNIX -DXP_UNIX -UDEBUG -DNDEBUG -D_DEFAULT_SOURCE -D_BSD_SOURCE -D_POSIX_SOURCE -DSDB_MEASURE_USE_TEMP_DIR -D_REENTRANT -UDEBUG -DNDEBUG -D_DEFAULT_SOURCE -D_BSD_SOURCE -D_POSIX_SOURCE -DSDB_MEASURE_USE_TEMP_DIR -D_REENTRANT -DNSS_DISABLE_SSE3 -DNSS_NO_INIT_SUPPORT -DUSE_UTIL_DIRECTLY -DNO_NSPR_10_SUPPORT -DSSL_DISABLE_DEPRECATED_CIPHER_SUITE_NAMES -DNSS_USE_STATIC_LIBS -I../../cpputil -I/home/ffortier/code/perso/nss/../nspr/dist/include/nspr -I../../../dist/Linux6.6_x86_64_cc_glibc_PTH_64_OPT.OBJ/include -I../../../dist/public/nss -I../../../dist/private/nss -I../../../dist/public/nspr -I../../../dist/public/nss -I../../../dist/public/libdbm -I../../../dist/public/cpputil  -I../../lib/ssl -std=c++0x -std=c++0x nsskeys.cc
g++ -o Linux6.6_x86_64_cc_glibc_PTH_64_OPT.OBJ/nss_bogo_shim.o -c -std=c++11 -O2 -fPIC  -m64 -pipe -ffunction-sections -fdata-sections -DHAVE_STRERROR -DLINUX -Dlinux -Wall -Wshadow -Werror -Wsign-compare -DXP_UNIX -DXP_UNIX -UDEBUG -DNDEBUG -D_DEFAULT_SOURCE -D_BSD_SOURCE -D_POSIX_SOURCE -DSDB_MEASURE_USE_TEMP_DIR -D_REENTRANT -UDEBUG -DNDEBUG -D_DEFAULT_SOURCE -D_BSD_SOURCE -D_POSIX_SOURCE -DSDB_MEASURE_USE_TEMP_DIR -D_REENTRANT -DNSS_DISABLE_SSE3 -DNSS_NO_INIT_SUPPORT -DUSE_UTIL_DIRECTLY -DNO_NSPR_10_SUPPORT -DSSL_DISABLE_DEPRECATED_CIPHER_SUITE_NAMES -DNSS_USE_STATIC_LIBS -I../../cpputil -I/home/ffortier/code/perso/nss/../nspr/dist/include/nspr -I../../../dist/Linux6.6_x86_64_cc_glibc_PTH_64_OPT.OBJ/include -I../../../dist/public/nss -I../../../dist/private/nss -I../../../dist/public/nspr -I../../../dist/public/nss -I../../../dist/public/libdbm -I../../../dist/public/cpputil  -I../../lib/ssl -std=c++0x -std=c++0x nss_bogo_shim.cc
rm -f Linux6.6_x86_64_cc_glibc_PTH_64_OPT.OBJ/nss_bogo_shim
g++ -o Linux6.6_x86_64_cc_glibc_PTH_64_OPT.OBJ/nss_bogo_shim -O2 -fPIC  -m64 -pipe -ffunction-sections -fdata-sections -DHAVE_STRERROR -DLINUX -Dlinux -Wall -Wshadow -Werror -Wsign-compare -DXP_UNIX -DXP_UNIX -UDEBUG -DNDEBUG -D_DEFAULT_SOURCE -D_BSD_SOURCE -D_POSIX_SOURCE -DSDB_MEASURE_USE_TEMP_DIR -D_REENTRANT -UDEBUG -DNDEBUG -D_DEFAULT_SOURCE -D_BSD_SOURCE -D_POSIX_SOURCE -DSDB_MEASURE_USE_TEMP_DIR -D_REENTRANT -DNSS_DISABLE_SSE3 -DNSS_NO_INIT_SUPPORT -DUSE_UTIL_DIRECTLY -DNO_NSPR_10_SUPPORT -DSSL_DISABLE_DEPRECATED_CIPHER_SUITE_NAMES -DNSS_USE_STATIC_LIBS -I../../cpputil -I/home/ffortier/code/perso/nss/../nspr/dist/include/nspr -I../../../dist/Linux6.6_x86_64_cc_glibc_PTH_64_OPT.OBJ/include -I../../../dist/public/nss -I../../../dist/private/nss -I../../../dist/public/nspr -I../../../dist/public/nss -I../../../dist/public/libdbm -I../../../dist/public/cpputil  -I../../lib/ssl Linux6.6_x86_64_cc_glibc_PTH_64_OPT.OBJ/config.o Linux6.6_x86_64_cc_glibc_PTH_64_OPT.OBJ/nsskeys.o Linux6.6_x86_64_cc_glibc_PTH_64_OPT.OBJ/nss_bogo_shim.o -m64 -z noexecstack -m64 -z noexecstack ../../../dist/Linux6.6_x86_64_cc_glibc_PTH_64_OPT.OBJ/lib/libcpputil.a ../../../dist/Linux6.6_x86_64_cc_glibc_PTH_64_OPT.OBJ/lib/libsectool.a ../../../dist/Linux6.6_x86_64_cc_glibc_PTH_64_OPT.OBJ/lib/libsmime.a ../../../dist/Linux6.6_x86_64_cc_glibc_PTH_64_OPT.OBJ/lib/libssl.a ../../../dist/Linux6.6_x86_64_cc_glibc_PTH_64_OPT.OBJ/lib/libnss.a  ../../../dist/Linux6.6_x86_64_cc_glibc_PTH_64_OPT.OBJ/lib/libpkcs12.a ../../../dist/Linux6.6_x86_64_cc_glibc_PTH_64_OPT.OBJ/lib/libpkcs7.a ../../../dist/Linux6.6_x86_64_cc_glibc_PTH_64_OPT.OBJ/lib/libcerthi.a ../../../dist/Linux6.6_x86_64_cc_glibc_PTH_64_OPT.OBJ/lib/libcryptohi.a ../../../dist/Linux6.6_x86_64_cc_glibc_PTH_64_OPT.OBJ/lib/libpk11wrap.a  ../../../dist/Linux6.6_x86_64_cc_glibc_PTH_64_OPT.OBJ/lib/libsoftokn.a ../../../dist/Linux6.6_x86_64_cc_glibc_PTH_64_OPT.OBJ/lib/libcertdb.a ../../../dist/Linux6.6_x86_64_cc_glibc_PTH_64_OPT.OBJ/lib/libnsspki.a ../../../dist/Linux6.6_x86_64_cc_glibc_PTH_64_OPT.OBJ/lib/libnssdev.a ../../../dist/Linux6.6_x86_64_cc_glibc_PTH_64_OPT.OBJ/lib/libnssb.a  ../../../dist/Linux6.6_x86_64_cc_glibc_PTH_64_OPT.OBJ/lib/libfreebl.a ../../../dist/Linux6.6_x86_64_cc_glibc_PTH_64_OPT.OBJ/lib/libdbm.a  ../../../dist/Linux6.6_x86_64_cc_glibc_PTH_64_OPT.OBJ/lib/libpkixtop.a ../../../dist/Linux6.6_x86_64_cc_glibc_PTH_64_OPT.OBJ/lib/libpkixutil.a ../../../dist/Linux6.6_x86_64_cc_glibc_PTH_64_OPT.OBJ/lib/libpkixsystem.a ../../../dist/Linux6.6_x86_64_cc_glibc_PTH_64_OPT.OBJ/lib/libpkixcrlsel.a ../../../dist/Linux6.6_x86_64_cc_glibc_PTH_64_OPT.OBJ/lib/libpkixmodule.a ../../../dist/Linux6.6_x86_64_cc_glibc_PTH_64_OPT.OBJ/lib/libpkixstore.a ../../../dist/Linux6.6_x86_64_cc_glibc_PTH_64_OPT.OBJ/lib/libpkixparams.a ../../../dist/Linux6.6_x86_64_cc_glibc_PTH_64_OPT.OBJ/lib/libpkixchecker.a ../../../dist/Linux6.6_x86_64_cc_glibc_PTH_64_OPT.OBJ/lib/libpkixpki.a ../../../dist/Linux6.6_x86_64_cc_glibc_PTH_64_OPT.OBJ/lib/libpkixtop.a ../../../dist/Linux6.6_x86_64_cc_glibc_PTH_64_OPT.OBJ/lib/libpkixresults.a ../../../dist/Linux6.6_x86_64_cc_glibc_PTH_64_OPT.OBJ/lib/libpkixcertsel.a ../../../dist/Linux6.6_x86_64_cc_glibc_PTH_64_OPT.OBJ/lib/libnss.a ../../../dist/Linux6.6_x86_64_cc_glibc_PTH_64_OPT.OBJ/lib/libpk11wrap.a ../../../dist/Linux6.6_x86_64_cc_glibc_PTH_64_OPT.OBJ/lib/libcerthi.a   -L../../../dist/Linux6.6_x86_64_cc_glibc_PTH_64_OPT.OBJ/lib -lsqlite3 -L../../../dist/Linux6.6_x86_64_cc_glibc_PTH_64_OPT.OBJ/lib -lnssutil3 -L/home/ffortier/code/perso/nss/../nspr/dist -lplc4 -lplds4 -lnspr4  -lpthread  -ldl -lc
../../coreconf/nsinstall/Linux6.6_x86_64_cc_glibc_PTH_64_OPT.OBJ/nsinstall -R -m 775 Linux6.6_x86_64_cc_glibc_PTH_64_OPT.OBJ/nss_bogo_shim ../../../dist/Linux6.6_x86_64_cc_glibc_PTH_64_OPT.OBJ/bin
make[3]: Leaving directory '/home/ffortier/code/perso/nss/gtests/nss_bogo_shim'
make[2]: Leaving directory '/home/ffortier/code/perso/nss/gtests'
make[1]: Leaving directory '/home/ffortier/code/perso/nss'
